 aectest

 Timestamp is 4c52ac97 (Fri Jul 30 16:12:31 2010)

 Preferred load address is 00400000

 Start         Length     Name                   Class
 0001:00000000 00057820H .textbss                DATA
 0002:00000000 000b4270H .text                   CODE
 0002:000b4270 0000111bH .text$x                 CODE
 0003:00000000 00000104H .CRT$XCA                DATA
 0003:00000104 00000104H .CRT$XCZ                DATA
 0003:00000208 00000104H .CRT$XIA                DATA
 0003:0000030c 0000011cH .CRT$XIC                DATA
 0003:00000428 00000104H .CRT$XIY                DATA
 0003:0000052c 00000104H .CRT$XIZ                DATA
 0003:00000630 00000104H .CRT$XPA                DATA
 0003:00000734 00000109H .CRT$XPX                DATA
 0003:00000840 00000104H .CRT$XPXA               DATA
 0003:00000944 00000104H .CRT$XPZ                DATA
 0003:00000a48 00000104H .CRT$XTA                DATA
 0003:00000b4c 00000104H .CRT$XTZ                DATA
 0003:00000c50 0002f02dH .rdata                  DATA
 0003:0002fc80 0000017bH .rdata$debug            DATA
 0003:0002fdfc 00000504H .rdata$r                DATA
 0003:00030300 00000104H .rtc$IAA                DATA
 0003:00030404 00000104H .rtc$IZZ                DATA
 0003:00030508 00000104H .rtc$TAA                DATA
 0003:0003060c 00000104H .rtc$TZZ                DATA
 0003:00030710 000010fdH .xdata$x                DATA
 0003:0003180d 00000000H .edata                  DATA
 0004:00000000 000069faH .data                   DATA
 0004:00006a00 00003984H .bss                    DATA
 0005:00000000 00000050H .idata$2                DATA
 0005:00000050 00000014H .idata$3                DATA
 0005:00000064 00000400H .idata$4                DATA
 0005:00000464 00000400H .idata$5                DATA
 0005:00000864 00000d1bH .idata$6                DATA

  Address         Publics by Value              Rva+Base       Lib:Object

 0000:00000000       __except_list              00000000     <absolute>
 0000:00000000       ___safe_se_handler_count   00000000     <absolute>
 0000:00000000       ___safe_se_handler_table   00000000     <absolute>
 0000:00000000       ___ImageBase               00400000     <linker-defined>
 0001:00000000       __enc$textbss$begin        00401000     <linker-defined>
 0001:00057820       __enc$textbss$end          00458820     <linker-defined>
 0002:00004be0       _main                      0045dbe0 f   aectest.obj
 0002:00005700       _pjmedia_endpt_create      0045e700 f   pjmedia-i386-win32-vc8-debug:endpoint.obj
 0002:00005aa0       _pjmedia_endpt_get_codec_mgr 0045eaa0 f   pjmedia-i386-win32-vc8-debug:endpoint.obj
 0002:00005ac0       _pjmedia_endpt_destroy     0045eac0 f   pjmedia-i386-win32-vc8-debug:endpoint.obj
 0002:00005c30       _pjmedia_endpt_get_ioqueue 0045ec30 f   pjmedia-i386-win32-vc8-debug:endpoint.obj
 0002:00005c90       _pjmedia_endpt_get_thread_count 0045ec90 f   pjmedia-i386-win32-vc8-debug:endpoint.obj
 0002:00005cf0       _pjmedia_endpt_get_thread  0045ecf0 f   pjmedia-i386-win32-vc8-debug:endpoint.obj
 0002:00005e00       _pjmedia_endpt_create_pool 0045ee00 f   pjmedia-i386-win32-vc8-debug:endpoint.obj
 0002:00005e70       _pjmedia_endpt_create_sdp  0045ee70 f   pjmedia-i386-win32-vc8-debug:endpoint.obj
 0002:00006990       _pjmedia_endpt_dump        0045f990 f   pjmedia-i386-win32-vc8-debug:endpoint.obj
 0002:00006e30       _pjmedia_echo_create       0045fe30 f   pjmedia-i386-win32-vc8-debug:echo_common.obj
 0002:00006e80       _pjmedia_echo_create2      0045fe80 f   pjmedia-i386-win32-vc8-debug:echo_common.obj
 0002:00007210       _pjmedia_echo_destroy      00460210 f   pjmedia-i386-win32-vc8-debug:echo_common.obj
 0002:00007280       _pjmedia_echo_reset        00460280 f   pjmedia-i386-win32-vc8-debug:echo_common.obj
 0002:00007350       _pjmedia_echo_playback     00460350 f   pjmedia-i386-win32-vc8-debug:echo_common.obj
 0002:000074e0       _pjmedia_echo_capture      004604e0 f   pjmedia-i386-win32-vc8-debug:echo_common.obj
 0002:00007660       _pjmedia_echo_cancel       00460660 f   pjmedia-i386-win32-vc8-debug:echo_common.obj
 0002:000076b0       _pjmedia_port_info_init    004606b0 f   pjmedia-i386-win32-vc8-debug:port.obj
 0002:000077c0       _pjmedia_port_get_frame    004607c0 f   pjmedia-i386-win32-vc8-debug:port.obj
 0002:00007860       _pjmedia_port_put_frame    00460860 f   pjmedia-i386-win32-vc8-debug:port.obj
 0002:000078f0       _pjmedia_port_destroy      004608f0 f   pjmedia-i386-win32-vc8-debug:port.obj
 0002:00007980       _pjmedia_wav_writer_port_create 00460980 f   pjmedia-i386-win32-vc8-debug:wav_writer.obj
 0002:00007f70       _pjmedia_wav_writer_port_get_pos 00460f70 f   pjmedia-i386-win32-vc8-debug:wav_writer.obj
 0002:00008020       _pjmedia_wav_writer_port_set_cb 00461020 f   pjmedia-i386-win32-vc8-debug:wav_writer.obj
 0002:000087f0       _pjmedia_wav_player_port_create 004617f0 f   pjmedia-i386-win32-vc8-debug:wav_player.obj
 0002:00009250       _pjmedia_wav_player_get_len 00462250 f   pjmedia-i386-win32-vc8-debug:wav_player.obj
 0002:00009320       _pjmedia_wav_player_port_set_pos 00462320 f   pjmedia-i386-win32-vc8-debug:wav_player.obj
 0002:00009510       _pjmedia_wav_player_port_get_pos 00462510 f   pjmedia-i386-win32-vc8-debug:wav_player.obj
 0002:00009630       _pjmedia_wav_player_set_eof_cb 00462630 f   pjmedia-i386-win32-vc8-debug:wav_player.obj
 0002:00009cc0       _pjmedia_codec_mgr_init    00462cc0 f   pjmedia-i386-win32-vc8-debug:codec.obj
 0002:00009e30       _pjmedia_codec_mgr_destroy 00462e30 f   pjmedia-i386-win32-vc8-debug:codec.obj
 0002:00009f70       _pjmedia_codec_mgr_register_factory 00462f70 f   pjmedia-i386-win32-vc8-debug:codec.obj
 0002:0000a230       _pjmedia_codec_mgr_unregister_factory 00463230 f   pjmedia-i386-win32-vc8-debug:codec.obj
 0002:0000a400       _pjmedia_codec_mgr_enum_codecs 00463400 f   pjmedia-i386-win32-vc8-debug:codec.obj
 0002:0000a560       _pjmedia_codec_mgr_get_codec_info 00463560 f   pjmedia-i386-win32-vc8-debug:codec.obj
 0002:0000a680       _pjmedia_codec_info_to_id  00463680 f   pjmedia-i386-win32-vc8-debug:codec.obj
 0002:0000a750       _pjmedia_codec_mgr_find_codecs_by_id 00463750 f   pjmedia-i386-win32-vc8-debug:codec.obj
 0002:0000aac0       _pjmedia_codec_mgr_set_codec_priority 00463ac0 f   pjmedia-i386-win32-vc8-debug:codec.obj
 0002:0000ac10       _pjmedia_codec_mgr_alloc_codec 00463c10 f   pjmedia-i386-win32-vc8-debug:codec.obj
 0002:0000ad50       _pjmedia_codec_mgr_get_default_param 00463d50 f   pjmedia-i386-win32-vc8-debug:codec.obj
 0002:0000afd0       _pjmedia_codec_mgr_set_default_param 00463fd0 f   pjmedia-i386-win32-vc8-debug:codec.obj
 0002:0000b3c0       _pjmedia_codec_mgr_dealloc_codec 004643c0 f   pjmedia-i386-win32-vc8-debug:codec.obj
 0002:0000b450       _pjmedia_strerror          00464450 f   pjmedia-i386-win32-vc8-debug:errno.obj
 0002:0000b640       _pjmedia_sdp_attr_create   00464640 f   pjmedia-i386-win32-vc8-debug:sdp.obj
 0002:0000b710       _pjmedia_sdp_attr_clone    00464710 f   pjmedia-i386-win32-vc8-debug:sdp.obj
 0002:0000b7c0       _pjmedia_sdp_attr_find     004647c0 f   pjmedia-i386-win32-vc8-debug:sdp.obj
 0002:0000b890       _pjmedia_sdp_attr_find2    00464890 f   pjmedia-i386-win32-vc8-debug:sdp.obj
 0002:0000b8e0       _pjmedia_sdp_attr_add      004648e0 f   pjmedia-i386-win32-vc8-debug:sdp.obj
 0002:0000b9c0       _pjmedia_sdp_attr_remove_all 004649c0 f   pjmedia-i386-win32-vc8-debug:sdp.obj
 0002:0000bae0       _pjmedia_sdp_attr_remove   00464ae0 f   pjmedia-i386-win32-vc8-debug:sdp.obj
 0002:0000bbe0       _pjmedia_sdp_attr_get_rtpmap 00464be0 f   pjmedia-i386-win32-vc8-debug:sdp.obj
 0002:0000c010       _pjmedia_sdp_attr_get_fmtp 00465010 f   pjmedia-i386-win32-vc8-debug:sdp.obj
 0002:0000c180       _pjmedia_sdp_attr_get_rtcp 00465180 f   pjmedia-i386-win32-vc8-debug:sdp.obj
 0002:0000c3b0       _pjmedia_sdp_attr_create_rtcp 004653b0 f   pjmedia-i386-win32-vc8-debug:sdp.obj
 0002:0000c530       _pjmedia_sdp_attr_to_rtpmap 00465530 f   pjmedia-i386-win32-vc8-debug:sdp.obj
 0002:0000c620       _pjmedia_sdp_rtpmap_to_attr 00465620 f   pjmedia-i386-win32-vc8-debug:sdp.obj
 0002:0000c8d0       _pjmedia_sdp_conn_clone    004658d0 f   pjmedia-i386-win32-vc8-debug:sdp.obj
 0002:0000c990       _pjmedia_sdp_media_clone   00465990 f   pjmedia-i386-win32-vc8-debug:sdp.obj
 0002:0000cc20       _pjmedia_sdp_media_find_attr 00465c20 f   pjmedia-i386-win32-vc8-debug:sdp.obj
 0002:0000ccb0       _pjmedia_sdp_media_find_attr2 00465cb0 f   pjmedia-i386-win32-vc8-debug:sdp.obj
 0002:0000cd40       _pjmedia_sdp_media_add_attr 00465d40 f   pjmedia-i386-win32-vc8-debug:sdp.obj
 0002:0000cd80       _pjmedia_sdp_session_add_attr 00465d80 f   pjmedia-i386-win32-vc8-debug:sdp.obj
 0002:0000cdc0       _pjmedia_sdp_media_remove_all_attr 00465dc0 f   pjmedia-i386-win32-vc8-debug:sdp.obj
 0002:0000ce00       _pjmedia_sdp_media_remove_attr 00465e00 f   pjmedia-i386-win32-vc8-debug:sdp.obj
 0002:0000ce60       _pjmedia_sdp_parse         00465e60 f   pjmedia-i386-win32-vc8-debug:sdp.obj
 0002:0000ded0       _pjmedia_sdp_print         00466ed0 f   pjmedia-i386-win32-vc8-debug:sdp.obj
 0002:0000e820       _pjmedia_sdp_session_clone 00467820 f   pjmedia-i386-win32-vc8-debug:sdp.obj
 0002:0000eb00       _pjmedia_sdp_validate      00467b00 f   pjmedia-i386-win32-vc8-debug:sdp.obj
 0002:0000eef0       _pjmedia_sdp_transport_cmp 00467ef0 f   pjmedia-i386-win32-vc8-debug:sdp.obj
 0002:0000efa0       _pjmedia_sdp_media_deactivate 00467fa0 f   pjmedia-i386-win32-vc8-debug:sdp.obj
 0002:0000f010       _pjmedia_sdp_media_clone_deactivate 00468010 f   pjmedia-i386-win32-vc8-debug:sdp.obj
 0002:0000f1d0       _speex_aec_create          004681d0 f   pjmedia-i386-win32-vc8-debug:echo_speex.obj
 0002:0000f400       _speex_aec_destroy         00468400 f   pjmedia-i386-win32-vc8-debug:echo_speex.obj
 0002:0000f4d0       _speex_aec_reset           004684d0 f   pjmedia-i386-win32-vc8-debug:echo_speex.obj
 0002:0000f500       _speex_aec_cancel_echo     00468500 f   pjmedia-i386-win32-vc8-debug:echo_speex.obj
 0002:0000f660       _echo_supp_create          00468660 f   pjmedia-i386-win32-vc8-debug:echo_suppress.obj
 0002:0000f8f0       _echo_supp_destroy         004688f0 f   pjmedia-i386-win32-vc8-debug:echo_suppress.obj
 0002:0000f910       _echo_supp_reset           00468910 f   pjmedia-i386-win32-vc8-debug:echo_suppress.obj
 0002:0000faa0       _echo_supp_soft_reset      00468aa0 f   pjmedia-i386-win32-vc8-debug:echo_suppress.obj
 0002:0000fba0       _echo_supp_cancel_echo     00468ba0 f   pjmedia-i386-win32-vc8-debug:echo_suppress.obj
 0002:00010da0       _pjmedia_delay_buf_create  00469da0 f   pjmedia-i386-win32-vc8-debug:delaybuf.obj
 0002:000110b0       _pjmedia_delay_buf_destroy 0046a0b0 f   pjmedia-i386-win32-vc8-debug:delaybuf.obj
 0002:00011180       _pjmedia_delay_buf_put     0046a180 f   pjmedia-i386-win32-vc8-debug:delaybuf.obj
 0002:00011b20       _pjmedia_delay_buf_get     0046ab20 f   pjmedia-i386-win32-vc8-debug:delaybuf.obj
 0002:00011ea0       _pjmedia_delay_buf_reset   0046aea0 f   pjmedia-i386-win32-vc8-debug:delaybuf.obj
 0002:00011f80       _pjmedia_wave_hdr_file_to_host 0046af80 f   pjmedia-i386-win32-vc8-debug:wave.obj
 0002:00011fd0       _pjmedia_wave_hdr_host_to_file 0046afd0 f   pjmedia-i386-win32-vc8-debug:wave.obj
 0002:00012000       _get_libsrtp_errstr        0046b000 f   pjmedia-i386-win32-vc8-debug:transport_srtp.obj
 0002:00012060       _pjmedia_srtp_init_lib     0046b060 f   pjmedia-i386-win32-vc8-debug:transport_srtp.obj
 0002:000121a0       _pjmedia_srtp_setting_default 0046b1a0 f   pjmedia-i386-win32-vc8-debug:transport_srtp.obj
 0002:000122a0       _pjmedia_transport_srtp_create 0046b2a0 f   pjmedia-i386-win32-vc8-debug:transport_srtp.obj
 0002:00012770       _pjmedia_transport_srtp_start 0046b770 f   pjmedia-i386-win32-vc8-debug:transport_srtp.obj
 0002:000130f0       _pjmedia_transport_srtp_stop 0046c0f0 f   pjmedia-i386-win32-vc8-debug:transport_srtp.obj
 0002:00013240       _pjmedia_transport_srtp_get_member 0046c240 f   pjmedia-i386-win32-vc8-debug:transport_srtp.obj
 0002:00015af0       _pjmedia_transport_srtp_decrypt_pkt 0046eaf0 f   pjmedia-i386-win32-vc8-debug:transport_srtp.obj
 0002:00015d10       _pjmedia_silence_det_create 0046ed10 f   pjmedia-i386-win32-vc8-debug:silencedet.obj
 0002:00015e30       _pjmedia_silence_det_set_name 0046ee30 f   pjmedia-i386-win32-vc8-debug:silencedet.obj
 0002:00015ec0       _pjmedia_silence_det_set_adaptive 0046eec0 f   pjmedia-i386-win32-vc8-debug:silencedet.obj
 0002:00015f40       _pjmedia_silence_det_set_fixed 0046ef40 f   pjmedia-i386-win32-vc8-debug:silencedet.obj
 0002:00015fc0       _pjmedia_silence_det_set_params 0046efc0 f   pjmedia-i386-win32-vc8-debug:silencedet.obj
 0002:00016070       _pjmedia_silence_det_disable 0046f070 f   pjmedia-i386-win32-vc8-debug:silencedet.obj
 0002:000160e0       _pjmedia_calc_avg_signal   0046f0e0 f   pjmedia-i386-win32-vc8-debug:silencedet.obj
 0002:00016180       _pjmedia_silence_det_apply 0046f180 f   pjmedia-i386-win32-vc8-debug:silencedet.obj
 0002:00016520       _pjmedia_silence_det_detect 0046f520 f   pjmedia-i386-win32-vc8-debug:silencedet.obj
 0002:00016580       _pjmedia_wsola_create      0046f580 f   pjmedia-i386-win32-vc8-debug:wsola.obj
 0002:00016bb0       _pjmedia_wsola_destroy     0046fbb0 f   pjmedia-i386-win32-vc8-debug:wsola.obj
 0002:00016bd0       _pjmedia_wsola_set_max_expand 0046fbd0 f   pjmedia-i386-win32-vc8-debug:wsola.obj
 0002:00016c50       _pjmedia_wsola_reset       0046fc50 f   pjmedia-i386-win32-vc8-debug:wsola.obj
 0002:00016db0       _pjmedia_wsola_save        0046fdb0 f   pjmedia-i386-win32-vc8-debug:wsola.obj
 0002:00017b30       _pjmedia_wsola_generate    00470b30 f   pjmedia-i386-win32-vc8-debug:wsola.obj
 0002:000183b0       _pjmedia_wsola_discard     004713b0 f   pjmedia-i386-win32-vc8-debug:wsola.obj
 0002:00018aa0       _pj_getopt_long            00471aa0 f   pjlib-util-i386-win32-vc8-debug:getopt.obj
 0002:00018ae0       _pj_getopt                 00471ae0 f   pjlib-util-i386-win32-vc8-debug:getopt.obj
 0002:00019a20       _pj_cis_buf_init           00472a20 f   pjlib-util-i386-win32-vc8-debug:scanner.obj
 0002:00019a90       _pj_cis_init               00472a90 f   pjlib-util-i386-win32-vc8-debug:scanner.obj
 0002:00019b30       _pj_cis_dup                00472b30 f   pjlib-util-i386-win32-vc8-debug:scanner.obj
 0002:00019c20       _pj_cis_add_range          00472c20 f   pjlib-util-i386-win32-vc8-debug:scanner.obj
 0002:00019ca0       _pj_cis_add_alpha          00472ca0 f   pjlib-util-i386-win32-vc8-debug:scanner.obj
 0002:00019ce0       _pj_cis_add_num            00472ce0 f   pjlib-util-i386-win32-vc8-debug:scanner.obj
 0002:00019d10       _pj_cis_add_str            00472d10 f   pjlib-util-i386-win32-vc8-debug:scanner.obj
 0002:00019d80       _pj_cis_add_cis            00472d80 f   pjlib-util-i386-win32-vc8-debug:scanner.obj
 0002:00019e10       _pj_cis_del_range          00472e10 f   pjlib-util-i386-win32-vc8-debug:scanner.obj
 0002:00019e70       _pj_cis_del_str            00472e70 f   pjlib-util-i386-win32-vc8-debug:scanner.obj
 0002:00019ee0       _pj_cis_invert             00472ee0 f   pjlib-util-i386-win32-vc8-debug:scanner.obj
 0002:00019fa0       _pj_scan_init              00472fa0 f   pjlib-util-i386-win32-vc8-debug:scanner.obj
 0002:0001a040       _pj_scan_fini              00473040 f   pjlib-util-i386-win32-vc8-debug:scanner.obj
 0002:0001a070       _pj_scan_skip_whitespace   00473070 f   pjlib-util-i386-win32-vc8-debug:scanner.obj
 0002:0001a2d0       _pj_scan_skip_line         004732d0 f   pjlib-util-i386-win32-vc8-debug:scanner.obj
 0002:0001a350       _pj_scan_peek              00473350 f   pjlib-util-i386-win32-vc8-debug:scanner.obj
 0002:0001a480       _pj_scan_peek_n            00473480 f   pjlib-util-i386-win32-vc8-debug:scanner.obj
 0002:0001a520       _pj_scan_peek_until        00473520 f   pjlib-util-i386-win32-vc8-debug:scanner.obj
 0002:0001a5c0       _pj_scan_get               004735c0 f   pjlib-util-i386-win32-vc8-debug:scanner.obj
 0002:0001a6c0       _pj_scan_get_unescape      004736c0 f   pjlib-util-i386-win32-vc8-debug:scanner.obj
 0002:0001aa30       _pj_scan_get_quote         00473a30 f   pjlib-util-i386-win32-vc8-debug:scanner.obj
 0002:0001aa80       _pj_scan_get_quotes        00473a80 f   pjlib-util-i386-win32-vc8-debug:scanner.obj
 0002:0001acc0       _pj_scan_get_n             00473cc0 f   pjlib-util-i386-win32-vc8-debug:scanner.obj
 0002:0001ad60       _pj_scan_get_char          00473d60 f   pjlib-util-i386-win32-vc8-debug:scanner.obj
 0002:0001ade0       _pj_scan_get_newline       00473de0 f   pjlib-util-i386-win32-vc8-debug:scanner.obj
 0002:0001aea0       _pj_scan_get_until         00473ea0 f   pjlib-util-i386-win32-vc8-debug:scanner.obj
 0002:0001af70       _pj_scan_get_until_ch      00473f70 f   pjlib-util-i386-win32-vc8-debug:scanner.obj
 0002:0001b030       _pj_scan_get_until_chr     00474030 f   pjlib-util-i386-win32-vc8-debug:scanner.obj
 0002:0001b120       _pj_scan_advance_n         00474120 f   pjlib-util-i386-win32-vc8-debug:scanner.obj
 0002:0001b1a0       _pj_scan_strcmp            004741a0 f   pjlib-util-i386-win32-vc8-debug:scanner.obj
 0002:0001b200       _pj_scan_stricmp           00474200 f   pjlib-util-i386-win32-vc8-debug:scanner.obj
 0002:0001b260       _pj_scan_stricmp_alnum     00474260 f   pjlib-util-i386-win32-vc8-debug:scanner.obj
 0002:0001b2c0       _pj_scan_save_state        004742c0 f   pjlib-util-i386-win32-vc8-debug:scanner.obj
 0002:0001b300       _pj_scan_restore_state     00474300 f   pjlib-util-i386-win32-vc8-debug:scanner.obj
 0002:0001b340       _pj_base64_encode          00474340 f   pjlib-util-i386-win32-vc8-debug:base64.obj
 0002:0001b6a0       _pj_base64_decode          004746a0 f   pjlib-util-i386-win32-vc8-debug:base64.obj
 0002:0001bb40       _pj_init                   00474b40 f   pjlib-i386-win32-vc8-debug:os_core_win32.obj
 0002:0001bd40       _pj_atexit                 00474d40 f   pjlib-i386-win32-vc8-debug:os_core_win32.obj
 0002:0001bd90       _pj_shutdown               00474d90 f   pjlib-i386-win32-vc8-debug:os_core_win32.obj
 0002:0001bea0       _pj_getpid                 00474ea0 f   pjlib-i386-win32-vc8-debug:os_core_win32.obj
 0002:0001bee0       _pj_thread_is_registered   00474ee0 f   pjlib-i386-win32-vc8-debug:os_core_win32.obj
 0002:0001bf10       _pj_thread_get_prio        00474f10 f   pjlib-i386-win32-vc8-debug:os_core_win32.obj
 0002:0001bf40       _pj_thread_set_prio        00474f40 f   pjlib-i386-win32-vc8-debug:os_core_win32.obj
 0002:0001c050       _pj_thread_get_prio_min    00475050 f   pjlib-i386-win32-vc8-debug:os_core_win32.obj
 0002:0001c070       _pj_thread_get_prio_max    00475070 f   pjlib-i386-win32-vc8-debug:os_core_win32.obj
 0002:0001c090       _pj_thread_get_os_handle   00475090 f   pjlib-i386-win32-vc8-debug:os_core_win32.obj
 0002:0001c0f0       _pj_thread_register        004750f0 f   pjlib-i386-win32-vc8-debug:os_core_win32.obj
 0002:0001c2b0       _pj_thread_init            004752b0 f   pjlib-i386-win32-vc8-debug:os_core_win32.obj
 0002:0001c310       _pj_thread_create          00475310 f   pjlib-i386-win32-vc8-debug:os_core_win32.obj
 0002:0001c630       _pj_thread_get_name        00475630 f   pjlib-i386-win32-vc8-debug:os_core_win32.obj
 0002:0001c6b0       _pj_thread_resume          004756b0 f   pjlib-i386-win32-vc8-debug:os_core_win32.obj
 0002:0001c790       _pj_thread_this            00475790 f   pjlib-i386-win32-vc8-debug:os_core_win32.obj
 0002:0001c800       _pj_thread_join            00475800 f   pjlib-i386-win32-vc8-debug:os_core_win32.obj
 0002:0001c910       _pj_thread_destroy         00475910 f   pjlib-i386-win32-vc8-debug:os_core_win32.obj
 0002:0001c9f0       _pj_thread_sleep           004759f0 f   pjlib-i386-win32-vc8-debug:os_core_win32.obj
 0002:0001ca30       _pj_thread_check_stack     00475a30 f   pjlib-i386-win32-vc8-debug:os_core_win32.obj
 0002:0001cb30       _pj_thread_get_stack_max_usage 00475b30 f   pjlib-i386-win32-vc8-debug:os_core_win32.obj
 0002:0001cb50       _pj_thread_get_stack_info  00475b50 f   pjlib-i386-win32-vc8-debug:os_core_win32.obj
 0002:0001cbb0       _pj_atomic_create          00475bb0 f   pjlib-i386-win32-vc8-debug:os_core_win32.obj
 0002:0001cc00       _pj_atomic_destroy         00475c00 f   pjlib-i386-win32-vc8-debug:os_core_win32.obj
 0002:0001cc60       _pj_atomic_set             00475c60 f   pjlib-i386-win32-vc8-debug:os_core_win32.obj
 0002:0001ccb0       _pj_atomic_get             00475cb0 f   pjlib-i386-win32-vc8-debug:os_core_win32.obj
 0002:0001cd20       _pj_atomic_inc_and_get     00475d20 f   pjlib-i386-win32-vc8-debug:os_core_win32.obj
 0002:0001cd60       _pj_atomic_inc             00475d60 f   pjlib-i386-win32-vc8-debug:os_core_win32.obj
 0002:0001cd90       _pj_atomic_dec_and_get     00475d90 f   pjlib-i386-win32-vc8-debug:os_core_win32.obj
 0002:0001cdd0       _pj_atomic_dec             00475dd0 f   pjlib-i386-win32-vc8-debug:os_core_win32.obj
 0002:0001ce00       _pj_atomic_add             00475e00 f   pjlib-i386-win32-vc8-debug:os_core_win32.obj
 0002:0001ce30       _pj_atomic_add_and_get     00475e30 f   pjlib-i386-win32-vc8-debug:os_core_win32.obj
 0002:0001ce60       _pj_thread_local_alloc     00475e60 f   pjlib-i386-win32-vc8-debug:os_core_win32.obj
 0002:0001cf20       _pj_thread_local_free      00475f20 f   pjlib-i386-win32-vc8-debug:os_core_win32.obj
 0002:0001cf60       _pj_thread_local_set       00475f60 f   pjlib-i386-win32-vc8-debug:os_core_win32.obj
 0002:0001cff0       _pj_thread_local_get       00475ff0 f   pjlib-i386-win32-vc8-debug:os_core_win32.obj
 0002:0001d0e0       _pj_mutex_create           004760e0 f   pjlib-i386-win32-vc8-debug:os_core_win32.obj
 0002:0001d1a0       _pj_mutex_create_simple    004761a0 f   pjlib-i386-win32-vc8-debug:os_core_win32.obj
 0002:0001d1d0       _pj_mutex_create_recursive 004761d0 f   pjlib-i386-win32-vc8-debug:os_core_win32.obj
 0002:0001d200       _pj_mutex_lock             00476200 f   pjlib-i386-win32-vc8-debug:os_core_win32.obj
 0002:0001d2d0       _pj_mutex_unlock           004762d0 f   pjlib-i386-win32-vc8-debug:os_core_win32.obj
 0002:0001d3c0       _pj_mutex_trylock          004763c0 f   pjlib-i386-win32-vc8-debug:os_core_win32.obj
 0002:0001d4a0       _pj_mutex_destroy          004764a0 f   pjlib-i386-win32-vc8-debug:os_core_win32.obj
 0002:0001d530       _pj_mutex_is_locked        00476530 f   pjlib-i386-win32-vc8-debug:os_core_win32.obj
 0002:0001d560       _pj_rwmutex_create         00476560 f   pjlib-i386-win32-vc8-debug:os_core_win32.obj
 0002:0001d670       _pj_rwmutex_lock_read      00476670 f   pjlib-i386-win32-vc8-debug:os_core_win32.obj
 0002:0001d7a0       _pj_rwmutex_lock_write     004767a0 f   pjlib-i386-win32-vc8-debug:os_core_win32.obj
 0002:0001d810       _pj_rwmutex_unlock_read    00476810 f   pjlib-i386-win32-vc8-debug:os_core_win32.obj
 0002:0001d930       _pj_rwmutex_unlock_write   00476930 f   pjlib-i386-win32-vc8-debug:os_core_win32.obj
 0002:0001d9d0       _pj_rwmutex_destroy        004769d0 f   pjlib-i386-win32-vc8-debug:os_core_win32.obj
 0002:0001da50       _pj_enter_critical_section 00476a50 f   pjlib-i386-win32-vc8-debug:os_core_win32.obj
 0002:0001da80       _pj_leave_critical_section 00476a80 f   pjlib-i386-win32-vc8-debug:os_core_win32.obj
 0002:0001dab0       _pj_sem_create             00476ab0 f   pjlib-i386-win32-vc8-debug:os_core_win32.obj
 0002:0001dc40       _pj_sem_wait               00476c40 f   pjlib-i386-win32-vc8-debug:os_core_win32.obj
 0002:0001ddf0       _pj_sem_trywait            00476df0 f   pjlib-i386-win32-vc8-debug:os_core_win32.obj
 0002:0001de70       _pj_sem_post               00476e70 f   pjlib-i386-win32-vc8-debug:os_core_win32.obj
 0002:0001df60       _pj_sem_destroy            00476f60 f   pjlib-i386-win32-vc8-debug:os_core_win32.obj
 0002:0001e050       _pj_event_create           00477050 f   pjlib-i386-win32-vc8-debug:os_core_win32.obj
 0002:0001e210       _pj_event_wait             00477210 f   pjlib-i386-win32-vc8-debug:os_core_win32.obj
 0002:0001e3b0       _pj_event_trywait          004773b0 f   pjlib-i386-win32-vc8-debug:os_core_win32.obj
 0002:0001e420       _pj_event_set              00477420 f   pjlib-i386-win32-vc8-debug:os_core_win32.obj
 0002:0001e510       _pj_event_pulse            00477510 f   pjlib-i386-win32-vc8-debug:os_core_win32.obj
 0002:0001e600       _pj_event_reset            00477600 f   pjlib-i386-win32-vc8-debug:os_core_win32.obj
 0002:0001e6f0       _pj_event_destroy          004776f0 f   pjlib-i386-win32-vc8-debug:os_core_win32.obj
 0002:0001e7e0       _pj_term_set_color         004777e0 f   pjlib-i386-win32-vc8-debug:os_core_win32.obj
 0002:0001e930       _pj_term_get_color         00477930 f   pjlib-i386-win32-vc8-debug:os_core_win32.obj
 0002:0001ea10       _pj_caching_pool_init      00477a10 f   pjlib-i386-win32-vc8-debug:pool_caching.obj
 0002:0001ebf0       _pj_caching_pool_destroy   00477bf0 f   pjlib-i386-win32-vc8-debug:pool_caching.obj
 0002:0001f470       _pj_pool_get_capacity      00478470 f   pjlib-i386-win32-vc8-debug:pool.obj
 0002:0001f490       _pj_pool_get_used_size     00478490 f   pjlib-i386-win32-vc8-debug:pool.obj
 0002:0001f500       _pj_pool_alloc_from_block  00478500 f   pjlib-i386-win32-vc8-debug:pool.obj
 0002:0001f570       _pj_pool_alloc             00478570 f   pjlib-i386-win32-vc8-debug:pool.obj
 0002:0001f5d0       _pj_pool_calloc            004785d0 f   pjlib-i386-win32-vc8-debug:pool.obj
 0002:0001f660       _pj_pool_getobjname        00478660 f   pjlib-i386-win32-vc8-debug:pool.obj
 0002:0001f680       _pj_pool_create            00478680 f   pjlib-i386-win32-vc8-debug:pool.obj
 0002:0001f6c0       _pj_pool_release           004786c0 f   pjlib-i386-win32-vc8-debug:pool.obj
 0002:0001f710       _pj_NO_MEMORY_EXCEPTION    00478710 f   pjlib-i386-win32-vc8-debug:pool.obj
 0002:0001f730       _pj_pool_allocate_find     00478730 f   pjlib-i386-win32-vc8-debug:pool.obj
 0002:0001f9e0       _pj_pool_init_int          004789e0 f   pjlib-i386-win32-vc8-debug:pool.obj
 0002:0001faa0       _pj_pool_create_int        00478aa0 f   pjlib-i386-win32-vc8-debug:pool.obj
 0002:0001fc50       _pj_pool_reset             00478c50 f   pjlib-i386-win32-vc8-debug:pool.obj
 0002:0001fd70       _pj_pool_destroy_int       00478d70 f   pjlib-i386-win32-vc8-debug:pool.obj
 0002:0001fdf0       _pj_elapsed_nanosec        00478df0 f   pjlib-i386-win32-vc8-debug:os_timestamp_common.obj
 0002:0001fee0       _pj_elapsed_usec           00478ee0 f   pjlib-i386-win32-vc8-debug:os_timestamp_common.obj
 0002:0001ffb0       _pj_elapsed_msec           00478fb0 f   pjlib-i386-win32-vc8-debug:os_timestamp_common.obj
 0002:00020080       _pj_elapsed_msec64         00479080 f   pjlib-i386-win32-vc8-debug:os_timestamp_common.obj
 0002:000200b0       _pj_elapsed_time           004790b0 f   pjlib-i386-win32-vc8-debug:os_timestamp_common.obj
 0002:00020170       _pj_elapsed_cycle          00479170 f   pjlib-i386-win32-vc8-debug:os_timestamp_common.obj
 0002:00020190       _pj_log_init               00479190 f   pjlib-i386-win32-vc8-debug:log.obj
 0002:00020220       _pj_log_set_decor          00479220 f   pjlib-i386-win32-vc8-debug:log.obj
 0002:00020240       _pj_log_get_decor          00479240 f   pjlib-i386-win32-vc8-debug:log.obj
 0002:00020260       _pj_log_set_color          00479260 f   pjlib-i386-win32-vc8-debug:log.obj
 0002:00020390       _pj_log_get_color          00479390 f   pjlib-i386-win32-vc8-debug:log.obj
 0002:00020430       _pj_log_set_level          00479430 f   pjlib-i386-win32-vc8-debug:log.obj
 0002:00020450       _pj_log_get_level          00479450 f   pjlib-i386-win32-vc8-debug:log.obj
 0002:00020470       _pj_log_set_log_func       00479470 f   pjlib-i386-win32-vc8-debug:log.obj
 0002:00020490       _pj_log_get_log_func       00479490 f   pjlib-i386-win32-vc8-debug:log.obj
 0002:000204b0       _pj_log                    004794b0 f   pjlib-i386-win32-vc8-debug:log.obj
 0002:00020cb0       _pj_log_1                  00479cb0 f   pjlib-i386-win32-vc8-debug:log.obj
 0002:00020cf0       _pj_log_2                  00479cf0 f   pjlib-i386-win32-vc8-debug:log.obj
 0002:00020d30       _pj_log_3                  00479d30 f   pjlib-i386-win32-vc8-debug:log.obj
 0002:00020d70       _pj_log_4                  00479d70 f   pjlib-i386-win32-vc8-debug:log.obj
 0002:00020db0       _pj_log_5                  00479db0 f   pjlib-i386-win32-vc8-debug:log.obj
 0002:00020df0       _pj_get_timestamp          00479df0 f   pjlib-i386-win32-vc8-debug:os_timestamp_win32.obj
 0002:00020e80       _pj_get_timestamp_freq     00479e80 f   pjlib-i386-win32-vc8-debug:os_timestamp_win32.obj
 0002:00021070       _pj_pool_factory_get_default_policy 0047a070 f   pjlib-i386-win32-vc8-debug:pool_policy_malloc.obj
 0002:00021090       _pj_register_strerror      0047a090 f   pjlib-i386-win32-vc8-debug:errno.obj
 0002:00021290       _pj_errno_clear_handlers   0047a290 f   pjlib-i386-win32-vc8-debug:errno.obj
 0002:00021300       _pj_strerror               0047a300 f   pjlib-i386-win32-vc8-debug:errno.obj
 0002:000215f0       _pj_perror                 0047a5f0 f   pjlib-i386-win32-vc8-debug:errno.obj
 0002:00021760       _pj_perror_1               0047a760 f   pjlib-i386-win32-vc8-debug:errno.obj
 0002:000217b0       _pj_perror_2               0047a7b0 f   pjlib-i386-win32-vc8-debug:errno.obj
 0002:00021800       _pj_perror_3               0047a800 f   pjlib-i386-win32-vc8-debug:errno.obj
 0002:00021850       _pj_perror_4               0047a850 f   pjlib-i386-win32-vc8-debug:errno.obj
 0002:000218a0       _pj_perror_5               0047a8a0 f   pjlib-i386-win32-vc8-debug:errno.obj
 0002:000218f0       _pj_ioqueue_set_lock       0047a8f0 f   pjlib-i386-win32-vc8-debug:ioqueue_select.obj
 0002:00021990       _pj_ioqueue_get_user_data  0047a990 f   pjlib-i386-win32-vc8-debug:ioqueue_select.obj
 0002:000219f0       _pj_ioqueue_set_user_data  0047a9f0 f   pjlib-i386-win32-vc8-debug:ioqueue_select.obj
 0002:00021a70       _ioqueue_dispatch_write_event 0047aa70 f   pjlib-i386-win32-vc8-debug:ioqueue_select.obj
 0002:00021f60       _ioqueue_dispatch_read_event 0047af60 f   pjlib-i386-win32-vc8-debug:ioqueue_select.obj
 0002:00022380       _ioqueue_dispatch_exception_event 0047b380 f   pjlib-i386-win32-vc8-debug:ioqueue_select.obj
 0002:00022540       _pj_ioqueue_recv           0047b540 f   pjlib-i386-win32-vc8-debug:ioqueue_select.obj
 0002:00022750       _pj_ioqueue_recvfrom       0047b750 f   pjlib-i386-win32-vc8-debug:ioqueue_select.obj
 0002:00022980       _pj_ioqueue_send           0047b980 f   pjlib-i386-win32-vc8-debug:ioqueue_select.obj
 0002:00022be0       _pj_ioqueue_sendto         0047bbe0 f   pjlib-i386-win32-vc8-debug:ioqueue_select.obj
 0002:00022ef0       _pj_ioqueue_accept         0047bef0 f   pjlib-i386-win32-vc8-debug:ioqueue_select.obj
 0002:00023130       _pj_ioqueue_connect        0047c130 f   pjlib-i386-win32-vc8-debug:ioqueue_select.obj
 0002:000232c0       _pj_ioqueue_op_key_init    0047c2c0 f   pjlib-i386-win32-vc8-debug:ioqueue_select.obj
 0002:00023320       _pj_ioqueue_is_pending     0047c320 f   pjlib-i386-win32-vc8-debug:ioqueue_select.obj
 0002:00023350       _pj_ioqueue_post_completion 0047c350 f   pjlib-i386-win32-vc8-debug:ioqueue_select.obj
 0002:00023530       _pj_ioqueue_set_default_concurrency 0047c530 f   pjlib-i386-win32-vc8-debug:ioqueue_select.obj
 0002:00023590       _pj_ioqueue_set_concurrency 0047c590 f   pjlib-i386-win32-vc8-debug:ioqueue_select.obj
 0002:00023650       _pj_ioqueue_lock_key       0047c650 f   pjlib-i386-win32-vc8-debug:ioqueue_select.obj
 0002:00023680       _pj_ioqueue_unlock_key     0047c680 f   pjlib-i386-win32-vc8-debug:ioqueue_select.obj
 0002:000236b0       _pj_ioqueue_name           0047c6b0 f   pjlib-i386-win32-vc8-debug:ioqueue_select.obj
 0002:000236d0       _pj_ioqueue_create         0047c6d0 f   pjlib-i386-win32-vc8-debug:ioqueue_select.obj
 0002:00023ab0       _pj_ioqueue_destroy        0047cab0 f   pjlib-i386-win32-vc8-debug:ioqueue_select.obj
 0002:00023c60       _pj_ioqueue_register_sock  0047cc60 f   pjlib-i386-win32-vc8-debug:ioqueue_select.obj
 0002:00024020       _pj_ioqueue_unregister     0047d020 f   pjlib-i386-win32-vc8-debug:ioqueue_select.obj
 0002:00024610       _pj_ioqueue_poll           0047d610 f   pjlib-i386-win32-vc8-debug:ioqueue_select.obj
 0002:00024d10       _pj_str                    0047dd10 f   pjlib-i386-win32-vc8-debug:string.obj
 0002:00024d60       _pj_strdup                 0047dd60 f   pjlib-i386-win32-vc8-debug:string.obj
 0002:00024e20       _pj_strdup_with_null       0047de20 f   pjlib-i386-win32-vc8-debug:string.obj
 0002:00024eb0       _pj_strdup2                0047deb0 f   pjlib-i386-win32-vc8-debug:string.obj
 0002:00024f50       _pj_strdup2_with_null      0047df50 f   pjlib-i386-win32-vc8-debug:string.obj
 0002:00025000       _pj_strdup3                0047e000 f   pjlib-i386-win32-vc8-debug:string.obj
 0002:00025040       _pj_strassign              0047e040 f   pjlib-i386-win32-vc8-debug:string.obj
 0002:00025080       _pj_strcpy                 0047e080 f   pjlib-i386-win32-vc8-debug:string.obj
 0002:000250e0       _pj_strcpy2                0047e0e0 f   pjlib-i386-win32-vc8-debug:string.obj
 0002:00025160       _pj_strncpy                0047e160 f   pjlib-i386-win32-vc8-debug:string.obj
 0002:000251c0       _pj_strncpy_with_null      0047e1c0 f   pjlib-i386-win32-vc8-debug:string.obj
 0002:00025240       _pj_strcmp                 0047e240 f   pjlib-i386-win32-vc8-debug:string.obj
 0002:00025360       _pj_strncmp                0047e360 f   pjlib-i386-win32-vc8-debug:string.obj
 0002:000253e0       _pj_strncmp2               0047e3e0 f   pjlib-i386-win32-vc8-debug:string.obj
 0002:00025440       _pj_strcmp2                0047e440 f   pjlib-i386-win32-vc8-debug:string.obj
 0002:000254a0       _pj_stricmp                0047e4a0 f   pjlib-i386-win32-vc8-debug:string.obj
 0002:00025590       _pj_stricmp2               0047e590 f   pjlib-i386-win32-vc8-debug:string.obj
 0002:000255f0       _pj_strnicmp               0047e5f0 f   pjlib-i386-win32-vc8-debug:string.obj
 0002:00025670       _pj_strnicmp2              0047e670 f   pjlib-i386-win32-vc8-debug:string.obj
 0002:000256d0       _pj_strcat                 0047e6d0 f   pjlib-i386-win32-vc8-debug:string.obj
 0002:00025730       _pj_strcat2                0047e730 f   pjlib-i386-win32-vc8-debug:string.obj
 0002:000257b0       _pj_strtrim                0047e7b0 f   pjlib-i386-win32-vc8-debug:string.obj
 0002:000257f0       _pj_strstr                 0047e7f0 f   pjlib-i386-win32-vc8-debug:string.obj
 0002:00025890       _pj_stristr                0047e890 f   pjlib-i386-win32-vc8-debug:string.obj
 0002:00025930       _pj_strltrim               0047e930 f   pjlib-i386-win32-vc8-debug:string.obj
 0002:000259f0       _pj_strrtrim               0047e9f0 f   pjlib-i386-win32-vc8-debug:string.obj
 0002:00025a80       _pj_create_random_string   0047ea80 f   pjlib-i386-win32-vc8-debug:string.obj
 0002:00025c20       _pj_strtoul                0047ec20 f   pjlib-i386-win32-vc8-debug:string.obj
 0002:00025d00       _pj_strtoul2               0047ed00 f   pjlib-i386-win32-vc8-debug:string.obj
 0002:00025f20       _pj_utoa                   0047ef20 f   pjlib-i386-win32-vc8-debug:string.obj
 0002:00025f50       _pj_utoa_pad               0047ef50 f   pjlib-i386-win32-vc8-debug:string.obj
 0002:00026060       _pj_inet_addr              0047f060 f   pjlib-i386-win32-vc8-debug:sock_common.obj
 0002:00026090       _pj_inet_addr2             0047f090 f   pjlib-i386-win32-vc8-debug:sock_common.obj
 0002:000260d0       _pj_inet_ntop2             0047f0d0 f   pjlib-i386-win32-vc8-debug:sock_common.obj
 0002:00026120       _pj_sockaddr_print         0047f120 f   pjlib-i386-win32-vc8-debug:sock_common.obj
 0002:00026250       _pj_sockaddr_in_set_str_addr 0047f250 f   pjlib-i386-win32-vc8-debug:sock_common.obj
 0002:000263d0       _pj_sockaddr_set_str_addr  0047f3d0 f   pjlib-i386-win32-vc8-debug:sock_common.obj
 0002:00026570       _pj_sockaddr_in_init       0047f570 f   pjlib-i386-win32-vc8-debug:sock_common.obj
 0002:00026620       _pj_sockaddr_init          0047f620 f   pjlib-i386-win32-vc8-debug:sock_common.obj
 0002:00026720       _pj_sockaddr_cmp           0047f720 f   pjlib-i386-win32-vc8-debug:sock_common.obj
 0002:00026860       _pj_gethostaddr            0047f860 f   pjlib-i386-win32-vc8-debug:sock_common.obj
 0002:000268b0       _pj_sockaddr_in_get_port   0047f8b0 f   pjlib-i386-win32-vc8-debug:sock_common.obj
 0002:000268e0       _pj_sockaddr_get_addr      0047f8e0 f   pjlib-i386-win32-vc8-debug:sock_common.obj
 0002:000269b0       _pj_sockaddr_has_addr      0047f9b0 f   pjlib-i386-win32-vc8-debug:sock_common.obj
 0002:00026a80       _pj_sockaddr_get_port      0047fa80 f   pjlib-i386-win32-vc8-debug:sock_common.obj
 0002:00026b60       _pj_sockaddr_get_addr_len  0047fb60 f   pjlib-i386-win32-vc8-debug:sock_common.obj
 0002:00026c20       _pj_sockaddr_get_len       0047fc20 f   pjlib-i386-win32-vc8-debug:sock_common.obj
 0002:00026ce0       _pj_sockaddr_copy_addr     0047fce0 f   pjlib-i386-win32-vc8-debug:sock_common.obj
 0002:00026d40       _pj_sockaddr_cp            0047fd40 f   pjlib-i386-win32-vc8-debug:sock_common.obj
 0002:00026d80       _pj_sockaddr_in_set_port   0047fd80 f   pjlib-i386-win32-vc8-debug:sock_common.obj
 0002:00026db0       _pj_sockaddr_set_port      0047fdb0 f   pjlib-i386-win32-vc8-debug:sock_common.obj
 0002:00026e90       _pj_sockaddr_in_get_addr   0047fe90 f   pjlib-i386-win32-vc8-debug:sock_common.obj
 0002:00026ec0       _pj_sockaddr_in_set_addr   0047fec0 f   pjlib-i386-win32-vc8-debug:sock_common.obj
 0002:00026ef0       _pj_sockaddr_parse2        0047fef0 f   pjlib-i386-win32-vc8-debug:sock_common.obj
 0002:00027400       _pj_sockaddr_parse         00480400 f   pjlib-i386-win32-vc8-debug:sock_common.obj
 0002:000275a0       _pj_gethostip              004805a0 f   pjlib-i386-win32-vc8-debug:sock_common.obj
 0002:000282b0       _pj_getdefaultipinterface  004812b0 f   pjlib-i386-win32-vc8-debug:sock_common.obj
 0002:000284b0       _pj_ntohs                  004814b0 f   pjlib-i386-win32-vc8-debug:sock_bsd.obj
 0002:000284e0       _pj_htons                  004814e0 f   pjlib-i386-win32-vc8-debug:sock_bsd.obj
 0002:00028510       _pj_ntohl                  00481510 f   pjlib-i386-win32-vc8-debug:sock_bsd.obj
 0002:00028530       _pj_htonl                  00481530 f   pjlib-i386-win32-vc8-debug:sock_bsd.obj
 0002:00028550       _pj_inet_ntoa              00481550 f   pjlib-i386-win32-vc8-debug:sock_bsd.obj
 0002:00028570       _pj_inet_aton              00481570 f   pjlib-i386-win32-vc8-debug:sock_bsd.obj
 0002:000286a0       _pj_inet_pton              004816a0 f   pjlib-i386-win32-vc8-debug:sock_bsd.obj
 0002:00028900       _pj_inet_ntop              00481900 f   pjlib-i386-win32-vc8-debug:sock_bsd.obj
 0002:00028b70       _pj_gethostname            00481b70 f   pjlib-i386-win32-vc8-debug:sock_bsd.obj
 0002:00028c10       _pj_sock_socket            00481c10 f   pjlib-i386-win32-vc8-debug:sock_bsd.obj
 0002:00028d30       _pj_sock_bind              00481d30 f   pjlib-i386-win32-vc8-debug:sock_bsd.obj
 0002:00028e20       _pj_sock_bind_in           00481e20 f   pjlib-i386-win32-vc8-debug:sock_bsd.obj
 0002:00028ed0       _pj_sock_close             00481ed0 f   pjlib-i386-win32-vc8-debug:sock_bsd.obj
 0002:00028f70       _pj_sock_getpeername       00481f70 f   pjlib-i386-win32-vc8-debug:sock_bsd.obj
 0002:00029010       _pj_sock_getsockname       00482010 f   pjlib-i386-win32-vc8-debug:sock_bsd.obj
 0002:000290b0       _pj_sock_send              004820b0 f   pjlib-i386-win32-vc8-debug:sock_bsd.obj
 0002:000291a0       _pj_sock_sendto            004821a0 f   pjlib-i386-win32-vc8-debug:sock_bsd.obj
 0002:000292a0       _pj_sock_recv              004822a0 f   pjlib-i386-win32-vc8-debug:sock_bsd.obj
 0002:000293a0       _pj_sock_recvfrom          004823a0 f   pjlib-i386-win32-vc8-debug:sock_bsd.obj
 0002:00029510       _pj_sock_getsockopt        00482510 f   pjlib-i386-win32-vc8-debug:sock_bsd.obj
 0002:00029610       _pj_sock_setsockopt        00482610 f   pjlib-i386-win32-vc8-debug:sock_bsd.obj
 0002:000296c0       _pj_sock_connect           004826c0 f   pjlib-i386-win32-vc8-debug:sock_bsd.obj
 0002:00029760       _pj_sock_shutdown          00482760 f   pjlib-i386-win32-vc8-debug:sock_bsd.obj
 0002:00029800       _pj_sock_listen            00482800 f   pjlib-i386-win32-vc8-debug:sock_bsd.obj
 0002:000298a0       _pj_sock_accept            004828a0 f   pjlib-i386-win32-vc8-debug:sock_bsd.obj
 0002:00029990       _pj_gettimeofday           00482990 f   pjlib-i386-win32-vc8-debug:os_time_win32.obj
 0002:00029af0       _pj_time_decode            00482af0 f   pjlib-i386-win32-vc8-debug:os_time_win32.obj
 0002:00029be0       _pj_time_encode            00482be0 f   pjlib-i386-win32-vc8-debug:os_time_win32.obj
 0002:00029d10       _pj_list_insert_after      00482d10 f   pjlib-i386-win32-vc8-debug:list.obj
 0002:00029d60       _pj_list_insert_before     00482d60 f   pjlib-i386-win32-vc8-debug:list.obj
 0002:00029d90       _pj_list_insert_nodes_after 00482d90 f   pjlib-i386-win32-vc8-debug:list.obj
 0002:00029e20       _pj_list_insert_nodes_before 00482e20 f   pjlib-i386-win32-vc8-debug:list.obj
 0002:00029e50       _pj_list_merge_last        00482e50 f   pjlib-i386-win32-vc8-debug:list.obj
 0002:00029f20       _pj_list_merge_first       00482f20 f   pjlib-i386-win32-vc8-debug:list.obj
 0002:00029f90       _pj_list_erase             00482f90 f   pjlib-i386-win32-vc8-debug:list.obj
 0002:00029fd0       _pj_list_find_node         00482fd0 f   pjlib-i386-win32-vc8-debug:list.obj
 0002:0002a030       _pj_list_search            00483030 f   pjlib-i386-win32-vc8-debug:list.obj
 0002:0002a090       _pj_list_size              00483090 f   pjlib-i386-win32-vc8-debug:list.obj
 0002:0002a0e0       _pj_file_open              004830e0 f   pjlib-i386-win32-vc8-debug:file_io_win32.obj
 0002:0002a330       _pj_file_close             00483330 f   pjlib-i386-win32-vc8-debug:file_io_win32.obj
 0002:0002a3b0       _pj_file_write             004833b0 f   pjlib-i386-win32-vc8-debug:file_io_win32.obj
 0002:0002a460       _pj_file_read              00483460 f   pjlib-i386-win32-vc8-debug:file_io_win32.obj
 0002:0002a510       _pj_file_setpos            00483510 f   pjlib-i386-win32-vc8-debug:file_io_win32.obj
 0002:0002a630       _pj_file_getpos            00483630 f   pjlib-i386-win32-vc8-debug:file_io_win32.obj
 0002:0002a700       _pj_file_flush             00483700 f   pjlib-i386-win32-vc8-debug:file_io_win32.obj
 0002:0002a790       _pj_file_exists            00483790 f   pjlib-i386-win32-vc8-debug:file_access_win32.obj
 0002:0002a830       _pj_file_size              00483830 f   pjlib-i386-win32-vc8-debug:file_access_win32.obj
 0002:0002a950       _pj_file_delete            00483950 f   pjlib-i386-win32-vc8-debug:file_access_win32.obj
 0002:0002aa10       _pj_file_move              00483a10 f   pjlib-i386-win32-vc8-debug:file_access_win32.obj
 0002:0002aaf0       _pj_file_getstat           00483af0 f   pjlib-i386-win32-vc8-debug:file_access_win32.obj
 0002:0002af50       _pj_array_insert           00483f50 f   pjlib-i386-win32-vc8-debug:array.obj
 0002:0002b000       _pj_array_erase            00484000 f   pjlib-i386-win32-vc8-debug:array.obj
 0002:0002b090       _pj_array_find             00484090 f   pjlib-i386-win32-vc8-debug:array.obj
 0002:0002b110       _pj_throw_exception_       00484110 f   pjlib-i386-win32-vc8-debug:except.obj
 0002:0002b1d0       _pj_push_exception_handler_ 004841d0 f   pjlib-i386-win32-vc8-debug:except.obj
 0002:0002b2f0       _pj_pop_exception_handler_ 004842f0 f   pjlib-i386-win32-vc8-debug:except.obj
 0002:0002b350       _pj_exception_id_alloc     00484350 f   pjlib-i386-win32-vc8-debug:except.obj
 0002:0002b3d0       _pj_exception_id_free      004843d0 f   pjlib-i386-win32-vc8-debug:except.obj
 0002:0002b460       _pj_exception_id_name      00484460 f   pjlib-i386-win32-vc8-debug:except.obj
 0002:0002b510       _pj_lock_create_simple_mutex 00484510 f   pjlib-i386-win32-vc8-debug:lock.obj
 0002:0002b660       _pj_lock_create_recursive_mutex 00484660 f   pjlib-i386-win32-vc8-debug:lock.obj
 0002:0002b6b0       _pj_lock_create_null_mutex 004846b0 f   pjlib-i386-win32-vc8-debug:lock.obj
 0002:0002b710       _pj_lock_create_semaphore  00484710 f   pjlib-i386-win32-vc8-debug:lock.obj
 0002:0002b800       _pj_lock_acquire           00484800 f   pjlib-i386-win32-vc8-debug:lock.obj
 0002:0002b870       _pj_lock_tryacquire        00484870 f   pjlib-i386-win32-vc8-debug:lock.obj
 0002:0002b8e0       _pj_lock_release           004848e0 f   pjlib-i386-win32-vc8-debug:lock.obj
 0002:0002b950       _pj_lock_destroy           00484950 f   pjlib-i386-win32-vc8-debug:lock.obj
 0002:0002b9c0       _pj_get_version            004849c0 f   pjlib-i386-win32-vc8-debug:config.obj
 0002:0002b9e0       _pj_dump_config            004849e0 f   pjlib-i386-win32-vc8-debug:config.obj
 0002:0002bfc0       _pj_GUID_STRING_LENGTH     00484fc0 f   pjlib-i386-win32-vc8-debug:guid_win32.obj
 0002:0002bfe0       _pj_generate_unique_string 00484fe0 f   pjlib-i386-win32-vc8-debug:guid_win32.obj
 0002:0002c190       _pj_pool_create_on_buf     00485190 f   pjlib-i386-win32-vc8-debug:pool_buf.obj
 0002:0002c400       _pj_log_write              00485400 f   pjlib-i386-win32-vc8-debug:log_writer_stdout.obj
 0002:0002c4e0       _pj_get_os_error           004854e0 f   pjlib-i386-win32-vc8-debug:os_error_win32.obj
 0002:0002c530       _pj_set_os_error           00485530 f   pjlib-i386-win32-vc8-debug:os_error_win32.obj
 0002:0002c580       _pj_get_netos_error        00485580 f   pjlib-i386-win32-vc8-debug:os_error_win32.obj
 0002:0002c5d0       _pj_set_netos_error        004855d0 f   pjlib-i386-win32-vc8-debug:os_error_win32.obj
 0002:0002c620       _platform_strerror         00485620 f   pjlib-i386-win32-vc8-debug:os_error_win32.obj
 0002:0002c850       _PJ_FD_ZERO                00485850 f   pjlib-i386-win32-vc8-debug:sock_select.obj
 0002:0002c8a0       _PJ_FD_SET                 004858a0 f   pjlib-i386-win32-vc8-debug:sock_select.obj
 0002:0002c980       _PJ_FD_CLR                 00485980 f   pjlib-i386-win32-vc8-debug:sock_select.obj
 0002:0002ca70       _PJ_FD_ISSET               00485a70 f   pjlib-i386-win32-vc8-debug:sock_select.obj
 0002:0002cad0       _PJ_FD_COUNT               00485ad0 f   pjlib-i386-win32-vc8-debug:sock_select.obj
 0002:0002caf0       _pj_sock_select            00485af0 f   pjlib-i386-win32-vc8-debug:sock_select.obj
 0002:0002cbf0       _pj_time_val_normalize     00485bf0 f   pjlib-i386-win32-vc8-debug:types.obj
 0002:0002cd30       _pj_srand                  00485d30 f   pjlib-i386-win32-vc8-debug:rand.obj
 0002:0002cd70       _pj_rand                   00485d70 f   pjlib-i386-win32-vc8-debug:rand.obj
 0002:0002cdf0       _pj_gethostbyname          00485df0 f   pjlib-i386-win32-vc8-debug:addr_resolv_sock.obj
 0002:0002cf50       _pj_getaddrinfo            00485f50 f   pjlib-i386-win32-vc8-debug:addr_resolv_sock.obj
 0002:0002d2b0       _pj_enum_ip_interface      004862b0 f   pjlib-i386-win32-vc8-debug:ip_helper_win32.obj
 0002:0002de10       _pj_enum_ip_route          00486e10 f   pjlib-i386-win32-vc8-debug:ip_helper_win32.obj
 0002:0002e230       _speex_preprocess_state_init 00487230 f   libspeex-i386-win32-vc8-debug:preprocess.obj
 0002:0002ebf0       _speex_preprocess_state_destroy 00487bf0 f   libspeex-i386-win32-vc8-debug:preprocess.obj
 0002:0002ee30       _speex_preprocess          00487e30 f   libspeex-i386-win32-vc8-debug:preprocess.obj
 0002:0002ee60       _speex_preprocess_run      00487e60 f   libspeex-i386-win32-vc8-debug:preprocess.obj
 0002:00030eb0       _speex_preprocess_estimate_update 00489eb0 f   libspeex-i386-win32-vc8-debug:preprocess.obj
 0002:000310d0       _speex_preprocess_ctl      0048a0d0 f   libspeex-i386-win32-vc8-debug:preprocess.obj
 0002:000319e0       _speex_echo_state_init     0048a9e0 f   libspeex-i386-win32-vc8-debug:mdf.obj
 0002:000320f0       _speex_echo_state_reset    0048b0f0 f   libspeex-i386-win32-vc8-debug:mdf.obj
 0002:000323f0       _speex_echo_state_destroy  0048b3f0 f   libspeex-i386-win32-vc8-debug:mdf.obj
 0002:00032610       _speex_echo_capture        0048b610 f   libspeex-i386-win32-vc8-debug:mdf.obj
 0002:000327b0       _speex_echo_playback       0048b7b0 f   libspeex-i386-win32-vc8-debug:mdf.obj
 0002:00032980       _speex_echo_cancel         0048b980 f   libspeex-i386-win32-vc8-debug:mdf.obj
 0002:000329c0       _speex_echo_cancellation   0048b9c0 f   libspeex-i386-win32-vc8-debug:mdf.obj
 0002:000349f0       _speex_echo_get_residual   0048d9f0 f   libspeex-i386-win32-vc8-debug:mdf.obj
 0002:00034b30       _speex_echo_ctl            0048db30 f   libspeex-i386-win32-vc8-debug:mdf.obj
 0002:00034c90       _spx_fft_init              0048dc90 f   libspeex-i386-win32-vc8-debug:fftwrap.obj
 0002:00034d00       _spx_fft_destroy           0048dd00 f   libspeex-i386-win32-vc8-debug:fftwrap.obj
 0002:00034d70       _spx_fft                   0048dd70 f   libspeex-i386-win32-vc8-debug:fftwrap.obj
 0002:00034e70       _spx_ifft                  0048de70 f   libspeex-i386-win32-vc8-debug:fftwrap.obj
 0002:00034f10       _spx_fft_float             0048df10 f   libspeex-i386-win32-vc8-debug:fftwrap.obj
 0002:00034f40       _spx_ifft_float            0048df40 f   libspeex-i386-win32-vc8-debug:fftwrap.obj
 0002:00034f70       _filterbank_new            0048df70 f   libspeex-i386-win32-vc8-debug:filterbank.obj
 0002:000353a0       _filterbank_destroy        0048e3a0 f   libspeex-i386-win32-vc8-debug:filterbank.obj
 0002:00035450       _filterbank_compute_bank32 0048e450 f   libspeex-i386-win32-vc8-debug:filterbank.obj
 0002:00035550       _filterbank_compute_psd16  0048e550 f   libspeex-i386-win32-vc8-debug:filterbank.obj
 0002:00035600       _filterbank_compute_bank   0048e600 f   libspeex-i386-win32-vc8-debug:filterbank.obj
 0002:00035750       _filterbank_compute_psd    0048e750 f   libspeex-i386-win32-vc8-debug:filterbank.obj
 0002:00035810       _filterbank_psy_smooth     0048e810 f   libspeex-i386-win32-vc8-debug:filterbank.obj
 0002:00035960       _spx_drft_forward          0048e960 f   libspeex-i386-win32-vc8-debug:smallft.obj
 0002:00037860       _spx_drft_backward         00490860 f   libspeex-i386-win32-vc8-debug:smallft.obj
 0002:00039c80       _spx_drft_init             00492c80 f   libspeex-i386-win32-vc8-debug:smallft.obj
 0002:0003a050       _spx_drft_clear            00493050 f   libspeex-i386-win32-vc8-debug:smallft.obj
 0002:0003a0e0       _srtp_stream_alloc         004930e0 f   libsrtp-i386-win32-vc8-debug:srtp.obj
 0002:0003a3a0       _srtp_stream_dealloc       004933a0 f   libsrtp-i386-win32-vc8-debug:srtp.obj
 0002:0003a550       _srtp_stream_clone         00493550 f   libsrtp-i386-win32-vc8-debug:srtp.obj
 0002:0003a6a0       _srtp_kdf_init             004936a0 f   libsrtp-i386-win32-vc8-debug:srtp.obj
 0002:0003a6d0       _srtp_kdf_generate         004936d0 f   libsrtp-i386-win32-vc8-debug:srtp.obj
 0002:0003a760       _srtp_kdf_clear            00493760 f   libsrtp-i386-win32-vc8-debug:srtp.obj
 0002:0003a790       _srtp_stream_init_keys     00493790 f   libsrtp-i386-win32-vc8-debug:srtp.obj
 0002:0003acc0       _srtp_stream_init          00493cc0 f   libsrtp-i386-win32-vc8-debug:srtp.obj
 0002:0003adc0       _srtp_event_reporter       00493dc0 f   libsrtp-i386-win32-vc8-debug:srtp.obj
 0002:0003ae90       _srtp_install_event_handler 00493e90 f   libsrtp-i386-win32-vc8-debug:srtp.obj
 0002:0003aeb0       _srtp_protect              00493eb0 f   libsrtp-i386-win32-vc8-debug:srtp.obj
 0002:0003b650       _srtp_unprotect            00494650 f   libsrtp-i386-win32-vc8-debug:srtp.obj
 0002:0003bdf0       _srtp_init                 00494df0 f   libsrtp-i386-win32-vc8-debug:srtp.obj
 0002:0003be40       _srtp_deinit               00494e40 f   libsrtp-i386-win32-vc8-debug:srtp.obj
 0002:0003be70       _srtp_get_stream           00494e70 f   libsrtp-i386-win32-vc8-debug:srtp.obj
 0002:0003bec0       _srtp_dealloc              00494ec0 f   libsrtp-i386-win32-vc8-debug:srtp.obj
 0002:0003c050       _srtp_add_stream           00495050 f   libsrtp-i386-win32-vc8-debug:srtp.obj
 0002:0003c1b0       _srtp_create               004951b0 f   libsrtp-i386-win32-vc8-debug:srtp.obj
 0002:0003c270       _srtp_remove_stream        00495270 f   libsrtp-i386-win32-vc8-debug:srtp.obj
 0002:0003c320       _crypto_policy_set_rtp_default 00495320 f   libsrtp-i386-win32-vc8-debug:srtp.obj
 0002:0003c380       _crypto_policy_set_rtcp_default 00495380 f   libsrtp-i386-win32-vc8-debug:srtp.obj
 0002:0003c3e0       _crypto_policy_set_aes_cm_128_hmac_sha1_32 004953e0 f   libsrtp-i386-win32-vc8-debug:srtp.obj
 0002:0003c440       _crypto_policy_set_aes_cm_128_null_auth 00495440 f   libsrtp-i386-win32-vc8-debug:srtp.obj
 0002:0003c4a0       _crypto_policy_set_null_cipher_hmac_sha1_80 004954a0 f   libsrtp-i386-win32-vc8-debug:srtp.obj
 0002:0003c500       _srtp_protect_rtcp         00495500 f   libsrtp-i386-win32-vc8-debug:srtp.obj
 0002:0003ca00       _srtp_unprotect_rtcp       00495a00 f   libsrtp-i386-win32-vc8-debug:srtp.obj
 0002:0003cfa0       _crypto_policy_set_from_profile_for_rtp 00495fa0 f   libsrtp-i386-win32-vc8-debug:srtp.obj
 0002:0003d020       _crypto_policy_set_from_profile_for_rtcp 00496020 f   libsrtp-i386-win32-vc8-debug:srtp.obj
 0002:0003d0a0       _append_salt_to_key        004960a0 f   libsrtp-i386-win32-vc8-debug:srtp.obj
 0002:0003d0d0       _srtp_profile_get_master_key_length 004960d0 f   libsrtp-i386-win32-vc8-debug:srtp.obj
 0002:0003d130       _srtp_profile_get_master_salt_length 00496130 f   libsrtp-i386-win32-vc8-debug:srtp.obj
 0002:0003d190       _octet_get_weight          00496190 f   libsrtp-i386-win32-vc8-debug:datatypes.obj
 0002:0003d1c0       _nibble_to_hex_char        004961c0 f   libsrtp-i386-win32-vc8-debug:datatypes.obj
 0002:0003d250       _octet_string_hex_string   00496250 f   libsrtp-i386-win32-vc8-debug:datatypes.obj
 0002:0003d320       _is_hex_string             00496320 f   libsrtp-i386-win32-vc8-debug:datatypes.obj
 0002:0003d380       _hex_char_to_nibble        00496380 f i libsrtp-i386-win32-vc8-debug:datatypes.obj
 0002:0003d560       _hex_string_to_octet_string 00496560 f   libsrtp-i386-win32-vc8-debug:datatypes.obj
 0002:0003d640       _v128_hex_string           00496640 f   libsrtp-i386-win32-vc8-debug:datatypes.obj
 0002:0003d6f0       _v128_bit_string           004966f0 f   libsrtp-i386-win32-vc8-debug:datatypes.obj
 0002:0003d7a0       _v128_copy_octet_string    004967a0 f   libsrtp-i386-win32-vc8-debug:datatypes.obj
 0002:0003d8b0       _v128_right_shift          004968b0 f   libsrtp-i386-win32-vc8-debug:datatypes.obj
 0002:0003da40       _v128_left_shift           00496a40 f   libsrtp-i386-win32-vc8-debug:datatypes.obj
 0002:0003dbc0       _octet_string_is_eq        00496bc0 f   libsrtp-i386-win32-vc8-debug:datatypes.obj
 0002:0003dc30       _octet_string_set_to_zero  00496c30 f   libsrtp-i386-win32-vc8-debug:datatypes.obj
 0002:0003dc70       _base64_char_to_sextet     00496c70 f   libsrtp-i386-win32-vc8-debug:datatypes.obj
 0002:0003e130       _base64_string_to_octet_string 00497130 f   libsrtp-i386-win32-vc8-debug:datatypes.obj
 0002:0003e210       _crypto_kernel_init        00497210 f   libsrtp-i386-win32-vc8-debug:crypto_kernel.obj
 0002:0003e480       _crypto_kernel_status      00497480 f   libsrtp-i386-win32-vc8-debug:crypto_kernel.obj
 0002:0003e700       _crypto_kernel_list_debug_modules 00497700 f   libsrtp-i386-win32-vc8-debug:crypto_kernel.obj
 0002:0003e7a0       _crypto_kernel_shutdown    004977a0 f   libsrtp-i386-win32-vc8-debug:crypto_kernel.obj
 0002:0003e910       _crypto_kernel_load_cipher_type 00497910 f   libsrtp-i386-win32-vc8-debug:crypto_kernel.obj
 0002:0003ea10       _crypto_kernel_load_auth_type 00497a10 f   libsrtp-i386-win32-vc8-debug:crypto_kernel.obj
 0002:0003eb10       _crypto_kernel_get_cipher_type 00497b10 f   libsrtp-i386-win32-vc8-debug:crypto_kernel.obj
 0002:0003eb60       _crypto_kernel_alloc_cipher 00497b60 f   libsrtp-i386-win32-vc8-debug:crypto_kernel.obj
 0002:0003ebd0       _crypto_kernel_get_auth_type 00497bd0 f   libsrtp-i386-win32-vc8-debug:crypto_kernel.obj
 0002:0003ec20       _crypto_kernel_alloc_auth  00497c20 f   libsrtp-i386-win32-vc8-debug:crypto_kernel.obj
 0002:0003ec90       _crypto_kernel_load_debug_module 00497c90 f   libsrtp-i386-win32-vc8-debug:crypto_kernel.obj
 0002:0003ed50       _crypto_kernel_set_debug_module 00497d50 f   libsrtp-i386-win32-vc8-debug:crypto_kernel.obj
 0002:0003edc0       _crypto_get_random         00497dc0 f   libsrtp-i386-win32-vc8-debug:crypto_kernel.obj
 0002:0003ee00       _crypto_alloc              00497e00 f   libsrtp-i386-win32-vc8-debug:alloc.obj
 0002:0003ee90       _crypto_free               00497e90 f   libsrtp-i386-win32-vc8-debug:alloc.obj
 0002:0003eee0       _rdb_init                  00497ee0 f   libsrtp-i386-win32-vc8-debug:rdb.obj
 0002:0003ef40       _rdb_check                 00497f40 f   libsrtp-i386-win32-vc8-debug:rdb.obj
 0002:0003efc0       _rdb_add_index             00497fc0 f   libsrtp-i386-win32-vc8-debug:rdb.obj
 0002:0003f0a0       _rdb_increment             004980a0 f   libsrtp-i386-win32-vc8-debug:rdb.obj
 0002:0003f0e0       _rdb_get_value             004980e0 f   libsrtp-i386-win32-vc8-debug:rdb.obj
 0002:0003f100       _index_init                00498100 f   libsrtp-i386-win32-vc8-debug:rdbx.obj
 0002:0003f130       _index_advance             00498130 f   libsrtp-i386-win32-vc8-debug:rdbx.obj
 0002:0003f160       _index_guess               00498160 f   libsrtp-i386-win32-vc8-debug:rdbx.obj
 0002:0003f2b0       _rdbx_init                 004982b0 f   libsrtp-i386-win32-vc8-debug:rdbx.obj
 0002:0003f310       _rdbx_check                00498310 f   libsrtp-i386-win32-vc8-debug:rdbx.obj
 0002:0003f380       _rdbx_add_index            00498380 f   libsrtp-i386-win32-vc8-debug:rdbx.obj
 0002:0003f420       _rdbx_estimate_index       00498420 f   libsrtp-i386-win32-vc8-debug:rdbx.obj
 0002:0003f490       _key_limit_set             00498490 f   libsrtp-i386-win32-vc8-debug:key.obj
 0002:0003f4f0       _key_limit_clone           004984f0 f   libsrtp-i386-win32-vc8-debug:key.obj
 0002:0003f520       _key_limit_check           00498520 f   libsrtp-i386-win32-vc8-debug:key.obj
 0002:0003f550       _key_limit_update          00498550 f   libsrtp-i386-win32-vc8-debug:key.obj
 0002:0003f600       _err_reporting_init        00498600 f   libsrtp-i386-win32-vc8-debug:srtp_err.obj
 0002:0003f620       _err_report                00498620 f   libsrtp-i386-win32-vc8-debug:srtp_err.obj
 0002:0003f680       _err_reporting_set_level   00498680 f   libsrtp-i386-win32-vc8-debug:srtp_err.obj
 0002:0003f6a0       _aes_icm_alloc_ismacryp    004986a0 f   libsrtp-i386-win32-vc8-debug:aes_icm.obj
 0002:0003f770       _aes_icm_alloc             00498770 f   libsrtp-i386-win32-vc8-debug:aes_icm.obj
 0002:0003f7a0       _aes_icm_dealloc           004987a0 f   libsrtp-i386-win32-vc8-debug:aes_icm.obj
 0002:0003f7f0       _aes_icm_context_init      004987f0 f   libsrtp-i386-win32-vc8-debug:aes_icm.obj
 0002:0003f930       _aes_icm_set_octet         00498930 f   libsrtp-i386-win32-vc8-debug:aes_icm.obj
 0002:0003fb00       _aes_icm_set_iv            00498b00 f   libsrtp-i386-win32-vc8-debug:aes_icm.obj
 0002:0003fc00       _aes_icm_encrypt_ismacryp  00498c00 f   libsrtp-i386-win32-vc8-debug:aes_icm.obj
 0002:00040170       _aes_icm_advance_ismacryp  00499170 f i libsrtp-i386-win32-vc8-debug:aes_icm.obj
 0002:000402d0       _aes_icm_encrypt           004992d0 f   libsrtp-i386-win32-vc8-debug:aes_icm.obj
 0002:00040300       _aes_icm_output            00499300 f   libsrtp-i386-win32-vc8-debug:aes_icm.obj
 0002:00040350       _auth_get_key_length       00499350 f   libsrtp-i386-win32-vc8-debug:auth.obj
 0002:00040370       _auth_get_tag_length       00499370 f   libsrtp-i386-win32-vc8-debug:auth.obj
 0002:00040390       _auth_get_prefix_length    00499390 f   libsrtp-i386-win32-vc8-debug:auth.obj
 0002:000403b0       _auth_type_get_ref_count   004993b0 f   libsrtp-i386-win32-vc8-debug:auth.obj
 0002:000403d0       _auth_type_self_test       004993d0 f   libsrtp-i386-win32-vc8-debug:auth.obj
 0002:000407b0       _cipher_output             004997b0 f   libsrtp-i386-win32-vc8-debug:cipher.obj
 0002:00040800       _cipher_get_key_length     00499800 f   libsrtp-i386-win32-vc8-debug:cipher.obj
 0002:00040820       _cipher_type_self_test     00499820 f   libsrtp-i386-win32-vc8-debug:cipher.obj
 0002:00041740       _cipher_bits_per_second    0049a740 f   libsrtp-i386-win32-vc8-debug:cipher.obj
 0002:000418d0       _hmac_alloc                0049a8d0 f   libsrtp-i386-win32-vc8-debug:hmac.obj
 0002:000419f0       _hmac_dealloc              0049a9f0 f   libsrtp-i386-win32-vc8-debug:hmac.obj
 0002:00041a40       _hmac_init                 0049aa40 f   libsrtp-i386-win32-vc8-debug:hmac.obj
 0002:00041ba0       _hmac_start                0049aba0 f   libsrtp-i386-win32-vc8-debug:hmac.obj
 0002:00041be0       _hmac_update               0049abe0 f   libsrtp-i386-win32-vc8-debug:hmac.obj
 0002:00041c50       _hmac_compute              0049ac50 f   libsrtp-i386-win32-vc8-debug:hmac.obj
 0002:00041dc0       _null_auth_alloc           0049adc0 f   libsrtp-i386-win32-vc8-debug:null_auth.obj
 0002:00041ec0       _null_auth_dealloc         0049aec0 f   libsrtp-i386-win32-vc8-debug:null_auth.obj
 0002:00041f10       _null_auth_init            0049af10 f   libsrtp-i386-win32-vc8-debug:null_auth.obj
 0002:00041f30       _null_auth_compute         0049af30 f   libsrtp-i386-win32-vc8-debug:null_auth.obj
 0002:00041f50       _null_auth_update          0049af50 f   libsrtp-i386-win32-vc8-debug:null_auth.obj
 0002:00041f70       _null_auth_start           0049af70 f   libsrtp-i386-win32-vc8-debug:null_auth.obj
 0002:00041f90       _aes_cbc_alloc             0049af90 f   libsrtp-i386-win32-vc8-debug:aes_cbc.obj
 0002:00042060       _aes_cbc_dealloc           0049b060 f   libsrtp-i386-win32-vc8-debug:aes_cbc.obj
 0002:000420b0       _aes_cbc_context_init      0049b0b0 f   libsrtp-i386-win32-vc8-debug:aes_cbc.obj
 0002:00042180       _aes_cbc_set_iv            0049b180 f   libsrtp-i386-win32-vc8-debug:aes_cbc.obj
 0002:00042220       _aes_cbc_encrypt           0049b220 f   libsrtp-i386-win32-vc8-debug:aes_cbc.obj
 0002:000423d0       _aes_cbc_decrypt           0049b3d0 f   libsrtp-i386-win32-vc8-debug:aes_cbc.obj
 0002:000425e0       _aes_cbc_nist_encrypt      0049b5e0 f   libsrtp-i386-win32-vc8-debug:aes_cbc.obj
 0002:000426b0       _aes_cbc_nist_decrypt      0049b6b0 f   libsrtp-i386-win32-vc8-debug:aes_cbc.obj
 0002:00042750       _null_cipher_alloc         0049b750 f   libsrtp-i386-win32-vc8-debug:null_cipher.obj
 0002:00042800       _null_cipher_dealloc       0049b800 f   libsrtp-i386-win32-vc8-debug:null_cipher.obj
 0002:00042850       _null_cipher_init          0049b850 f   libsrtp-i386-win32-vc8-debug:null_cipher.obj
 0002:00042890       _null_cipher_set_iv        0049b890 f   libsrtp-i386-win32-vc8-debug:null_cipher.obj
 0002:000428b0       _null_cipher_encrypt       0049b8b0 f   libsrtp-i386-win32-vc8-debug:null_cipher.obj
 0002:000428d0       _ctr_prng_init             0049b8d0 f   libsrtp-i386-win32-vc8-debug:ctr_prng.obj
 0002:00042960       _ctr_prng_get_octet_string 0049b960 f   libsrtp-i386-win32-vc8-debug:ctr_prng.obj
 0002:000429f0       _ctr_prng_deinit           0049b9f0 f   libsrtp-i386-win32-vc8-debug:ctr_prng.obj
 0002:00042a10       _stat_test_monobit         0049ba10 f   libsrtp-i386-win32-vc8-debug:stat.obj
 0002:00042ad0       _stat_test_poker           0049bad0 f   libsrtp-i386-win32-vc8-debug:stat.obj
 0002:00042cc0       _stat_test_runs            0049bcc0 f   libsrtp-i386-win32-vc8-debug:stat.obj
 0002:00043150       _stat_test_rand_source     0049c150 f   libsrtp-i386-win32-vc8-debug:stat.obj
 0002:00043940       _stat_test_rand_source_with_repetition 0049c940 f   libsrtp-i386-win32-vc8-debug:stat.obj
 0002:000439d0       _rand_source_init          0049c9d0 f   libsrtp-i386-win32-vc8-debug:rand_source.obj
 0002:00043a10       _rand_source_get_octet_string 0049ca10 f   libsrtp-i386-win32-vc8-debug:rand_source.obj
 0002:00043a70       _rand_source_deinit        0049ca70 f   libsrtp-i386-win32-vc8-debug:rand_source.obj
 0002:00043aa0       _aes_expand_encryption_key 0049caa0 f   libsrtp-i386-win32-vc8-debug:aes.obj
 0002:00043ce0       _aes_expand_decryption_key 0049cce0 f   libsrtp-i386-win32-vc8-debug:aes.obj
 0002:00044150       _aes_encrypt               0049d150 f   libsrtp-i386-win32-vc8-debug:aes.obj
 0002:00044620       _aes_decrypt               0049d620 f   libsrtp-i386-win32-vc8-debug:aes.obj
 0002:00044af0       _sha1                      0049daf0 f   libsrtp-i386-win32-vc8-debug:sha1.obj
 0002:00044b50       _sha1_core                 0049db50 f   libsrtp-i386-win32-vc8-debug:sha1.obj
 0002:00045660       _sha1_init                 0049e660 f   libsrtp-i386-win32-vc8-debug:sha1.obj
 0002:000456d0       _sha1_update               0049e6d0 f   libsrtp-i386-win32-vc8-debug:sha1.obj
 0002:00045860       _sha1_final                0049e860 f   libsrtp-i386-win32-vc8-debug:sha1.obj
 0002:00046346       _CoCreateGuid@4            0049f346 f   ole32:ole32.dll
 0002:0004634c       _WSAGetLastError@0         0049f34c f   ws2_32:WS2_32.dll
 0002:00046352       _WSAStartup@8              0049f352 f   ws2_32:WS2_32.dll
 0002:00046358       _WSACleanup@0              0049f358 f   ws2_32:WS2_32.dll
 0002:0004635e       _ioctlsocket@12            0049f35e f   ws2_32:WS2_32.dll
 0002:00046364       _ntohs@4                   0049f364 f   ws2_32:WS2_32.dll
 0002:0004636a       _htons@4                   0049f36a f   ws2_32:WS2_32.dll
 0002:00046370       _ntohl@4                   0049f370 f   ws2_32:WS2_32.dll
 0002:00046376       _htonl@4                   0049f376 f   ws2_32:WS2_32.dll
 0002:0004637c       _inet_ntoa@4               0049f37c f   ws2_32:WS2_32.dll
 0002:00046382       _inet_addr@4               0049f382 f   ws2_32:WS2_32.dll
 0002:00046388       _WSAStringToAddressA@20    0049f388 f   ws2_32:WS2_32.dll
 0002:0004638e       _WSAAddressToStringA@20    0049f38e f   ws2_32:WS2_32.dll
 0002:00046394       _gethostname@8             0049f394 f   ws2_32:WS2_32.dll
 0002:0004639a       _WSASocketA@24             0049f39a f   ws2_32:WS2_32.dll
 0002:000463a0       _bind@12                   0049f3a0 f   ws2_32:WS2_32.dll
 0002:000463a6       _closesocket@4             0049f3a6 f   ws2_32:WS2_32.dll
 0002:000463ac       _getpeername@12            0049f3ac f   ws2_32:WS2_32.dll
 0002:000463b2       _getsockname@12            0049f3b2 f   ws2_32:WS2_32.dll
 0002:000463b8       _send@16                   0049f3b8 f   ws2_32:WS2_32.dll
 0002:000463be       _sendto@24                 0049f3be f   ws2_32:WS2_32.dll
 0002:000463c4       _recv@16                   0049f3c4 f   ws2_32:WS2_32.dll
 0002:000463ca       _recvfrom@24               0049f3ca f   ws2_32:WS2_32.dll
 0002:000463d0       _getsockopt@20             0049f3d0 f   ws2_32:WS2_32.dll
 0002:000463d6       _setsockopt@20             0049f3d6 f   ws2_32:WS2_32.dll
 0002:000463dc       _connect@12                0049f3dc f   ws2_32:WS2_32.dll
 0002:000463e2       _shutdown@8                0049f3e2 f   ws2_32:WS2_32.dll
 0002:000463e8       _listen@8                  0049f3e8 f   ws2_32:WS2_32.dll
 0002:000463ee       _accept@12                 0049f3ee f   ws2_32:WS2_32.dll
 0002:000463f4       _WSASetLastError@4         0049f3f4 f   ws2_32:WS2_32.dll
 0002:000463fa       ___WSAFDIsSet@8            0049f3fa f   ws2_32:WS2_32.dll
 0002:00046400       _select@20                 0049f400 f   ws2_32:WS2_32.dll
 0002:00046406       _gethostbyname@4           0049f406 f   ws2_32:WS2_32.dll
 0002:00046410       _fgets                     0049f410 f   LIBCMTD:fgets.obj
 0002:000468d0       ___iob_func                0049f8d0 f   LIBCMTD:_file.obj
 0002:000468e0       ___initstdio               0049f8e0 f   LIBCMTD:_file.obj
 0002:00046a80       ___endstdio                0049fa80 f   LIBCMTD:_file.obj
 0002:00046ac0       __lock_file                0049fac0 f   LIBCMTD:_file.obj
 0002:00046b30       __lock_file2               0049fb30 f   LIBCMTD:_file.obj
 0002:00046b80       __unlock_file              0049fb80 f   LIBCMTD:_file.obj
 0002:00046bf0       __unlock_file2             0049fbf0 f   LIBCMTD:_file.obj
 0002:00046c40       __wassert                  0049fc40 f   LIBCMTD:wassert.obj
 0002:00047d50       __invoke_watson_if_error   004a0d50 f i LIBCMTD:wassert.obj
 0002:00047d90       __invoke_watson_if_oneof   004a0d90 f i LIBCMTD:wassert.obj
 0002:00047e30       _puts                      004a0e30 f   LIBCMTD:puts.obj
 0002:00048210       _atol                      004a1210 f   LIBCMTD:atox.obj
 0002:00048230       __atol_l                   004a1230 f   LIBCMTD:atox.obj
 0002:00048250       _atoi                      004a1250 f   LIBCMTD:atox.obj
 0002:00048270       __atoi_l                   004a1270 f   LIBCMTD:atox.obj
 0002:00048290       __atoi64                   004a1290 f   LIBCMTD:atox.obj
 0002:000482b0       __atoi64_l                 004a12b0 f   LIBCMTD:atox.obj
 0002:000482d0       @__security_check_cookie@4 004a12d0 f   LIBCMTD:secchk.obj
 0002:000482f0       _mainCRTStartup            004a12f0 f   LIBCMTD:crt0.obj
 0002:00048670       __set_osplatform           004a1670 f i LIBCMTD:crt0.obj
 0002:00048680       __set_osver                004a1680 f i LIBCMTD:crt0.obj
 0002:00048690       __set_winver               004a1690 f i LIBCMTD:crt0.obj
 0002:000486a0       __set_winmajor             004a16a0 f i LIBCMTD:crt0.obj
 0002:000486b0       __set_winminor             004a16b0 f i LIBCMTD:crt0.obj
 0002:00048790       __snprintf                 004a1790 f   LIBCMTD:snprintf.obj
 0002:000489a0       __snprintf_l               004a19a0 f   LIBCMTD:snprintf.obj
 0002:000489e0       _memset                    004a19e0 f   LIBCMTD:memset.obj
 0002:00048a80       _sprintf                   004a1a80 f   LIBCMTD:sprintf.obj
 0002:00048c60       __sprintf_l                004a1c60 f   LIBCMTD:sprintf.obj
 0002:00048c90       _sprintf_s                 004a1c90 f   LIBCMTD:sprintf.obj
 0002:00048cd0       __sprintf_s_l              004a1cd0 f   LIBCMTD:sprintf.obj
 0002:00048d10       __snprintf_s               004a1d10 f   LIBCMTD:sprintf.obj
 0002:00048d50       __snprintf_s_l             004a1d50 f   LIBCMTD:sprintf.obj
 0002:00048d90       __sprintf_p                004a1d90 f   LIBCMTD:sprintf.obj
 0002:00048dd0       __sprintf_p_l              004a1dd0 f   LIBCMTD:sprintf.obj
 0002:00048e10       __scprintf                 004a1e10 f   LIBCMTD:sprintf.obj
 0002:00048e40       __scprintf_p               004a1e40 f   LIBCMTD:sprintf.obj
 0002:00048e70       __scprintf_l               004a1e70 f   LIBCMTD:sprintf.obj
 0002:00048ea0       __scprintf_p_l             004a1ea0 f   LIBCMTD:sprintf.obj
 0002:00048ed0       _memcpy                    004a1ed0 f   LIBCMTD:memcpy.obj
 0002:00049310       __alldiv                   004a2310 f   LIBCMTD:lldiv.obj
 0002:000493f0       __stricmp_l                004a23f0 f   LIBCMTD:stricmp.obj
 0002:00049600       ??0_LocaleUpdate@@QAE@PAUlocaleinfo_struct@@@Z 004a2600 f i LIBCMTD:stricmp.obj
 0002:00049710       ??1_LocaleUpdate@@QAE@XZ   004a2710 f i LIBCMTD:stricmp.obj
 0002:00049750       ?GetLocaleT@_LocaleUpdate@@QAEPAUlocaleinfo_struct@@XZ 004a2750 f i LIBCMTD:stricmp.obj
 0002:00049770       ___ascii_stricmp           004a2770 f   LIBCMTD:stricmp.obj
 0002:00049800       __stricmp                  004a2800 f   LIBCMTD:stricmp.obj
 0002:00049950       _strlen                    004a2950 f   LIBCMTD:strlen.obj
 0002:00049a00       __setjmp3                  004a2a00 f   LIBCMTD:setjmp3.obj
 0002:00049aa0       __isalpha_l                004a2aa0 f i LIBCMTD:_ctype.obj
 0002:00049b50       _isalpha                   004a2b50 f i LIBCMTD:_ctype.obj
 0002:00049b90       __isupper_l                004a2b90 f i LIBCMTD:_ctype.obj
 0002:00049c30       _isupper                   004a2c30 f i LIBCMTD:_ctype.obj
 0002:00049c70       __islower_l                004a2c70 f i LIBCMTD:_ctype.obj
 0002:00049d10       _islower                   004a2d10 f i LIBCMTD:_ctype.obj
 0002:00049d50       __isdigit_l                004a2d50 f i LIBCMTD:_ctype.obj
 0002:00049df0       _isdigit                   004a2df0 f i LIBCMTD:_ctype.obj
 0002:00049e30       __isxdigit_l               004a2e30 f i LIBCMTD:_ctype.obj
 0002:00049ee0       _isxdigit                  004a2ee0 f i LIBCMTD:_ctype.obj
 0002:00049f20       __isspace_l                004a2f20 f i LIBCMTD:_ctype.obj
 0002:00049fc0       _isspace                   004a2fc0 f i LIBCMTD:_ctype.obj
 0002:0004a000       __ispunct_l                004a3000 f i LIBCMTD:_ctype.obj
 0002:0004a0a0       _ispunct                   004a30a0 f i LIBCMTD:_ctype.obj
 0002:0004a0e0       __isalnum_l                004a30e0 f i LIBCMTD:_ctype.obj
 0002:0004a190       _isalnum                   004a3190 f i LIBCMTD:_ctype.obj
 0002:0004a1d0       __isprint_l                004a31d0 f i LIBCMTD:_ctype.obj
 0002:0004a280       _isprint                   004a3280 f i LIBCMTD:_ctype.obj
 0002:0004a2c0       __isgraph_l                004a32c0 f i LIBCMTD:_ctype.obj
 0002:0004a370       _isgraph                   004a3370 f i LIBCMTD:_ctype.obj
 0002:0004a3b0       __iscntrl_l                004a33b0 f i LIBCMTD:_ctype.obj
 0002:0004a450       _iscntrl                   004a3450 f i LIBCMTD:_ctype.obj
 0002:0004a490       ___isascii                 004a3490 f i LIBCMTD:_ctype.obj
 0002:0004a4b0       ___toascii                 004a34b0 f i LIBCMTD:_ctype.obj
 0002:0004a4c0       __iscsymf_l                004a34c0 f i LIBCMTD:_ctype.obj
 0002:0004a510       ___iscsymf                 004a3510 f i LIBCMTD:_ctype.obj
 0002:0004a550       __iscsym_l                 004a3550 f i LIBCMTD:_ctype.obj
 0002:0004a5a0       ___iscsym                  004a35a0 f i LIBCMTD:_ctype.obj
 0002:0004a5f0       __fpmath                   004a35f0 f   LIBCMTD:fpinit.obj
 0002:0004a620       __fpclear                  004a3620 f   LIBCMTD:fpinit.obj
 0002:0004a630       __cfltcvt_init             004a3630 f   LIBCMTD:fpinit.obj
 0002:0004a6c0       ___setfflag                004a36c0 f   LIBCMTD:fpinit.obj
 0002:0004a6f0       __ftol2_sse                004a36f0 f   LIBCMTD:ftol2.obj
 0002:0004a6f9       __ftol2_pentium4           004a36f9 f   LIBCMTD:ftol2.obj
 0002:0004a70c       __ftol2_sse_excpt          004a370c f   LIBCMTD:ftol2.obj
 0002:0004a726       __ftol2                    004a3726 f   LIBCMTD:ftol2.obj
 0002:0004a7d0       _strncpy                   004a37d0 f   LIBCMTD:strncpy.obj
 0002:0004a940       _memmove                   004a3940 f   LIBCMTD:memmove.obj
 0002:0004ad80       _strtok                    004a3d80 f   LIBCMTD:strtok.obj
 0002:0004af20       _cos                       004a3f20 f   LIBCMTD:cos.obj
 0002:0004af60       __CIcos                    004a3f60 f   LIBCMTD:cos.obj
 0002:0004af9b       __CIcos_default            004a3f9b f   LIBCMTD:cos.obj
 0002:0004afaf       __cos_default              004a3faf     LIBCMTD:cos.obj
 0002:0004b0a0       _strncmp                   004a40a0 f   LIBCMTD:strncmp.obj
 0002:0004b270       _strcmp                    004a4270 f   LIBCMTD:strcmp.obj
 0002:0004b330       _strchr                    004a4330 f   LIBCMTD:strchr.obj
 0002:0004b336       ___from_strstr_to_strchr   004a4336     LIBCMTD:strchr.obj
 0002:0004b430       _memchr                    004a4430 f   LIBCMTD:memchr.obj
 0002:0004b510       __strnicmp_l               004a4510 f   LIBCMTD:strnicmp.obj
 0002:0004b7e0       __strnicmp                 004a47e0 f   LIBCMTD:strnicmp.obj
 0002:0004b9d0       _fmod                      004a49d0 f   LIBCMTD:87fmod.obj
 0002:0004b9da       __CIfmod                   004a49da f   LIBCMTD:87fmod.obj
 0002:0004ba10       __vsnprintf_l              004a4a10 f   LIBCMTD:vsnprint.obj
 0002:0004bc20       __vsnprintf                004a4c20 f   LIBCMTD:vsnprint.obj
 0002:0004bc50       _strcpy                    004a4c50 f   LIBCMTD:strcat.obj
 0002:0004bc60       _strcat                    004a4c60 f   LIBCMTD:strcat.obj
 0002:0004bd90       __chkstk                   004a4d90 f   LIBCMTD:chkstk.obj
 0002:0004bd90       __alloca_probe             004a4d90     LIBCMTD:chkstk.obj
 0002:0004bdd0       _malloc                    004a4dd0 f   LIBCMTD:dbgheap.obj
 0002:0004be00       __malloc_dbg               004a4e00 f   LIBCMTD:dbgheap.obj
 0002:0004be40       __nh_malloc                004a4e40 f   LIBCMTD:dbgheap.obj
 0002:0004be70       __nh_malloc_dbg            004a4e70 f   LIBCMTD:dbgheap.obj
 0002:0004bef0       __heap_alloc               004a4ef0 f   LIBCMTD:dbgheap.obj
 0002:0004bf10       __heap_alloc_dbg           004a4f10 f   LIBCMTD:dbgheap.obj
 0002:0004c390       _calloc                    004a5390 f   LIBCMTD:dbgheap.obj
 0002:0004c3c0       __calloc_dbg               004a53c0 f   LIBCMTD:dbgheap.obj
 0002:0004c4b0       _realloc                   004a54b0 f   LIBCMTD:dbgheap.obj
 0002:0004c4e0       __recalloc                 004a54e0 f   LIBCMTD:dbgheap.obj
 0002:0004c520       __realloc_dbg              004a5520 f   LIBCMTD:dbgheap.obj
 0002:0004cce0       __recalloc_dbg             004a5ce0 f   LIBCMTD:dbgheap.obj
 0002:0004ce20       __expand                   004a5e20 f   LIBCMTD:dbgheap.obj
 0002:0004ce50       __expand_dbg               004a5e50 f   LIBCMTD:dbgheap.obj
 0002:0004cfa0       _free                      004a5fa0 f   LIBCMTD:dbgheap.obj
 0002:0004cfc0       __free_nolock              004a5fc0 f   LIBCMTD:dbgheap.obj
 0002:0004cfe0       __free_dbg                 004a5fe0 f   LIBCMTD:dbgheap.obj
 0002:0004d080       __free_dbg_nolock          004a6080 f   LIBCMTD:dbgheap.obj
 0002:0004d690       __msize                    004a6690 f   LIBCMTD:dbgheap.obj
 0002:0004d6b0       __msize_dbg                004a66b0 f   LIBCMTD:dbgheap.obj
 0002:0004d910       __CrtSetBreakAlloc         004a6910 f   LIBCMTD:dbgheap.obj
 0002:0004d940       __CrtSetDbgBlockType       004a6940 f   LIBCMTD:dbgheap.obj
 0002:0004da60       __CrtSetAllocHook          004a6a60 f   LIBCMTD:dbgheap.obj
 0002:0004da90       __CrtGetAllocHook          004a6a90 f   LIBCMTD:dbgheap.obj
 0002:0004db00       __CrtCheckMemory           004a6b00 f   LIBCMTD:dbgheap.obj
 0002:0004e070       __CrtSetDbgFlag            004a7070 f   LIBCMTD:dbgheap.obj
 0002:0004e210       __CrtDoForAllClientObjects 004a7210 f   LIBCMTD:dbgheap.obj
 0002:0004e370       __CrtIsValidPointer        004a7370 f   LIBCMTD:dbgheap.obj
[...]
 0004:00007f90       ___locale_changed          00548f90     LIBCMTD:setlocal.obj
 0004:00007f94       ___lc_handle               00548f94     LIBCMTD:nlsdata2.obj
 0004:00007fac       ___lc_codepage             00548fac     LIBCMTD:nlsdata2.obj
 0004:00007fb0       ___lc_collate_cp           00548fb0     LIBCMTD:nlsdata2.obj
 0004:00007fbc       __newmode                  00548fbc     LIBCMTD:_newmode.obj
 0004:00007fc0       ?_pnhHeap@@3P6AHI@ZA       00548fc0     LIBCMTD:handler.obj
 0004:00007fc4       ___sbh_pHeaderDefer        00548fc4     LIBCMTD:sbheap.obj
 0004:00007fcc       ?__pInconsistency@@3P6AXXZA 00548fcc     LIBCMTD:hooks.obj
 0004:00007fdc       ___pPurecall               00548fdc     LIBCMTD:inithelp.obj
 0004:00008008       ___lconv_static_null       00549008     LIBCMTD:lconv.obj
 0004:0000800c       __outputformat             0054900c     LIBCMTD:outputformat.obj
 0004:00008018       ?wsprintffp@@3P6AHPADPBDZZA 00549018     LIBCMTD:error.obj
 0004:00008138       ?pArgList@UnDecorator@@0PAVReplicator@@A 00549138     LIBCMTD:undname.obj
 0004:0000813c       ?pZNameList@UnDecorator@@0PAVReplicator@@A 0054913c     LIBCMTD:undname.obj
 0004:00008140       ?pTemplateArgList@UnDecorator@@0PAVReplicator@@A 00549140     LIBCMTD:undname.obj
 0004:00008144       ?gName@UnDecorator@@0PBDB  00549144     LIBCMTD:undname.obj
 0004:00008148       ?name@UnDecorator@@0PBDB   00549148     LIBCMTD:undname.obj
 0004:0000814c       ?outputString@UnDecorator@@0PADA 0054914c     LIBCMTD:undname.obj
 0004:00008150       ?maxStringLength@UnDecorator@@0HA 00549150     LIBCMTD:undname.obj
 0004:00008154       ?disableFlags@UnDecorator@@0KA 00549154     LIBCMTD:undname.obj
 0004:00008158       ?m_pGetParameter@UnDecorator@@0P6APADJ@ZA 00549158     LIBCMTD:undname.obj
 0004:0000815c       ?fExplicitTemplateParams@UnDecorator@@0_NA 0054915c     LIBCMTD:undname.obj
 0004:0000815d       ?fGetTemplateArgumentList@UnDecorator@@0_NA 0054915d     LIBCMTD:undname.obj
 0004:000087c0       _stack_based_factory       005497c0     <common>
 0004:000087f4       _PJ_NO_MEMORY_EXCEPTION    005497f4     <common>
 0004:00008800       _ctr_prng                  00549800     <common>
 0004:00008940       _bit_string                00549940     <common>
 0004:00008e14       __pfnReportHook            00549e14     <common>
 0004:00008e24       __pReportHookListW         00549e24     <common>
 0004:00008e28       __pReportHookList          00549e28     <common>
 0004:00008e2c       __pmatherr                 00549e2c     <common>
 0004:00008e38       ___sbh_initialized         00549e38     <common>
 0004:00008e4c       ___sbh_cntHeaderList       00549e4c     <common>
 0004:00008e50       ___sbh_pHeaderList         00549e50     <common>
 0004:00008e54       ___sbh_threshold           00549e54     <common>
 0004:00008e58       ___sbh_pHeaderScan         00549e58     <common>
 0004:00008e5c       ___sbh_sizeHeaderList      00549e5c     <common>
 0004:00008e60       ___sbh_indGroupDefer       00549e60     <common>
 0004:00008e64       __debugger_hook_dummy      00549e64     <common>
 0004:00008e70       ___setlc_active            00549e70     <common>
 0004:00008e80       ___unguarded_readlc_active 00549e80     <common>
 0004:00008e84       ___use_sse2_mathfcns       00549e84     <common>
 0004:00008e94       ___sse2_available          00549e94     <common>
 0004:00008e98       ___active_heap             00549e98     <common>
 0004:00008ea4       __nhandle                  00549ea4     <common>
 0004:00008f00       ___pioinfo                 00549f00     <common>
 0004:00009000       ___env_initialized         0054a000     <common>
 0004:00009010       ___onexitend               0054a010     <common>
 0004:00009014       ___onexitbegin             0054a014     <common>
 0004:00009018       ___mbctype_initialized     0054a018     <common>
 0004:0000901c       ___dyn_tls_init_callback   0054a01c     <common>
 0004:00009020       __setjmpexused             0054a020     <common>
 0004:0000902c       __acmdln                   0054a02c     <common>
 0004:00009038       ___piob                    0054a038     <common>
 0004:00009380       __bufin                    0054a380     <common>
 0004:0000a380       __nstream                  0054b380     <common>
 0005:00000000       __IMPORT_DESCRIPTOR_ole32  0054c000     ole32:ole32.dll
 0005:00000014       __IMPORT_DESCRIPTOR_WS2_32 0054c014     ws2_32:WS2_32.dll
 0005:00000028       __IMPORT_DESCRIPTOR_KERNEL32 0054c028     kernel32:KERNEL32.dll
 0005:0000003c       __IMPORT_DESCRIPTOR_WINMM  0054c03c     winmm:WINMM.dll
 0005:00000050       __NULL_IMPORT_DESCRIPTOR   0054c050     ole32:ole32.dll
 0005:00000464       __imp__GetCommandLineA@0   0054c464     kernel32:KERNEL32.dll
 0005:00000468       __imp__GetLocaleInfoW@16   0054c468     kernel32:KERNEL32.dll
 0005:0000046c       __imp__GetUserDefaultLCID@0 0054c46c     kernel32:KERNEL32.dll
 0005:00000470       __imp__EnumSystemLocalesA@8 0054c470     kernel32:KERNEL32.dll
 0005:00000474       __imp__IsValidLocale@8     0054c474     kernel32:KERNEL32.dll
 0005:00000478       __imp__GetLocaleInfoA@16   0054c478     kernel32:KERNEL32.dll
 0005:0000047c       __imp__GetDateFormatA@24   0054c47c     kernel32:KERNEL32.dll
 0005:00000480       __imp__GetTimeFormatA@24   0054c480     kernel32:KERNEL32.dll
 0005:00000484       __imp__GetStringTypeW@16   0054c484     kernel32:KERNEL32.dll
 0005:00000488       __imp__GetStringTypeA@20   0054c488     kernel32:KERNEL32.dll
 0005:0000048c       __imp__LCMapStringW@24     0054c48c     kernel32:KERNEL32.dll
 0005:00000490       __imp__LCMapStringA@24     0054c490     kernel32:KERNEL32.dll
 0005:00000494       __imp__GetConsoleMode@8    0054c494     kernel32:KERNEL32.dll
 0005:00000498       __imp__GetConsoleCP@0      0054c498     kernel32:KERNEL32.dll
 0005:0000049c       __imp__OutputDebugStringW@4 0054c49c     kernel32:KERNEL32.dll
 0005:000004a0       __imp__OutputDebugStringA@4 0054c4a0     kernel32:KERNEL32.dll
 0005:000004a4       __imp__DebugBreak@0        0054c4a4     kernel32:KERNEL32.dll
 0005:000004a8       __imp__MultiByteToWideChar@24 0054c4a8     kernel32:KERNEL32.dll
 0005:000004ac       __imp__RaiseException@16   0054c4ac     kernel32:KERNEL32.dll
 0005:000004b0       __imp__VirtualAlloc@16     0054c4b0     kernel32:KERNEL32.dll
 0005:000004b4       __imp__HeapReAlloc@16      0054c4b4     kernel32:KERNEL32.dll
 0005:000004b8       __imp__IsValidCodePage@4   0054c4b8     kernel32:KERNEL32.dll
 0005:000004bc       __imp__GetCPInfo@8         0054c4bc     kernel32:KERNEL32.dll
 0005:000004c0       __imp__GetOEMCP@0          0054c4c0     kernel32:KERNEL32.dll
 0005:000004c4       __imp__GetACP@0            0054c4c4     kernel32:KERNEL32.dll
 0005:000004c8       __imp__WaitForMultipleObjects@16 0054c4c8     kernel32:KERNEL32.dll
 0005:000004cc       __imp__SetEnvironmentVariableA@8 0054c4cc     kernel32:KERNEL32.dll
 0005:000004d0       __imp__CompareStringW@24   0054c4d0     kernel32:KERNEL32.dll
 0005:000004d4       __imp__CompareStringA@24   0054c4d4     kernel32:KERNEL32.dll
 0005:000004d8       __imp__VirtualQuery@12     0054c4d8     kernel32:KERNEL32.dll
 0005:000004dc       __imp__GetTimeZoneInformation@4 0054c4dc     kernel32:KERNEL32.dll
 0005:000004e0       __imp__lstrlenA@4          0054c4e0     kernel32:KERNEL32.dll
 0005:000004e4       __imp__GetConsoleOutputCP@0 0054c4e4     kernel32:KERNEL32.dll
 0005:000004e8       __imp__WriteConsoleA@20    0054c4e8     kernel32:KERNEL32.dll
 0005:000004ec       __imp__GetCurrentProcessId@0 0054c4ec     kernel32:KERNEL32.dll
 0005:000004f0       __imp__GetThreadPriority@4 0054c4f0     kernel32:KERNEL32.dll
 0005:000004f4       __imp__GetLastError@0      0054c4f4     kernel32:KERNEL32.dll
 0005:000004f8       __imp__SetThreadPriority@8 0054c4f8     kernel32:KERNEL32.dll
 0005:000004fc       __imp__GetCurrentThreadId@0 0054c4fc     kernel32:KERNEL32.dll
 0005:00000500       __imp__GetCurrentThread@0  0054c500     kernel32:KERNEL32.dll
 0005:00000504       __imp__CreateThread@24     0054c504     kernel32:KERNEL32.dll
 0005:00000508       __imp__ResumeThread@4      0054c508     kernel32:KERNEL32.dll
 0005:0000050c       __imp__WaitForSingleObject@8 0054c50c     kernel32:KERNEL32.dll
 0005:00000510       __imp__CloseHandle@4       0054c510     kernel32:KERNEL32.dll
 0005:00000514       __imp__Sleep@4             0054c514     kernel32:KERNEL32.dll
 0005:00000518       __imp__InterlockedExchange@8 0054c518     kernel32:KERNEL32.dll
 0005:0000051c       __imp__InterlockedIncrement@4 0054c51c     kernel32:KERNEL32.dll
 0005:00000520       __imp__InterlockedDecrement@4 0054c520     kernel32:KERNEL32.dll
 0005:00000524       __imp__InterlockedExchangeAdd@8 0054c524     kernel32:KERNEL32.dll
 0005:00000528       __imp__TlsAlloc@0          0054c528     kernel32:KERNEL32.dll
 0005:0000052c       __imp__TlsFree@4           0054c52c     kernel32:KERNEL32.dll
 0005:00000530       __imp__TlsSetValue@8       0054c530     kernel32:KERNEL32.dll
 0005:00000534       __imp__TlsGetValue@4       0054c534     kernel32:KERNEL32.dll
 0005:00000538       __imp__InitializeCriticalSection@4 0054c538     kernel32:KERNEL32.dll
 0005:0000053c       __imp__EnterCriticalSection@4 0054c53c     kernel32:KERNEL32.dll
 0005:00000540       __imp__LeaveCriticalSection@4 0054c540     kernel32:KERNEL32.dll
 0005:00000544       __imp__TryEnterCriticalSection@4 0054c544     kernel32:KERNEL32.dll
 0005:00000548       __imp__DeleteCriticalSection@4 0054c548     kernel32:KERNEL32.dll
 0005:0000054c       __imp__CreateSemaphoreA@16 0054c54c     kernel32:KERNEL32.dll
 0005:00000550       __imp__ReleaseSemaphore@12 0054c550     kernel32:KERNEL32.dll
 0005:00000554       __imp__CreateEventA@16     0054c554     kernel32:KERNEL32.dll
 0005:00000558       __imp__SetEvent@4          0054c558     kernel32:KERNEL32.dll
 0005:0000055c       __imp__PulseEvent@4        0054c55c     kernel32:KERNEL32.dll
 0005:00000560       __imp__ResetEvent@4        0054c560     kernel32:KERNEL32.dll
 0005:00000564       __imp__SetConsoleTextAttribute@8 0054c564     kernel32:KERNEL32.dll
 0005:00000568       __imp__GetStdHandle@4      0054c568     kernel32:KERNEL32.dll
 0005:0000056c       __imp__GetConsoleScreenBufferInfo@8 0054c56c     kernel32:KERNEL32.dll
 0005:00000570       __imp__QueryPerformanceCounter@4 0054c570     kernel32:KERNEL32.dll
 0005:00000574       __imp__QueryPerformanceFrequency@4 0054c574     kernel32:KERNEL32.dll
 0005:00000578       __imp__SystemTimeToFileTime@8 0054c578     kernel32:KERNEL32.dll
 0005:0000057c       __imp__GetLocalTime@4      0054c57c     kernel32:KERNEL32.dll
 0005:00000580       __imp__FileTimeToSystemTime@8 0054c580     kernel32:KERNEL32.dll
 0005:00000584       __imp__CreateFileA@28      0054c584     kernel32:KERNEL32.dll
 0005:00000588       __imp__WriteFile@20        0054c588     kernel32:KERNEL32.dll
 0005:0000058c       __imp__ReadFile@20         0054c58c     kernel32:KERNEL32.dll
 0005:00000590       __imp__SetFilePointer@16   0054c590     kernel32:KERNEL32.dll
 0005:00000594       __imp__FlushFileBuffers@4  0054c594     kernel32:KERNEL32.dll
 0005:00000598       __imp__GetFileSize@8       0054c598     kernel32:KERNEL32.dll
 0005:0000059c       __imp__DeleteFileA@4       0054c59c     kernel32:KERNEL32.dll
 0005:000005a0       __imp__MoveFileExA@12      0054c5a0     kernel32:KERNEL32.dll
 0005:000005a4       __imp__GetFileTime@16      0054c5a4     kernel32:KERNEL32.dll
 0005:000005a8       __imp__FileTimeToLocalFileTime@8 0054c5a8     kernel32:KERNEL32.dll
 0005:000005ac       __imp__SetLastError@4      0054c5ac     kernel32:KERNEL32.dll
 0005:000005b0       __imp__FormatMessageA@28   0054c5b0     kernel32:KERNEL32.dll
 0005:000005b4       __imp__GetProcAddress@8    0054c5b4     kernel32:KERNEL32.dll
 0005:000005b8       __imp__LoadLibraryA@4      0054c5b8     kernel32:KERNEL32.dll
 0005:000005bc       __imp__FreeLibrary@4       0054c5bc     kernel32:KERNEL32.dll
 0005:000005c0       __imp__GetModuleFileNameW@12 0054c5c0     kernel32:KERNEL32.dll
 0005:000005c4       __imp__WriteConsoleW@20    0054c5c4     kernel32:KERNEL32.dll
 0005:000005c8       __imp__GetFileType@4       0054c5c8     kernel32:KERNEL32.dll
 0005:000005cc       __imp__VirtualFree@12      0054c5cc     kernel32:KERNEL32.dll
 0005:000005d0       __imp__HeapFree@12         0054c5d0     kernel32:KERNEL32.dll
 0005:000005d4       __imp__GetVersionExA@4     0054c5d4     kernel32:KERNEL32.dll
 0005:000005d8       __imp__HeapAlloc@12        0054c5d8     kernel32:KERNEL32.dll
 0005:000005dc       __imp__GetProcessHeap@0    0054c5dc     kernel32:KERNEL32.dll
 0005:000005e0       __imp__HeapValidate@12     0054c5e0     kernel32:KERNEL32.dll
 0005:000005e4       __imp__IsBadReadPtr@8      0054c5e4     kernel32:KERNEL32.dll
 0005:000005e8       __imp__RtlUnwind@16        0054c5e8     kernel32:KERNEL32.dll
 0005:000005ec       __imp__GetModuleHandleA@4  0054c5ec     kernel32:KERNEL32.dll
 0005:000005f0       __imp__ExitProcess@4       0054c5f0     kernel32:KERNEL32.dll
 0005:000005f4       __imp__GetSystemTimeAsFileTime@4 0054c5f4     kernel32:KERNEL32.dll
 0005:000005f8       __imp__SetHandleCount@4    0054c5f8     kernel32:KERNEL32.dll
 0005:000005fc       __imp__GetStartupInfoA@4   0054c5fc     kernel32:KERNEL32.dll
 0005:00000600       __imp__TerminateProcess@8  0054c600     kernel32:KERNEL32.dll
 0005:00000604       __imp__GetCurrentProcess@0 0054c604     kernel32:KERNEL32.dll
 0005:00000608       __imp__UnhandledExceptionFilter@4 0054c608     kernel32:KERNEL32.dll
 0005:0000060c       __imp__SetUnhandledExceptionFilter@4 0054c60c     kernel32:KERNEL32.dll
 0005:00000610       __imp__IsDebuggerPresent@0 0054c610     kernel32:KERNEL32.dll
 0005:00000614       __imp__FatalAppExitA@8     0054c614     kernel32:KERNEL32.dll
 0005:00000618       __imp__SetConsoleCtrlHandler@8 0054c618     kernel32:KERNEL32.dll
 0005:0000061c       __imp__LoadLibraryW@4      0054c61c     kernel32:KERNEL32.dll
 0005:00000620       __imp__GetModuleFileNameA@12 0054c620     kernel32:KERNEL32.dll
 0005:00000624       __imp__WideCharToMultiByte@32 0054c624     kernel32:KERNEL32.dll
 0005:00000628       __imp__GetTickCount@0      0054c628     kernel32:KERNEL32.dll
 0005:0000062c       __imp__FreeEnvironmentStringsA@4 0054c62c     kernel32:KERNEL32.dll
 0005:00000630       __imp__GetEnvironmentStrings@0 0054c630     kernel32:KERNEL32.dll
 0005:00000634       __imp__FreeEnvironmentStringsW@4 0054c634     kernel32:KERNEL32.dll
 0005:00000638       __imp__GetEnvironmentStringsW@0 0054c638     kernel32:KERNEL32.dll
 0005:0000063c       __imp__HeapDestroy@4       0054c63c     kernel32:KERNEL32.dll
 0005:00000640       __imp__HeapCreate@12       0054c640     kernel32:KERNEL32.dll
 0005:00000644       __imp__SetStdHandle@8      0054c644     kernel32:KERNEL32.dll
 0005:00000648       \177KERNEL32_NULL_THUNK_DATA 0054c648     kernel32:KERNEL32.dll
 0005:000006d4       __imp__waveOutGetDevCapsA@12 0054c6d4     winmm:WINMM.dll
 0005:000006d8       __imp__waveInGetDevCapsA@12 0054c6d8     winmm:WINMM.dll
 0005:000006dc       __imp__waveOutGetNumDevs@0 0054c6dc     winmm:WINMM.dll
 0005:000006e0       __imp__waveInGetNumDevs@0  0054c6e0     winmm:WINMM.dll
 0005:000006e4       __imp__waveOutWrite@12     0054c6e4     winmm:WINMM.dll
 0005:000006e8       __imp__waveOutPrepareHeader@12 0054c6e8     winmm:WINMM.dll
 0005:000006ec       __imp__waveOutPause@4      0054c6ec     winmm:WINMM.dll
 0005:000006f0       __imp__waveOutOpen@24      0054c6f0     winmm:WINMM.dll
 0005:000006f4       __imp__waveInAddBuffer@12  0054c6f4     winmm:WINMM.dll
 0005:000006f8       __imp__waveInPrepareHeader@12 0054c6f8     winmm:WINMM.dll
 0005:000006fc       __imp__waveInOpen@24       0054c6fc     winmm:WINMM.dll
 0005:00000700       __imp__waveOutGetVolume@8  0054c700     winmm:WINMM.dll
 0005:00000704       __imp__waveOutSetVolume@8  0054c704     winmm:WINMM.dll
 0005:00000708       __imp__waveInStart@4       0054c708     winmm:WINMM.dll
 0005:0000070c       __imp__waveOutRestart@4    0054c70c     winmm:WINMM.dll
 0005:00000710       __imp__waveInStop@4        0054c710     winmm:WINMM.dll
 0005:00000714       __imp__waveInClose@4       0054c714     winmm:WINMM.dll
 0005:00000718       __imp__waveInUnprepareHeader@12 0054c718     winmm:WINMM.dll
 0005:0000071c       __imp__waveInReset@4       0054c71c     winmm:WINMM.dll
 0005:00000720       __imp__waveOutClose@4      0054c720     winmm:WINMM.dll
 0005:00000724       __imp__waveOutUnprepareHeader@12 0054c724     winmm:WINMM.dll
 0005:00000728       __imp__waveOutReset@4      0054c728     winmm:WINMM.dll
 0005:0000072c       __imp__waveOutGetErrorTextA@12 0054c72c     winmm:WINMM.dll
 0005:00000730       __imp__waveInGetErrorTextA@12 0054c730     winmm:WINMM.dll
 0005:00000734       \177WINMM_NULL_THUNK_DATA  0054c734     winmm:WINMM.dll
 0005:00000770       __imp__gethostbyname@4     0054c770     ws2_32:WS2_32.dll
 0005:00000774       __imp__select@20           0054c774     ws2_32:WS2_32.dll
 0005:00000778       __imp____WSAFDIsSet@8      0054c778     ws2_32:WS2_32.dll
 0005:0000077c       __imp__WSASetLastError@4   0054c77c     ws2_32:WS2_32.dll
 0005:00000780       __imp__accept@12           0054c780     ws2_32:WS2_32.dll
 0005:00000784       __imp__listen@8            0054c784     ws2_32:WS2_32.dll
 0005:00000788       __imp__shutdown@8          0054c788     ws2_32:WS2_32.dll
 0005:0000078c       __imp__connect@12          0054c78c     ws2_32:WS2_32.dll
 0005:00000790       __imp__setsockopt@20       0054c790     ws2_32:WS2_32.dll
 0005:00000794       __imp__getsockopt@20       0054c794     ws2_32:WS2_32.dll
 0005:00000798       __imp__recvfrom@24         0054c798     ws2_32:WS2_32.dll
 0005:0000079c       __imp__recv@16             0054c79c     ws2_32:WS2_32.dll
 0005:000007a0       __imp__sendto@24           0054c7a0     ws2_32:WS2_32.dll
 0005:000007a4       __imp__send@16             0054c7a4     ws2_32:WS2_32.dll
 0005:000007a8       __imp__getsockname@12      0054c7a8     ws2_32:WS2_32.dll
 0005:000007ac       __imp__getpeername@12      0054c7ac     ws2_32:WS2_32.dll
 0005:000007b0       __imp__closesocket@4       0054c7b0     ws2_32:WS2_32.dll
 0005:000007b4       __imp__bind@12             0054c7b4     ws2_32:WS2_32.dll
 0005:000007b8       __imp__WSASocketA@24       0054c7b8     ws2_32:WS2_32.dll
 0005:000007bc       __imp__gethostname@8       0054c7bc     ws2_32:WS2_32.dll
 0005:000007c0       __imp__WSAAddressToStringA@20 0054c7c0     ws2_32:WS2_32.dll
 0005:000007c4       __imp__WSAStringToAddressA@20 0054c7c4     ws2_32:WS2_32.dll
 0005:000007c8       __imp__inet_addr@4         0054c7c8     ws2_32:WS2_32.dll
 0005:000007cc       __imp__inet_ntoa@4         0054c7cc     ws2_32:WS2_32.dll
 0005:000007d0       __imp__htonl@4             0054c7d0     ws2_32:WS2_32.dll
 0005:000007d4       __imp__ntohl@4             0054c7d4     ws2_32:WS2_32.dll
 0005:000007d8       __imp__htons@4             0054c7d8     ws2_32:WS2_32.dll
 0005:000007dc       __imp__ntohs@4             0054c7dc     ws2_32:WS2_32.dll
 0005:000007e0       __imp__ioctlsocket@12      0054c7e0     ws2_32:WS2_32.dll
 0005:000007e4       __imp__WSACleanup@0        0054c7e4     ws2_32:WS2_32.dll
 0005:000007e8       __imp__WSAStartup@8        0054c7e8     ws2_32:WS2_32.dll
 0005:000007ec       __imp__WSAGetLastError@0   0054c7ec     ws2_32:WS2_32.dll
 0005:000007f0       \177WS2_32_NULL_THUNK_DATA 0054c7f0     ws2_32:WS2_32.dll
 0005:00000834       __imp__CoCreateGuid@4      0054c834     ole32:ole32.dll
 0005:00000838       \177ole32_NULL_THUNK_DATA  0054c838     ole32:ole32.dll

 entry point at        0002:00000bdb

