 auddemo

 Timestamp is 4c52ac96 (Fri Jul 30 16:12:30 2010)

 Preferred load address is 00400000

 Start         Length     Name                   Class
 0001:00000000 0004038dH .textbss                DATA
 0002:00000000 00084aefH .text                   CODE
 0002:00084af0 00001128H .text$x                 CODE
 0003:00000000 00000104H .CRT$XCA                DATA
 0003:00000104 00000104H .CRT$XCZ                DATA
 0003:00000208 00000104H .CRT$XIA                DATA
 0003:0000030c 00000118H .CRT$XIC                DATA
 0003:00000424 00000104H .CRT$XIY                DATA
 0003:00000528 00000104H .CRT$XIZ                DATA
 0003:0000062c 00000104H .CRT$XPA                DATA
 0003:00000730 00000109H .CRT$XPX                DATA
 0003:0000083c 00000104H .CRT$XPXA               DATA
 0003:00000940 00000104H .CRT$XPZ                DATA
 0003:00000a44 00000104H .CRT$XTA                DATA
 0003:00000b48 00000104H .CRT$XTZ                DATA
 0003:00000c50 0001fe13H .rdata                  DATA
 0003:00020a64 0000017bH .rdata$debug            DATA
 0003:00020be0 00000504H .rdata$r                DATA
 0003:000210e4 00000104H .rtc$IAA                DATA
 0003:000211e8 00000104H .rtc$IZZ                DATA
 0003:000212ec 00000104H .rtc$TAA                DATA
 0003:000213f0 00000104H .rtc$TZZ                DATA
 0003:000214f8 00001121H .xdata$x                DATA
 0003:00022619 00000000H .edata                  DATA
 0004:00000000 000037a5H .data                   DATA
 0004:000037c0 00002e24H .bss                    DATA
 0005:00000000 00000050H .idata$2                DATA
 0005:00000050 00000014H .idata$3                DATA
 0005:00000064 000003fcH .idata$4                DATA
 0005:00000460 000003fcH .idata$5                DATA
 0005:0000085c 00000d1bH .idata$6                DATA

  Address         Publics by Value              Rva+Base       Lib:Object

 0000:00000000       ___safe_se_handler_table   00000000     <absolute>
 0000:00000000       ___safe_se_handler_count   00000000     <absolute>
 0000:00000000       __except_list              00000000     <absolute>
 0000:00000000       ___ImageBase               00400000     <linker-defined>
 0001:00000000       __enc$textbss$begin        00401000     <linker-defined>
 0001:0004038d       __enc$textbss$end          0044138d     <linker-defined>
 0002:00003c80       _main                      00445c80 f   auddemo.obj
 0002:00005440       _pjmedia_aud_dev_cap_name  00447440 f   pjmedia-audiodev-i386-win32-vc8-debug:audiodev.obj
 0002:000054e0       _pjmedia_aud_param_set_cap 004474e0 f   pjmedia-audiodev-i386-win32-vc8-debug:audiodev.obj
 0002:00005890       _pjmedia_aud_param_get_cap 00447890 f   pjmedia-audiodev-i386-win32-vc8-debug:audiodev.obj
 0002:00005950       _pjmedia_aud_subsys_init   00447950 f   pjmedia-audiodev-i386-win32-vc8-debug:audiodev.obj
 0002:00005e20       _pjmedia_aud_register_factory 00447e20 f   pjmedia-audiodev-i386-win32-vc8-debug:audiodev.obj
 0002:00005eb0       _pjmedia_aud_unregister_factory 00447eb0 f   pjmedia-audiodev-i386-win32-vc8-debug:audiodev.obj
 0002:00005fa0       _pjmedia_aud_subsys_get_pool_factory 00447fa0 f   pjmedia-audiodev-i386-win32-vc8-debug:audiodev.obj
 0002:00005fc0       _pjmedia_aud_subsys_shutdown 00447fc0 f   pjmedia-audiodev-i386-win32-vc8-debug:audiodev.obj
 0002:00006040       _pjmedia_aud_dev_count     00448040 f   pjmedia-audiodev-i386-win32-vc8-debug:audiodev.obj
 0002:00006060       _pjmedia_aud_dev_get_info  00448060 f   pjmedia-audiodev-i386-win32-vc8-debug:audiodev.obj
 0002:00006430       _pjmedia_aud_dev_lookup    00448430 f   pjmedia-audiodev-i386-win32-vc8-debug:audiodev.obj
 0002:00006660       _pjmedia_aud_dev_default_param 00448660 f   pjmedia-audiodev-i386-win32-vc8-debug:audiodev.obj
 0002:000067a0       _pjmedia_aud_stream_create 004487a0 f   pjmedia-audiodev-i386-win32-vc8-debug:audiodev.obj
 0002:00006aa0       _pjmedia_aud_stream_get_param 00448aa0 f   pjmedia-audiodev-i386-win32-vc8-debug:audiodev.obj
 0002:00006bb0       _pjmedia_aud_stream_get_cap 00448bb0 f   pjmedia-audiodev-i386-win32-vc8-debug:audiodev.obj
 0002:00006bf0       _pjmedia_aud_stream_set_cap 00448bf0 f   pjmedia-audiodev-i386-win32-vc8-debug:audiodev.obj
 0002:00006c30       _pjmedia_aud_stream_start  00448c30 f   pjmedia-audiodev-i386-win32-vc8-debug:audiodev.obj
 0002:00006c60       _pjmedia_aud_stream_stop   00448c60 f   pjmedia-audiodev-i386-win32-vc8-debug:audiodev.obj
 0002:00006c90       _pjmedia_aud_stream_destroy 00448c90 f   pjmedia-audiodev-i386-win32-vc8-debug:audiodev.obj
 0002:00006cc0       _pjmedia_aud_test          00448cc0 f   pjmedia-audiodev-i386-win32-vc8-debug:audiotest.obj
 0002:00007650       _pjmedia_wmme_factory      00449650 f   pjmedia-audiodev-i386-win32-vc8-debug:wmme_dev.obj
 0002:0000a120       _pjmedia_audiodev_strerror 0044c120 f   pjmedia-audiodev-i386-win32-vc8-debug:errno.obj
 0002:0000a390       _pjmedia_port_info_init    0044c390 f   pjmedia-i386-win32-vc8-debug:port.obj
 0002:0000a4a0       _pjmedia_port_get_frame    0044c4a0 f   pjmedia-i386-win32-vc8-debug:port.obj
 0002:0000a540       _pjmedia_port_put_frame    0044c540 f   pjmedia-i386-win32-vc8-debug:port.obj
 0002:0000a5d0       _pjmedia_port_destroy      0044c5d0 f   pjmedia-i386-win32-vc8-debug:port.obj
 0002:0000a660       _pjmedia_wav_writer_port_create 0044c660 f   pjmedia-i386-win32-vc8-debug:wav_writer.obj
 0002:0000ac50       _pjmedia_wav_writer_port_get_pos 0044cc50 f   pjmedia-i386-win32-vc8-debug:wav_writer.obj
 0002:0000ad00       _pjmedia_wav_writer_port_set_cb 0044cd00 f   pjmedia-i386-win32-vc8-debug:wav_writer.obj
 0002:0000b4d0       _pjmedia_wav_player_port_create 0044d4d0 f   pjmedia-i386-win32-vc8-debug:wav_player.obj
 0002:0000bf30       _pjmedia_wav_player_get_len 0044df30 f   pjmedia-i386-win32-vc8-debug:wav_player.obj
 0002:0000c000       _pjmedia_wav_player_port_set_pos 0044e000 f   pjmedia-i386-win32-vc8-debug:wav_player.obj
 0002:0000c1f0       _pjmedia_wav_player_port_get_pos 0044e1f0 f   pjmedia-i386-win32-vc8-debug:wav_player.obj
 0002:0000c310       _pjmedia_wav_player_set_eof_cb 0044e310 f   pjmedia-i386-win32-vc8-debug:wav_player.obj
 0002:0000c9a0       _pjmedia_wave_hdr_file_to_host 0044e9a0 f   pjmedia-i386-win32-vc8-debug:wave.obj
 0002:0000c9f0       _pjmedia_wave_hdr_host_to_file 0044e9f0 f   pjmedia-i386-win32-vc8-debug:wave.obj
 0002:0000ca20       _pj_log_init               0044ea20 f   pjlib-i386-win32-vc8-debug:log.obj
 0002:0000cab0       _pj_log_set_decor          0044eab0 f   pjlib-i386-win32-vc8-debug:log.obj
 0002:0000cad0       _pj_log_get_decor          0044ead0 f   pjlib-i386-win32-vc8-debug:log.obj
 0002:0000caf0       _pj_log_set_color          0044eaf0 f   pjlib-i386-win32-vc8-debug:log.obj
 0002:0000cc20       _pj_log_get_color          0044ec20 f   pjlib-i386-win32-vc8-debug:log.obj
 0002:0000ccc0       _pj_log_set_level          0044ecc0 f   pjlib-i386-win32-vc8-debug:log.obj
 0002:0000cce0       _pj_log_get_level          0044ece0 f   pjlib-i386-win32-vc8-debug:log.obj
 0002:0000cd00       _pj_log_set_log_func       0044ed00 f   pjlib-i386-win32-vc8-debug:log.obj
 0002:0000cd20       _pj_log_get_log_func       0044ed20 f   pjlib-i386-win32-vc8-debug:log.obj
 0002:0000cd40       _pj_log                    0044ed40 f   pjlib-i386-win32-vc8-debug:log.obj
 0002:0000d540       _pj_log_1                  0044f540 f   pjlib-i386-win32-vc8-debug:log.obj
 0002:0000d580       _pj_log_2                  0044f580 f   pjlib-i386-win32-vc8-debug:log.obj
 0002:0000d5c0       _pj_log_3                  0044f5c0 f   pjlib-i386-win32-vc8-debug:log.obj
 0002:0000d600       _pj_log_4                  0044f600 f   pjlib-i386-win32-vc8-debug:log.obj
 0002:0000d640       _pj_log_5                  0044f640 f   pjlib-i386-win32-vc8-debug:log.obj
 0002:0000d680       _pj_init                   0044f680 f   pjlib-i386-win32-vc8-debug:os_core_win32.obj
 0002:0000d880       _pj_atexit                 0044f880 f   pjlib-i386-win32-vc8-debug:os_core_win32.obj
 0002:0000d8d0       _pj_shutdown               0044f8d0 f   pjlib-i386-win32-vc8-debug:os_core_win32.obj
 0002:0000d9e0       _pj_getpid                 0044f9e0 f   pjlib-i386-win32-vc8-debug:os_core_win32.obj
 0002:0000da20       _pj_thread_is_registered   0044fa20 f   pjlib-i386-win32-vc8-debug:os_core_win32.obj
 0002:0000da50       _pj_thread_get_prio        0044fa50 f   pjlib-i386-win32-vc8-debug:os_core_win32.obj
 0002:0000da80       _pj_thread_set_prio        0044fa80 f   pjlib-i386-win32-vc8-debug:os_core_win32.obj
 0002:0000db90       _pj_thread_get_prio_min    0044fb90 f   pjlib-i386-win32-vc8-debug:os_core_win32.obj
 0002:0000dbb0       _pj_thread_get_prio_max    0044fbb0 f   pjlib-i386-win32-vc8-debug:os_core_win32.obj
 0002:0000dbd0       _pj_thread_get_os_handle   0044fbd0 f   pjlib-i386-win32-vc8-debug:os_core_win32.obj
 0002:0000dc30       _pj_thread_register        0044fc30 f   pjlib-i386-win32-vc8-debug:os_core_win32.obj
 0002:0000ddf0       _pj_thread_init            0044fdf0 f   pjlib-i386-win32-vc8-debug:os_core_win32.obj
 0002:0000de50       _pj_thread_create          0044fe50 f   pjlib-i386-win32-vc8-debug:os_core_win32.obj
 0002:0000e170       _pj_thread_get_name        00450170 f   pjlib-i386-win32-vc8-debug:os_core_win32.obj
 0002:0000e1f0       _pj_thread_resume          004501f0 f   pjlib-i386-win32-vc8-debug:os_core_win32.obj
 0002:0000e2d0       _pj_thread_this            004502d0 f   pjlib-i386-win32-vc8-debug:os_core_win32.obj
 0002:0000e340       _pj_thread_join            00450340 f   pjlib-i386-win32-vc8-debug:os_core_win32.obj
 0002:0000e450       _pj_thread_destroy         00450450 f   pjlib-i386-win32-vc8-debug:os_core_win32.obj
 0002:0000e530       _pj_thread_sleep           00450530 f   pjlib-i386-win32-vc8-debug:os_core_win32.obj
 0002:0000e570       _pj_thread_check_stack     00450570 f   pjlib-i386-win32-vc8-debug:os_core_win32.obj
 0002:0000e670       _pj_thread_get_stack_max_usage 00450670 f   pjlib-i386-win32-vc8-debug:os_core_win32.obj
 0002:0000e690       _pj_thread_get_stack_info  00450690 f   pjlib-i386-win32-vc8-debug:os_core_win32.obj
 0002:0000e6f0       _pj_atomic_create          004506f0 f   pjlib-i386-win32-vc8-debug:os_core_win32.obj
 0002:0000e740       _pj_atomic_destroy         00450740 f   pjlib-i386-win32-vc8-debug:os_core_win32.obj
 0002:0000e7a0       _pj_atomic_set             004507a0 f   pjlib-i386-win32-vc8-debug:os_core_win32.obj
 0002:0000e7f0       _pj_atomic_get             004507f0 f   pjlib-i386-win32-vc8-debug:os_core_win32.obj
 0002:0000e860       _pj_atomic_inc_and_get     00450860 f   pjlib-i386-win32-vc8-debug:os_core_win32.obj
 0002:0000e8a0       _pj_atomic_inc             004508a0 f   pjlib-i386-win32-vc8-debug:os_core_win32.obj
 0002:0000e8d0       _pj_atomic_dec_and_get     004508d0 f   pjlib-i386-win32-vc8-debug:os_core_win32.obj
 0002:0000e910       _pj_atomic_dec             00450910 f   pjlib-i386-win32-vc8-debug:os_core_win32.obj
 0002:0000e940       _pj_atomic_add             00450940 f   pjlib-i386-win32-vc8-debug:os_core_win32.obj
 0002:0000e970       _pj_atomic_add_and_get     00450970 f   pjlib-i386-win32-vc8-debug:os_core_win32.obj
 0002:0000e9a0       _pj_thread_local_alloc     004509a0 f   pjlib-i386-win32-vc8-debug:os_core_win32.obj
 0002:0000ea60       _pj_thread_local_free      00450a60 f   pjlib-i386-win32-vc8-debug:os_core_win32.obj
 0002:0000eaa0       _pj_thread_local_set       00450aa0 f   pjlib-i386-win32-vc8-debug:os_core_win32.obj
 0002:0000eb30       _pj_thread_local_get       00450b30 f   pjlib-i386-win32-vc8-debug:os_core_win32.obj
 0002:0000ec20       _pj_mutex_create           00450c20 f   pjlib-i386-win32-vc8-debug:os_core_win32.obj
 0002:0000ece0       _pj_mutex_create_simple    00450ce0 f   pjlib-i386-win32-vc8-debug:os_core_win32.obj
 0002:0000ed10       _pj_mutex_create_recursive 00450d10 f   pjlib-i386-win32-vc8-debug:os_core_win32.obj
 0002:0000ed40       _pj_mutex_lock             00450d40 f   pjlib-i386-win32-vc8-debug:os_core_win32.obj
 0002:0000ee10       _pj_mutex_unlock           00450e10 f   pjlib-i386-win32-vc8-debug:os_core_win32.obj
 0002:0000ef00       _pj_mutex_trylock          00450f00 f   pjlib-i386-win32-vc8-debug:os_core_win32.obj
 0002:0000efe0       _pj_mutex_destroy          00450fe0 f   pjlib-i386-win32-vc8-debug:os_core_win32.obj
 0002:0000f070       _pj_mutex_is_locked        00451070 f   pjlib-i386-win32-vc8-debug:os_core_win32.obj
 0002:0000f0a0       _pj_rwmutex_create         004510a0 f   pjlib-i386-win32-vc8-debug:os_core_win32.obj
 0002:0000f1b0       _pj_rwmutex_lock_read      004511b0 f   pjlib-i386-win32-vc8-debug:os_core_win32.obj
 0002:0000f2e0       _pj_rwmutex_lock_write     004512e0 f   pjlib-i386-win32-vc8-debug:os_core_win32.obj
 0002:0000f350       _pj_rwmutex_unlock_read    00451350 f   pjlib-i386-win32-vc8-debug:os_core_win32.obj
 0002:0000f470       _pj_rwmutex_unlock_write   00451470 f   pjlib-i386-win32-vc8-debug:os_core_win32.obj
 0002:0000f510       _pj_rwmutex_destroy        00451510 f   pjlib-i386-win32-vc8-debug:os_core_win32.obj
 0002:0000f590       _pj_enter_critical_section 00451590 f   pjlib-i386-win32-vc8-debug:os_core_win32.obj
 0002:0000f5c0       _pj_leave_critical_section 004515c0 f   pjlib-i386-win32-vc8-debug:os_core_win32.obj
 0002:0000f5f0       _pj_sem_create             004515f0 f   pjlib-i386-win32-vc8-debug:os_core_win32.obj
 0002:0000f780       _pj_sem_wait               00451780 f   pjlib-i386-win32-vc8-debug:os_core_win32.obj
 0002:0000f930       _pj_sem_trywait            00451930 f   pjlib-i386-win32-vc8-debug:os_core_win32.obj
 0002:0000f9b0       _pj_sem_post               004519b0 f   pjlib-i386-win32-vc8-debug:os_core_win32.obj
 0002:0000faa0       _pj_sem_destroy            00451aa0 f   pjlib-i386-win32-vc8-debug:os_core_win32.obj
 0002:0000fb90       _pj_event_create           00451b90 f   pjlib-i386-win32-vc8-debug:os_core_win32.obj
 0002:0000fd50       _pj_event_wait             00451d50 f   pjlib-i386-win32-vc8-debug:os_core_win32.obj
 0002:0000fef0       _pj_event_trywait          00451ef0 f   pjlib-i386-win32-vc8-debug:os_core_win32.obj
 0002:0000ff60       _pj_event_set              00451f60 f   pjlib-i386-win32-vc8-debug:os_core_win32.obj
 0002:00010050       _pj_event_pulse            00452050 f   pjlib-i386-win32-vc8-debug:os_core_win32.obj
 0002:00010140       _pj_event_reset            00452140 f   pjlib-i386-win32-vc8-debug:os_core_win32.obj
 0002:00010230       _pj_event_destroy          00452230 f   pjlib-i386-win32-vc8-debug:os_core_win32.obj
 0002:00010320       _pj_term_set_color         00452320 f   pjlib-i386-win32-vc8-debug:os_core_win32.obj
 0002:00010470       _pj_term_get_color         00452470 f   pjlib-i386-win32-vc8-debug:os_core_win32.obj
 0002:00010550       _pj_caching_pool_init      00452550 f   pjlib-i386-win32-vc8-debug:pool_caching.obj
 0002:00010730       _pj_caching_pool_destroy   00452730 f   pjlib-i386-win32-vc8-debug:pool_caching.obj
 0002:00011110       _pj_pool_factory_get_default_policy 00453110 f   pjlib-i386-win32-vc8-debug:pool_policy_malloc.obj
 0002:00011130       _pj_register_strerror      00453130 f   pjlib-i386-win32-vc8-debug:errno.obj
 0002:00011330       _pj_errno_clear_handlers   00453330 f   pjlib-i386-win32-vc8-debug:errno.obj
 0002:000113a0       _pj_strerror               004533a0 f   pjlib-i386-win32-vc8-debug:errno.obj
 0002:00011690       _pj_perror                 00453690 f   pjlib-i386-win32-vc8-debug:errno.obj
 0002:00011800       _pj_perror_1               00453800 f   pjlib-i386-win32-vc8-debug:errno.obj
 0002:00011850       _pj_perror_2               00453850 f   pjlib-i386-win32-vc8-debug:errno.obj
 0002:000118a0       _pj_perror_3               004538a0 f   pjlib-i386-win32-vc8-debug:errno.obj
 0002:000118f0       _pj_perror_4               004538f0 f   pjlib-i386-win32-vc8-debug:errno.obj
 0002:00011940       _pj_perror_5               00453940 f   pjlib-i386-win32-vc8-debug:errno.obj
 0002:00011990       _pj_pool_get_capacity      00453990 f   pjlib-i386-win32-vc8-debug:pool.obj
 0002:000119b0       _pj_pool_get_used_size     004539b0 f   pjlib-i386-win32-vc8-debug:pool.obj
 0002:00011a20       _pj_pool_alloc_from_block  00453a20 f   pjlib-i386-win32-vc8-debug:pool.obj
 0002:00011a90       _pj_pool_alloc             00453a90 f   pjlib-i386-win32-vc8-debug:pool.obj
 0002:00011af0       _pj_pool_calloc            00453af0 f   pjlib-i386-win32-vc8-debug:pool.obj
 0002:00011b80       _pj_pool_getobjname        00453b80 f   pjlib-i386-win32-vc8-debug:pool.obj
 0002:00011ba0       _pj_pool_create            00453ba0 f   pjlib-i386-win32-vc8-debug:pool.obj
 0002:00011be0       _pj_pool_release           00453be0 f   pjlib-i386-win32-vc8-debug:pool.obj
 0002:00011c30       _pj_NO_MEMORY_EXCEPTION    00453c30 f   pjlib-i386-win32-vc8-debug:pool.obj
 0002:00011c50       _pj_pool_allocate_find     00453c50 f   pjlib-i386-win32-vc8-debug:pool.obj
 0002:00011f00       _pj_pool_init_int          00453f00 f   pjlib-i386-win32-vc8-debug:pool.obj
 0002:00011fc0       _pj_pool_create_int        00453fc0 f   pjlib-i386-win32-vc8-debug:pool.obj
 0002:00012170       _pj_pool_reset             00454170 f   pjlib-i386-win32-vc8-debug:pool.obj
 0002:00012290       _pj_pool_destroy_int       00454290 f   pjlib-i386-win32-vc8-debug:pool.obj
 0002:00012310       _pj_elapsed_nanosec        00454310 f   pjlib-i386-win32-vc8-debug:os_timestamp_common.obj
 0002:00012400       _pj_elapsed_usec           00454400 f   pjlib-i386-win32-vc8-debug:os_timestamp_common.obj
 0002:000124d0       _pj_elapsed_msec           004544d0 f   pjlib-i386-win32-vc8-debug:os_timestamp_common.obj
 0002:000125a0       _pj_elapsed_msec64         004545a0 f   pjlib-i386-win32-vc8-debug:os_timestamp_common.obj
 0002:000125d0       _pj_elapsed_time           004545d0 f   pjlib-i386-win32-vc8-debug:os_timestamp_common.obj
 0002:00012690       _pj_elapsed_cycle          00454690 f   pjlib-i386-win32-vc8-debug:os_timestamp_common.obj
 0002:000126b0       _pj_get_timestamp          004546b0 f   pjlib-i386-win32-vc8-debug:os_timestamp_win32.obj
 0002:00012740       _pj_get_timestamp_freq     00454740 f   pjlib-i386-win32-vc8-debug:os_timestamp_win32.obj
 0002:000127d0       _pj_get_os_error           004547d0 f   pjlib-i386-win32-vc8-debug:os_error_win32.obj
 0002:00012820       _pj_set_os_error           00454820 f   pjlib-i386-win32-vc8-debug:os_error_win32.obj
 0002:00012870       _pj_get_netos_error        00454870 f   pjlib-i386-win32-vc8-debug:os_error_win32.obj
 0002:000128c0       _pj_set_netos_error        004548c0 f   pjlib-i386-win32-vc8-debug:os_error_win32.obj
 0002:00012910       _platform_strerror         00454910 f   pjlib-i386-win32-vc8-debug:os_error_win32.obj
 0002:00012b40       _pj_str                    00454b40 f   pjlib-i386-win32-vc8-debug:string.obj
 0002:00012b90       _pj_strdup                 00454b90 f   pjlib-i386-win32-vc8-debug:string.obj
 0002:00012c50       _pj_strdup_with_null       00454c50 f   pjlib-i386-win32-vc8-debug:string.obj
 0002:00012ce0       _pj_strdup2                00454ce0 f   pjlib-i386-win32-vc8-debug:string.obj
 0002:00012d80       _pj_strdup2_with_null      00454d80 f   pjlib-i386-win32-vc8-debug:string.obj
 0002:00012e30       _pj_strdup3                00454e30 f   pjlib-i386-win32-vc8-debug:string.obj
 0002:00012e70       _pj_strassign              00454e70 f   pjlib-i386-win32-vc8-debug:string.obj
 0002:00012eb0       _pj_strcpy                 00454eb0 f   pjlib-i386-win32-vc8-debug:string.obj
 0002:00012f10       _pj_strcpy2                00454f10 f   pjlib-i386-win32-vc8-debug:string.obj
 0002:00012f90       _pj_strncpy                00454f90 f   pjlib-i386-win32-vc8-debug:string.obj
 0002:00012ff0       _pj_strncpy_with_null      00454ff0 f   pjlib-i386-win32-vc8-debug:string.obj
 0002:00013070       _pj_strcmp                 00455070 f   pjlib-i386-win32-vc8-debug:string.obj
 0002:00013190       _pj_strncmp                00455190 f   pjlib-i386-win32-vc8-debug:string.obj
 0002:00013210       _pj_strncmp2               00455210 f   pjlib-i386-win32-vc8-debug:string.obj
 0002:00013270       _pj_strcmp2                00455270 f   pjlib-i386-win32-vc8-debug:string.obj
 0002:000132d0       _pj_stricmp                004552d0 f   pjlib-i386-win32-vc8-debug:string.obj
 0002:000133c0       _pj_stricmp2               004553c0 f   pjlib-i386-win32-vc8-debug:string.obj
 0002:00013420       _pj_strnicmp               00455420 f   pjlib-i386-win32-vc8-debug:string.obj
 0002:000134a0       _pj_strnicmp2              004554a0 f   pjlib-i386-win32-vc8-debug:string.obj
 0002:00013500       _pj_strcat                 00455500 f   pjlib-i386-win32-vc8-debug:string.obj
 0002:00013560       _pj_strcat2                00455560 f   pjlib-i386-win32-vc8-debug:string.obj
 0002:000135e0       _pj_strtrim                004555e0 f   pjlib-i386-win32-vc8-debug:string.obj
 0002:00013620       _pj_strstr                 00455620 f   pjlib-i386-win32-vc8-debug:string.obj
 0002:000136c0       _pj_stristr                004556c0 f   pjlib-i386-win32-vc8-debug:string.obj
 0002:00013760       _pj_strltrim               00455760 f   pjlib-i386-win32-vc8-debug:string.obj
 0002:00013820       _pj_strrtrim               00455820 f   pjlib-i386-win32-vc8-debug:string.obj
 0002:000138b0       _pj_create_random_string   004558b0 f   pjlib-i386-win32-vc8-debug:string.obj
 0002:00013a50       _pj_strtoul                00455a50 f   pjlib-i386-win32-vc8-debug:string.obj
 0002:00013b30       _pj_strtoul2               00455b30 f   pjlib-i386-win32-vc8-debug:string.obj
 0002:00013d50       _pj_utoa                   00455d50 f   pjlib-i386-win32-vc8-debug:string.obj
 0002:00013d80       _pj_utoa_pad               00455d80 f   pjlib-i386-win32-vc8-debug:string.obj
 0002:00013e90       _pj_file_open              00455e90 f   pjlib-i386-win32-vc8-debug:file_io_win32.obj
 0002:000140e0       _pj_file_close             004560e0 f   pjlib-i386-win32-vc8-debug:file_io_win32.obj
 0002:00014160       _pj_file_write             00456160 f   pjlib-i386-win32-vc8-debug:file_io_win32.obj
 0002:00014210       _pj_file_read              00456210 f   pjlib-i386-win32-vc8-debug:file_io_win32.obj
 0002:000142c0       _pj_file_setpos            004562c0 f   pjlib-i386-win32-vc8-debug:file_io_win32.obj
 0002:000143e0       _pj_file_getpos            004563e0 f   pjlib-i386-win32-vc8-debug:file_io_win32.obj
 0002:000144b0       _pj_file_flush             004564b0 f   pjlib-i386-win32-vc8-debug:file_io_win32.obj
 0002:00014540       _pj_file_exists            00456540 f   pjlib-i386-win32-vc8-debug:file_access_win32.obj
 0002:000145e0       _pj_file_size              004565e0 f   pjlib-i386-win32-vc8-debug:file_access_win32.obj
 0002:00014700       _pj_file_delete            00456700 f   pjlib-i386-win32-vc8-debug:file_access_win32.obj
 0002:000147c0       _pj_file_move              004567c0 f   pjlib-i386-win32-vc8-debug:file_access_win32.obj
 0002:000148a0       _pj_file_getstat           004568a0 f   pjlib-i386-win32-vc8-debug:file_access_win32.obj
 0002:00014d00       _pj_log_write              00456d00 f   pjlib-i386-win32-vc8-debug:log_writer_stdout.obj
 0002:00014de0       _pj_gettimeofday           00456de0 f   pjlib-i386-win32-vc8-debug:os_time_win32.obj
 0002:00014f40       _pj_time_decode            00456f40 f   pjlib-i386-win32-vc8-debug:os_time_win32.obj
 0002:00015030       _pj_time_encode            00457030 f   pjlib-i386-win32-vc8-debug:os_time_win32.obj
 0002:00015160       _pj_get_version            00457160 f   pjlib-i386-win32-vc8-debug:config.obj
 0002:00015180       _pj_dump_config            00457180 f   pjlib-i386-win32-vc8-debug:config.obj
 0002:00015760       _pj_throw_exception_       00457760 f   pjlib-i386-win32-vc8-debug:except.obj
 0002:00015820       _pj_push_exception_handler_ 00457820 f   pjlib-i386-win32-vc8-debug:except.obj
 0002:00015940       _pj_pop_exception_handler_ 00457940 f   pjlib-i386-win32-vc8-debug:except.obj
 0002:000159a0       _pj_exception_id_alloc     004579a0 f   pjlib-i386-win32-vc8-debug:except.obj
 0002:00015a20       _pj_exception_id_free      00457a20 f   pjlib-i386-win32-vc8-debug:except.obj
 0002:00015ab0       _pj_exception_id_name      00457ab0 f   pjlib-i386-win32-vc8-debug:except.obj
 0002:00015b60       _pj_GUID_STRING_LENGTH     00457b60 f   pjlib-i386-win32-vc8-debug:guid_win32.obj
 0002:00015b80       _pj_generate_unique_string 00457b80 f   pjlib-i386-win32-vc8-debug:guid_win32.obj
 0002:00015d30       _pj_lock_create_simple_mutex 00457d30 f   pjlib-i386-win32-vc8-debug:lock.obj
 0002:00015e80       _pj_lock_create_recursive_mutex 00457e80 f   pjlib-i386-win32-vc8-debug:lock.obj
 0002:00015ed0       _pj_lock_create_null_mutex 00457ed0 f   pjlib-i386-win32-vc8-debug:lock.obj
 0002:00015f30       _pj_lock_create_semaphore  00457f30 f   pjlib-i386-win32-vc8-debug:lock.obj
 0002:00016020       _pj_lock_acquire           00458020 f   pjlib-i386-win32-vc8-debug:lock.obj
 0002:00016090       _pj_lock_tryacquire        00458090 f   pjlib-i386-win32-vc8-debug:lock.obj
 0002:00016100       _pj_lock_release           00458100 f   pjlib-i386-win32-vc8-debug:lock.obj
 0002:00016170       _pj_lock_destroy           00458170 f   pjlib-i386-win32-vc8-debug:lock.obj
 0002:000161e0       _pj_pool_create_on_buf     004581e0 f   pjlib-i386-win32-vc8-debug:pool_buf.obj
 0002:00016450       _pj_list_insert_after      00458450 f   pjlib-i386-win32-vc8-debug:list.obj
 0002:000164a0       _pj_list_insert_before     004584a0 f   pjlib-i386-win32-vc8-debug:list.obj
 0002:000164d0       _pj_list_insert_nodes_after 004584d0 f   pjlib-i386-win32-vc8-debug:list.obj
 0002:00016560       _pj_list_insert_nodes_before 00458560 f   pjlib-i386-win32-vc8-debug:list.obj
 0002:00016590       _pj_list_merge_last        00458590 f   pjlib-i386-win32-vc8-debug:list.obj
 0002:00016660       _pj_list_merge_first       00458660 f   pjlib-i386-win32-vc8-debug:list.obj
 0002:000166d0       _pj_list_erase             004586d0 f   pjlib-i386-win32-vc8-debug:list.obj
 0002:00016710       _pj_list_find_node         00458710 f   pjlib-i386-win32-vc8-debug:list.obj
 0002:00016770       _pj_list_search            00458770 f   pjlib-i386-win32-vc8-debug:list.obj
 0002:000167d0       _pj_list_size              004587d0 f   pjlib-i386-win32-vc8-debug:list.obj
 0002:00016820       _pj_srand                  00458820 f   pjlib-i386-win32-vc8-debug:rand.obj
 0002:00016860       _pj_rand                   00458860 f   pjlib-i386-win32-vc8-debug:rand.obj
 0002:000168e0       _pj_ioqueue_set_lock       004588e0 f   pjlib-i386-win32-vc8-debug:ioqueue_select.obj
 0002:00016980       _pj_ioqueue_get_user_data  00458980 f   pjlib-i386-win32-vc8-debug:ioqueue_select.obj
 0002:000169e0       _pj_ioqueue_set_user_data  004589e0 f   pjlib-i386-win32-vc8-debug:ioqueue_select.obj
 0002:00016a60       _ioqueue_dispatch_write_event 00458a60 f   pjlib-i386-win32-vc8-debug:ioqueue_select.obj
 0002:00016f50       _ioqueue_dispatch_read_event 00458f50 f   pjlib-i386-win32-vc8-debug:ioqueue_select.obj
 0002:00017370       _ioqueue_dispatch_exception_event 00459370 f   pjlib-i386-win32-vc8-debug:ioqueue_select.obj
 0002:00017530       _pj_ioqueue_recv           00459530 f   pjlib-i386-win32-vc8-debug:ioqueue_select.obj
 0002:00017740       _pj_ioqueue_recvfrom       00459740 f   pjlib-i386-win32-vc8-debug:ioqueue_select.obj
 0002:00017970       _pj_ioqueue_send           00459970 f   pjlib-i386-win32-vc8-debug:ioqueue_select.obj
 0002:00017bd0       _pj_ioqueue_sendto         00459bd0 f   pjlib-i386-win32-vc8-debug:ioqueue_select.obj
 0002:00017ee0       _pj_ioqueue_accept         00459ee0 f   pjlib-i386-win32-vc8-debug:ioqueue_select.obj
 0002:00018120       _pj_ioqueue_connect        0045a120 f   pjlib-i386-win32-vc8-debug:ioqueue_select.obj
 0002:000182b0       _pj_ioqueue_op_key_init    0045a2b0 f   pjlib-i386-win32-vc8-debug:ioqueue_select.obj
 0002:00018310       _pj_ioqueue_is_pending     0045a310 f   pjlib-i386-win32-vc8-debug:ioqueue_select.obj
 0002:00018340       _pj_ioqueue_post_completion 0045a340 f   pjlib-i386-win32-vc8-debug:ioqueue_select.obj
 0002:00018520       _pj_ioqueue_set_default_concurrency 0045a520 f   pjlib-i386-win32-vc8-debug:ioqueue_select.obj
 0002:00018580       _pj_ioqueue_set_concurrency 0045a580 f   pjlib-i386-win32-vc8-debug:ioqueue_select.obj
 0002:00018640       _pj_ioqueue_lock_key       0045a640 f   pjlib-i386-win32-vc8-debug:ioqueue_select.obj
 0002:00018670       _pj_ioqueue_unlock_key     0045a670 f   pjlib-i386-win32-vc8-debug:ioqueue_select.obj
 0002:000186a0       _pj_ioqueue_name           0045a6a0 f   pjlib-i386-win32-vc8-debug:ioqueue_select.obj
 0002:000186c0       _pj_ioqueue_create         0045a6c0 f   pjlib-i386-win32-vc8-debug:ioqueue_select.obj
 0002:00018aa0       _pj_ioqueue_destroy        0045aaa0 f   pjlib-i386-win32-vc8-debug:ioqueue_select.obj
 0002:00018c50       _pj_ioqueue_register_sock  0045ac50 f   pjlib-i386-win32-vc8-debug:ioqueue_select.obj
 0002:00019010       _pj_ioqueue_unregister     0045b010 f   pjlib-i386-win32-vc8-debug:ioqueue_select.obj
 0002:00019600       _pj_ioqueue_poll           0045b600 f   pjlib-i386-win32-vc8-debug:ioqueue_select.obj
 0002:00019d00       _pj_ntohs                  0045bd00 f   pjlib-i386-win32-vc8-debug:sock_bsd.obj
 0002:00019d30       _pj_htons                  0045bd30 f   pjlib-i386-win32-vc8-debug:sock_bsd.obj
 0002:00019d60       _pj_ntohl                  0045bd60 f   pjlib-i386-win32-vc8-debug:sock_bsd.obj
 0002:00019d80       _pj_htonl                  0045bd80 f   pjlib-i386-win32-vc8-debug:sock_bsd.obj
 0002:00019da0       _pj_inet_ntoa              0045bda0 f   pjlib-i386-win32-vc8-debug:sock_bsd.obj
 0002:00019dc0       _pj_inet_aton              0045bdc0 f   pjlib-i386-win32-vc8-debug:sock_bsd.obj
 0002:00019ef0       _pj_inet_pton              0045bef0 f   pjlib-i386-win32-vc8-debug:sock_bsd.obj
 0002:0001a150       _pj_inet_ntop              0045c150 f   pjlib-i386-win32-vc8-debug:sock_bsd.obj
 0002:0001a3c0       _pj_gethostname            0045c3c0 f   pjlib-i386-win32-vc8-debug:sock_bsd.obj
 0002:0001a460       _pj_sock_socket            0045c460 f   pjlib-i386-win32-vc8-debug:sock_bsd.obj
 0002:0001a580       _pj_sock_bind              0045c580 f   pjlib-i386-win32-vc8-debug:sock_bsd.obj
 0002:0001a670       _pj_sock_bind_in           0045c670 f   pjlib-i386-win32-vc8-debug:sock_bsd.obj
 0002:0001a720       _pj_sock_close             0045c720 f   pjlib-i386-win32-vc8-debug:sock_bsd.obj
 0002:0001a7c0       _pj_sock_getpeername       0045c7c0 f   pjlib-i386-win32-vc8-debug:sock_bsd.obj
 0002:0001a860       _pj_sock_getsockname       0045c860 f   pjlib-i386-win32-vc8-debug:sock_bsd.obj
 0002:0001a900       _pj_sock_send              0045c900 f   pjlib-i386-win32-vc8-debug:sock_bsd.obj
 0002:0001a9f0       _pj_sock_sendto            0045c9f0 f   pjlib-i386-win32-vc8-debug:sock_bsd.obj
 0002:0001aaf0       _pj_sock_recv              0045caf0 f   pjlib-i386-win32-vc8-debug:sock_bsd.obj
 0002:0001abf0       _pj_sock_recvfrom          0045cbf0 f   pjlib-i386-win32-vc8-debug:sock_bsd.obj
 0002:0001ad60       _pj_sock_getsockopt        0045cd60 f   pjlib-i386-win32-vc8-debug:sock_bsd.obj
 0002:0001ae60       _pj_sock_setsockopt        0045ce60 f   pjlib-i386-win32-vc8-debug:sock_bsd.obj
 0002:0001af10       _pj_sock_connect           0045cf10 f   pjlib-i386-win32-vc8-debug:sock_bsd.obj
 0002:0001afb0       _pj_sock_shutdown          0045cfb0 f   pjlib-i386-win32-vc8-debug:sock_bsd.obj
 0002:0001b050       _pj_sock_listen            0045d050 f   pjlib-i386-win32-vc8-debug:sock_bsd.obj
 0002:0001b0f0       _pj_sock_accept            0045d0f0 f   pjlib-i386-win32-vc8-debug:sock_bsd.obj
 0002:0001b1e0       _PJ_FD_ZERO                0045d1e0 f   pjlib-i386-win32-vc8-debug:sock_select.obj
 0002:0001b230       _PJ_FD_SET                 0045d230 f   pjlib-i386-win32-vc8-debug:sock_select.obj
 0002:0001b310       _PJ_FD_CLR                 0045d310 f   pjlib-i386-win32-vc8-debug:sock_select.obj
 0002:0001b400       _PJ_FD_ISSET               0045d400 f   pjlib-i386-win32-vc8-debug:sock_select.obj
 0002:0001b460       _PJ_FD_COUNT               0045d460 f   pjlib-i386-win32-vc8-debug:sock_select.obj
 0002:0001b480       _pj_sock_select            0045d480 f   pjlib-i386-win32-vc8-debug:sock_select.obj
 0002:0001b580       _pj_time_val_normalize     0045d580 f   pjlib-i386-win32-vc8-debug:types.obj
 0002:0001b6b8       _CoCreateGuid@4            0045d6b8 f   ole32:ole32.dll
 0002:0001b6be       _WSAGetLastError@0         0045d6be f   ws2_32:WS2_32.dll
 0002:0001b6c4       _WSAStartup@8              0045d6c4 f   ws2_32:WS2_32.dll
 0002:0001b6ca       _WSACleanup@0              0045d6ca f   ws2_32:WS2_32.dll
 0002:0001b6d0       _WSASetLastError@4         0045d6d0 f   ws2_32:WS2_32.dll
 0002:0001b6d6       _ioctlsocket@12            0045d6d6 f   ws2_32:WS2_32.dll
 0002:0001b6dc       _ntohs@4                   0045d6dc f   ws2_32:WS2_32.dll
 0002:0001b6e2       _htons@4                   0045d6e2 f   ws2_32:WS2_32.dll
 0002:0001b6e8       _ntohl@4                   0045d6e8 f   ws2_32:WS2_32.dll
 0002:0001b6ee       _htonl@4                   0045d6ee f   ws2_32:WS2_32.dll
 0002:0001b6f4       _inet_ntoa@4               0045d6f4 f   ws2_32:WS2_32.dll
 0002:0001b6fa       _inet_addr@4               0045d6fa f   ws2_32:WS2_32.dll
 0002:0001b700       _WSAStringToAddressA@20    0045d700 f   ws2_32:WS2_32.dll
 0002:0001b706       _WSAAddressToStringA@20    0045d706 f   ws2_32:WS2_32.dll
 0002:0001b70c       _gethostname@8             0045d70c f   ws2_32:WS2_32.dll
 0002:0001b712       _WSASocketA@24             0045d712 f   ws2_32:WS2_32.dll
 0002:0001b718       _bind@12                   0045d718 f   ws2_32:WS2_32.dll
 0002:0001b71e       _closesocket@4             0045d71e f   ws2_32:WS2_32.dll
 0002:0001b724       _getpeername@12            0045d724 f   ws2_32:WS2_32.dll
 0002:0001b72a       _getsockname@12            0045d72a f   ws2_32:WS2_32.dll
 0002:0001b730       _send@16                   0045d730 f   ws2_32:WS2_32.dll
 0002:0001b736       _sendto@24                 0045d736 f   ws2_32:WS2_32.dll
 0002:0001b73c       _recv@16                   0045d73c f   ws2_32:WS2_32.dll
 0002:0001b742       _recvfrom@24               0045d742 f   ws2_32:WS2_32.dll
 0002:0001b748       _getsockopt@20             0045d748 f   ws2_32:WS2_32.dll
 0002:0001b74e       _setsockopt@20             0045d74e f   ws2_32:WS2_32.dll
 0002:0001b754       _connect@12                0045d754 f   ws2_32:WS2_32.dll
 0002:0001b75a       _shutdown@8                0045d75a f   ws2_32:WS2_32.dll
 0002:0001b760       _listen@8                  0045d760 f   ws2_32:WS2_32.dll
 0002:0001b766       _accept@12                 0045d766 f   ws2_32:WS2_32.dll
 0002:0001b76c       ___WSAFDIsSet@8            0045d76c f   ws2_32:WS2_32.dll
 0002:0001b772       _select@20                 0045d772 f   ws2_32:WS2_32.dll
 0002:0001b780       _printf                    0045d780 f   LIBCMTD:printf.obj
 0002:0001b900       __printf_l                 0045d900 f   LIBCMTD:printf.obj
 0002:0001b930       __printf_s_l               0045d930 f   LIBCMTD:printf.obj
 0002:0001b960       _printf_s                  0045d960 f   LIBCMTD:printf.obj
 0002:0001b990       __printf_p_l               0045d990 f   LIBCMTD:printf.obj
 0002:0001b9c0       __printf_p                 0045d9c0 f   LIBCMTD:printf.obj
 0002:0001b9f0       __set_printf_count_output  0045d9f0 f   LIBCMTD:printf.obj
 0002:0001ba50       __get_printf_count_output  0045da50 f   LIBCMTD:printf.obj
 0002:0001ba70       _puts                      0045da70 f   LIBCMTD:puts.obj
 0002:0001be50       _sscanf                    0045de50 f   LIBCMTD:sscanf.obj
 0002:0001c020       __sscanf_l                 0045e020 f   LIBCMTD:sscanf.obj
 0002:0001c060       _sscanf_s                  0045e060 f   LIBCMTD:sscanf.obj
 0002:0001c0a0       __sscanf_s_l               0045e0a0 f   LIBCMTD:sscanf.obj
 0002:0001c0e0       _fgets                     0045e0e0 f   LIBCMTD:fgets.obj
 0002:0001c5a0       ___iob_func                0045e5a0 f   LIBCMTD:_file.obj
 0002:0001c5b0       ___initstdio               0045e5b0 f   LIBCMTD:_file.obj
 0002:0001c750       ___endstdio                0045e750 f   LIBCMTD:_file.obj
 0002:0001c790       __lock_file                0045e790 f   LIBCMTD:_file.obj
 0002:0001c800       __lock_file2               0045e800 f   LIBCMTD:_file.obj
 0002:0001c850       __unlock_file              0045e850 f   LIBCMTD:_file.obj
 0002:0001c8c0       __unlock_file2             0045e8c0 f   LIBCMTD:_file.obj
 0002:0001c910       __wassert                  0045e910 f   LIBCMTD:wassert.obj
 0002:0001da20       __invoke_watson_if_error   0045fa20 f i LIBCMTD:wassert.obj
 0002:0001da60       __invoke_watson_if_oneof   0045fa60 f i LIBCMTD:wassert.obj
 0002:0001db00       @__security_check_cookie@4 0045fb00 f   LIBCMTD:secchk.obj
 0002:0001db20       _sprintf                   0045fb20 f   LIBCMTD:sprintf.obj
 0002:0001dd00       __sprintf_l                0045fd00 f   LIBCMTD:sprintf.obj
 0002:0001dd30       _sprintf_s                 0045fd30 f   LIBCMTD:sprintf.obj
 0002:0001dd70       __sprintf_s_l              0045fd70 f   LIBCMTD:sprintf.obj
 0002:0001ddb0       __snprintf_s               0045fdb0 f   LIBCMTD:sprintf.obj
 0002:0001ddf0       __snprintf_s_l             0045fdf0 f   LIBCMTD:sprintf.obj
 0002:0001de30       __sprintf_p                0045fe30 f   LIBCMTD:sprintf.obj
 0002:0001de70       __sprintf_p_l              0045fe70 f   LIBCMTD:sprintf.obj
 0002:0001deb0       __scprintf                 0045feb0 f   LIBCMTD:sprintf.obj
 0002:0001dee0       __scprintf_p               0045fee0 f   LIBCMTD:sprintf.obj
 0002:0001df10       __scprintf_l               0045ff10 f   LIBCMTD:sprintf.obj
 0002:0001df40       __scprintf_p_l             0045ff40 f   LIBCMTD:sprintf.obj
 0002:0001df70       _strcpy                    0045ff70 f   LIBCMTD:strcat.obj
 0002:0001df80       _strcat                    0045ff80 f   LIBCMTD:strcat.obj
 0002:0001e0b0       _fflush                    004600b0 f   LIBCMTD:fflush.obj
 0002:0001e170       __fflush_nolock            00460170 f   LIBCMTD:fflush.obj
 0002:0001e1e0       __flush                    004601e0 f   LIBCMTD:fflush.obj
 0002:0001e2d0       __flushall                 004602d0 f   LIBCMTD:fflush.obj
 0002:0001e500       _mainCRTStartup            00460500 f   LIBCMTD:crt0.obj
 0002:0001e880       __set_osplatform           00460880 f i LIBCMTD:crt0.obj
 0002:0001e890       __set_osver                00460890 f i LIBCMTD:crt0.obj
 0002:0001e8a0       __set_winver               004608a0 f i LIBCMTD:crt0.obj
 0002:0001e8b0       __set_winmajor             004608b0 f i LIBCMTD:crt0.obj
 0002:0001e8c0       __set_winminor             004608c0 f i LIBCMTD:crt0.obj
 0002:0001e9a0       _memcpy                    004609a0 f   LIBCMTD:memcpy.obj
 0002:0001ede0       _memset                    00460de0 f   LIBCMTD:memset.obj
 0002:0001ee80       _strncpy                   00460e80 f   LIBCMTD:strncpy.obj
 0002:0001eff0       __stricmp_l                00460ff0 f   LIBCMTD:stricmp.obj
 0002:0001f200       ??0_LocaleUpdate@@QAE@PAUlocaleinfo_struct@@@Z 00461200 f i LIBCMTD:stricmp.obj
 0002:0001f310       ??1_LocaleUpdate@@QAE@XZ   00461310 f i LIBCMTD:stricmp.obj
 0002:0001f350       ?GetLocaleT@_LocaleUpdate@@QAEPAUlocaleinfo_struct@@XZ 00461350 f i LIBCMTD:stricmp.obj
 0002:0001f370       ___ascii_stricmp           00461370 f   LIBCMTD:stricmp.obj
 0002:0001f400       __stricmp                  00461400 f   LIBCMTD:stricmp.obj
 0002:0001f550       __fpmath                   00461550 f   LIBCMTD:fpinit.obj
 0002:0001f580       __fpclear                  00461580 f   LIBCMTD:fpinit.obj
 0002:0001f590       __cfltcvt_init             00461590 f   LIBCMTD:fpinit.obj
 0002:0001f620       ___setfflag                00461620 f   LIBCMTD:fpinit.obj
 0002:0001f650       __ftol2_sse                00461650 f   LIBCMTD:ftol2.obj
 0002:0001f659       __ftol2_pentium4           00461659 f   LIBCMTD:ftol2.obj
 0002:0001f66c       __ftol2_sse_excpt          0046166c f   LIBCMTD:ftol2.obj
 0002:0001f686       __ftol2                    00461686 f   LIBCMTD:ftol2.obj
 0002:0001f730       __snprintf                 00461730 f   LIBCMTD:snprintf.obj
 0002:0001f940       __snprintf_l               00461940 f   LIBCMTD:snprintf.obj
 0002:0001f980       _strlen                    00461980 f   LIBCMTD:strlen.obj
 0002:0001fa30       __alldiv                   00461a30 f   LIBCMTD:lldiv.obj
 0002:0001fb10       __vsnprintf_l              00461b10 f   LIBCMTD:vsnprint.obj
 0002:0001fd20       __vsnprintf                00461d20 f   LIBCMTD:vsnprint.obj
 0002:0001fd50       __chkstk                   00461d50 f   LIBCMTD:chkstk.obj
 0002:0001fd50       __alloca_probe             00461d50     LIBCMTD:chkstk.obj
 0002:0001fda0       _strchr                    00461da0 f   LIBCMTD:strchr.obj
 0002:0001fda6       ___from_strstr_to_strchr   00461da6     LIBCMTD:strchr.obj
 0002:0001fea0       _malloc                    00461ea0 f   LIBCMTD:dbgheap.obj
 0002:0001fed0       __malloc_dbg               00461ed0 f   LIBCMTD:dbgheap.obj
 0002:0001ff10       __nh_malloc                00461f10 f   LIBCMTD:dbgheap.obj
 0002:0001ff40       __nh_malloc_dbg            00461f40 f   LIBCMTD:dbgheap.obj
 0002:0001ffc0       __heap_alloc               00461fc0 f   LIBCMTD:dbgheap.obj
 0002:0001ffe0       __heap_alloc_dbg           00461fe0 f   LIBCMTD:dbgheap.obj
 0002:00020460       _calloc                    00462460 f   LIBCMTD:dbgheap.obj
 0002:00020490       __calloc_dbg               00462490 f   LIBCMTD:dbgheap.obj
 0002:00020580       _realloc                   00462580 f   LIBCMTD:dbgheap.obj
 0002:000205b0       __recalloc                 004625b0 f   LIBCMTD:dbgheap.obj
 0002:000205f0       __realloc_dbg              004625f0 f   LIBCMTD:dbgheap.obj
 0002:00020db0       __recalloc_dbg             00462db0 f   LIBCMTD:dbgheap.obj
 0002:00020ef0       __expand                   00462ef0 f   LIBCMTD:dbgheap.obj
 0002:00020f20       __expand_dbg               00462f20 f   LIBCMTD:dbgheap.obj
 0002:00021070       _free                      00463070 f   LIBCMTD:dbgheap.obj
 0002:00021090       __free_nolock              00463090 f   LIBCMTD:dbgheap.obj
 0002:000210b0       __free_dbg                 004630b0 f   LIBCMTD:dbgheap.obj
 0002:00021150       __free_dbg_nolock          00463150 f   LIBCMTD:dbgheap.obj
 0002:00021760       __msize                    00463760 f   LIBCMTD:dbgheap.obj
 0002:00021780       __msize_dbg                00463780 f   LIBCMTD:dbgheap.obj
 0002:000219e0       __CrtSetBreakAlloc         004639e0 f   LIBCMTD:dbgheap.obj
 0002:00021a10       __CrtSetDbgBlockType       00463a10 f   LIBCMTD:dbgheap.obj
 0002:00021b30       __CrtSetAllocHook          00463b30 f   LIBCMTD:dbgheap.obj
 0002:00021b60       __CrtGetAllocHook          00463b60 f   LIBCMTD:dbgheap.obj
 0002:00021bd0       __CrtCheckMemory           00463bd0 f   LIBCMTD:dbgheap.obj
 0002:00022140       __CrtSetDbgFlag            00464140 f   LIBCMTD:dbgheap.obj
 0002:000222e0       __CrtDoForAllClientObjects 004642e0 f   LIBCMTD:dbgheap.obj
 0002:00022440       __CrtIsValidPointer        00464440 f   LIBCMTD:dbgheap.obj
 0002:00022460       __CrtIsValidHeapPointer    00464460 f   LIBCMTD:dbgheap.obj
 0002:00022580       __CrtIsMemoryBlock         00464580 f   LIBCMTD:dbgheap.obj
 0002:00022750       __CrtReportBlockType       00464750 f   LIBCMTD:dbgheap.obj
 0002:00022790       __CrtSetDumpClient         00464790 f   LIBCMTD:dbgheap.obj
 0002:000227c0       __CrtGetDumpClient         004647c0 f   LIBCMTD:dbgheap.obj
 0002:000227d0       __CrtMemCheckpoint         004647d0 f   LIBCMTD:dbgheap.obj
 0002:00022a70       __CrtMemDifference         00464a70 f   LIBCMTD:dbgheap.obj
 0002:00022d10       __CrtMemDumpAllObjectsSince 00464d10 f   LIBCMTD:dbgheap.obj
 0002:00023340       __CrtDumpMemoryLeaks       00465340 f   LIBCMTD:dbgheap.obj
 0002:000233c0       __CrtMemDumpStatistics     004653c0 f   LIBCMTD:dbgheap.obj
 0002:00023510       __aligned_malloc           00465510 f   LIBCMTD:dbgheap.obj
 0002:00023540       __aligned_malloc_dbg       00465540 f   LIBCMTD:dbgheap.obj
 0002:00023570       __aligned_realloc          00465570 f   LIBCMTD:dbgheap.obj
 0002:000235a0       __aligned_recalloc         004655a0 f   LIBCMTD:dbgheap.obj
 0002:000235d0       __aligned_realloc_dbg      004655d0 f   LIBCMTD:dbgheap.obj
 0002:00023600       __aligned_recalloc_dbg     00465600 f   LIBCMTD:dbgheap.obj
 0002:00023630       __aligned_offset_malloc    00465630 f   LIBCMTD:dbgheap.obj
 0002:00023660       __aligned_offset_malloc_dbg 00465660 f   LIBCMTD:dbgheap.obj
 0002:00023860       __aligned_offset_realloc   00465860 f   LIBCMTD:dbgheap.obj
 0002:00023890       __aligned_offset_recalloc  00465890 f   LIBCMTD:dbgheap.obj
 0002:000238c0       __aligned_offset_realloc_dbg 004658c0 f   LIBCMTD:dbgheap.obj
 0002:00023c40       __aligned_offset_recalloc_dbg 00465c40 f   LIBCMTD:dbgheap.obj
 0002:00023d90       __aligned_free             00465d90 f   LIBCMTD:dbgheap.obj
 0002:00023db0       __aligned_free_dbg         00465db0 f   LIBCMTD:dbgheap.obj
 0002:00023e80       __CrtSetDebugFillThreshold 00465e80 f   LIBCMTD:dbgheap.obj
 0002:00023eb0       __CrtSetCheckCount         00465eb0 f   LIBCMTD:dbgheap.obj
 0002:00023ed0       __CrtGetCheckCount         00465ed0 f   LIBCMTD:dbgheap.obj
 0002:00023ee0       __aligned_msize            00465ee0 f   LIBCMTD:dbgheap.obj
 0002:00023f00       __aligned_msize_dbg        00465f00 f   LIBCMTD:dbgheap.obj
 0002:00024050       _fmod                      00466050 f   LIBCMTD:87fmod.obj
 0002:0002405a       __CIfmod                   0046605a f   LIBCMTD:87fmod.obj
 0002:00024090       _memcmp                    00466090 f   LIBCMTD:memcmp.obj
 0002:00024d90       __strnicmp_l               00466d90 f   LIBCMTD:strnicmp.obj
 0002:00025060       __strnicmp                 00467060 f   LIBCMTD:strnicmp.obj
 0002:00025250       _strncmp                   00467250 f   LIBCMTD:strncmp.obj
 0002:00025420       __isalpha_l                00467420 f i LIBCMTD:_ctype.obj
 0002:000254d0       _isalpha                   004674d0 f i LIBCMTD:_ctype.obj
 0002:00025510       __isupper_l                00467510 f i LIBCMTD:_ctype.obj
 0002:000255b0       _isupper                   004675b0 f i LIBCMTD:_ctype.obj
 0002:000255f0       __islower_l                004675f0 f i LIBCMTD:_ctype.obj
 0002:00025690       _islower                   00467690 f i LIBCMTD:_ctype.obj
 0002:000256d0       __isdigit_l                004676d0 f i LIBCMTD:_ctype.obj
 0002:00025770       _isdigit                   00467770 f i LIBCMTD:_ctype.obj
 0002:000257b0       __isxdigit_l               004677b0 f i LIBCMTD:_ctype.obj
 0002:00025860       _isxdigit                  00467860 f i LIBCMTD:_ctype.obj
 0002:000258a0       __isspace_l                004678a0 f i LIBCMTD:_ctype.obj
 0002:00025940       _isspace                   00467940 f i LIBCMTD:_ctype.obj
 0002:00025980       __ispunct_l                00467980 f i LIBCMTD:_ctype.obj
 0002:00025a20       _ispunct                   00467a20 f i LIBCMTD:_ctype.obj
 0002:00025a60       __isalnum_l                00467a60 f i LIBCMTD:_ctype.obj
 0002:00025b10       _isalnum                   00467b10 f i LIBCMTD:_ctype.obj
 0002:00025b50       __isprint_l                00467b50 f i LIBCMTD:_ctype.obj
 0002:00025c00       _isprint                   00467c00 f i LIBCMTD:_ctype.obj
 0002:00025c40       __isgraph_l                00467c40 f i LIBCMTD:_ctype.obj
 0002:00025cf0       _isgraph                   00467cf0 f i LIBCMTD:_ctype.obj
 0002:00025d30       __iscntrl_l                00467d30 f i LIBCMTD:_ctype.obj
 0002:00025dd0       _iscntrl                   00467dd0 f i LIBCMTD:_ctype.obj
 0002:00025e10       ___isascii                 00467e10 f i LIBCMTD:_ctype.obj
 0002:00025e30       ___toascii                 00467e30 f i LIBCMTD:_ctype.obj
 0002:00025e40       __iscsymf_l                00467e40 f i LIBCMTD:_ctype.obj
 0002:00025e90       ___iscsymf                 00467e90 f i LIBCMTD:_ctype.obj
 0002:00025ed0       __iscsym_l                 00467ed0 f i LIBCMTD:_ctype.obj
 0002:00025f20       ___iscsym                  00467f20 f i LIBCMTD:_ctype.obj
 0002:00025f70       __allshr                   00467f70 f   LIBCMTD:llshr.obj
 0002:00025fa0       __allshl                   00467fa0 f   LIBCMTD:llshl.obj
 0002:00025fd0       __allmul                   00467fd0 f   LIBCMTD:llmul.obj
 0002:00026014       _longjmp                   00468014 f   LIBCMTD:longjmp.obj
 0002:00026100       _srand                     00468100 f   LIBCMTD:rand.obj
 0002:00026120       _rand                      00468120 f   LIBCMTD:rand.obj
 0002:00026170       __stbuf                    00468170 f   LIBCMTD:_sftbuf.obj
 0002:00026320       __ftbuf                    00468320 f   LIBCMTD:_sftbuf.obj
 0002:000263d0       __output_l                 004683d0 f   LIBCMTD:output.obj
 0002:00027d60       _get_int_arg               00469d60 f i LIBCMTD:output.obj
 0002:00027d80       _get_int64_arg             00469d80 f i LIBCMTD:output.obj
 0002:00027db0       _get_short_arg             00469db0 f i LIBCMTD:output.obj
 0002:00027de0       __initp_misc_invarg        00469de0 f   LIBCMTD:invarg.obj
 0002:00027df0       __invalid_parameter        00469df0 f   LIBCMTD:invarg.obj
 0002:00027e70       __invoke_watson            00469e70 f   LIBCMTD:invarg.obj
 0002:00027ff0       __set_invalid_parameter_handler 00469ff0 f   LIBCMTD:invarg.obj
 0002:00028040       __get_invalid_parameter_handler 0046a040 f   LIBCMTD:invarg.obj
 0002:00028080       ?_invalid_parameter@@YAXPBG00II@Z 0046a080 f   LIBCMTD:invarg.obj
 0002:000280b0       ?_invoke_watson@@YAXPBG00II@Z 0046a0b0 f   LIBCMTD:invarg.obj
 0002:000280e0       __dosmaperr                0046a0e0 f   LIBCMTD:dosmap.obj
 0002:00028110       __get_errno_from_oserr     0046a110 f   LIBCMTD:dosmap.obj
 0002:000281a0       __set_errno                0046a1a0 f   LIBCMTD:dosmap.obj
 0002:000281e0       __get_errno                0046a1e0 f   LIBCMTD:dosmap.obj
 0002:00028280       __set_doserrno             0046a280 f   LIBCMTD:dosmap.obj
 0002:000282c0       __get_doserrno             0046a2c0 f   LIBCMTD:dosmap.obj
 0002:00028360       __errno                    0046a360 f   LIBCMTD:dosmap.obj
 0002:00028390       ___doserrno                0046a390 f   LIBCMTD:dosmap.obj
 0002:000283c0       __CrtSetReportHookW2       0046a3c0 f   LIBCMTD:dbgrptw.obj
 0002:000287b0       __CrtDbgReportW            0046a7b0 f   LIBCMTD:dbgrptw.obj
 0002:00028800       __CrtDbgReportWV           0046a800 f i LIBCMTD:dbgrptw.obj
 0002:00028c10       ___crtMessageWindowW       0046ac10 f   LIBCMTD:dbgrptw.obj
 0002:00029110       ?_CrtDbgReportW@@YAHHPBGH00ZZ 0046b110 f   LIBCMTD:dbgrptw.obj
 0002:00029160       __except_handler4          0046b160 f   LIBCMTD:chandler4.obj
 0002:00029400       _vprintf_helper            0046b400 f   LIBCMTD:vprintf.obj
 0002:00029560       __vprintf_l                0046b560 f   LIBCMTD:vprintf.obj
 0002:00029590       __vprintf_s_l              0046b590 f   LIBCMTD:vprintf.obj
 0002:000295c0       __vprintf_p_l              0046b5c0 f   LIBCMTD:vprintf.obj
 0002:000295f0       _vprintf                   0046b5f0 f   LIBCMTD:vprintf.obj
 0002:00029620       _vprintf_s                 0046b620 f   LIBCMTD:vprintf.obj
 0002:00029650       __vprintf_p                0046b650 f   LIBCMTD:vprintf.obj
 0002:00029680       __flsbuf                   0046b680 f   LIBCMTD:_flsbuf.obj
 0002:000299f0       _fwrite                    0046b9f0 f   LIBCMTD:fwrite.obj
 0002:00029b40       __fwrite_nolock            0046bb40 f   LIBCMTD:fwrite.obj
 0002:0002a000       __ioinit                   0046c000 f   LIBCMTD:ioinit.obj
 0002:0002a5a0       __ioterm                   0046c5a0 f   LIBCMTD:ioinit.obj
 0002:0002a670       __fileno                   0046c670 f   LIBCMTD:fileno.obj
 0002:0002a700       __input_l                  0046c700 f   LIBCMTD:input.obj
 0002:0002c560       __INTRN_LOCALE_CONV        0046e560 f i LIBCMTD:input.obj
 0002:0002c6b0       __input_s_l                0046e6b0 f   LIBCMTD:inputs.obj
 0002:0002eae0       __filbuf                   00470ae0 f   LIBCMTD:_filbuf.obj
 0002:0002edc0       __fcloseall                00470dc0 f   LIBCMTD:closeall.obj
 0002:0002ef30       __cinit                    00470f30 f   LIBCMTD:crt0dat.obj
 0002:0002f000       _exit                      00471000 f   LIBCMTD:crt0dat.obj
 0002:0002f020       __exit                     00471020 f   LIBCMTD:crt0dat.obj
 0002:0002f040       __cexit                    00471040 f   LIBCMTD:crt0dat.obj
 0002:0002f060       __c_exit                   00471060 f   LIBCMTD:crt0dat.obj
 0002:0002f080       __amsg_exit                00471080 f   LIBCMTD:crt0dat.obj
 0002:0002f0d0       ___freeCrtMemory           004710d0 f   LIBCMTD:crt0dat.obj
 0002:0002f430       ___crtCorExitProcess       00471430 f   LIBCMTD:crt0dat.obj
 0002:0002f480       ___crtExitProcess          00471480 f   LIBCMTD:crt0dat.obj
 0002:0002f4b0       __lockexit                 004714b0 f   LIBCMTD:crt0dat.obj
 0002:0002f4d0       __unlockexit               004714d0 f   LIBCMTD:crt0dat.obj
 0002:0002f4f0       __init_pointers            004714f0 f   LIBCMTD:crt0dat.obj
 0002:0002f5d0       __initterm_e               004715d0 f   LIBCMTD:crt0dat.obj
 0002:0002f620       __get_osplatform           00471620 f   LIBCMTD:crt0dat.obj
 0002:0002f750       __get_osver                00471750 f   LIBCMTD:crt0dat.obj
 0002:0002f880       __get_winver               00471880 f   LIBCMTD:crt0dat.obj
 0002:0002f9b0       __get_winmajor             004719b0 f   LIBCMTD:crt0dat.obj
 0002:0002fae0       __get_winminor             00471ae0 f   LIBCMTD:crt0dat.obj
 0002:0002fc10       __get_wpgmptr              00471c10 f   LIBCMTD:crt0dat.obj
 0002:0002fd40       __get_pgmptr               00471d40 f   LIBCMTD:crt0dat.obj
 0002:0002fe70       __mtinitlocks              00471e70 f   LIBCMTD:mlock.obj
 0002:0002ff20       __mtdeletelocks            00471f20 f   LIBCMTD:mlock.obj
 0002:00030010       __mtinitlocknum            00472010 f   LIBCMTD:mlock.obj
 0002:000301b0       __lock                     004721b0 f   LIBCMTD:mlock.obj
 0002:00030200       __unlock                   00472200 f   LIBCMTD:mlock.obj
 0002:00030220       __lockerr_exit             00472220 f   LIBCMTD:mlock.obj
 0002:00030250       __initp_misc_winsig        00472250 f   LIBCMTD:winsig.obj
 0002:00030280       _signal                    00472280 f   LIBCMTD:winsig.obj
 0002:00030850       _raise                     00472850 f   LIBCMTD:winsig.obj
 0002:00030c90       ___get_sigabrt             00472c90 f   LIBCMTD:winsig.obj
 0002:00030cb0       ___fpecode                 00472cb0 f   LIBCMTD:winsig.obj
 0002:00030cc0       ___pxcptinfoptrs           00472cc0 f   LIBCMTD:winsig.obj
 0002:00030cd0       ___crtMessageBoxW          00472cd0 f   LIBCMTD:crtmboxw.obj
 0002:00031010       __itow_s                   00473010 f   LIBCMTD:xtows.obj
 0002:000314d0       __ltow_s                   004734d0 f   LIBCMTD:xtows.obj
 0002:00031520       __ultow_s                  00473520 f   LIBCMTD:xtows.obj
 0002:00031550       __i64tow_s                 00473550 f   LIBCMTD:xtows.obj
 0002:00031a60       __ui64tow_s                00473a60 f   LIBCMTD:xtows.obj
 0002:00031a90       _wcsncat_s                 00473a90 f   LIBCMTD:wcsncat_s.obj
 0002:00032070       _wcsncpy_s                 00474070 f   LIBCMTD:wcsncpy_s.obj
 0002:00032570       _wcscat_s                  00474570 f   LIBCMTD:wcscat_s.obj
 0002:00032a50       _wcscpy_s                  00474a50 f   LIBCMTD:wcscpy_s.obj
 0002:00032df0       _fwprintf                  00474df0 f   LIBCMTD:fwprintf.obj
 0002:00032fd0       __fwprintf_l               00474fd0 f   LIBCMTD:fwprintf.obj
 0002:00033000       __fwprintf_s_l             00475000 f   LIBCMTD:fwprintf.obj
 0002:00033030       _fwprintf_s                00475030 f   LIBCMTD:fwprintf.obj
 0002:00033060       __fwprintf_p_l             00475060 f   LIBCMTD:fwprintf.obj
 0002:00033090       __fwprintf_p               00475090 f   LIBCMTD:fwprintf.obj
 0002:000330c0       _setvbuf                   004750c0 f   LIBCMTD:setvbuf.obj
 0002:00033450       _abort                     00475450 f   LIBCMTD:abort.obj
 0002:000335d0       __set_abort_behavior       004755d0 f   LIBCMTD:abort.obj
 0002:00033610       _wcslen                    00475610 f   LIBCMTD:wcslen.obj
 0002:00033650       __set_error_mode           00475650 f   LIBCMTD:errmode.obj
 0002:00033740       ___set_app_type            00475740 f   LIBCMTD:errmode.obj
 0002:00033750       ___get_app_type            00475750 f   LIBCMTD:errmode.obj
 0002:00033760       __assert                   00475760 f   LIBCMTD:assert.obj
 0002:000344f0       _strcpy_s                  004764f0 f   LIBCMTD:strcpy_s.obj
 0002:00034880       _strcat_s                  00476880 f   LIBCMTD:strcat_s.obj
 0002:00034d50       __wcstombs_l_helper        00476d50 f   LIBCMTD:wcstombs.obj
 0002:000353f0       __wcstombs_l               004773f0 f   LIBCMTD:wcstombs.obj
 0002:00035420       _wcstombs                  00477420 f   LIBCMTD:wcstombs.obj
 0002:00035450       __wcstombs_s_l             00477450 f   LIBCMTD:wcstombs.obj
 0002:000357b0       _wcstombs_s                004777b0 f   LIBCMTD:wcstombs.obj
 0002:000357e0       __vswprintf_helper         004777e0 f   LIBCMTD:vswprnc.obj
 0002:00035aa0       __vswprintf_c              00477aa0 f   LIBCMTD:vswprnc.obj
 0002:00035b00       __vswprintf_c_l            00477b00 f   LIBCMTD:vswprnc.obj
 0002:00035b60       __vswprintf_s_l            00477b60 f   LIBCMTD:vswprnc.obj
 0002:00035e60       _vswprintf_s               00477e60 f   LIBCMTD:vswprnc.obj
 0002:00035e90       __vsnwprintf_s_l           00477e90 f   LIBCMTD:vswprnc.obj
 0002:00036330       __vsnwprintf_s             00478330 f   LIBCMTD:vswprnc.obj
 0002:00036360       __vswprintf_p              00478360 f   LIBCMTD:vswprnc.obj
 0002:000363c0       __vswprintf_p_l            004783c0 f   LIBCMTD:vswprnc.obj
 0002:00036420       ___report_gsfailure        00478420 f   LIBCMTD:gs_report.obj
 0002:00036570       __vsprintf_l               00478570 f   LIBCMTD:vsprintf.obj
 0002:00036740       _vsprintf                  00478740 f   LIBCMTD:vsprintf.obj
 0002:00036770       __vscprintf_helper         00478770 f   LIBCMTD:vsprintf.obj
 0002:00036860       __vscprintf                00478860 f   LIBCMTD:vsprintf.obj
 0002:00036890       __vscprintf_l              00478890 f   LIBCMTD:vsprintf.obj
 0002:000368c0       __vscprintf_p              004788c0 f   LIBCMTD:vsprintf.obj
 0002:000368f0       __vscprintf_p_l            004788f0 f   LIBCMTD:vsprintf.obj
 0002:00036920       __vsnprintf_helper         00478920 f   LIBCMTD:vsnprnc.obj
 0002:00036b60       __vsnprintf_c              00478b60 f   LIBCMTD:vsnprnc.obj
 0002:00036bc0       __vsnprintf_c_l            00478bc0 f   LIBCMTD:vsnprnc.obj
 0002:00036c20       __vsprintf_s_l             00478c20 f   LIBCMTD:vsnprnc.obj
 0002:00036f20       _vsprintf_s                00478f20 f   LIBCMTD:vsnprnc.obj
 0002:00036f50       __vsnprintf_s_l            00478f50 f   LIBCMTD:vsnprnc.obj
 0002:000373d0       __vsnprintf_s              004793d0 f   LIBCMTD:vsnprnc.obj
 0002:00037400       __vsprintf_p               00479400 f   LIBCMTD:vsnprnc.obj
 0002:00037460       __vsprintf_p_l             00479460 f   LIBCMTD:vsnprnc.obj
 0002:000374c0       __commit                   004794c0 f   LIBCMTD:commit.obj
 0002:00037760       __write                    00479760 f   LIBCMTD:write.obj
 0002:00037a10       __write_nolock             00479a10 f   LIBCMTD:write.obj
 0002:000386b0       ?__CxxUnhandledExceptionFilter@@YGJPAU_EXCEPTION_POINTERS@@@Z 0047a6b0 f   LIBCMTD:unhandld.obj
 0002:00038730       ___CxxSetUnhandledExceptionFilter 0047a730 f   LIBCMTD:unhandld.obj
 0002:00038750       ___security_init_cookie    0047a750 f   LIBCMTD:gs_support.obj
 0002:00038860       __initp_misc_winxfltr      0047a860 f   LIBCMTD:winxfltr.obj
 0002:00038870       ___CppXcptFilter           0047a870 f   LIBCMTD:winxfltr.obj
 0002:000388a0       __XcptFilter               0047a8a0 f   LIBCMTD:winxfltr.obj
 0002:00038b50       __setenvp                  0047ab50 f   LIBCMTD:stdenvp.obj
 0002:00038d50       __setargv                  0047ad50 f   LIBCMTD:stdargv.obj
 0002:00038eb0       __set_pgmptr               0047aeb0 f i LIBCMTD:stdargv.obj
 0002:00039300       ___crtGetEnvironmentStringsA 0047b300 f   LIBCMTD:a_env.obj
 0002:000395a0       __RTC_Initialize           0047b5a0 f   LIBCMTD:initsect.obj
 0002:000395d0       __RTC_Terminate            0047b5d0 f   LIBCMTD:initsect.obj
 0002:00039600       __encode_pointer           0047b600 f   LIBCMTD:tidtable.obj
 0002:00039790       __encoded_null             0047b790 f   LIBCMTD:tidtable.obj
 0002:000397b0       __decode_pointer           0047b7b0 f   LIBCMTD:tidtable.obj
 0002:00039870       ___crtTlsAlloc@4           0047b870 f   LIBCMTD:tidtable.obj
 0002:00039880       ___fls_getvalue@4          0047b880 f   LIBCMTD:tidtable.obj
 0002:000398a0       ___get_flsindex            0047b8a0 f   LIBCMTD:tidtable.obj
 0002:000398b0       ___set_flsgetvalue         0047b8b0 f   LIBCMTD:tidtable.obj
 0002:00039910       ___fls_setvalue@8          0047b910 f   LIBCMTD:tidtable.obj
 0002:00039940       __mtinit                   0047b940 f   LIBCMTD:tidtable.obj
 0002:00039bd0       __mtterm                   0047bbd0 f   LIBCMTD:tidtable.obj
 0002:00039c40       __initptd                  0047bc40 f   LIBCMTD:tidtable.obj
 0002:00039dc0       __getptd_noexit            0047bdc0 f   LIBCMTD:tidtable.obj
 0002:00039ea0       __getptd                   0047bea0 f   LIBCMTD:tidtable.obj
 0002:00039ed0       __freefls@4                0047bed0 f   LIBCMTD:tidtable.obj
 0002:0003a130       __freeptd                  0047c130 f   LIBCMTD:tidtable.obj
 0002:0003a1d0       ___threadid                0047c1d0 f   LIBCMTD:tidtable.obj
 0002:0003a1e0       ___threadhandle            0047c1e0 f   LIBCMTD:tidtable.obj
 0002:0003a1f0       ___heap_select             0047c1f0 f   LIBCMTD:heapinit.obj
 0002:0003a2a0       __heap_init                0047c2a0 f   LIBCMTD:heapinit.obj
 0002:0003a330       __heap_term                0047c330 f   LIBCMTD:heapinit.obj
 0002:0003a3f0       __get_heap_handle          0047c3f0 f   LIBCMTD:heapinit.obj
 0002:0003a440       __FF_MSGBANNER             0047c440 f   LIBCMTD:crt0msg.obj
 0002:0003a4a0       __NMSG_WRITE               0047c4a0 f   LIBCMTD:crt0msg.obj
 0002:0003a7e0       __GET_RTERRMSG             0047c7e0 f   LIBCMTD:crt0msg.obj
 0002:0003a830       __VEC_memcpy               0047c830 f   LIBCMTD:p4_memcpy.obj
 0002:0003aa00       __sse2_mathfcns_init       0047ca00 f   LIBCMTD:mathfcns.obj
 0002:0003aa30       __set_SSE2_enable          0047ca30 f   LIBCMTD:mathfcns.obj
 0002:0003aa60       __VEC_memzero              0047ca60 f   LIBCMTD:p4_memset.obj
 0002:0003ab90       __tolower                  0047cb90 f   LIBCMTD:tolower.obj
 0002:0003aba0       __tolower_l                0047cba0 f   LIBCMTD:tolower.obj
 0002:0003adf0       _tolower                   0047cdf0 f   LIBCMTD:tolower.obj
 0002:0003ae50       ___updatetmbcinfo          0047ce50 f   LIBCMTD:mbctype.obj
 0002:0003afa0       __setmbcp                  0047cfa0 f   LIBCMTD:mbctype.obj
 0002:0003b430       __setmbcp_nolock           0047d430 f   LIBCMTD:mbctype.obj
 0002:0003be10       __getmbcp                  0047de10 f   LIBCMTD:mbctype.obj
 0002:0003bea0       ___initmbctable            0047dea0 f   LIBCMTD:mbctype.obj
 0002:0003bed0       ____setlc_active_func      0047ded0 f   LIBCMTD:setlocal.obj
 0002:0003bee0       ____unguarded_readlc_active_add_func 0047dee0 f   LIBCMTD:setlocal.obj
 0002:0003bef0       ___freetlocinfo            0047def0 f   LIBCMTD:setlocal.obj
 0002:0003c290       ___addlocaleref            0047e290 f   LIBCMTD:setlocal.obj
 0002:0003c400       ___removelocaleref         0047e400 f   LIBCMTD:setlocal.obj
 0002:0003c580       ___updatetlocinfo          0047e580 f   LIBCMTD:setlocal.obj
 0002:0003c720       __configthreadlocale       0047e720 f   LIBCMTD:setlocal.obj
 0002:0003c870       __locterm                  0047e870 f   LIBCMTD:setlocal.obj
 0002:0003c930       __free_locale              0047e930 f   LIBCMTD:setlocal.obj
 0002:0003ca90       ___free_locale             0047ea90 f   LIBCMTD:setlocal.obj
 0002:0003cab0       __create_locale            0047eab0 f   LIBCMTD:setlocal.obj
 0002:0003cd50       ___create_locale           0047ed50 f   LIBCMTD:setlocal.obj
 0002:0003cd70       __get_current_locale       0047ed70 f   LIBCMTD:setlocal.obj
 0002:0003cea0       ___get_current_locale      0047eea0 f   LIBCMTD:setlocal.obj
 0002:0003ceb0       _setlocale                 0047eeb0 f   LIBCMTD:setlocal.obj
 0002:0003e160       __expandlocale             00480160 f   LIBCMTD:setlocal.obj
 0002:0003e4b0       ___init_dummy              004804b0 f   LIBCMTD:setlocal.obj
 0002:0003e4c0       __strcats                  004804c0 f   LIBCMTD:setlocal.obj
 0002:0003e550       ___lc_strtolc              00480550 f   LIBCMTD:setlocal.obj
 0002:0003e7d0       ___lc_lctostr              004807d0 f   LIBCMTD:setlocal.obj
 0002:0003e890       __setdefaultprecision      00480890 f   LIBCMTD:fp8.obj
 0002:0003e8e0       __ms_p5_test_fdiv          004808e0 f   LIBCMTD:testfdiv.obj
 0002:0003e940       __ms_p5_mp_test_fdiv       00480940 f   LIBCMTD:testfdiv.obj
 0002:0003e9a0       __forcdecpt                004809a0 f   LIBCMTD:cvt.obj
 0002:0003e9c0       __forcdecpt_l              004809c0 f   LIBCMTD:cvt.obj
 0002:0003eab0       __cropzeros                00480ab0 f   LIBCMTD:cvt.obj
 0002:0003ead0       __cropzeros_l              00480ad0 f   LIBCMTD:cvt.obj
 0002:0003ec20       __positive                 00480c20 f   LIBCMTD:cvt.obj
 0002:0003ec60       __fassign_l                00480c60 f   LIBCMTD:cvt.obj
 0002:0003ecd0       __fassign                  00480cd0 f   LIBCMTD:cvt.obj
 0002:0003ed00       __cftoe_l                  00480d00 f   LIBCMTD:cvt.obj
 0002:0003f3a0       __cftoe                    004813a0 f   LIBCMTD:cvt.obj
 0002:0003f3d0       __cftoa_l                  004813d0 f   LIBCMTD:cvt.obj
 0002:0003fd90       ?strrchr@@YAPADPADH@Z      00481d90 f i LIBCMTD:cvt.obj
 0002:0003fdb0       __cftoa                    00481db0 f   LIBCMTD:cvt.obj
 0002:0003fde0       __cftof_l                  00481de0 f   LIBCMTD:cvt.obj
 0002:000402e0       __cftof                    004822e0 f   LIBCMTD:cvt.obj
 0002:00040310       __cftog_l                  00482310 f   LIBCMTD:cvt.obj
 0002:000405c0       __cftog                    004825c0 f   LIBCMTD:cvt.obj
 0002:000405f0       __cfltcvt_l                004825f0 f   LIBCMTD:cvt.obj
 0002:000406e0       __cfltcvt                  004826e0 f   LIBCMTD:cvt.obj
 0002:00040750       __initp_misc_cfltcvt_tab   00482750 f   LIBCMTD:cmiscdat.obj
 0002:000407a0       __initp_heap_handler       004827a0 f   LIBCMTD:handler.obj
 0002:000407b0       ?_set_new_handler@@YAP6AHI@ZP6AHI@Z@Z 004827b0 f   LIBCMTD:handler.obj
 0002:00040810       ?_set_new_handler@@YAP6AHI@ZH@Z 00482810 f   LIBCMTD:handler.obj
 0002:00040850       ?_query_new_handler@@YAP6AHI@ZXZ 00482850 f   LIBCMTD:handler.obj
 0002:00040870       __callnewh                 00482870 f   LIBCMTD:handler.obj
 0002:000408c0       _V6_HeapAlloc              004828c0 f   LIBCMTD:malloc.obj
 0002:00040980       __malloc_base              00482980 f   LIBCMTD:malloc.obj
 0002:00040a30       __heap_alloc_base          00482a30 f i LIBCMTD:malloc.obj
 0002:00040b10       __CrtSetReportHook2        00482b10 f   LIBCMTD:dbgrpt.obj
 0002:00040f00       __CrtDbgReport             00482f00 f   LIBCMTD:dbgrpt.obj
 0002:00040f50       __CrtDbgReportV            00482f50 f i LIBCMTD:dbgrpt.obj
 0002:00040f80       ___crtMessageWindowA       00482f80 f   LIBCMTD:dbgrpt.obj
 0002:00041480       __CrtDefaultAllocHook      00483480 f   LIBCMTD:dbghook.obj
 0002:00041490       __crt_debugger_hook        00483490 f   LIBCMTD:dbghook.obj
 0002:000414b0       __expand_base              004834b0 f   LIBCMTD:expand.obj
 0002:000416f0       __realloc_base             004836f0 f   LIBCMTD:realloc.obj
 0002:00041b70       __recalloc_base            00483b70 f   LIBCMTD:realloc.obj
 0002:00041ca0       __free_base                00483ca0 f   LIBCMTD:free.obj
 0002:00041e10       __heapchk                  00483e10 f   LIBCMTD:heapchk.obj
 0002:00041f10       __heapset                  00483f10 f   LIBCMTD:heapchk.obj
 0002:00041f20       __get_sbh_threshold        00483f20 f   LIBCMTD:sbheap.obj
 0002:00041f80       __set_sbh_threshold        00483f80 f   LIBCMTD:sbheap.obj
 0002:00042170       __set_amblksiz             00484170 f   LIBCMTD:sbheap.obj
 0002:000422b0       __get_amblksiz             004842b0 f   LIBCMTD:sbheap.obj
 0002:000423e0       ___sbh_heap_init           004843e0 f   LIBCMTD:sbheap.obj
 0002:00042460       ___sbh_find_block          00484460 f   LIBCMTD:sbheap.obj
 0002:000424d0       ___sbh_verify_block        004844d0 f   LIBCMTD:sbheap.obj
 0002:00042540       ___sbh_free_block          00484540 f   LIBCMTD:sbheap.obj
 0002:00042c70       ___sbh_alloc_block         00484c70 f   LIBCMTD:sbheap.obj
 0002:000432d0       ___sbh_alloc_new_region    004852d0 f   LIBCMTD:sbheap.obj
 0002:00043420       ___sbh_alloc_new_group     00485420 f   LIBCMTD:sbheap.obj
 0002:00043690       ___sbh_resize_block        00485690 f   LIBCMTD:sbheap.obj
 0002:00043dd0       ___sbh_heapmin             00485dd0 f   LIBCMTD:sbheap.obj
 0002:00043f50       ___sbh_heap_check          00485f50 f   LIBCMTD:sbheap.obj
 0002:00044570       __chvalidator              00486570 f   LIBCMTD:isctype.obj
 0002:000445d0       __chvalidator_l            004865d0 f   LIBCMTD:isctype.obj
 0002:000446b0       __isctype_l                004866b0 f   LIBCMTD:isctype.obj
 0002:00044810       __isctype                  00486810 f   LIBCMTD:isctype.obj
 0002:00044860       __cintrindisp2             00486860 f   LIBCMTD:87cdisp.obj
 0002:0004489e       __cintrindisp1             0048689e f   LIBCMTD:87cdisp.obj
 0002:000448db       __ctrandisp2               004868db f   LIBCMTD:87cdisp.obj
 0002:00044a71       __ctrandisp1               00486a71 f   LIBCMTD:87cdisp.obj
 0002:00044aa4       __fload                    00486aa4 f   LIBCMTD:87cdisp.obj
 0002:00044b80       __trandisp1                00486b80 f   LIBCMTD:87disp.obj
 0002:00044be7       __trandisp2                00486be7 f   LIBCMTD:87disp.obj
 0002:00044c73       __rttospopde               00486c73     LIBCMTD:87disp.obj
 0002:00044c78       __rttospop                 00486c78     LIBCMTD:87disp.obj
 0002:00044c7a       __rtnospop                 00486c7a     LIBCMTD:87disp.obj
 0002:00044c7c       __rttosnpop                00486c7c     LIBCMTD:87disp.obj
 0002:00044c7d       __rtnospopde               00486c7d     LIBCMTD:87disp.obj
 0002:00044c84       __rtzeropop                00486c84     LIBCMTD:87disp.obj
 0002:00044c86       __rtzeronpop               00486c86     LIBCMTD:87disp.obj
 0002:00044c8b       __rtonepop                 00486c8b     LIBCMTD:87disp.obj
 0002:00044c8d       __rtonenpop                00486c8d     LIBCMTD:87disp.obj
 0002:00044c92       __tosnan1                  00486c92     LIBCMTD:87disp.obj
 0002:00044cbd       __nosnan2                  00486cbd     LIBCMTD:87disp.obj
 0002:00044cbf       __tosnan2                  00486cbf     LIBCMTD:87disp.obj
 0002:00044ce7       __nan2                     00486ce7     LIBCMTD:87disp.obj
 0002:00044d26       __rtindfpop                00486d26     LIBCMTD:87disp.obj
 0002:00044d28       __rtindfnpop               00486d28     LIBCMTD:87disp.obj
 0002:00044d39       __rttosnpopde              00486d39     LIBCMTD:87disp.obj
 0002:00044d43       __rtchsifneg               00486d43     LIBCMTD:87disp.obj
 0002:00044dc0       _fdiv_main_routine         00486dc0 f   LIBCMTD:adj_fdiv.obj
 0002:00044ed7       __adj_fdiv_r               00486ed7 f   LIBCMTD:adj_fdiv.obj
 0002:00045376       __fdivp_sti_st             00487376 f   LIBCMTD:adj_fdiv.obj
 0002:00045389       __fdivrp_sti_st            00487389 f   LIBCMTD:adj_fdiv.obj
 0002:0004539c       __adj_fdiv_m32             0048739c f   LIBCMTD:adj_fdiv.obj
 0002:000453e8       __adj_fdiv_m64             004873e8 f   LIBCMTD:adj_fdiv.obj
 0002:00045434       __adj_fdiv_m16i            00487434 f   LIBCMTD:adj_fdiv.obj
 0002:00045468       __adj_fdiv_m32i            00487468 f   LIBCMTD:adj_fdiv.obj
 0002:0004549c       __adj_fdivr_m32            0048749c f   LIBCMTD:adj_fdiv.obj
 0002:000454e8       __adj_fdivr_m64            004874e8 f   LIBCMTD:adj_fdiv.obj
 0002:00045534       __adj_fdivr_m16i           00487534 f   LIBCMTD:adj_fdiv.obj
 0002:00045568       __adj_fdivr_m32i           00487568 f   LIBCMTD:adj_fdiv.obj
 0002:0004559c       __safe_fdiv                0048759c f   LIBCMTD:adj_fdiv.obj
 0002:000455b1       __safe_fdivr               004875b1 f   LIBCMTD:adj_fdiv.obj
 0002:000455c6       __fprem_common             004875c6 f   LIBCMTD:adj_fdiv.obj
 0002:000457cc       __adj_fprem                004877cc f   LIBCMTD:adj_fdiv.obj
 0002:0004587e       __fprem1_common            0048787e f   LIBCMTD:adj_fdiv.obj
 0002:00045a84       __adj_fprem1               00487a84 f   LIBCMTD:adj_fdiv.obj
 0002:00045b39       __safe_fprem               00487b39 f   LIBCMTD:adj_fdiv.obj
 0002:00045b3f       __safe_fprem1              00487b3f f   LIBCMTD:adj_fdiv.obj
 0002:00045b45       __adj_fpatan               00487b45 f   LIBCMTD:adj_fdiv.obj
 0002:00045b48       __adj_fptan                00487b48 f   LIBCMTD:adj_fdiv.obj
 0002:00045eb0       ___ascii_strnicmp          00487eb0 f   LIBCMTD:_strnicm.obj
 0002:00045f2c       __global_unwind2           00487f2c f   LIBCMTD:exsup.obj
 0002:00045f91       __local_unwind2            00487f91 f   LIBCMTD:exsup.obj
 0002:00046015       __abnormal_termination     00488015 f   LIBCMTD:exsup.obj
 0002:00046038       __NLG_Notify1              00488038 f   LIBCMTD:exsup.obj
 0002:00046041       __NLG_Notify               00488041 f   LIBCMTD:exsup.obj
 0002:00046058       __NLG_Dispatch2            00488058     LIBCMTD:exsup.obj
 0002:00046058       __NLG_Dispatch             00488058     LIBCMTD:exsup.obj
 0002:00046060       __NLG_Call                 00488060 f   LIBCMTD:exsup.obj
 0002:00046062       __NLG_Return2              00488062     LIBCMTD:exsup.obj
 0002:000460b0       __rt_probe_read4@4         004880b0 f   LIBCMTD:sehsupp.obj
 0002:00046170       __isatty                   00488170 f   LIBCMTD:isatty.obj
 0002:00046290       __wctomb_s_l               00488290 f   LIBCMTD:wctomb.obj
 0002:00046650       _wctomb_s                  00488650 f   LIBCMTD:wctomb.obj
 0002:00046680       __wctomb_l                 00488680 f   LIBCMTD:wctomb.obj
 0002:00046720       _wctomb                    00488720 f   LIBCMTD:wctomb.obj
 0002:00046780       __isleadbyte_l             00488780 f i LIBCMTD:_wctype.obj
 0002:000467e0       _isleadbyte                004887e0 f i LIBCMTD:_wctype.obj
 0002:00046800       __iswalpha_l               00488800 f i LIBCMTD:_wctype.obj
 0002:00046830       _iswalpha                  00488830 f i LIBCMTD:_wctype.obj
 0002:00046850       __iswupper_l               00488850 f i LIBCMTD:_wctype.obj
 0002:00046870       _iswupper                  00488870 f i LIBCMTD:_wctype.obj
 0002:00046890       __iswlower_l               00488890 f i LIBCMTD:_wctype.obj
 0002:000468b0       _iswlower                  004888b0 f i LIBCMTD:_wctype.obj
 0002:000468d0       __iswdigit_l               004888d0 f i LIBCMTD:_wctype.obj
 0002:000468f0       _iswdigit                  004888f0 f i LIBCMTD:_wctype.obj
 0002:00046910       __iswxdigit_l              00488910 f i LIBCMTD:_wctype.obj
 0002:00046940       _iswxdigit                 00488940 f i LIBCMTD:_wctype.obj
 0002:00046960       __iswspace_l               00488960 f i LIBCMTD:_wctype.obj
 0002:00046980       _iswspace                  00488980 f i LIBCMTD:_wctype.obj
 0002:000469a0       __iswpunct_l               004889a0 f i LIBCMTD:_wctype.obj
 0002:000469c0       _iswpunct                  004889c0 f i LIBCMTD:_wctype.obj
 0002:000469e0       __iswalnum_l               004889e0 f i LIBCMTD:_wctype.obj
 0002:00046a10       _iswalnum                  00488a10 f i LIBCMTD:_wctype.obj
 0002:00046a30       __iswprint_l               00488a30 f i LIBCMTD:_wctype.obj
 0002:00046a60       _iswprint                  00488a60 f i LIBCMTD:_wctype.obj
 0002:00046a80       __iswgraph_l               00488a80 f i LIBCMTD:_wctype.obj
 0002:00046ab0       _iswgraph                  00488ab0 f i LIBCMTD:_wctype.obj
 0002:00046ad0       __iswcntrl_l               00488ad0 f i LIBCMTD:_wctype.obj
 0002:00046af0       _iswcntrl                  00488af0 f i LIBCMTD:_wctype.obj
 0002:00046b10       _iswascii                  00488b10 f i LIBCMTD:_wctype.obj
 0002:00046b30       __iswcsym_l                00488b30 f i LIBCMTD:_wctype.obj
 0002:00046b80       ___iswcsym                 00488b80 f i LIBCMTD:_wctype.obj
 0002:00046bd0       __iswcsymf_l               00488bd0 f i LIBCMTD:_wctype.obj
 0002:00046c20       ___iswcsymf                00488c20 f i LIBCMTD:_wctype.obj
 0002:00046c70       __aulldiv                  00488c70 f   LIBCMTD:ulldiv.obj
 0002:00046d00       __aullrem                  00488d00 f   LIBCMTD:ullrem.obj
 0002:00046da0       __CrtDbgBreak              00488da0 f   LIBCMTD:dbgrptt.obj
 0002:00046db0       __CrtSetReportMode         00488db0 f   LIBCMTD:dbgrptt.obj
 0002:00046f40       __CrtSetReportFile         00488f40 f   LIBCMTD:dbgrptt.obj
 0002:00047070       __CrtSetReportHook         00489070 f   LIBCMTD:dbgrptt.obj
 0002:000470a0       __CrtGetReportHook         004890a0 f   LIBCMTD:dbgrptt.obj
 0002:000470b0       __VCrtDbgReportA           004890b0 f   LIBCMTD:dbgrptt.obj
 0002:00047ae0       __VCrtDbgReportW           00489ae0 f   LIBCMTD:dbgrptt.obj
 0002:00048660       __swprintf                 0048a660 f   LIBCMTD:swprintf.obj
 0002:000488b0       ___swprintf_l              0048a8b0 f   LIBCMTD:swprintf.obj
 0002:000488e0       _swprintf_s                0048a8e0 f   LIBCMTD:swprintf.obj
 0002:00048920       __snwprintf_s              0048a920 f   LIBCMTD:swprintf.obj
 0002:00048960       __swprintf_p               0048a960 f   LIBCMTD:swprintf.obj
[...]
 0004:00004dec       ___mbcodepage              004efdec     LIBCMTD:mbctype.obj
 0004:00004df0       ___ismbcodepage            004efdf0     LIBCMTD:mbctype.obj
 0004:00004df4       ___mblcid                  004efdf4     LIBCMTD:mbctype.obj
 0004:00004e00       ___locale_changed          004efe00     LIBCMTD:setlocal.obj
 0004:00004e04       ___lc_handle               004efe04     LIBCMTD:nlsdata2.obj
 0004:00004e1c       ___lc_codepage             004efe1c     LIBCMTD:nlsdata2.obj
 0004:00004e20       ___lc_collate_cp           004efe20     LIBCMTD:nlsdata2.obj
 0004:00004e2c       __newmode                  004efe2c     LIBCMTD:_newmode.obj
 0004:00004e30       ?_pnhHeap@@3P6AHI@ZA       004efe30     LIBCMTD:handler.obj
 0004:00004e34       ___sbh_pHeaderDefer        004efe34     LIBCMTD:sbheap.obj
 0004:00004e3c       ?__pInconsistency@@3P6AXXZA 004efe3c     LIBCMTD:hooks.obj
 0004:00004e4c       ___pPurecall               004efe4c     LIBCMTD:inithelp.obj
 0004:00004e74       ___lconv_static_null       004efe74     LIBCMTD:lconv.obj
 0004:00004e78       __outputformat             004efe78     LIBCMTD:outputformat.obj
 0004:00004e7c       ?wsprintffp@@3P6AHPADPBDZZA 004efe7c     LIBCMTD:error.obj
 0004:00004fa0       ?pArgList@UnDecorator@@0PAVReplicator@@A 004effa0     LIBCMTD:undname.obj
 0004:00004fa4       ?pZNameList@UnDecorator@@0PAVReplicator@@A 004effa4     LIBCMTD:undname.obj
 0004:00004fa8       ?pTemplateArgList@UnDecorator@@0PAVReplicator@@A 004effa8     LIBCMTD:undname.obj
 0004:00004fac       ?gName@UnDecorator@@0PBDB  004effac     LIBCMTD:undname.obj
 0004:00004fb0       ?name@UnDecorator@@0PBDB   004effb0     LIBCMTD:undname.obj
 0004:00004fb4       ?outputString@UnDecorator@@0PADA 004effb4     LIBCMTD:undname.obj
 0004:00004fb8       ?maxStringLength@UnDecorator@@0HA 004effb8     LIBCMTD:undname.obj
 0004:00004fbc       ?disableFlags@UnDecorator@@0KA 004effbc     LIBCMTD:undname.obj
 0004:00004fc0       ?m_pGetParameter@UnDecorator@@0P6APADJ@ZA 004effc0     LIBCMTD:undname.obj
 0004:00004fc4       ?fExplicitTemplateParams@UnDecorator@@0_NA 004effc4     LIBCMTD:undname.obj
 0004:00004fc5       ?fGetTemplateArgumentList@UnDecorator@@0_NA 004effc5     LIBCMTD:undname.obj
 0004:00005040       _stack_based_factory       004f0040     <common>
 0004:00005074       _PJ_NO_MEMORY_EXCEPTION    004f0074     <common>
 0004:00005080       __pfnReportHook            004f0080     <common>
 0004:00005090       __pReportHookListW         004f0090     <common>
 0004:00005094       __pReportHookList          004f0094     <common>
 0004:00005098       ___sbh_initialized         004f0098     <common>
 0004:000050ac       ___sbh_cntHeaderList       004f00ac     <common>
 0004:000050b0       ___sbh_pHeaderList         004f00b0     <common>
 0004:000050b4       ___sbh_threshold           004f00b4     <common>
 0004:000050b8       ___sbh_pHeaderScan         004f00b8     <common>
 0004:000050bc       ___sbh_sizeHeaderList      004f00bc     <common>
 0004:000050c0       ___sbh_indGroupDefer       004f00c0     <common>
 0004:000050c4       __debugger_hook_dummy      004f00c4     <common>
 0004:000050d0       ___setlc_active            004f00d0     <common>
 0004:000050e0       ___unguarded_readlc_active 004f00e0     <common>
 0004:000050e4       ___use_sse2_mathfcns       004f00e4     <common>
 0004:000050f4       ___sse2_available          004f00f4     <common>
 0004:000050f8       ___active_heap             004f00f8     <common>
 0004:00005104       ___env_initialized         004f0104     <common>
 0004:00005114       ___onexitend               004f0114     <common>
 0004:00005118       ___onexitbegin             004f0118     <common>
 0004:0000511c       ___mbctype_initialized     004f011c     <common>
 0004:00005120       ___dyn_tls_init_callback   004f0120     <common>
 0004:00005124       __nhandle                  004f0124     <common>
 0004:00005180       ___pioinfo                 004f0180     <common>
 0004:00005280       __setjmpexused             004f0280     <common>
 0004:0000528c       __acmdln                   004f028c     <common>
 0004:00005298       ___piob                    004f0298     <common>
 0004:000055e0       __bufin                    004f05e0     <common>
 0004:000065e0       __nstream                  004f15e0     <common>
 0005:00000000       __IMPORT_DESCRIPTOR_ole32  004f2000     ole32:ole32.dll
 0005:00000014       __IMPORT_DESCRIPTOR_WS2_32 004f2014     ws2_32:WS2_32.dll
 0005:00000028       __IMPORT_DESCRIPTOR_WINMM  004f2028     winmm:WINMM.dll
 0005:0000003c       __IMPORT_DESCRIPTOR_KERNEL32 004f203c     kernel32:KERNEL32.dll
 0005:00000050       __NULL_IMPORT_DESCRIPTOR   004f2050     ole32:ole32.dll
 0005:00000460       __imp__SetConsoleTextAttribute@8 004f2460     kernel32:KERNEL32.dll
 0005:00000464       __imp__SetEnvironmentVariableA@8 004f2464     kernel32:KERNEL32.dll
 0005:00000468       __imp__CompareStringW@24   004f2468     kernel32:KERNEL32.dll
 0005:0000046c       __imp__CompareStringA@24   004f246c     kernel32:KERNEL32.dll
 0005:00000470       __imp__VirtualQuery@12     004f2470     kernel32:KERNEL32.dll
 0005:00000474       __imp__GetTimeZoneInformation@4 004f2474     kernel32:KERNEL32.dll
 0005:00000478       __imp__GetLocaleInfoW@16   004f2478     kernel32:KERNEL32.dll
 0005:0000047c       __imp__lstrlenA@4          004f247c     kernel32:KERNEL32.dll
 0005:00000480       __imp__RaiseException@16   004f2480     kernel32:KERNEL32.dll
 0005:00000484       __imp__GetUserDefaultLCID@0 004f2484     kernel32:KERNEL32.dll
 0005:00000488       __imp__EnumSystemLocalesA@8 004f2488     kernel32:KERNEL32.dll
 0005:0000048c       __imp__IsValidLocale@8     004f248c     kernel32:KERNEL32.dll
 0005:00000490       __imp__GetLocaleInfoA@16   004f2490     kernel32:KERNEL32.dll
 0005:00000494       __imp__GetDateFormatA@24   004f2494     kernel32:KERNEL32.dll
 0005:00000498       __imp__GetTimeFormatA@24   004f2498     kernel32:KERNEL32.dll
 0005:0000049c       __imp__GetStringTypeW@16   004f249c     kernel32:KERNEL32.dll
 0005:000004a0       __imp__GetStringTypeA@20   004f24a0     kernel32:KERNEL32.dll
 0005:000004a4       __imp__LCMapStringW@24     004f24a4     kernel32:KERNEL32.dll
 0005:000004a8       __imp__LCMapStringA@24     004f24a8     kernel32:KERNEL32.dll
 0005:000004ac       __imp__GetConsoleOutputCP@0 004f24ac     kernel32:KERNEL32.dll
 0005:000004b0       __imp__WriteConsoleA@20    004f24b0     kernel32:KERNEL32.dll
 0005:000004b4       __imp__SetStdHandle@8      004f24b4     kernel32:KERNEL32.dll
 0005:000004b8       __imp__LoadLibraryA@4      004f24b8     kernel32:KERNEL32.dll
 0005:000004bc       __imp__FreeLibrary@4       004f24bc     kernel32:KERNEL32.dll
 0005:000004c0       __imp__MultiByteToWideChar@24 004f24c0     kernel32:KERNEL32.dll
 0005:000004c4       __imp__OutputDebugStringW@4 004f24c4     kernel32:KERNEL32.dll
 0005:000004c8       __imp__OutputDebugStringA@4 004f24c8     kernel32:KERNEL32.dll
 0005:000004cc       __imp__DebugBreak@0        004f24cc     kernel32:KERNEL32.dll
 0005:000004d0       __imp__VirtualAlloc@16     004f24d0     kernel32:KERNEL32.dll
 0005:000004d4       __imp__HeapReAlloc@16      004f24d4     kernel32:KERNEL32.dll
 0005:000004d8       __imp__IsValidCodePage@4   004f24d8     kernel32:KERNEL32.dll
 0005:000004dc       __imp__GetCPInfo@8         004f24dc     kernel32:KERNEL32.dll
 0005:000004e0       __imp__GetOEMCP@0          004f24e0     kernel32:KERNEL32.dll
 0005:000004e4       __imp__GetACP@0            004f24e4     kernel32:KERNEL32.dll
 0005:000004e8       __imp__VirtualFree@12      004f24e8     kernel32:KERNEL32.dll
 0005:000004ec       __imp__HeapCreate@12       004f24ec     kernel32:KERNEL32.dll
 0005:000004f0       __imp__HeapDestroy@4       004f24f0     kernel32:KERNEL32.dll
 0005:000004f4       __imp__GetEnvironmentStringsW@0 004f24f4     kernel32:KERNEL32.dll
 0005:000004f8       __imp__FreeEnvironmentStringsW@4 004f24f8     kernel32:KERNEL32.dll
 0005:000004fc       __imp__GetEnvironmentStrings@0 004f24fc     kernel32:KERNEL32.dll
 0005:00000500       __imp__FreeEnvironmentStringsA@4 004f2500     kernel32:KERNEL32.dll
 0005:00000504       __imp__GetSystemTimeAsFileTime@4 004f2504     kernel32:KERNEL32.dll
 0005:00000508       __imp__GetTickCount@0      004f2508     kernel32:KERNEL32.dll
 0005:0000050c       __imp__GetConsoleMode@8    004f250c     kernel32:KERNEL32.dll
 0005:00000510       __imp__GetConsoleCP@0      004f2510     kernel32:KERNEL32.dll
 0005:00000514       __imp__WideCharToMultiByte@32 004f2514     kernel32:KERNEL32.dll
 0005:00000518       __imp__GetModuleFileNameA@12 004f2518     kernel32:KERNEL32.dll
 0005:0000051c       __imp__LoadLibraryW@4      004f251c     kernel32:KERNEL32.dll
 0005:00000520       __imp__SetConsoleCtrlHandler@8 004f2520     kernel32:KERNEL32.dll
 0005:00000524       __imp__FatalAppExitA@8     004f2524     kernel32:KERNEL32.dll
 0005:00000528       __imp__ExitProcess@4       004f2528     kernel32:KERNEL32.dll
 0005:0000052c       __imp__GetModuleHandleA@4  004f252c     kernel32:KERNEL32.dll
 0005:00000530       __imp__GetProcAddress@8    004f2530     kernel32:KERNEL32.dll
 0005:00000534       __imp__GetStartupInfoA@4   004f2534     kernel32:KERNEL32.dll
 0005:00000538       __imp__SetHandleCount@4    004f2538     kernel32:KERNEL32.dll
 0005:0000053c       __imp__IsDebuggerPresent@0 004f253c     kernel32:KERNEL32.dll
 0005:00000540       __imp__SetUnhandledExceptionFilter@4 004f2540     kernel32:KERNEL32.dll
 0005:00000544       __imp__UnhandledExceptionFilter@4 004f2544     kernel32:KERNEL32.dll
 0005:00000548       __imp__GetCurrentProcess@0 004f2548     kernel32:KERNEL32.dll
 0005:0000054c       __imp__CreateEventA@16     004f254c     kernel32:KERNEL32.dll
 0005:00000550       __imp__WaitForMultipleObjects@16 004f2550     kernel32:KERNEL32.dll
 0005:00000554       __imp__SetThreadPriority@8 004f2554     kernel32:KERNEL32.dll
 0005:00000558       __imp__GetCurrentThread@0  004f2558     kernel32:KERNEL32.dll
 0005:0000055c       __imp__CloseHandle@4       004f255c     kernel32:KERNEL32.dll
 0005:00000560       __imp__SetEvent@4          004f2560     kernel32:KERNEL32.dll
 0005:00000564       __imp__GetCurrentProcessId@0 004f2564     kernel32:KERNEL32.dll
 0005:00000568       __imp__GetThreadPriority@4 004f2568     kernel32:KERNEL32.dll
 0005:0000056c       __imp__GetLastError@0      004f256c     kernel32:KERNEL32.dll
 0005:00000570       __imp__GetCurrentThreadId@0 004f2570     kernel32:KERNEL32.dll
 0005:00000574       __imp__CreateThread@24     004f2574     kernel32:KERNEL32.dll
 0005:00000578       __imp__ResumeThread@4      004f2578     kernel32:KERNEL32.dll
 0005:0000057c       __imp__WaitForSingleObject@8 004f257c     kernel32:KERNEL32.dll
 0005:00000580       __imp__Sleep@4             004f2580     kernel32:KERNEL32.dll
 0005:00000584       __imp__InterlockedExchange@8 004f2584     kernel32:KERNEL32.dll
 0005:00000588       __imp__InterlockedIncrement@4 004f2588     kernel32:KERNEL32.dll
 0005:0000058c       __imp__InterlockedDecrement@4 004f258c     kernel32:KERNEL32.dll
 0005:00000590       __imp__InterlockedExchangeAdd@8 004f2590     kernel32:KERNEL32.dll
 0005:00000594       __imp__TlsAlloc@0          004f2594     kernel32:KERNEL32.dll
 0005:00000598       __imp__TlsFree@4           004f2598     kernel32:KERNEL32.dll
 0005:0000059c       __imp__TlsSetValue@8       004f259c     kernel32:KERNEL32.dll
 0005:000005a0       __imp__TlsGetValue@4       004f25a0     kernel32:KERNEL32.dll
 0005:000005a4       __imp__InitializeCriticalSection@4 004f25a4     kernel32:KERNEL32.dll
 0005:000005a8       __imp__EnterCriticalSection@4 004f25a8     kernel32:KERNEL32.dll
 0005:000005ac       __imp__LeaveCriticalSection@4 004f25ac     kernel32:KERNEL32.dll
 0005:000005b0       __imp__TryEnterCriticalSection@4 004f25b0     kernel32:KERNEL32.dll
 0005:000005b4       __imp__DeleteCriticalSection@4 004f25b4     kernel32:KERNEL32.dll
 0005:000005b8       __imp__CreateSemaphoreA@16 004f25b8     kernel32:KERNEL32.dll
 0005:000005bc       __imp__ReleaseSemaphore@12 004f25bc     kernel32:KERNEL32.dll
 0005:000005c0       __imp__PulseEvent@4        004f25c0     kernel32:KERNEL32.dll
 0005:000005c4       __imp__ResetEvent@4        004f25c4     kernel32:KERNEL32.dll
 0005:000005c8       __imp__GetStdHandle@4      004f25c8     kernel32:KERNEL32.dll
 0005:000005cc       __imp__GetConsoleScreenBufferInfo@8 004f25cc     kernel32:KERNEL32.dll
 0005:000005d0       __imp__QueryPerformanceCounter@4 004f25d0     kernel32:KERNEL32.dll
 0005:000005d4       __imp__QueryPerformanceFrequency@4 004f25d4     kernel32:KERNEL32.dll
 0005:000005d8       __imp__SetLastError@4      004f25d8     kernel32:KERNEL32.dll
 0005:000005dc       __imp__FormatMessageA@28   004f25dc     kernel32:KERNEL32.dll
 0005:000005e0       __imp__CreateFileA@28      004f25e0     kernel32:KERNEL32.dll
 0005:000005e4       __imp__WriteFile@20        004f25e4     kernel32:KERNEL32.dll
 0005:000005e8       __imp__ReadFile@20         004f25e8     kernel32:KERNEL32.dll
 0005:000005ec       __imp__SetFilePointer@16   004f25ec     kernel32:KERNEL32.dll
 0005:000005f0       __imp__FlushFileBuffers@4  004f25f0     kernel32:KERNEL32.dll
 0005:000005f4       __imp__GetFileSize@8       004f25f4     kernel32:KERNEL32.dll
 0005:000005f8       __imp__DeleteFileA@4       004f25f8     kernel32:KERNEL32.dll
 0005:000005fc       __imp__MoveFileExA@12      004f25fc     kernel32:KERNEL32.dll
 0005:00000600       __imp__GetFileTime@16      004f2600     kernel32:KERNEL32.dll
 0005:00000604       __imp__FileTimeToSystemTime@8 004f2604     kernel32:KERNEL32.dll
 0005:00000608       __imp__FileTimeToLocalFileTime@8 004f2608     kernel32:KERNEL32.dll
 0005:0000060c       __imp__SystemTimeToFileTime@8 004f260c     kernel32:KERNEL32.dll
 0005:00000610       __imp__GetLocalTime@4      004f2610     kernel32:KERNEL32.dll
 0005:00000614       __imp__GetModuleFileNameW@12 004f2614     kernel32:KERNEL32.dll
 0005:00000618       __imp__WriteConsoleW@20    004f2618     kernel32:KERNEL32.dll
 0005:0000061c       __imp__GetFileType@4       004f261c     kernel32:KERNEL32.dll
 0005:00000620       __imp__GetCommandLineA@0   004f2620     kernel32:KERNEL32.dll
 0005:00000624       __imp__HeapFree@12         004f2624     kernel32:KERNEL32.dll
 0005:00000628       __imp__GetVersionExA@4     004f2628     kernel32:KERNEL32.dll
 0005:0000062c       __imp__HeapAlloc@12        004f262c     kernel32:KERNEL32.dll
 0005:00000630       __imp__GetProcessHeap@0    004f2630     kernel32:KERNEL32.dll
 0005:00000634       __imp__HeapValidate@12     004f2634     kernel32:KERNEL32.dll
 0005:00000638       __imp__IsBadReadPtr@8      004f2638     kernel32:KERNEL32.dll
 0005:0000063c       __imp__RtlUnwind@16        004f263c     kernel32:KERNEL32.dll
 0005:00000640       __imp__TerminateProcess@8  004f2640     kernel32:KERNEL32.dll
 0005:00000644       \177KERNEL32_NULL_THUNK_DATA 004f2644     kernel32:KERNEL32.dll
 0005:000006d0       __imp__waveInGetErrorTextA@12 004f26d0     winmm:WINMM.dll
 0005:000006d4       __imp__waveOutGetErrorTextA@12 004f26d4     winmm:WINMM.dll
 0005:000006d8       __imp__waveOutReset@4      004f26d8     winmm:WINMM.dll
 0005:000006dc       __imp__waveOutUnprepareHeader@12 004f26dc     winmm:WINMM.dll
 0005:000006e0       __imp__waveOutClose@4      004f26e0     winmm:WINMM.dll
 0005:000006e4       __imp__waveInReset@4       004f26e4     winmm:WINMM.dll
 0005:000006e8       __imp__waveInUnprepareHeader@12 004f26e8     winmm:WINMM.dll
 0005:000006ec       __imp__waveInClose@4       004f26ec     winmm:WINMM.dll
 0005:000006f0       __imp__waveInStop@4        004f26f0     winmm:WINMM.dll
 0005:000006f4       __imp__waveOutRestart@4    004f26f4     winmm:WINMM.dll
 0005:000006f8       __imp__waveInStart@4       004f26f8     winmm:WINMM.dll
 0005:000006fc       __imp__waveOutSetVolume@8  004f26fc     winmm:WINMM.dll
 0005:00000700       __imp__waveOutGetVolume@8  004f2700     winmm:WINMM.dll
 0005:00000704       __imp__waveInOpen@24       004f2704     winmm:WINMM.dll
 0005:00000708       __imp__waveInPrepareHeader@12 004f2708     winmm:WINMM.dll
 0005:0000070c       __imp__waveInAddBuffer@12  004f270c     winmm:WINMM.dll
 0005:00000710       __imp__waveOutOpen@24      004f2710     winmm:WINMM.dll
 0005:00000714       __imp__waveOutPause@4      004f2714     winmm:WINMM.dll
 0005:00000718       __imp__waveOutPrepareHeader@12 004f2718     winmm:WINMM.dll
 0005:0000071c       __imp__waveOutWrite@12     004f271c     winmm:WINMM.dll
 0005:00000720       __imp__waveInGetNumDevs@0  004f2720     winmm:WINMM.dll
 0005:00000724       __imp__waveOutGetNumDevs@0 004f2724     winmm:WINMM.dll
 0005:00000728       __imp__waveInGetDevCapsA@12 004f2728     winmm:WINMM.dll
 0005:0000072c       __imp__waveOutGetDevCapsA@12 004f272c     winmm:WINMM.dll
 0005:00000730       \177WINMM_NULL_THUNK_DATA  004f2730     winmm:WINMM.dll
 0005:0000076c       __imp__select@20           004f276c     ws2_32:WS2_32.dll
 0005:00000770       __imp____WSAFDIsSet@8      004f2770     ws2_32:WS2_32.dll
 0005:00000774       __imp__accept@12           004f2774     ws2_32:WS2_32.dll
 0005:00000778       __imp__listen@8            004f2778     ws2_32:WS2_32.dll
 0005:0000077c       __imp__shutdown@8          004f277c     ws2_32:WS2_32.dll
 0005:00000780       __imp__connect@12          004f2780     ws2_32:WS2_32.dll
 0005:00000784       __imp__setsockopt@20       004f2784     ws2_32:WS2_32.dll
 0005:00000788       __imp__getsockopt@20       004f2788     ws2_32:WS2_32.dll
 0005:0000078c       __imp__recvfrom@24         004f278c     ws2_32:WS2_32.dll
 0005:00000790       __imp__recv@16             004f2790     ws2_32:WS2_32.dll
 0005:00000794       __imp__sendto@24           004f2794     ws2_32:WS2_32.dll
 0005:00000798       __imp__send@16             004f2798     ws2_32:WS2_32.dll
 0005:0000079c       __imp__getsockname@12      004f279c     ws2_32:WS2_32.dll
 0005:000007a0       __imp__getpeername@12      004f27a0     ws2_32:WS2_32.dll
 0005:000007a4       __imp__closesocket@4       004f27a4     ws2_32:WS2_32.dll
 0005:000007a8       __imp__bind@12             004f27a8     ws2_32:WS2_32.dll
 0005:000007ac       __imp__WSASocketA@24       004f27ac     ws2_32:WS2_32.dll
 0005:000007b0       __imp__gethostname@8       004f27b0     ws2_32:WS2_32.dll
 0005:000007b4       __imp__WSAAddressToStringA@20 004f27b4     ws2_32:WS2_32.dll
 0005:000007b8       __imp__WSAStringToAddressA@20 004f27b8     ws2_32:WS2_32.dll
 0005:000007bc       __imp__inet_addr@4         004f27bc     ws2_32:WS2_32.dll
 0005:000007c0       __imp__inet_ntoa@4         004f27c0     ws2_32:WS2_32.dll
 0005:000007c4       __imp__htonl@4             004f27c4     ws2_32:WS2_32.dll
 0005:000007c8       __imp__ntohl@4             004f27c8     ws2_32:WS2_32.dll
 0005:000007cc       __imp__htons@4             004f27cc     ws2_32:WS2_32.dll
 0005:000007d0       __imp__ntohs@4             004f27d0     ws2_32:WS2_32.dll
 0005:000007d4       __imp__ioctlsocket@12      004f27d4     ws2_32:WS2_32.dll
 0005:000007d8       __imp__WSASetLastError@4   004f27d8     ws2_32:WS2_32.dll
 0005:000007dc       __imp__WSACleanup@0        004f27dc     ws2_32:WS2_32.dll
 0005:000007e0       __imp__WSAStartup@8        004f27e0     ws2_32:WS2_32.dll
 0005:000007e4       __imp__WSAGetLastError@0   004f27e4     ws2_32:WS2_32.dll
 0005:000007e8       \177WS2_32_NULL_THUNK_DATA 004f27e8     ws2_32:WS2_32.dll
 0005:0000082c       __imp__CoCreateGuid@4      004f282c     ole32:ole32.dll
 0005:00000830       \177ole32_NULL_THUNK_DATA  004f2830     ole32:ole32.dll

 entry point at        0002:00000fa5

