 icedemo

 Timestamp is 4c52ac9c (Fri Jul 30 16:12:36 2010)

 Preferred load address is 00400000

 Start         Length     Name                   Class
 0001:00000000 0005223dH .textbss                DATA
 0002:00000000 000a8cfeH .text                   CODE
 0002:000a8d00 00001128H .text$x                 CODE
 0003:00000000 00000104H .CRT$XCA                DATA
 0003:00000104 00000104H .CRT$XCZ                DATA
 0003:00000208 00000104H .CRT$XIA                DATA
 0003:0000030c 00000118H .CRT$XIC                DATA
 0003:00000424 00000104H .CRT$XIY                DATA
 0003:00000528 00000104H .CRT$XIZ                DATA
 0003:0000062c 00000104H .CRT$XPA                DATA
 0003:00000730 00000109H .CRT$XPX                DATA
 0003:0000083c 00000104H .CRT$XPXA               DATA
 0003:00000940 00000104H .CRT$XPZ                DATA
 0003:00000a44 00000104H .CRT$XTA                DATA
 0003:00000b48 00000104H .CRT$XTZ                DATA
 0003:00000c50 0001d849H .rdata                  DATA
 0003:0001e49c 0000017bH .rdata$debug            DATA
 0003:0001e618 00000504H .rdata$r                DATA
 0003:0001eb1c 00000104H .rtc$IAA                DATA
 0003:0001ec20 00000104H .rtc$IZZ                DATA
 0003:0001ed24 00000104H .rtc$TAA                DATA
 0003:0001ee28 00000104H .rtc$TZZ                DATA
 0003:0001ef30 000011f9H .xdata$x                DATA
 0003:00020129 00000000H .edata                  DATA
 0004:00000000 00004a78H .data                   DATA
 0004:00004a80 00003588H .bss                    DATA
 0005:00000000 0000003cH .idata$2                DATA
 0005:0000003c 00000014H .idata$3                DATA
 0005:00000050 0000034cH .idata$4                DATA
 0005:0000039c 0000034cH .idata$5                DATA
 0005:000006e8 00000abeH .idata$6                DATA

  Address         Publics by Value              Rva+Base       Lib:Object

 0000:00000000       ___safe_se_handler_table   00000000     <absolute>
 0000:00000000       __except_list              00000000     <absolute>
 0000:00000000       ___safe_se_handler_count   00000000     <absolute>
 0000:00000000       ___ImageBase               00400000     <linker-defined>
 0001:00000000       __enc$textbss$begin        00401000     <linker-defined>
 0001:0005223d       __enc$textbss$end          0045323d     <linker-defined>
 0002:00003f80       _main                      00457f80 f   icedemo.obj
 0002:00007200       _pj_ice_strans_cfg_default 0045b200 f   pjnath-i386-win32-vc8-debug:ice_strans.obj
 0002:00007370       _pj_ice_strans_cfg_copy    0045b370 f   pjnath-i386-win32-vc8-debug:ice_strans.obj
 0002:00007460       _pj_ice_strans_create      0045b460 f   pjnath-i386-win32-vc8-debug:ice_strans.obj
 0002:00008500       _pj_ice_strans_get_state   0045c500 f   pjnath-i386-win32-vc8-debug:ice_strans.obj
 0002:00008520       _pj_ice_strans_state_name  0045c520 f   pjnath-i386-win32-vc8-debug:ice_strans.obj
 0002:000086d0       _pj_ice_strans_destroy     0045c6d0 f   pjnath-i386-win32-vc8-debug:ice_strans.obj
 0002:000087f0       _pj_ice_strans_get_user_data 0045c7f0 f   pjnath-i386-win32-vc8-debug:ice_strans.obj
 0002:00008850       _pj_ice_strans_get_options 0045c850 f   pjnath-i386-win32-vc8-debug:ice_strans.obj
 0002:000088d0       _pj_ice_strans_set_options 0045c8d0 f   pjnath-i386-win32-vc8-debug:ice_strans.obj
 0002:00008980       _pj_ice_strans_init_ice    0045c980 f   pjnath-i386-win32-vc8-debug:ice_strans.obj
 0002:00008dc0       _pj_ice_strans_has_sess    0045cdc0 f   pjnath-i386-win32-vc8-debug:ice_strans.obj
 0002:00008e30       _pj_ice_strans_sess_is_running 0045ce30 f   pjnath-i386-win32-vc8-debug:ice_strans.obj
 0002:00008ea0       _pj_ice_strans_sess_is_complete 0045cea0 f   pjnath-i386-win32-vc8-debug:ice_strans.obj
 0002:00008f00       _pj_ice_strans_get_running_comp_cnt 0045cf00 f   pjnath-i386-win32-vc8-debug:ice_strans.obj
 0002:00008fa0       _pj_ice_strans_get_ufrag_pwd 0045cfa0 f   pjnath-i386-win32-vc8-debug:ice_strans.obj
 0002:00009140       _pj_ice_strans_get_cands_count 0045d140 f   pjnath-i386-win32-vc8-debug:ice_strans.obj
 0002:00009250       _pj_ice_strans_enum_cands  0045d250 f   pjnath-i386-win32-vc8-debug:ice_strans.obj
 0002:000093e0       _pj_ice_strans_get_def_cand 0045d3e0 f   pjnath-i386-win32-vc8-debug:ice_strans.obj
 0002:00009540       _pj_ice_strans_get_role    0045d540 f   pjnath-i386-win32-vc8-debug:ice_strans.obj
 0002:000095c0       _pj_ice_strans_change_role 0045d5c0 f   pjnath-i386-win32-vc8-debug:ice_strans.obj
 0002:00009650       _pj_ice_strans_start_ice   0045d650 f   pjnath-i386-win32-vc8-debug:ice_strans.obj
 0002:00009940       _pj_ice_strans_get_valid_pair 0045d940 f   pjnath-i386-win32-vc8-debug:ice_strans.obj
 0002:00009a00       _pj_ice_strans_stop_ice    0045da00 f   pjnath-i386-win32-vc8-debug:ice_strans.obj
 0002:00009a60       _pj_ice_strans_sendto      0045da60 f   pjnath-i386-win32-vc8-debug:ice_strans.obj
 0002:0000af80       _pjnath_init               0045ef80 f   pjnath-i386-win32-vc8-debug:errno.obj
 0002:0000b270       _pjnath_perror             0045f270 f   pjnath-i386-win32-vc8-debug:errno.obj
 0002:0000b2f0       _pj_ice_get_cand_type_name 0045f2f0 f   pjnath-i386-win32-vc8-debug:ice_session.obj
 0002:0000b350       _pj_ice_sess_role_name     0045f350 f   pjnath-i386-win32-vc8-debug:ice_session.obj
 0002:0000b3b0       _pj_ice_calc_foundation    0045f3b0 f   pjnath-i386-win32-vc8-debug:ice_session.obj
 0002:0000b530       _pj_ice_sess_options_default 0045f530 f   pjnath-i386-win32-vc8-debug:ice_session.obj
 0002:0000b570       _pj_ice_sess_create        0045f570 f   pjnath-i386-win32-vc8-debug:ice_session.obj
 0002:0000bb90       _pj_ice_sess_get_options   0045fb90 f   pjnath-i386-win32-vc8-debug:ice_session.obj
 0002:0000bc00       _pj_ice_sess_set_options   0045fc00 f   pjnath-i386-win32-vc8-debug:ice_session.obj
 0002:0000bea0       _pj_ice_sess_destroy       0045fea0 f   pjnath-i386-win32-vc8-debug:ice_session.obj
 0002:0000bf10       _pj_ice_sess_change_role   0045ff10 f   pjnath-i386-win32-vc8-debug:ice_session.obj
 0002:0000bfc0       _pj_ice_sess_set_prefs     0045ffc0 f   pjnath-i386-win32-vc8-debug:ice_session.obj
 0002:0000c340       _pj_ice_sess_add_cand      00460340 f   pjnath-i386-win32-vc8-debug:ice_session.obj
 0002:0000c710       _pj_ice_sess_find_default_cand 00460710 f   pjnath-i386-win32-vc8-debug:ice_session.obj
 0002:0000d240       _pj_ice_sess_create_check_list 00461240 f   pjnath-i386-win32-vc8-debug:ice_session.obj
 0002:0000ec10       _find_str                  00462c10 f   pjnath-i386-win32-vc8-debug:ice_session.obj
 0002:0000ec80       _pj_ice_sess_start_check   00462c80 f   pjnath-i386-win32-vc8-debug:ice_session.obj
 0002:000110a0       _pj_ice_sess_send_data     004650a0 f   pjnath-i386-win32-vc8-debug:ice_session.obj
 0002:000111f0       _pj_ice_sess_on_rx_pkt     004651f0 f   pjnath-i386-win32-vc8-debug:ice_session.obj
 0002:00011470       _pj_turn_sock_cfg_default  00465470 f   pjnath-i386-win32-vc8-debug:turn_sock.obj
 0002:000114e0       _pj_turn_sock_create       004654e0 f   pjnath-i386-win32-vc8-debug:turn_sock.obj
 0002:00011a00       _pj_turn_sock_destroy      00465a00 f   pjnath-i386-win32-vc8-debug:turn_sock.obj
 0002:00011b50       _pj_turn_sock_set_user_data 00465b50 f   pjnath-i386-win32-vc8-debug:turn_sock.obj
 0002:00011bb0       _pj_turn_sock_get_user_data 00465bb0 f   pjnath-i386-win32-vc8-debug:turn_sock.obj
 0002:00011c10       _pj_turn_sock_get_info     00465c10 f   pjnath-i386-win32-vc8-debug:turn_sock.obj
 0002:00011cc0       _pj_turn_sock_lock         00465cc0 f   pjnath-i386-win32-vc8-debug:turn_sock.obj
 0002:00011cf0       _pj_turn_sock_unlock       00465cf0 f   pjnath-i386-win32-vc8-debug:turn_sock.obj
 0002:00011d20       _pj_turn_sock_set_log      00465d20 f   pjnath-i386-win32-vc8-debug:turn_sock.obj
 0002:00011d50       _pj_turn_sock_set_software_name 00465d50 f   pjnath-i386-win32-vc8-debug:turn_sock.obj
 0002:00011d80       _pj_turn_sock_alloc        00465d80 f   pjnath-i386-win32-vc8-debug:turn_sock.obj
 0002:00011fa0       _pj_turn_sock_set_perm     00465fa0 f   pjnath-i386-win32-vc8-debug:turn_sock.obj
 0002:00011ff0       _pj_turn_sock_sendto       00465ff0 f   pjnath-i386-win32-vc8-debug:turn_sock.obj
 0002:000120a0       _pj_turn_sock_bind_channel 004660a0 f   pjnath-i386-win32-vc8-debug:turn_sock.obj
 0002:00012af0       _pj_turn_alloc_param_default 00466af0 f   pjnath-i386-win32-vc8-debug:turn_session.obj
 0002:00012b50       _pj_turn_alloc_param_copy  00466b50 f   pjnath-i386-win32-vc8-debug:turn_session.obj
 0002:00012bb0       _pj_turn_state_name        00466bb0 f   pjnath-i386-win32-vc8-debug:turn_session.obj
 0002:00012bd0       _pj_turn_session_create    00466bd0 f   pjnath-i386-win32-vc8-debug:turn_session.obj
 0002:000130c0       _pj_turn_session_shutdown  004670c0 f   pjnath-i386-win32-vc8-debug:turn_session.obj
 0002:000133c0       _pj_turn_session_destroy   004673c0 f   pjnath-i386-win32-vc8-debug:turn_session.obj
 0002:00013460       _pj_turn_session_get_info  00467460 f   pjnath-i386-win32-vc8-debug:turn_session.obj
 0002:000135b0       _pj_turn_session_set_user_data 004675b0 f   pjnath-i386-win32-vc8-debug:turn_session.obj
 0002:000135e0       _pj_turn_session_get_user_data 004675e0 f   pjnath-i386-win32-vc8-debug:turn_session.obj
 0002:00013600       _pj_turn_session_set_log   00467600 f   pjnath-i386-win32-vc8-debug:turn_session.obj
 0002:00013630       _pj_turn_session_set_software_name 00467630 f   pjnath-i386-win32-vc8-debug:turn_session.obj
 0002:00013690       _pj_turn_session_set_server 00467690 f   pjnath-i386-win32-vc8-debug:turn_session.obj
 0002:00013bc0       _pj_turn_session_set_credential 00467bc0 f   pjnath-i386-win32-vc8-debug:turn_session.obj
 0002:00013cb0       _pj_turn_session_alloc     00467cb0 f   pjnath-i386-win32-vc8-debug:turn_session.obj
 0002:00014010       _pj_turn_session_set_perm  00468010 f   pjnath-i386-win32-vc8-debug:turn_session.obj
 0002:000144b0       _pj_turn_session_sendto    004684b0 f   pjnath-i386-win32-vc8-debug:turn_session.obj
 0002:00014920       _pj_turn_session_bind_channel 00468920 f   pjnath-i386-win32-vc8-debug:turn_session.obj
 0002:00014c10       _pj_turn_session_on_rx_pkt 00468c10 f   pjnath-i386-win32-vc8-debug:turn_session.obj
 0002:00016990       _pj_stun_sock_op_name      0046a990 f   pjnath-i386-win32-vc8-debug:stun_sock.obj
 0002:000169f0       _pj_stun_sock_cfg_default  0046a9f0 f   pjnath-i386-win32-vc8-debug:stun_sock.obj
 0002:00016a90       _pj_stun_sock_create       0046aa90 f   pjnath-i386-win32-vc8-debug:stun_sock.obj
 0002:00017240       _pj_stun_sock_start        0046b240 f   pjnath-i386-win32-vc8-debug:stun_sock.obj
 0002:000174a0       _pj_stun_sock_destroy      0046b4a0 f   pjnath-i386-win32-vc8-debug:stun_sock.obj
 0002:00017610       _pj_stun_sock_set_user_data 0046b610 f   pjnath-i386-win32-vc8-debug:stun_sock.obj
 0002:00017670       _pj_stun_sock_get_user_data 0046b670 f   pjnath-i386-win32-vc8-debug:stun_sock.obj
 0002:00017940       _pj_stun_sock_get_info     0046b940 f   pjnath-i386-win32-vc8-debug:stun_sock.obj
 0002:00017bf0       _pj_stun_sock_sendto       0046bbf0 f   pjnath-i386-win32-vc8-debug:stun_sock.obj
 0002:000182e0       _pj_stun_auth_cred_dup     0046c2e0 f   pjnath-i386-win32-vc8-debug:stun_auth.obj
 0002:00018410       _pj_stun_req_cred_info_dup 0046c410 f   pjnath-i386-win32-vc8-debug:stun_auth.obj
 0002:000184a0       _pj_stun_create_key        0046c4a0 f   pjnath-i386-win32-vc8-debug:stun_auth.obj
 0002:00018780       _pj_stun_authenticate_request 0046c780 f   pjnath-i386-win32-vc8-debug:stun_auth.obj
 0002:00019320       _pj_stun_auth_valid_for_msg 0046d320 f   pjnath-i386-win32-vc8-debug:stun_auth.obj
 0002:00019460       _pj_stun_authenticate_response 0046d460 f   pjnath-i386-win32-vc8-debug:stun_auth.obj
 0002:00019710       _pj_stun_get_method_name   0046d710 f   pjnath-i386-win32-vc8-debug:stun_msg.obj
 0002:00019750       _pj_stun_get_class_name    0046d750 f   pjnath-i386-win32-vc8-debug:stun_msg.obj
 0002:000197e0       _pj_stun_get_attr_name     0046d7e0 f   pjnath-i386-win32-vc8-debug:stun_msg.obj
 0002:00019910       _pj_stun_get_err_reason    0046d910 f   pjnath-i386-win32-vc8-debug:stun_msg.obj
 0002:000199f0       _pj_stun_set_padding_char  0046d9f0 f   pjnath-i386-win32-vc8-debug:stun_msg.obj
 0002:00019a20       _pj_stun_sockaddr_attr_init 0046da20 f   pjnath-i386-win32-vc8-debug:stun_msg.obj
 0002:00019b70       _pj_stun_sockaddr_attr_create 0046db70 f   pjnath-i386-win32-vc8-debug:stun_msg.obj
 0002:00019c50       _pj_stun_msg_add_sockaddr_attr 0046dc50 f   pjnath-i386-win32-vc8-debug:stun_msg.obj
 0002:0001a570       _pj_stun_string_attr_init  0046e570 f   pjnath-i386-win32-vc8-debug:stun_msg.obj
 0002:0001a5f0       _pj_stun_string_attr_create 0046e5f0 f   pjnath-i386-win32-vc8-debug:stun_msg.obj
 0002:0001a6a0       _pj_stun_msg_add_string_attr 0046e6a0 f   pjnath-i386-win32-vc8-debug:stun_msg.obj
 0002:0001a990       _pj_stun_empty_attr_create 0046e990 f   pjnath-i386-win32-vc8-debug:stun_msg.obj
 0002:0001aa30       _pj_stun_msg_add_empty_attr 0046ea30 f   pjnath-i386-win32-vc8-debug:stun_msg.obj
 0002:0001abb0       _pj_stun_uint_attr_create  0046ebb0 f   pjnath-i386-win32-vc8-debug:stun_msg.obj
 0002:0001ac60       _pj_stun_msg_add_uint_attr 0046ec60 f   pjnath-i386-win32-vc8-debug:stun_msg.obj
 0002:0001af10       _pj_stun_uint64_attr_create 0046ef10 f   pjnath-i386-win32-vc8-debug:stun_msg.obj
 0002:0001afd0       _pj_stun_msg_add_uint64_attr 0046efd0 f   pjnath-i386-win32-vc8-debug:stun_msg.obj
 0002:0001b240       _pj_stun_msgint_attr_create 0046f240 f   pjnath-i386-win32-vc8-debug:stun_msg.obj
 0002:0001b2e0       _pj_stun_msg_add_msgint_attr 0046f2e0 f   pjnath-i386-win32-vc8-debug:stun_msg.obj
 0002:0001b4c0       _pj_stun_errcode_attr_create 0046f4c0 f   pjnath-i386-win32-vc8-debug:stun_msg.obj
 0002:0001b610       _pj_stun_msg_add_errcode_attr 0046f610 f   pjnath-i386-win32-vc8-debug:stun_msg.obj
 0002:0001b8a0       _pj_stun_unknown_attr_create 0046f8a0 f   pjnath-i386-win32-vc8-debug:stun_msg.obj
 0002:0001b9a0       _pj_stun_msg_add_unknown_attr 0046f9a0 f   pjnath-i386-win32-vc8-debug:stun_msg.obj
 0002:0001bc30       _pj_stun_binary_attr_init  0046fc30 f   pjnath-i386-win32-vc8-debug:stun_msg.obj
 0002:0001bd20       _pj_stun_binary_attr_create 0046fd20 f   pjnath-i386-win32-vc8-debug:stun_msg.obj
 0002:0001bde0       _pj_stun_msg_add_binary_attr 0046fde0 f   pjnath-i386-win32-vc8-debug:stun_msg.obj
 0002:0001c050       _pj_stun_msg_init          00470050 f   pjnath-i386-win32-vc8-debug:stun_msg.obj
 0002:0001c170       _pj_stun_msg_create        00470170 f   pjnath-i386-win32-vc8-debug:stun_msg.obj
 0002:0001c220       _pj_stun_msg_clone         00470220 f   pjnath-i386-win32-vc8-debug:stun_msg.obj
 0002:0001c340       _pj_stun_msg_add_attr      00470340 f   pjnath-i386-win32-vc8-debug:stun_msg.obj
 0002:0001c420       _pj_stun_msg_check         00470420 f   pjnath-i386-win32-vc8-debug:stun_msg.obj
 0002:0001c600       _pj_stun_msg_create_response 00470600 f   pjnath-i386-win32-vc8-debug:stun_msg.obj
 0002:0001c770       _pj_stun_msg_decode        00470770 f   pjnath-i386-win32-vc8-debug:stun_msg.obj
 0002:0001cf60       _pj_stun_msg_encode        00470f60 f   pjnath-i386-win32-vc8-debug:stun_msg.obj
 0002:0001d670       _pj_stun_msg_find_attr     00471670 f   pjnath-i386-win32-vc8-debug:stun_msg.obj
 0002:0001d710       _pj_stun_attr_clone        00471710 f   pjnath-i386-win32-vc8-debug:stun_msg.obj
 0002:0001d870       _pj_stun_msg_destroy_tdata 00471870 f   pjnath-i386-win32-vc8-debug:stun_session.obj
 0002:0001dfd0       _pj_stun_session_create    00471fd0 f   pjnath-i386-win32-vc8-debug:stun_session.obj
 0002:0001e300       _pj_stun_session_destroy   00472300 f   pjnath-i386-win32-vc8-debug:stun_session.obj
 0002:0001e4d0       _pj_stun_session_set_user_data 004724d0 f   pjnath-i386-win32-vc8-debug:stun_session.obj
 0002:0001e560       _pj_stun_session_get_user_data 00472560 f   pjnath-i386-win32-vc8-debug:stun_session.obj
 0002:0001e5c0       _pj_stun_session_set_lock  004725c0 f   pjnath-i386-win32-vc8-debug:stun_session.obj
 0002:0001e690       _pj_stun_session_set_software_name 00472690 f   pjnath-i386-win32-vc8-debug:stun_session.obj
 0002:0001e730       _pj_stun_session_set_credential 00472730 f   pjnath-i386-win32-vc8-debug:stun_session.obj
 0002:0001e820       _pj_stun_session_set_log   00472820 f   pjnath-i386-win32-vc8-debug:stun_session.obj
 0002:0001e880       _pj_stun_session_use_fingerprint 00472880 f   pjnath-i386-win32-vc8-debug:stun_session.obj
 0002:0001e8f0       _pj_stun_session_create_req 004728f0 f   pjnath-i386-win32-vc8-debug:stun_session.obj
 0002:0001ee00       _pj_stun_session_create_ind 00472e00 f   pjnath-i386-win32-vc8-debug:stun_session.obj
 0002:0001ef00       _pj_stun_session_create_res 00472f00 f   pjnath-i386-win32-vc8-debug:stun_session.obj
 0002:0001f000       _pj_stun_session_send_msg  00473000 f   pjnath-i386-win32-vc8-debug:stun_session.obj
 0002:0001fb40       _pj_stun_session_respond   00473b40 f   pjnath-i386-win32-vc8-debug:stun_session.obj
 0002:0001fc40       _pj_stun_session_cancel_req 00473c40 f   pjnath-i386-win32-vc8-debug:stun_session.obj
 0002:0001fe20       _pj_stun_session_retransmit_req 00473e20 f   pjnath-i386-win32-vc8-debug:stun_session.obj
 0002:0001ff70       _pj_stun_session_on_rx_pkt 00473f70 f   pjnath-i386-win32-vc8-debug:stun_session.obj
 0002:00020ac0       _pj_stun_client_tsx_create 00474ac0 f   pjnath-i386-win32-vc8-debug:stun_transaction.obj
 0002:00020cb0       _pj_stun_client_tsx_schedule_destroy 00474cb0 f   pjnath-i386-win32-vc8-debug:stun_transaction.obj
 0002:00020e20       _pj_stun_client_tsx_destroy 00474e20 f   pjnath-i386-win32-vc8-debug:stun_transaction.obj
 0002:00020f10       _pj_stun_client_tsx_is_complete 00474f10 f   pjnath-i386-win32-vc8-debug:stun_transaction.obj
 0002:00020f70       _pj_stun_client_tsx_set_data 00474f70 f   pjnath-i386-win32-vc8-debug:stun_transaction.obj
 0002:00020fd0       _pj_stun_client_tsx_get_data 00474fd0 f   pjnath-i386-win32-vc8-debug:stun_transaction.obj
 0002:00021030       _pj_stun_client_tsx_send_msg 00475030 f   pjnath-i386-win32-vc8-debug:stun_transaction.obj
 0002:000215d0       _pj_stun_client_tsx_retransmit 004755d0 f   pjnath-i386-win32-vc8-debug:stun_transaction.obj
 0002:00021680       _pj_stun_client_tsx_on_rx_msg 00475680 f   pjnath-i386-win32-vc8-debug:stun_transaction.obj
 0002:00021820       _pj_stun_msg_dump          00475820 f   pjnath-i386-win32-vc8-debug:stun_msg_dump.obj
 0002:00022270       _pj_getopt_long            00476270 f   pjlib-util-i386-win32-vc8-debug:getopt.obj
 0002:000222b0       _pj_getopt                 004762b0 f   pjlib-util-i386-win32-vc8-debug:getopt.obj
 0002:000231f0       _pj_dns_settings_default   004771f0 f   pjlib-util-i386-win32-vc8-debug:resolver.obj
 0002:00023290       _pj_dns_resolver_create    00477290 f   pjlib-util-i386-win32-vc8-debug:resolver.obj
 0002:000236e0       _pj_dns_resolver_destroy   004776e0 f   pjlib-util-i386-win32-vc8-debug:resolver.obj
 0002:00023a40       _pj_dns_resolver_set_ns    00477a40 f   pjlib-util-i386-win32-vc8-debug:resolver.obj
 0002:00023c60       _pj_dns_resolver_set_settings 00477c60 f   pjlib-util-i386-win32-vc8-debug:resolver.obj
 0002:00023d40       _pj_dns_resolver_get_settings 00477d40 f   pjlib-util-i386-win32-vc8-debug:resolver.obj
 0002:00023df0       _pj_dns_resolver_handle_events 00477df0 f   pjlib-util-i386-win32-vc8-debug:resolver.obj
 0002:00023e90       _pj_dns_resolver_start_query 00477e90 f   pjlib-util-i386-win32-vc8-debug:resolver.obj
 0002:00024a10       _pj_dns_resolver_cancel_query 00478a10 f   pjlib-util-i386-win32-vc8-debug:resolver.obj
 0002:00024ae0       _pj_dns_parse_a_response   00478ae0 f   pjlib-util-i386-win32-vc8-debug:resolver.obj
 0002:00026200       _pj_dns_resolver_add_entry 0047a200 f   pjlib-util-i386-win32-vc8-debug:resolver.obj
 0002:00026500       _pj_dns_resolver_get_cached_count 0047a500 f   pjlib-util-i386-win32-vc8-debug:resolver.obj
 0002:000265a0       _pj_dns_resolver_dump      0047a5a0 f   pjlib-util-i386-win32-vc8-debug:resolver.obj
 0002:00026a10       _pjlib_util_strerror       0047aa10 f   pjlib-util-i386-win32-vc8-debug:errno.obj
 0002:00026b80       _pjlib_util_init           0047ab80 f   pjlib-util-i386-win32-vc8-debug:errno.obj
 0002:00026bb0       _pj_dns_srv_resolve        0047abb0 f   pjlib-util-i386-win32-vc8-debug:srv_resolver.obj
 0002:00026e90       _pj_dns_srv_cancel_query   0047ae90 f   pjlib-util-i386-win32-vc8-debug:srv_resolver.obj
 0002:00028740       _pj_md5_init               0047c740 f   pjlib-util-i386-win32-vc8-debug:md5.obj
 0002:000287a0       _pj_md5_update             0047c7a0 f   pjlib-util-i386-win32-vc8-debug:md5.obj
 0002:00028950       _pj_md5_final              0047c950 f   pjlib-util-i386-win32-vc8-debug:md5.obj
 0002:00029cb0       _pj_hmac_sha1_init         0047dcb0 f   pjlib-util-i386-win32-vc8-debug:hmac_sha1.obj
 0002:00029e80       _pj_hmac_sha1_update       0047de80 f   pjlib-util-i386-win32-vc8-debug:hmac_sha1.obj
 0002:00029eb0       _pj_hmac_sha1_final        0047deb0 f   pjlib-util-i386-win32-vc8-debug:hmac_sha1.obj
 0002:00029f30       _pj_hmac_sha1              0047df30 f   pjlib-util-i386-win32-vc8-debug:hmac_sha1.obj
 0002:00029fc0       _pj_crc32_init             0047dfc0 f   pjlib-util-i386-win32-vc8-debug:crc32.obj
 0002:00029fe0       _pj_crc32_update           0047dfe0 f   pjlib-util-i386-win32-vc8-debug:crc32.obj
 0002:0002a170       _pj_crc32_final            0047e170 f   pjlib-util-i386-win32-vc8-debug:crc32.obj
 0002:0002a190       _pj_crc32_calc             0047e190 f   pjlib-util-i386-win32-vc8-debug:crc32.obj
 0002:0002a1e0       _pj_dns_get_type_name      0047e1e0 f   pjlib-util-i386-win32-vc8-debug:dns.obj
 0002:0002a2e0       _pj_dns_make_query         0047e2e0 f   pjlib-util-i386-win32-vc8-debug:dns.obj
 0002:0002a600       _pj_dns_parse_packet       0047e600 f   pjlib-util-i386-win32-vc8-debug:dns.obj
 0002:0002b530       _pj_dns_packet_dup         0047f530 f   pjlib-util-i386-win32-vc8-debug:dns.obj
 0002:0002bc80       _pj_dns_init_srv_rr        0047fc80 f   pjlib-util-i386-win32-vc8-debug:dns.obj
 0002:0002bd20       _pj_dns_init_cname_rr      0047fd20 f   pjlib-util-i386-win32-vc8-debug:dns.obj
 0002:0002bda0       _pj_dns_init_a_rr          0047fda0 f   pjlib-util-i386-win32-vc8-debug:dns.obj
 0002:0002be10       _pj_sha1_init              0047fe10 f   pjlib-util-i386-win32-vc8-debug:sha1.obj
 0002:0002be80       _pj_sha1_update            0047fe80 f   pjlib-util-i386-win32-vc8-debug:sha1.obj
 0002:0002f0a0       _pj_sha1_final             004830a0 f   pjlib-util-i386-win32-vc8-debug:sha1.obj
 0002:0002f280       _pj_str                    00483280 f   pjlib-i386-win32-vc8-debug:string.obj
 0002:0002f2d0       _pj_strdup                 004832d0 f   pjlib-i386-win32-vc8-debug:string.obj
 0002:0002f390       _pj_strdup_with_null       00483390 f   pjlib-i386-win32-vc8-debug:string.obj
 0002:0002f420       _pj_strdup2                00483420 f   pjlib-i386-win32-vc8-debug:string.obj
 0002:0002f4c0       _pj_strdup2_with_null      004834c0 f   pjlib-i386-win32-vc8-debug:string.obj
 0002:0002f570       _pj_strdup3                00483570 f   pjlib-i386-win32-vc8-debug:string.obj
 0002:0002f5b0       _pj_strassign              004835b0 f   pjlib-i386-win32-vc8-debug:string.obj
 0002:0002f5f0       _pj_strcpy                 004835f0 f   pjlib-i386-win32-vc8-debug:string.obj
 0002:0002f650       _pj_strcpy2                00483650 f   pjlib-i386-win32-vc8-debug:string.obj
 0002:0002f6d0       _pj_strncpy                004836d0 f   pjlib-i386-win32-vc8-debug:string.obj
 0002:0002f730       _pj_strncpy_with_null      00483730 f   pjlib-i386-win32-vc8-debug:string.obj
 0002:0002f7b0       _pj_strcmp                 004837b0 f   pjlib-i386-win32-vc8-debug:string.obj
 0002:0002f8d0       _pj_strncmp                004838d0 f   pjlib-i386-win32-vc8-debug:string.obj
 0002:0002f950       _pj_strncmp2               00483950 f   pjlib-i386-win32-vc8-debug:string.obj
 0002:0002f9b0       _pj_strcmp2                004839b0 f   pjlib-i386-win32-vc8-debug:string.obj
 0002:0002fa10       _pj_stricmp                00483a10 f   pjlib-i386-win32-vc8-debug:string.obj
 0002:0002fb00       _pj_stricmp2               00483b00 f   pjlib-i386-win32-vc8-debug:string.obj
 0002:0002fb60       _pj_strnicmp               00483b60 f   pjlib-i386-win32-vc8-debug:string.obj
 0002:0002fbe0       _pj_strnicmp2              00483be0 f   pjlib-i386-win32-vc8-debug:string.obj
 0002:0002fc40       _pj_strcat                 00483c40 f   pjlib-i386-win32-vc8-debug:string.obj
 0002:0002fca0       _pj_strcat2                00483ca0 f   pjlib-i386-win32-vc8-debug:string.obj
 0002:0002fd20       _pj_strtrim                00483d20 f   pjlib-i386-win32-vc8-debug:string.obj
 0002:0002fd60       _pj_strstr                 00483d60 f   pjlib-i386-win32-vc8-debug:string.obj
 0002:0002fe00       _pj_stristr                00483e00 f   pjlib-i386-win32-vc8-debug:string.obj
 0002:0002fea0       _pj_strltrim               00483ea0 f   pjlib-i386-win32-vc8-debug:string.obj
 0002:0002ff60       _pj_strrtrim               00483f60 f   pjlib-i386-win32-vc8-debug:string.obj
 0002:0002fff0       _pj_create_random_string   00483ff0 f   pjlib-i386-win32-vc8-debug:string.obj
 0002:00030190       _pj_strtoul                00484190 f   pjlib-i386-win32-vc8-debug:string.obj
 0002:00030270       _pj_strtoul2               00484270 f   pjlib-i386-win32-vc8-debug:string.obj
 0002:00030490       _pj_utoa                   00484490 f   pjlib-i386-win32-vc8-debug:string.obj
 0002:000304c0       _pj_utoa_pad               004844c0 f   pjlib-i386-win32-vc8-debug:string.obj
 0002:000305d0       _pj_init                   004845d0 f   pjlib-i386-win32-vc8-debug:os_core_win32.obj
 0002:000307d0       _pj_atexit                 004847d0 f   pjlib-i386-win32-vc8-debug:os_core_win32.obj
 0002:00030820       _pj_shutdown               00484820 f   pjlib-i386-win32-vc8-debug:os_core_win32.obj
 0002:00030930       _pj_getpid                 00484930 f   pjlib-i386-win32-vc8-debug:os_core_win32.obj
 0002:00030970       _pj_thread_is_registered   00484970 f   pjlib-i386-win32-vc8-debug:os_core_win32.obj
 0002:000309a0       _pj_thread_get_prio        004849a0 f   pjlib-i386-win32-vc8-debug:os_core_win32.obj
 0002:000309d0       _pj_thread_set_prio        004849d0 f   pjlib-i386-win32-vc8-debug:os_core_win32.obj
 0002:00030ae0       _pj_thread_get_prio_min    00484ae0 f   pjlib-i386-win32-vc8-debug:os_core_win32.obj
 0002:00030b00       _pj_thread_get_prio_max    00484b00 f   pjlib-i386-win32-vc8-debug:os_core_win32.obj
 0002:00030b20       _pj_thread_get_os_handle   00484b20 f   pjlib-i386-win32-vc8-debug:os_core_win32.obj
 0002:00030b80       _pj_thread_register        00484b80 f   pjlib-i386-win32-vc8-debug:os_core_win32.obj
 0002:00030d40       _pj_thread_init            00484d40 f   pjlib-i386-win32-vc8-debug:os_core_win32.obj
 0002:00030da0       _pj_thread_create          00484da0 f   pjlib-i386-win32-vc8-debug:os_core_win32.obj
 0002:000310c0       _pj_thread_get_name        004850c0 f   pjlib-i386-win32-vc8-debug:os_core_win32.obj
 0002:00031140       _pj_thread_resume          00485140 f   pjlib-i386-win32-vc8-debug:os_core_win32.obj
 0002:00031220       _pj_thread_this            00485220 f   pjlib-i386-win32-vc8-debug:os_core_win32.obj
 0002:00031290       _pj_thread_join            00485290 f   pjlib-i386-win32-vc8-debug:os_core_win32.obj
 0002:000313a0       _pj_thread_destroy         004853a0 f   pjlib-i386-win32-vc8-debug:os_core_win32.obj
 0002:00031480       _pj_thread_sleep           00485480 f   pjlib-i386-win32-vc8-debug:os_core_win32.obj
 0002:000314c0       _pj_thread_check_stack     004854c0 f   pjlib-i386-win32-vc8-debug:os_core_win32.obj
 0002:000315c0       _pj_thread_get_stack_max_usage 004855c0 f   pjlib-i386-win32-vc8-debug:os_core_win32.obj
 0002:000315e0       _pj_thread_get_stack_info  004855e0 f   pjlib-i386-win32-vc8-debug:os_core_win32.obj
 0002:00031640       _pj_atomic_create          00485640 f   pjlib-i386-win32-vc8-debug:os_core_win32.obj
 0002:00031690       _pj_atomic_destroy         00485690 f   pjlib-i386-win32-vc8-debug:os_core_win32.obj
 0002:000316f0       _pj_atomic_set             004856f0 f   pjlib-i386-win32-vc8-debug:os_core_win32.obj
 0002:00031740       _pj_atomic_get             00485740 f   pjlib-i386-win32-vc8-debug:os_core_win32.obj
 0002:000317b0       _pj_atomic_inc_and_get     004857b0 f   pjlib-i386-win32-vc8-debug:os_core_win32.obj
 0002:000317f0       _pj_atomic_inc             004857f0 f   pjlib-i386-win32-vc8-debug:os_core_win32.obj
 0002:00031820       _pj_atomic_dec_and_get     00485820 f   pjlib-i386-win32-vc8-debug:os_core_win32.obj
 0002:00031860       _pj_atomic_dec             00485860 f   pjlib-i386-win32-vc8-debug:os_core_win32.obj
 0002:00031890       _pj_atomic_add             00485890 f   pjlib-i386-win32-vc8-debug:os_core_win32.obj
 0002:000318c0       _pj_atomic_add_and_get     004858c0 f   pjlib-i386-win32-vc8-debug:os_core_win32.obj
 0002:000318f0       _pj_thread_local_alloc     004858f0 f   pjlib-i386-win32-vc8-debug:os_core_win32.obj
 0002:000319b0       _pj_thread_local_free      004859b0 f   pjlib-i386-win32-vc8-debug:os_core_win32.obj
 0002:000319f0       _pj_thread_local_set       004859f0 f   pjlib-i386-win32-vc8-debug:os_core_win32.obj
 0002:00031a80       _pj_thread_local_get       00485a80 f   pjlib-i386-win32-vc8-debug:os_core_win32.obj
 0002:00031b70       _pj_mutex_create           00485b70 f   pjlib-i386-win32-vc8-debug:os_core_win32.obj
 0002:00031c30       _pj_mutex_create_simple    00485c30 f   pjlib-i386-win32-vc8-debug:os_core_win32.obj
 0002:00031c60       _pj_mutex_create_recursive 00485c60 f   pjlib-i386-win32-vc8-debug:os_core_win32.obj
 0002:00031c90       _pj_mutex_lock             00485c90 f   pjlib-i386-win32-vc8-debug:os_core_win32.obj
 0002:00031d60       _pj_mutex_unlock           00485d60 f   pjlib-i386-win32-vc8-debug:os_core_win32.obj
 0002:00031e50       _pj_mutex_trylock          00485e50 f   pjlib-i386-win32-vc8-debug:os_core_win32.obj
 0002:00031f30       _pj_mutex_destroy          00485f30 f   pjlib-i386-win32-vc8-debug:os_core_win32.obj
 0002:00031fc0       _pj_mutex_is_locked        00485fc0 f   pjlib-i386-win32-vc8-debug:os_core_win32.obj
 0002:00031ff0       _pj_rwmutex_create         00485ff0 f   pjlib-i386-win32-vc8-debug:os_core_win32.obj
 0002:00032100       _pj_rwmutex_lock_read      00486100 f   pjlib-i386-win32-vc8-debug:os_core_win32.obj
 0002:00032230       _pj_rwmutex_lock_write     00486230 f   pjlib-i386-win32-vc8-debug:os_core_win32.obj
 0002:000322a0       _pj_rwmutex_unlock_read    004862a0 f   pjlib-i386-win32-vc8-debug:os_core_win32.obj
 0002:000323c0       _pj_rwmutex_unlock_write   004863c0 f   pjlib-i386-win32-vc8-debug:os_core_win32.obj
 0002:00032460       _pj_rwmutex_destroy        00486460 f   pjlib-i386-win32-vc8-debug:os_core_win32.obj
 0002:000324e0       _pj_enter_critical_section 004864e0 f   pjlib-i386-win32-vc8-debug:os_core_win32.obj
 0002:00032510       _pj_leave_critical_section 00486510 f   pjlib-i386-win32-vc8-debug:os_core_win32.obj
 0002:00032540       _pj_sem_create             00486540 f   pjlib-i386-win32-vc8-debug:os_core_win32.obj
 0002:000326d0       _pj_sem_wait               004866d0 f   pjlib-i386-win32-vc8-debug:os_core_win32.obj
 0002:00032880       _pj_sem_trywait            00486880 f   pjlib-i386-win32-vc8-debug:os_core_win32.obj
 0002:00032900       _pj_sem_post               00486900 f   pjlib-i386-win32-vc8-debug:os_core_win32.obj
 0002:000329f0       _pj_sem_destroy            004869f0 f   pjlib-i386-win32-vc8-debug:os_core_win32.obj
 0002:00032ae0       _pj_event_create           00486ae0 f   pjlib-i386-win32-vc8-debug:os_core_win32.obj
 0002:00032ca0       _pj_event_wait             00486ca0 f   pjlib-i386-win32-vc8-debug:os_core_win32.obj
 0002:00032e40       _pj_event_trywait          00486e40 f   pjlib-i386-win32-vc8-debug:os_core_win32.obj
 0002:00032eb0       _pj_event_set              00486eb0 f   pjlib-i386-win32-vc8-debug:os_core_win32.obj
 0002:00032fa0       _pj_event_pulse            00486fa0 f   pjlib-i386-win32-vc8-debug:os_core_win32.obj
 0002:00033090       _pj_event_reset            00487090 f   pjlib-i386-win32-vc8-debug:os_core_win32.obj
 0002:00033180       _pj_event_destroy          00487180 f   pjlib-i386-win32-vc8-debug:os_core_win32.obj
 0002:00033270       _pj_term_set_color         00487270 f   pjlib-i386-win32-vc8-debug:os_core_win32.obj
 0002:000333c0       _pj_term_get_color         004873c0 f   pjlib-i386-win32-vc8-debug:os_core_win32.obj
 0002:000334a0       _pj_caching_pool_init      004874a0 f   pjlib-i386-win32-vc8-debug:pool_caching.obj
 0002:00033680       _pj_caching_pool_destroy   00487680 f   pjlib-i386-win32-vc8-debug:pool_caching.obj
 0002:00033f00       _pj_timer_heap_mem_size    00487f00 f   pjlib-i386-win32-vc8-debug:timer.obj
 0002:00033f20       _pj_timer_heap_create      00487f20 f   pjlib-i386-win32-vc8-debug:timer.obj
 0002:000340d0       _pj_timer_heap_destroy     004880d0 f   pjlib-i386-win32-vc8-debug:timer.obj
 0002:00034120       _pj_timer_heap_set_lock    00488120 f   pjlib-i386-win32-vc8-debug:timer.obj
 0002:00034180       _pj_timer_heap_set_max_timed_out_per_poll 00488180 f   pjlib-i386-win32-vc8-debug:timer.obj
 0002:000341b0       _pj_timer_entry_init       004881b0 f   pjlib-i386-win32-vc8-debug:timer.obj
 0002:00034230       _pj_timer_heap_schedule    00488230 f   pjlib-i386-win32-vc8-debug:timer.obj
 0002:00034860       _pj_timer_heap_cancel      00488860 f   pjlib-i386-win32-vc8-debug:timer.obj
 0002:00034e50       _pj_timer_heap_poll        00488e50 f   pjlib-i386-win32-vc8-debug:timer.obj
 0002:00035090       _pj_timer_heap_count       00489090 f   pjlib-i386-win32-vc8-debug:timer.obj
 0002:000350f0       _pj_timer_heap_earliest_time 004890f0 f   pjlib-i386-win32-vc8-debug:timer.obj
 0002:00035190       _pj_ioqueue_set_lock       00489190 f   pjlib-i386-win32-vc8-debug:ioqueue_select.obj
 0002:00035230       _pj_ioqueue_get_user_data  00489230 f   pjlib-i386-win32-vc8-debug:ioqueue_select.obj
 0002:00035290       _pj_ioqueue_set_user_data  00489290 f   pjlib-i386-win32-vc8-debug:ioqueue_select.obj
 0002:00035310       _ioqueue_dispatch_write_event 00489310 f   pjlib-i386-win32-vc8-debug:ioqueue_select.obj
 0002:00035800       _ioqueue_dispatch_read_event 00489800 f   pjlib-i386-win32-vc8-debug:ioqueue_select.obj
 0002:00035c20       _ioqueue_dispatch_exception_event 00489c20 f   pjlib-i386-win32-vc8-debug:ioqueue_select.obj
 0002:00035de0       _pj_ioqueue_recv           00489de0 f   pjlib-i386-win32-vc8-debug:ioqueue_select.obj
 0002:00035ff0       _pj_ioqueue_recvfrom       00489ff0 f   pjlib-i386-win32-vc8-debug:ioqueue_select.obj
 0002:00036220       _pj_ioqueue_send           0048a220 f   pjlib-i386-win32-vc8-debug:ioqueue_select.obj
 0002:00036480       _pj_ioqueue_sendto         0048a480 f   pjlib-i386-win32-vc8-debug:ioqueue_select.obj
 0002:00036790       _pj_ioqueue_accept         0048a790 f   pjlib-i386-win32-vc8-debug:ioqueue_select.obj
 0002:000369d0       _pj_ioqueue_connect        0048a9d0 f   pjlib-i386-win32-vc8-debug:ioqueue_select.obj
 0002:00036b60       _pj_ioqueue_op_key_init    0048ab60 f   pjlib-i386-win32-vc8-debug:ioqueue_select.obj
 0002:00036bc0       _pj_ioqueue_is_pending     0048abc0 f   pjlib-i386-win32-vc8-debug:ioqueue_select.obj
 0002:00036bf0       _pj_ioqueue_post_completion 0048abf0 f   pjlib-i386-win32-vc8-debug:ioqueue_select.obj
 0002:00036dd0       _pj_ioqueue_set_default_concurrency 0048add0 f   pjlib-i386-win32-vc8-debug:ioqueue_select.obj
 0002:00036e30       _pj_ioqueue_set_concurrency 0048ae30 f   pjlib-i386-win32-vc8-debug:ioqueue_select.obj
 0002:00036ef0       _pj_ioqueue_lock_key       0048aef0 f   pjlib-i386-win32-vc8-debug:ioqueue_select.obj
 0002:00036f20       _pj_ioqueue_unlock_key     0048af20 f   pjlib-i386-win32-vc8-debug:ioqueue_select.obj
 0002:00036f50       _pj_ioqueue_name           0048af50 f   pjlib-i386-win32-vc8-debug:ioqueue_select.obj
 0002:00036f70       _pj_ioqueue_create         0048af70 f   pjlib-i386-win32-vc8-debug:ioqueue_select.obj
 0002:00037350       _pj_ioqueue_destroy        0048b350 f   pjlib-i386-win32-vc8-debug:ioqueue_select.obj
 0002:00037500       _pj_ioqueue_register_sock  0048b500 f   pjlib-i386-win32-vc8-debug:ioqueue_select.obj
 0002:000378c0       _pj_ioqueue_unregister     0048b8c0 f   pjlib-i386-win32-vc8-debug:ioqueue_select.obj
 0002:00037eb0       _pj_ioqueue_poll           0048beb0 f   pjlib-i386-win32-vc8-debug:ioqueue_select.obj
 0002:000385b0       _pj_log_init               0048c5b0 f   pjlib-i386-win32-vc8-debug:log.obj
 0002:00038640       _pj_log_set_decor          0048c640 f   pjlib-i386-win32-vc8-debug:log.obj
 0002:00038660       _pj_log_get_decor          0048c660 f   pjlib-i386-win32-vc8-debug:log.obj
 0002:00038680       _pj_log_set_color          0048c680 f   pjlib-i386-win32-vc8-debug:log.obj
 0002:000387b0       _pj_log_get_color          0048c7b0 f   pjlib-i386-win32-vc8-debug:log.obj
 0002:00038850       _pj_log_set_level          0048c850 f   pjlib-i386-win32-vc8-debug:log.obj
 0002:00038870       _pj_log_get_level          0048c870 f   pjlib-i386-win32-vc8-debug:log.obj
 0002:00038890       _pj_log_set_log_func       0048c890 f   pjlib-i386-win32-vc8-debug:log.obj
 0002:000388b0       _pj_log_get_log_func       0048c8b0 f   pjlib-i386-win32-vc8-debug:log.obj
 0002:000388d0       _pj_log                    0048c8d0 f   pjlib-i386-win32-vc8-debug:log.obj
 0002:000390d0       _pj_log_1                  0048d0d0 f   pjlib-i386-win32-vc8-debug:log.obj
 0002:00039110       _pj_log_2                  0048d110 f   pjlib-i386-win32-vc8-debug:log.obj
 0002:00039150       _pj_log_3                  0048d150 f   pjlib-i386-win32-vc8-debug:log.obj
 0002:00039190       _pj_log_4                  0048d190 f   pjlib-i386-win32-vc8-debug:log.obj
 0002:000391d0       _pj_log_5                  0048d1d0 f   pjlib-i386-win32-vc8-debug:log.obj
 0002:00039210       _pj_register_strerror      0048d210 f   pjlib-i386-win32-vc8-debug:errno.obj
 0002:00039410       _pj_errno_clear_handlers   0048d410 f   pjlib-i386-win32-vc8-debug:errno.obj
 0002:00039480       _pj_strerror               0048d480 f   pjlib-i386-win32-vc8-debug:errno.obj
 0002:00039770       _pj_perror                 0048d770 f   pjlib-i386-win32-vc8-debug:errno.obj
 0002:000398e0       _pj_perror_1               0048d8e0 f   pjlib-i386-win32-vc8-debug:errno.obj
 0002:00039930       _pj_perror_2               0048d930 f   pjlib-i386-win32-vc8-debug:errno.obj
 0002:00039980       _pj_perror_3               0048d980 f   pjlib-i386-win32-vc8-debug:errno.obj
 0002:000399d0       _pj_perror_4               0048d9d0 f   pjlib-i386-win32-vc8-debug:errno.obj
 0002:00039a20       _pj_perror_5               0048da20 f   pjlib-i386-win32-vc8-debug:errno.obj
 0002:00039a70       _pj_ntohs                  0048da70 f   pjlib-i386-win32-vc8-debug:sock_bsd.obj
 0002:00039aa0       _pj_htons                  0048daa0 f   pjlib-i386-win32-vc8-debug:sock_bsd.obj
 0002:00039ad0       _pj_ntohl                  0048dad0 f   pjlib-i386-win32-vc8-debug:sock_bsd.obj
 0002:00039af0       _pj_htonl                  0048daf0 f   pjlib-i386-win32-vc8-debug:sock_bsd.obj
 0002:00039b10       _pj_inet_ntoa              0048db10 f   pjlib-i386-win32-vc8-debug:sock_bsd.obj
 0002:00039b30       _pj_inet_aton              0048db30 f   pjlib-i386-win32-vc8-debug:sock_bsd.obj
 0002:00039c60       _pj_inet_pton              0048dc60 f   pjlib-i386-win32-vc8-debug:sock_bsd.obj
 0002:00039ec0       _pj_inet_ntop              0048dec0 f   pjlib-i386-win32-vc8-debug:sock_bsd.obj
 0002:0003a130       _pj_gethostname            0048e130 f   pjlib-i386-win32-vc8-debug:sock_bsd.obj
 0002:0003a1d0       _pj_sock_socket            0048e1d0 f   pjlib-i386-win32-vc8-debug:sock_bsd.obj
 0002:0003a2f0       _pj_sock_bind              0048e2f0 f   pjlib-i386-win32-vc8-debug:sock_bsd.obj
 0002:0003a3e0       _pj_sock_bind_in           0048e3e0 f   pjlib-i386-win32-vc8-debug:sock_bsd.obj
 0002:0003a490       _pj_sock_close             0048e490 f   pjlib-i386-win32-vc8-debug:sock_bsd.obj
 0002:0003a530       _pj_sock_getpeername       0048e530 f   pjlib-i386-win32-vc8-debug:sock_bsd.obj
 0002:0003a5d0       _pj_sock_getsockname       0048e5d0 f   pjlib-i386-win32-vc8-debug:sock_bsd.obj
 0002:0003a670       _pj_sock_send              0048e670 f   pjlib-i386-win32-vc8-debug:sock_bsd.obj
 0002:0003a760       _pj_sock_sendto            0048e760 f   pjlib-i386-win32-vc8-debug:sock_bsd.obj
 0002:0003a860       _pj_sock_recv              0048e860 f   pjlib-i386-win32-vc8-debug:sock_bsd.obj
 0002:0003a960       _pj_sock_recvfrom          0048e960 f   pjlib-i386-win32-vc8-debug:sock_bsd.obj
 0002:0003aad0       _pj_sock_getsockopt        0048ead0 f   pjlib-i386-win32-vc8-debug:sock_bsd.obj
 0002:0003abd0       _pj_sock_setsockopt        0048ebd0 f   pjlib-i386-win32-vc8-debug:sock_bsd.obj
 0002:0003ac80       _pj_sock_connect           0048ec80 f   pjlib-i386-win32-vc8-debug:sock_bsd.obj
 0002:0003ad20       _pj_sock_shutdown          0048ed20 f   pjlib-i386-win32-vc8-debug:sock_bsd.obj
 0002:0003adc0       _pj_sock_listen            0048edc0 f   pjlib-i386-win32-vc8-debug:sock_bsd.obj
 0002:0003ae60       _pj_sock_accept            0048ee60 f   pjlib-i386-win32-vc8-debug:sock_bsd.obj
 0002:0003af50       _pj_pool_get_capacity      0048ef50 f   pjlib-i386-win32-vc8-debug:pool.obj
 0002:0003af70       _pj_pool_get_used_size     0048ef70 f   pjlib-i386-win32-vc8-debug:pool.obj
 0002:0003afe0       _pj_pool_alloc_from_block  0048efe0 f   pjlib-i386-win32-vc8-debug:pool.obj
 0002:0003b050       _pj_pool_alloc             0048f050 f   pjlib-i386-win32-vc8-debug:pool.obj
 0002:0003b0b0       _pj_pool_calloc            0048f0b0 f   pjlib-i386-win32-vc8-debug:pool.obj
 0002:0003b140       _pj_pool_getobjname        0048f140 f   pjlib-i386-win32-vc8-debug:pool.obj
 0002:0003b160       _pj_pool_create            0048f160 f   pjlib-i386-win32-vc8-debug:pool.obj
 0002:0003b1a0       _pj_pool_release           0048f1a0 f   pjlib-i386-win32-vc8-debug:pool.obj
 0002:0003b1f0       _pj_NO_MEMORY_EXCEPTION    0048f1f0 f   pjlib-i386-win32-vc8-debug:pool.obj
 0002:0003b210       _pj_pool_allocate_find     0048f210 f   pjlib-i386-win32-vc8-debug:pool.obj
 0002:0003b4c0       _pj_pool_init_int          0048f4c0 f   pjlib-i386-win32-vc8-debug:pool.obj
 0002:0003b580       _pj_pool_create_int        0048f580 f   pjlib-i386-win32-vc8-debug:pool.obj
 0002:0003b730       _pj_pool_reset             0048f730 f   pjlib-i386-win32-vc8-debug:pool.obj
 0002:0003b850       _pj_pool_destroy_int       0048f850 f   pjlib-i386-win32-vc8-debug:pool.obj
 0002:0003b8d0       _pj_get_os_error           0048f8d0 f   pjlib-i386-win32-vc8-debug:os_error_win32.obj
 0002:0003b920       _pj_set_os_error           0048f920 f   pjlib-i386-win32-vc8-debug:os_error_win32.obj
 0002:0003b970       _pj_get_netos_error        0048f970 f   pjlib-i386-win32-vc8-debug:os_error_win32.obj
 0002:0003b9c0       _pj_set_netos_error        0048f9c0 f   pjlib-i386-win32-vc8-debug:os_error_win32.obj
 0002:0003ba10       _platform_strerror         0048fa10 f   pjlib-i386-win32-vc8-debug:os_error_win32.obj
 0002:0003bc40       _pj_log_write              0048fc40 f   pjlib-i386-win32-vc8-debug:log_writer_stdout.obj
 0002:0003bd20       _pj_inet_addr              0048fd20 f   pjlib-i386-win32-vc8-debug:sock_common.obj
 0002:0003bd50       _pj_inet_addr2             0048fd50 f   pjlib-i386-win32-vc8-debug:sock_common.obj
 0002:0003bd90       _pj_inet_ntop2             0048fd90 f   pjlib-i386-win32-vc8-debug:sock_common.obj
 0002:0003bde0       _pj_sockaddr_print         0048fde0 f   pjlib-i386-win32-vc8-debug:sock_common.obj
 0002:0003bf10       _pj_sockaddr_in_set_str_addr 0048ff10 f   pjlib-i386-win32-vc8-debug:sock_common.obj
 0002:0003c090       _pj_sockaddr_set_str_addr  00490090 f   pjlib-i386-win32-vc8-debug:sock_common.obj
 0002:0003c230       _pj_sockaddr_in_init       00490230 f   pjlib-i386-win32-vc8-debug:sock_common.obj
 0002:0003c2e0       _pj_sockaddr_init          004902e0 f   pjlib-i386-win32-vc8-debug:sock_common.obj
 0002:0003c3e0       _pj_sockaddr_cmp           004903e0 f   pjlib-i386-win32-vc8-debug:sock_common.obj
 0002:0003c520       _pj_gethostaddr            00490520 f   pjlib-i386-win32-vc8-debug:sock_common.obj
 0002:0003c570       _pj_sockaddr_in_get_port   00490570 f   pjlib-i386-win32-vc8-debug:sock_common.obj
 0002:0003c5a0       _pj_sockaddr_get_addr      004905a0 f   pjlib-i386-win32-vc8-debug:sock_common.obj
 0002:0003c670       _pj_sockaddr_has_addr      00490670 f   pjlib-i386-win32-vc8-debug:sock_common.obj
 0002:0003c740       _pj_sockaddr_get_port      00490740 f   pjlib-i386-win32-vc8-debug:sock_common.obj
 0002:0003c820       _pj_sockaddr_get_addr_len  00490820 f   pjlib-i386-win32-vc8-debug:sock_common.obj
 0002:0003c8e0       _pj_sockaddr_get_len       004908e0 f   pjlib-i386-win32-vc8-debug:sock_common.obj
 0002:0003c9a0       _pj_sockaddr_copy_addr     004909a0 f   pjlib-i386-win32-vc8-debug:sock_common.obj
 0002:0003ca00       _pj_sockaddr_cp            00490a00 f   pjlib-i386-win32-vc8-debug:sock_common.obj
 0002:0003ca40       _pj_sockaddr_in_set_port   00490a40 f   pjlib-i386-win32-vc8-debug:sock_common.obj
 0002:0003ca70       _pj_sockaddr_set_port      00490a70 f   pjlib-i386-win32-vc8-debug:sock_common.obj
 0002:0003cb50       _pj_sockaddr_in_get_addr   00490b50 f   pjlib-i386-win32-vc8-debug:sock_common.obj
 0002:0003cb80       _pj_sockaddr_in_set_addr   00490b80 f   pjlib-i386-win32-vc8-debug:sock_common.obj
 0002:0003cbb0       _pj_sockaddr_parse2        00490bb0 f   pjlib-i386-win32-vc8-debug:sock_common.obj
 0002:0003d0c0       _pj_sockaddr_parse         004910c0 f   pjlib-i386-win32-vc8-debug:sock_common.obj
 0002:0003d260       _pj_gethostip              00491260 f   pjlib-i386-win32-vc8-debug:sock_common.obj
 0002:0003df70       _pj_getdefaultipinterface  00491f70 f   pjlib-i386-win32-vc8-debug:sock_common.obj
 0002:0003e170       _pj_get_version            00492170 f   pjlib-i386-win32-vc8-debug:config.obj
 0002:0003e190       _pj_dump_config            00492190 f   pjlib-i386-win32-vc8-debug:config.obj
 0002:0003e770       _pj_lock_create_simple_mutex 00492770 f   pjlib-i386-win32-vc8-debug:lock.obj
 0002:0003e8c0       _pj_lock_create_recursive_mutex 004928c0 f   pjlib-i386-win32-vc8-debug:lock.obj
 0002:0003e910       _pj_lock_create_null_mutex 00492910 f   pjlib-i386-win32-vc8-debug:lock.obj
 0002:0003e970       _pj_lock_create_semaphore  00492970 f   pjlib-i386-win32-vc8-debug:lock.obj
 0002:0003ea60       _pj_lock_acquire           00492a60 f   pjlib-i386-win32-vc8-debug:lock.obj
 0002:0003ead0       _pj_lock_tryacquire        00492ad0 f   pjlib-i386-win32-vc8-debug:lock.obj
 0002:0003eb40       _pj_lock_release           00492b40 f   pjlib-i386-win32-vc8-debug:lock.obj
 0002:0003ebb0       _pj_lock_destroy           00492bb0 f   pjlib-i386-win32-vc8-debug:lock.obj
 0002:0003ec20       _pj_gettimeofday           00492c20 f   pjlib-i386-win32-vc8-debug:os_time_win32.obj
 0002:0003ed80       _pj_time_decode            00492d80 f   pjlib-i386-win32-vc8-debug:os_time_win32.obj
 0002:0003ee70       _pj_time_encode            00492e70 f   pjlib-i386-win32-vc8-debug:os_time_win32.obj
 0002:0003efa0       _pj_time_val_normalize     00492fa0 f   pjlib-i386-win32-vc8-debug:types.obj
 0002:0003f0e0       _pj_array_insert           004930e0 f   pjlib-i386-win32-vc8-debug:array.obj
 0002:0003f190       _pj_array_erase            00493190 f   pjlib-i386-win32-vc8-debug:array.obj
 0002:0003f220       _pj_array_find             00493220 f   pjlib-i386-win32-vc8-debug:array.obj
 0002:0003f2a0       _pj_hash_calc              004932a0 f   pjlib-i386-win32-vc8-debug:hash.obj
 0002:0003f360       _pj_hash_calc_tolower      00493360 f   pjlib-i386-win32-vc8-debug:hash.obj
 0002:0003f410       _pj_hash_create            00493410 f   pjlib-i386-win32-vc8-debug:hash.obj
 0002:0003f4c0       _pj_hash_get               004934c0 f   pjlib-i386-win32-vc8-debug:hash.obj
 0002:0003f830       _pj_hash_set               00493830 f   pjlib-i386-win32-vc8-debug:hash.obj
 0002:0003f8d0       _pj_hash_set_np            004938d0 f   pjlib-i386-win32-vc8-debug:hash.obj
 0002:0003f970       _pj_hash_count             00493970 f   pjlib-i386-win32-vc8-debug:hash.obj
 0002:0003f990       _pj_hash_first             00493990 f   pjlib-i386-win32-vc8-debug:hash.obj
 0002:0003fa20       _pj_hash_next              00493a20 f   pjlib-i386-win32-vc8-debug:hash.obj
 0002:0003fad0       _pj_hash_this              00493ad0 f   pjlib-i386-win32-vc8-debug:hash.obj
 0002:0003fb10       _pj_srand                  00493b10 f   pjlib-i386-win32-vc8-debug:rand.obj
 0002:0003fb50       _pj_rand                   00493b50 f   pjlib-i386-win32-vc8-debug:rand.obj
 0002:0003fbd0       _pj_list_insert_after      00493bd0 f   pjlib-i386-win32-vc8-debug:list.obj
 0002:0003fc20       _pj_list_insert_before     00493c20 f   pjlib-i386-win32-vc8-debug:list.obj
 0002:0003fc50       _pj_list_insert_nodes_after 00493c50 f   pjlib-i386-win32-vc8-debug:list.obj
 0002:0003fce0       _pj_list_insert_nodes_before 00493ce0 f   pjlib-i386-win32-vc8-debug:list.obj
 0002:0003fd10       _pj_list_merge_last        00493d10 f   pjlib-i386-win32-vc8-debug:list.obj
 0002:0003fde0       _pj_list_merge_first       00493de0 f   pjlib-i386-win32-vc8-debug:list.obj
 0002:0003fe50       _pj_list_erase             00493e50 f   pjlib-i386-win32-vc8-debug:list.obj
 0002:0003fe90       _pj_list_find_node         00493e90 f   pjlib-i386-win32-vc8-debug:list.obj
 0002:0003fef0       _pj_list_search            00493ef0 f   pjlib-i386-win32-vc8-debug:list.obj
 0002:0003ff50       _pj_list_size              00493f50 f   pjlib-i386-win32-vc8-debug:list.obj
 0002:0003ffa0       _pj_activesock_cfg_default 00493fa0 f   pjlib-i386-win32-vc8-debug:activesock.obj
 0002:00040020       _pj_activesock_create      00494020 f   pjlib-i386-win32-vc8-debug:activesock.obj
 0002:000403c0       _pj_activesock_create_udp  004943c0 f   pjlib-i386-win32-vc8-debug:activesock.obj
 0002:00040550       _pj_activesock_close       00494550 f   pjlib-i386-win32-vc8-debug:activesock.obj
 0002:000405d0       _pj_activesock_set_user_data 004945d0 f   pjlib-i386-win32-vc8-debug:activesock.obj
 0002:00040630       _pj_activesock_get_user_data 00494630 f   pjlib-i386-win32-vc8-debug:activesock.obj
 0002:00040690       _pj_activesock_start_read  00494690 f   pjlib-i386-win32-vc8-debug:activesock.obj
 0002:00040790       _pj_activesock_start_read2 00494790 f   pjlib-i386-win32-vc8-debug:activesock.obj
 0002:000409e0       _pj_activesock_start_recvfrom 004949e0 f   pjlib-i386-win32-vc8-debug:activesock.obj
 0002:00040ae0       _pj_activesock_start_recvfrom2 00494ae0 f   pjlib-i386-win32-vc8-debug:activesock.obj
 0002:00041110       _pj_activesock_send        00495110 f   pjlib-i386-win32-vc8-debug:activesock.obj
 0002:00041370       _pj_activesock_sendto      00495370 f   pjlib-i386-win32-vc8-debug:activesock.obj
 0002:00041560       _pj_activesock_start_accept 00495560 f   pjlib-i386-win32-vc8-debug:activesock.obj
 0002:00041840       _pj_activesock_start_connect 00495840 f   pjlib-i386-win32-vc8-debug:activesock.obj
 0002:000418c0       _pj_qos_get_params         004958c0 f   pjlib-i386-win32-vc8-debug:sock_qos_common.obj
 0002:00041980       _pj_qos_get_type           00495980 f   pjlib-i386-win32-vc8-debug:sock_qos_common.obj
 0002:00041b50       _pj_sock_apply_qos         00495b50 f   pjlib-i386-win32-vc8-debug:sock_qos_common.obj
 0002:00041c70       _pj_sock_apply_qos2        00495c70 f   pjlib-i386-win32-vc8-debug:sock_qos_common.obj
 0002:00041ce0       _pj_gethostbyname          00495ce0 f   pjlib-i386-win32-vc8-debug:addr_resolv_sock.obj
 0002:00041e40       _pj_getaddrinfo            00495e40 f   pjlib-i386-win32-vc8-debug:addr_resolv_sock.obj
 0002:000421a0       _pj_enum_ip_interface      004961a0 f   pjlib-i386-win32-vc8-debug:ip_helper_win32.obj
 0002:00042d00       _pj_enum_ip_route          00496d00 f   pjlib-i386-win32-vc8-debug:ip_helper_win32.obj
 0002:00043120       _pj_throw_exception_       00497120 f   pjlib-i386-win32-vc8-debug:except.obj
 0002:000431e0       _pj_push_exception_handler_ 004971e0 f   pjlib-i386-win32-vc8-debug:except.obj
 0002:00043300       _pj_pop_exception_handler_ 00497300 f   pjlib-i386-win32-vc8-debug:except.obj
 0002:00043360       _pj_exception_id_alloc     00497360 f   pjlib-i386-win32-vc8-debug:except.obj
 0002:000433e0       _pj_exception_id_free      004973e0 f   pjlib-i386-win32-vc8-debug:except.obj
 0002:00043470       _pj_exception_id_name      00497470 f   pjlib-i386-win32-vc8-debug:except.obj
 0002:00043520       _pj_pool_create_on_buf     00497520 f   pjlib-i386-win32-vc8-debug:pool_buf.obj
 0002:00043790       _pj_get_timestamp          00497790 f   pjlib-i386-win32-vc8-debug:os_timestamp_win32.obj
 0002:00043820       _pj_get_timestamp_freq     00497820 f   pjlib-i386-win32-vc8-debug:os_timestamp_win32.obj
 0002:000438b0       _pj_GUID_STRING_LENGTH     004978b0 f   pjlib-i386-win32-vc8-debug:guid_win32.obj
 0002:000438d0       _pj_generate_unique_string 004978d0 f   pjlib-i386-win32-vc8-debug:guid_win32.obj
 0002:00043be0       _pj_pool_factory_get_default_policy 00497be0 f   pjlib-i386-win32-vc8-debug:pool_policy_malloc.obj
 0002:00043c00       _PJ_FD_ZERO                00497c00 f   pjlib-i386-win32-vc8-debug:sock_select.obj
 0002:00043c50       _PJ_FD_SET                 00497c50 f   pjlib-i386-win32-vc8-debug:sock_select.obj
 0002:00043d30       _PJ_FD_CLR                 00497d30 f   pjlib-i386-win32-vc8-debug:sock_select.obj
 0002:00043e20       _PJ_FD_ISSET               00497e20 f   pjlib-i386-win32-vc8-debug:sock_select.obj
 0002:00043e80       _PJ_FD_COUNT               00497e80 f   pjlib-i386-win32-vc8-debug:sock_select.obj
 0002:00043ea0       _pj_sock_select            00497ea0 f   pjlib-i386-win32-vc8-debug:sock_select.obj
 0002:00043fa0       _pj_sock_set_qos_params    00497fa0 f   pjlib-i386-win32-vc8-debug:sock_qos_bsd.obj
 0002:000440d0       _pj_sock_set_qos_type      004980d0 f   pjlib-i386-win32-vc8-debug:sock_qos_bsd.obj
 0002:00044120       _pj_sock_get_qos_params    00498120 f   pjlib-i386-win32-vc8-debug:sock_qos_bsd.obj
 0002:00044270       _pj_sock_get_qos_type      00498270 f   pjlib-i386-win32-vc8-debug:sock_qos_bsd.obj
 0002:000442be       _CoCreateGuid@4            004982be f   ole32:ole32.dll
 0002:000442c4       _WSAGetLastError@0         004982c4 f   ws2_32:WS2_32.dll
 0002:000442ca       _WSAStartup@8              004982ca f   ws2_32:WS2_32.dll
 0002:000442d0       _WSACleanup@0              004982d0 f   ws2_32:WS2_32.dll
 0002:000442d6       _ioctlsocket@12            004982d6 f   ws2_32:WS2_32.dll
 0002:000442dc       _ntohs@4                   004982dc f   ws2_32:WS2_32.dll
 0002:000442e2       _htons@4                   004982e2 f   ws2_32:WS2_32.dll
 0002:000442e8       _ntohl@4                   004982e8 f   ws2_32:WS2_32.dll
 0002:000442ee       _htonl@4                   004982ee f   ws2_32:WS2_32.dll
 0002:000442f4       _inet_ntoa@4               004982f4 f   ws2_32:WS2_32.dll
 0002:000442fa       _inet_addr@4               004982fa f   ws2_32:WS2_32.dll
 0002:00044300       _WSAStringToAddressA@20    00498300 f   ws2_32:WS2_32.dll
 0002:00044306       _WSAAddressToStringA@20    00498306 f   ws2_32:WS2_32.dll
 0002:0004430c       _gethostname@8             0049830c f   ws2_32:WS2_32.dll
 0002:00044312       _WSASocketA@24             00498312 f   ws2_32:WS2_32.dll
 0002:00044318       _bind@12                   00498318 f   ws2_32:WS2_32.dll
 0002:0004431e       _closesocket@4             0049831e f   ws2_32:WS2_32.dll
 0002:00044324       _getpeername@12            00498324 f   ws2_32:WS2_32.dll
 0002:0004432a       _getsockname@12            0049832a f   ws2_32:WS2_32.dll
 0002:00044330       _send@16                   00498330 f   ws2_32:WS2_32.dll
 0002:00044336       _sendto@24                 00498336 f   ws2_32:WS2_32.dll
 0002:0004433c       _recv@16                   0049833c f   ws2_32:WS2_32.dll
 0002:00044342       _recvfrom@24               00498342 f   ws2_32:WS2_32.dll
 0002:00044348       _getsockopt@20             00498348 f   ws2_32:WS2_32.dll
 0002:0004434e       _setsockopt@20             0049834e f   ws2_32:WS2_32.dll
 0002:00044354       _connect@12                00498354 f   ws2_32:WS2_32.dll
 0002:0004435a       _shutdown@8                0049835a f   ws2_32:WS2_32.dll
 0002:00044360       _listen@8                  00498360 f   ws2_32:WS2_32.dll
 0002:00044366       _accept@12                 00498366 f   ws2_32:WS2_32.dll
 0002:0004436c       _WSASetLastError@4         0049836c f   ws2_32:WS2_32.dll
 0002:00044372       _gethostbyname@4           00498372 f   ws2_32:WS2_32.dll
 0002:00044378       ___WSAFDIsSet@8            00498378 f   ws2_32:WS2_32.dll
 0002:0004437e       _select@20                 0049837e f   ws2_32:WS2_32.dll
 0002:00044390       _printf                    00498390 f   LIBCMTD:printf.obj
 0002:00044510       __printf_l                 00498510 f   LIBCMTD:printf.obj
 0002:00044540       __printf_s_l               00498540 f   LIBCMTD:printf.obj
 0002:00044570       _printf_s                  00498570 f   LIBCMTD:printf.obj
 0002:000445a0       __printf_p_l               004985a0 f   LIBCMTD:printf.obj
 0002:000445d0       __printf_p                 004985d0 f   LIBCMTD:printf.obj
 0002:00044600       __set_printf_count_output  00498600 f   LIBCMTD:printf.obj
 0002:00044660       __get_printf_count_output  00498660 f   LIBCMTD:printf.obj
 0002:00044680       _puts                      00498680 f   LIBCMTD:puts.obj
 0002:00044a60       _atol                      00498a60 f   LIBCMTD:atox.obj
 0002:00044a80       __atol_l                   00498a80 f   LIBCMTD:atox.obj
 0002:00044aa0       _atoi                      00498aa0 f   LIBCMTD:atox.obj
 0002:00044ac0       __atoi_l                   00498ac0 f   LIBCMTD:atox.obj
 0002:00044ae0       __atoi64                   00498ae0 f   LIBCMTD:atox.obj
 0002:00044b00       __atoi64_l                 00498b00 f   LIBCMTD:atox.obj
 0002:00044b20       __cinit                    00498b20 f   LIBCMTD:crt0dat.obj
 0002:00044bf0       _exit                      00498bf0 f   LIBCMTD:crt0dat.obj
 0002:00044c10       __exit                     00498c10 f   LIBCMTD:crt0dat.obj
 0002:00044c30       __cexit                    00498c30 f   LIBCMTD:crt0dat.obj
 0002:00044c50       __c_exit                   00498c50 f   LIBCMTD:crt0dat.obj
 0002:00044c70       __amsg_exit                00498c70 f   LIBCMTD:crt0dat.obj
 0002:00044cc0       ___freeCrtMemory           00498cc0 f   LIBCMTD:crt0dat.obj
 0002:00045020       ___crtCorExitProcess       00499020 f   LIBCMTD:crt0dat.obj
 0002:00045070       ___crtExitProcess          00499070 f   LIBCMTD:crt0dat.obj
 0002:000450a0       __lockexit                 004990a0 f   LIBCMTD:crt0dat.obj
 0002:000450c0       __unlockexit               004990c0 f   LIBCMTD:crt0dat.obj
 0002:000450e0       __init_pointers            004990e0 f   LIBCMTD:crt0dat.obj
 0002:000451c0       __initterm_e               004991c0 f   LIBCMTD:crt0dat.obj
 0002:00045210       __get_osplatform           00499210 f   LIBCMTD:crt0dat.obj
 0002:00045340       __get_osver                00499340 f   LIBCMTD:crt0dat.obj
 0002:00045470       __get_winver               00499470 f   LIBCMTD:crt0dat.obj
 0002:000455a0       __get_winmajor             004995a0 f   LIBCMTD:crt0dat.obj
 0002:000456d0       __get_winminor             004996d0 f   LIBCMTD:crt0dat.obj
 0002:00045800       __get_wpgmptr              00499800 f   LIBCMTD:crt0dat.obj
 0002:00045930       __get_pgmptr               00499930 f   LIBCMTD:crt0dat.obj
 0002:00045a60       _fclose                    00499a60 f   LIBCMTD:fclose.obj
 0002:00045bb0       __fclose_nolock            00499bb0 f   LIBCMTD:fclose.obj
 0002:00045cf0       @__security_check_cookie@4 00499cf0 f   LIBCMTD:secchk.obj
 0002:00045d10       __fsopen                   00499d10 f   LIBCMTD:fopen.obj
 0002:00045fa0       _fopen                     00499fa0 f   LIBCMTD:fopen.obj
 0002:00045fc0       _fopen_s                   00499fc0 f   LIBCMTD:fopen.obj
 0002:00046090       _memchr                    0049a090 f   LIBCMTD:memchr.obj
 0002:00046170       __wassert                  0049a170 f   LIBCMTD:wassert.obj
 0002:00047280       __invoke_watson_if_error   0049b280 f i LIBCMTD:wassert.obj
 0002:000472c0       __invoke_watson_if_oneof   0049b2c0 f i LIBCMTD:wassert.obj
 0002:00047360       _fwrite                    0049b360 f   LIBCMTD:fwrite.obj
 0002:000474b0       __fwrite_nolock            0049b4b0 f   LIBCMTD:fwrite.obj
 0002:00047970       _strcmp                    0049b970 f   LIBCMTD:strcmp.obj
 0002:00047a20       _strtok                    0049ba20 f   LIBCMTD:strtok.obj
 0002:00047bc0       _strlen                    0049bbc0 f   LIBCMTD:strlen.obj
 0002:00047c70       _fgets                     0049bc70 f   LIBCMTD:fgets.obj
 0002:00048130       _fflush                    0049c130 f   LIBCMTD:fflush.obj
 0002:000481f0       __fflush_nolock            0049c1f0 f   LIBCMTD:fflush.obj
 0002:00048260       __flush                    0049c260 f   LIBCMTD:fflush.obj
 0002:00048350       __flushall                 0049c350 f   LIBCMTD:fflush.obj
 0002:00048580       ___iob_func                0049c580 f   LIBCMTD:_file.obj
 0002:00048590       ___initstdio               0049c590 f   LIBCMTD:_file.obj
 0002:00048730       ___endstdio                0049c730 f   LIBCMTD:_file.obj
 0002:00048770       __lock_file                0049c770 f   LIBCMTD:_file.obj
 0002:000487e0       __lock_file2               0049c7e0 f   LIBCMTD:_file.obj
 0002:00048830       __unlock_file              0049c830 f   LIBCMTD:_file.obj
 0002:000488a0       __unlock_file2             0049c8a0 f   LIBCMTD:_file.obj
 0002:000488f0       _memset                    0049c8f0 f   LIBCMTD:memset.obj
 0002:00048990       __tolower                  0049c990 f   LIBCMTD:tolower.obj
 0002:000489a0       __tolower_l                0049c9a0 f   LIBCMTD:tolower.obj
 0002:00048bf0       ??0_LocaleUpdate@@QAE@PAUlocaleinfo_struct@@@Z 0049cbf0 f i LIBCMTD:tolower.obj
 0002:00048d00       ??1_LocaleUpdate@@QAE@XZ   0049cd00 f i LIBCMTD:tolower.obj
 0002:00048d40       ?GetLocaleT@_LocaleUpdate@@QAEPAUlocaleinfo_struct@@XZ 0049cd40 f i LIBCMTD:tolower.obj
 0002:00048d60       _tolower                   0049cd60 f   LIBCMTD:tolower.obj
 0002:00048dc0       __snprintf                 0049cdc0 f   LIBCMTD:snprintf.obj
 0002:00048fd0       __snprintf_l               0049cfd0 f   LIBCMTD:snprintf.obj
 0002:00049020       _strchr                    0049d020 f   LIBCMTD:strchr.obj
 0002:00049026       ___from_strstr_to_strchr   0049d026     LIBCMTD:strchr.obj
 0002:00049120       _strcpy                    0049d120 f   LIBCMTD:strcat.obj
 0002:00049130       _strcat                    0049d130 f   LIBCMTD:strcat.obj
 0002:00049260       _sscanf                    0049d260 f   LIBCMTD:sscanf.obj
 0002:00049430       __sscanf_l                 0049d430 f   LIBCMTD:sscanf.obj
 0002:00049470       _sscanf_s                  0049d470 f   LIBCMTD:sscanf.obj
 0002:000494b0       __sscanf_s_l               0049d4b0 f   LIBCMTD:sscanf.obj
 0002:000494f0       __isalpha_l                0049d4f0 f i LIBCMTD:_ctype.obj
 0002:000495a0       _isalpha                   0049d5a0 f i LIBCMTD:_ctype.obj
 0002:000495e0       __isupper_l                0049d5e0 f i LIBCMTD:_ctype.obj
 0002:00049680       _isupper                   0049d680 f i LIBCMTD:_ctype.obj
 0002:000496c0       __islower_l                0049d6c0 f i LIBCMTD:_ctype.obj
 0002:00049760       _islower                   0049d760 f i LIBCMTD:_ctype.obj
 0002:000497a0       __isdigit_l                0049d7a0 f i LIBCMTD:_ctype.obj
 0002:00049840       _isdigit                   0049d840 f i LIBCMTD:_ctype.obj
 0002:00049880       __isxdigit_l               0049d880 f i LIBCMTD:_ctype.obj
 0002:00049930       _isxdigit                  0049d930 f i LIBCMTD:_ctype.obj
 0002:00049970       __isspace_l                0049d970 f i LIBCMTD:_ctype.obj
 0002:00049a10       _isspace                   0049da10 f i LIBCMTD:_ctype.obj
 0002:00049a50       __ispunct_l                0049da50 f i LIBCMTD:_ctype.obj
 0002:00049af0       _ispunct                   0049daf0 f i LIBCMTD:_ctype.obj
 0002:00049b30       __isalnum_l                0049db30 f i LIBCMTD:_ctype.obj
 0002:00049be0       _isalnum                   0049dbe0 f i LIBCMTD:_ctype.obj
 0002:00049c20       __isprint_l                0049dc20 f i LIBCMTD:_ctype.obj
 0002:00049cd0       _isprint                   0049dcd0 f i LIBCMTD:_ctype.obj
 0002:00049d10       __isgraph_l                0049dd10 f i LIBCMTD:_ctype.obj
 0002:00049dc0       _isgraph                   0049ddc0 f i LIBCMTD:_ctype.obj
 0002:00049e00       __iscntrl_l                0049de00 f i LIBCMTD:_ctype.obj
 0002:00049ea0       _iscntrl                   0049dea0 f i LIBCMTD:_ctype.obj
 0002:00049ee0       ___isascii                 0049dee0 f i LIBCMTD:_ctype.obj
 0002:00049f00       ___toascii                 0049df00 f i LIBCMTD:_ctype.obj
 0002:00049f10       __iscsymf_l                0049df10 f i LIBCMTD:_ctype.obj
 0002:00049f60       ___iscsymf                 0049df60 f i LIBCMTD:_ctype.obj
 0002:00049fa0       __iscsym_l                 0049dfa0 f i LIBCMTD:_ctype.obj
 0002:00049ff0       ___iscsym                  0049dff0 f i LIBCMTD:_ctype.obj
 0002:0004a040       _mainCRTStartup            0049e040 f   LIBCMTD:crt0.obj
 0002:0004a3c0       __set_osplatform           0049e3c0 f i LIBCMTD:crt0.obj
 0002:0004a3d0       __set_osver                0049e3d0 f i LIBCMTD:crt0.obj
 0002:0004a3e0       __set_winver               0049e3e0 f i LIBCMTD:crt0.obj
 0002:0004a3f0       __set_winmajor             0049e3f0 f i LIBCMTD:crt0.obj
 0002:0004a400       __set_winminor             0049e400 f i LIBCMTD:crt0.obj
 0002:0004a4e0       _memcpy                    0049e4e0 f   LIBCMTD:memcpy.obj
 0002:0004a920       _memcmp                    0049e920 f   LIBCMTD:memcmp.obj
 0002:0004b620       _memmove                   0049f620 f   LIBCMTD:memmove.obj
 0002:0004ba60       _sprintf                   0049fa60 f   LIBCMTD:sprintf.obj
 0002:0004bc40       __sprintf_l                0049fc40 f   LIBCMTD:sprintf.obj
 0002:0004bc70       _sprintf_s                 0049fc70 f   LIBCMTD:sprintf.obj
 0002:0004bcb0       __sprintf_s_l              0049fcb0 f   LIBCMTD:sprintf.obj
 0002:0004bcf0       __snprintf_s               0049fcf0 f   LIBCMTD:sprintf.obj
 0002:0004bd30       __snprintf_s_l             0049fd30 f   LIBCMTD:sprintf.obj
 0002:0004bd70       __sprintf_p                0049fd70 f   LIBCMTD:sprintf.obj
 0002:0004bdb0       __sprintf_p_l              0049fdb0 f   LIBCMTD:sprintf.obj
 0002:0004bdf0       __scprintf                 0049fdf0 f   LIBCMTD:sprintf.obj
 0002:0004be20       __scprintf_p               0049fe20 f   LIBCMTD:sprintf.obj
 0002:0004be50       __scprintf_l               0049fe50 f   LIBCMTD:sprintf.obj
 0002:0004be80       __scprintf_p_l             0049fe80 f   LIBCMTD:sprintf.obj
 0002:0004beb0       _strncmp                   0049feb0 f   LIBCMTD:strncmp.obj
 0002:0004c07c       __setjmp3                  004a007c f   LIBCMTD:setjmp3.obj
 0002:0004c120       __strnicmp_l               004a0120 f   LIBCMTD:strnicmp.obj
 0002:0004c3f0       __strnicmp                 004a03f0 f   LIBCMTD:strnicmp.obj
 0002:0004c5e0       _strncpy                   004a05e0 f   LIBCMTD:strncpy.obj
 0002:0004c750       __vsnprintf_l              004a0750 f   LIBCMTD:vsnprint.obj
 0002:0004c960       __vsnprintf                004a0960 f   LIBCMTD:vsnprint.obj
 0002:0004c990       __alloca_probe             004a0990     LIBCMTD:chkstk.obj
 0002:0004c990       __chkstk                   004a0990 f   LIBCMTD:chkstk.obj
 0002:0004c9d0       __alldiv                   004a09d0 f   LIBCMTD:lldiv.obj
 0002:0004cab0       __allmul                   004a0ab0 f   LIBCMTD:llmul.obj
 0002:0004cb00       _srand                     004a0b00 f   LIBCMTD:rand.obj
 0002:0004cb20       _rand                      004a0b20 f   LIBCMTD:rand.obj
 0002:0004cb70       _malloc                    004a0b70 f   LIBCMTD:dbgheap.obj
 0002:0004cba0       __malloc_dbg               004a0ba0 f   LIBCMTD:dbgheap.obj
 0002:0004cbe0       __nh_malloc                004a0be0 f   LIBCMTD:dbgheap.obj
 0002:0004cc10       __nh_malloc_dbg            004a0c10 f   LIBCMTD:dbgheap.obj
 0002:0004cc90       __heap_alloc               004a0c90 f   LIBCMTD:dbgheap.obj
 0002:0004ccb0       __heap_alloc_dbg           004a0cb0 f   LIBCMTD:dbgheap.obj
 0002:0004d130       _calloc                    004a1130 f   LIBCMTD:dbgheap.obj
 0002:0004d160       __calloc_dbg               004a1160 f   LIBCMTD:dbgheap.obj
 0002:0004d250       _realloc                   004a1250 f   LIBCMTD:dbgheap.obj
 0002:0004d280       __recalloc                 004a1280 f   LIBCMTD:dbgheap.obj
 0002:0004d2c0       __realloc_dbg              004a12c0 f   LIBCMTD:dbgheap.obj
 0002:0004da80       __recalloc_dbg             004a1a80 f   LIBCMTD:dbgheap.obj
 0002:0004dbc0       __expand                   004a1bc0 f   LIBCMTD:dbgheap.obj
 0002:0004dbf0       __expand_dbg               004a1bf0 f   LIBCMTD:dbgheap.obj
 0002:0004dd40       _free                      004a1d40 f   LIBCMTD:dbgheap.obj
 0002:0004dd60       __free_nolock              004a1d60 f   LIBCMTD:dbgheap.obj
 0002:0004dd80       __free_dbg                 004a1d80 f   LIBCMTD:dbgheap.obj
 0002:0004de20       __free_dbg_nolock          004a1e20 f   LIBCMTD:dbgheap.obj
 0002:0004e430       __msize                    004a2430 f   LIBCMTD:dbgheap.obj
 0002:0004e450       __msize_dbg                004a2450 f   LIBCMTD:dbgheap.obj
 0002:0004e6b0       __CrtSetBreakAlloc         004a26b0 f   LIBCMTD:dbgheap.obj
 0002:0004e6e0       __CrtSetDbgBlockType       004a26e0 f   LIBCMTD:dbgheap.obj
 0002:0004e800       __CrtSetAllocHook          004a2800 f   LIBCMTD:dbgheap.obj
 0002:0004e830       __CrtGetAllocHook          004a2830 f   LIBCMTD:dbgheap.obj
 0002:0004e8a0       __CrtCheckMemory           004a28a0 f   LIBCMTD:dbgheap.obj
 0002:0004ee10       __CrtSetDbgFlag            004a2e10 f   LIBCMTD:dbgheap.obj
 0002:0004efb0       __CrtDoForAllClientObjects 004a2fb0 f   LIBCMTD:dbgheap.obj
 0002:0004f110       __CrtIsValidPointer        004a3110 f   LIBCMTD:dbgheap.obj
 0002:0004f130       __CrtIsValidHeapPointer    004a3130 f   LIBCMTD:dbgheap.obj
 0002:0004f250       __CrtIsMemoryBlock         004a3250 f   LIBCMTD:dbgheap.obj
 0002:0004f420       __CrtReportBlockType       004a3420 f   LIBCMTD:dbgheap.obj
 0002:0004f460       __CrtSetDumpClient         004a3460 f   LIBCMTD:dbgheap.obj
 0002:0004f490       __CrtGetDumpClient         004a3490 f   LIBCMTD:dbgheap.obj
 0002:0004f4a0       __CrtMemCheckpoint         004a34a0 f   LIBCMTD:dbgheap.obj
 0002:0004f740       __CrtMemDifference         004a3740 f   LIBCMTD:dbgheap.obj
 0002:0004f9e0       __CrtMemDumpAllObjectsSince 004a39e0 f   LIBCMTD:dbgheap.obj
 0002:00050010       __CrtDumpMemoryLeaks       004a4010 f   LIBCMTD:dbgheap.obj
 0002:00050090       __CrtMemDumpStatistics     004a4090 f   LIBCMTD:dbgheap.obj
 0002:000501e0       __aligned_malloc           004a41e0 f   LIBCMTD:dbgheap.obj
 0002:00050210       __aligned_malloc_dbg       004a4210 f   LIBCMTD:dbgheap.obj
 0002:00050240       __aligned_realloc          004a4240 f   LIBCMTD:dbgheap.obj
 0002:00050270       __aligned_recalloc         004a4270 f   LIBCMTD:dbgheap.obj
 0002:000502a0       __aligned_realloc_dbg      004a42a0 f   LIBCMTD:dbgheap.obj
 0002:000502d0       __aligned_recalloc_dbg     004a42d0 f   LIBCMTD:dbgheap.obj
 0002:00050300       __aligned_offset_malloc    004a4300 f   LIBCMTD:dbgheap.obj
 0002:00050330       __aligned_offset_malloc_dbg 004a4330 f   LIBCMTD:dbgheap.obj
 0002:00050530       __aligned_offset_realloc   004a4530 f   LIBCMTD:dbgheap.obj
 0002:00050560       __aligned_offset_recalloc  004a4560 f   LIBCMTD:dbgheap.obj
 0002:00050590       __aligned_offset_realloc_dbg 004a4590 f   LIBCMTD:dbgheap.obj
 0002:00050910       __aligned_offset_recalloc_dbg 004a4910 f   LIBCMTD:dbgheap.obj
 0002:00050a60       __aligned_free             004a4a60 f   LIBCMTD:dbgheap.obj
 0002:00050a80       __aligned_free_dbg         004a4a80 f   LIBCMTD:dbgheap.obj
 0002:00050b50       __CrtSetDebugFillThreshold 004a4b50 f   LIBCMTD:dbgheap.obj
 0002:00050b80       __CrtSetCheckCount         004a4b80 f   LIBCMTD:dbgheap.obj
 0002:00050ba0       __CrtGetCheckCount         004a4ba0 f   LIBCMTD:dbgheap.obj
 0002:00050bb0       __aligned_msize            004a4bb0 f   LIBCMTD:dbgheap.obj
 0002:00050bd0       __aligned_msize_dbg        004a4bd0 f   LIBCMTD:dbgheap.obj
 0002:00050d20       _longjmp                   004a4d20 f   LIBCMTD:longjmp.obj
 0002:00050e00       __stbuf                    004a4e00 f   LIBCMTD:_sftbuf.obj
 0002:00050fb0       __ftbuf                    004a4fb0 f   LIBCMTD:_sftbuf.obj
 0002:00051060       __output_l                 004a5060 f   LIBCMTD:output.obj
 0002:000529f0       _get_int_arg               004a69f0 f i LIBCMTD:output.obj
 0002:00052a10       _get_int64_arg             004a6a10 f i LIBCMTD:output.obj
 0002:00052a40       _get_short_arg             004a6a40 f i LIBCMTD:output.obj
 0002:00052a70       __initp_misc_invarg        004a6a70 f   LIBCMTD:invarg.obj
 0002:00052a80       __invalid_parameter        004a6a80 f   LIBCMTD:invarg.obj
 0002:00052b00       __invoke_watson            004a6b00 f   LIBCMTD:invarg.obj
 0002:00052c80       __set_invalid_parameter_handler 004a6c80 f   LIBCMTD:invarg.obj
 0002:00052cd0       __get_invalid_parameter_handler 004a6cd0 f   LIBCMTD:invarg.obj
 0002:00052d10       ?_invalid_parameter@@YAXPBG00II@Z 004a6d10 f   LIBCMTD:invarg.obj
 0002:00052d40       ?_invoke_watson@@YAXPBG00II@Z 004a6d40 f   LIBCMTD:invarg.obj
 0002:00052d70       __dosmaperr                004a6d70 f   LIBCMTD:dosmap.obj
 0002:00052da0       __get_errno_from_oserr     004a6da0 f   LIBCMTD:dosmap.obj
 0002:00052e30       __set_errno                004a6e30 f   LIBCMTD:dosmap.obj
 0002:00052e70       __get_errno                004a6e70 f   LIBCMTD:dosmap.obj
 0002:00052f10       __set_doserrno             004a6f10 f   LIBCMTD:dosmap.obj
 0002:00052f50       __get_doserrno             004a6f50 f   LIBCMTD:dosmap.obj
 0002:00052ff0       __errno                    004a6ff0 f   LIBCMTD:dosmap.obj
 0002:00053020       ___doserrno                004a7020 f   LIBCMTD:dosmap.obj
 0002:00053050       __CrtSetReportHookW2       004a7050 f   LIBCMTD:dbgrptw.obj
 0002:00053440       __CrtDbgReportW            004a7440 f   LIBCMTD:dbgrptw.obj
 0002:00053490       __CrtDbgReportWV           004a7490 f i LIBCMTD:dbgrptw.obj
 0002:000538a0       ___crtMessageWindowW       004a78a0 f   LIBCMTD:dbgrptw.obj
 0002:00053da0       ?_CrtDbgReportW@@YAHHPBGH00ZZ 004a7da0 f   LIBCMTD:dbgrptw.obj
 0002:00053df0       __except_handler4          004a7df0 f   LIBCMTD:chandler4.obj
 0002:00054090       _vprintf_helper            004a8090 f   LIBCMTD:vprintf.obj
 0002:000541f0       __vprintf_l                004a81f0 f   LIBCMTD:vprintf.obj
 0002:00054220       __vprintf_s_l              004a8220 f   LIBCMTD:vprintf.obj
 0002:00054250       __vprintf_p_l              004a8250 f   LIBCMTD:vprintf.obj
 0002:00054280       _vprintf                   004a8280 f   LIBCMTD:vprintf.obj
 0002:000542b0       _vprintf_s                 004a82b0 f   LIBCMTD:vprintf.obj
 0002:000542e0       __vprintf_p                004a82e0 f   LIBCMTD:vprintf.obj
 0002:00054310       __flsbuf                   004a8310 f   LIBCMTD:_flsbuf.obj
 0002:00054680       __ioinit                   004a8680 f   LIBCMTD:ioinit.obj
 0002:00054c20       __ioterm                   004a8c20 f   LIBCMTD:ioinit.obj
 0002:00054cf0       __fileno                   004a8cf0 f   LIBCMTD:fileno.obj
 0002:00054d80       _strtol                    004a8d80 f   LIBCMTD:strtol.obj
 0002:000553f0       __strtol_l                 004a93f0 f   LIBCMTD:strtol.obj
 0002:00055420       _strtoul                   004a9420 f   LIBCMTD:strtol.obj
 0002:00055480       __strtoul_l                004a9480 f   LIBCMTD:strtol.obj
 0002:000554b0       __strtoi64                 004a94b0 f   LIBCMTD:strtoq.obj
 0002:00055b70       __strtoi64_l               004a9b70 f   LIBCMTD:strtoq.obj
 0002:00055ba0       __strtoui64                004a9ba0 f   LIBCMTD:strtoq.obj
 0002:00055c00       __strtoui64_l              004a9c00 f   LIBCMTD:strtoq.obj
 0002:00055c30       __onexit                   004a9c30 f   LIBCMTD:onexit.obj
 0002:00055e70       _atexit                    004a9e70 f   LIBCMTD:onexit.obj
 0002:00055e90       ___onexitinit              004a9e90 f   LIBCMTD:onexit.obj
 0002:00055f00       __RTC_Initialize           004a9f00 f   LIBCMTD:initsect.obj
 0002:00055f30       __RTC_Terminate            004a9f30 f   LIBCMTD:initsect.obj
 0002:00055f60       __initp_misc_cfltcvt_tab   004a9f60 f   LIBCMTD:cmiscdat.obj
 0002:00055fb0       __ValidateImageBase        004a9fb0 f   LIBCMTD:pesect.obj
 0002:00056030       __FindPESection            004aa030 f   LIBCMTD:pesect.obj
 0002:000560c0       __IsNonwritableInCurrentImage 004aa0c0 f   LIBCMTD:pesect.obj
 0002:00056220       __encode_pointer           004aa220 f   LIBCMTD:tidtable.obj
 0002:000563b0       __encoded_null             004aa3b0 f   LIBCMTD:tidtable.obj
 0002:000563d0       __decode_pointer           004aa3d0 f   LIBCMTD:tidtable.obj
 0002:00056490       ___crtTlsAlloc@4           004aa490 f   LIBCMTD:tidtable.obj
 0002:000564a0       ___fls_getvalue@4          004aa4a0 f   LIBCMTD:tidtable.obj
 0002:000564c0       ___get_flsindex            004aa4c0 f   LIBCMTD:tidtable.obj
 0002:000564d0       ___set_flsgetvalue         004aa4d0 f   LIBCMTD:tidtable.obj
 0002:00056530       ___fls_setvalue@8          004aa530 f   LIBCMTD:tidtable.obj
 0002:00056560       __mtinit                   004aa560 f   LIBCMTD:tidtable.obj
 0002:000567f0       __mtterm                   004aa7f0 f   LIBCMTD:tidtable.obj
 0002:00056860       __initptd                  004aa860 f   LIBCMTD:tidtable.obj
 0002:000569e0       __getptd_noexit            004aa9e0 f   LIBCMTD:tidtable.obj
 0002:00056ac0       __getptd                   004aaac0 f   LIBCMTD:tidtable.obj
[...]
 0004:00005c8c       __winmajor                 00524c8c     LIBCMTD:crt0dat.obj
 0004:00005c90       __winminor                 00524c90     LIBCMTD:crt0dat.obj
 0004:00005c94       ___argc                    00524c94     LIBCMTD:crt0dat.obj
 0004:00005c98       ___argv                    00524c98     LIBCMTD:crt0dat.obj
 0004:00005c9c       ___wargv                   00524c9c     LIBCMTD:crt0dat.obj
 0004:00005ca0       __environ                  00524ca0     LIBCMTD:crt0dat.obj
 0004:00005ca4       ___initenv                 00524ca4     LIBCMTD:crt0dat.obj
 0004:00005ca8       __wenviron                 00524ca8     LIBCMTD:crt0dat.obj
 0004:00005cac       ___winitenv                00524cac     LIBCMTD:crt0dat.obj
 0004:00005cb0       __pgmptr                   00524cb0     LIBCMTD:crt0dat.obj
 0004:00005cb4       __wpgmptr                  00524cb4     LIBCMTD:crt0dat.obj
 0004:00005cb8       __exitflag                 00524cb8     LIBCMTD:crt0dat.obj
 0004:00005cbc       __C_Termination_Done       00524cbc     LIBCMTD:crt0dat.obj
 0004:00005cc0       __C_Exit_Done              00524cc0     LIBCMTD:crt0dat.obj
 0004:00005cd8       __cflush                   00524cd8     LIBCMTD:_file.obj
 0004:00005cdc       __aenvptr                  00524cdc     LIBCMTD:crt0.obj
 0004:00005ce0       __wenvptr                  00524ce0     LIBCMTD:crt0.obj
 0004:00005ce4       ___error_mode              00524ce4     LIBCMTD:crt0.obj
 0004:00005d00       ?_pfnDumpClient@@3P6AXPAXI@ZA 00524d00     LIBCMTD:dbgheap.obj
 0004:00005d08       ___crtDebugCheckCount      00524d08     LIBCMTD:dbgheap.obj
 0004:00005d18       __stdbuf                   00524d18     LIBCMTD:_sftbuf.obj
 0004:00005d24       ___pInvalidArgHandler      00524d24     LIBCMTD:invarg.obj
 0004:00005d28       _gpFlsAlloc                00524d28     LIBCMTD:tidtable.obj
 0004:00005d2c       _gpFlsGetValue             00524d2c     LIBCMTD:tidtable.obj
 0004:00005d30       _gpFlsSetValue             00524d30     LIBCMTD:tidtable.obj
 0004:00005d34       _gpFlsFree                 00524d34     LIBCMTD:tidtable.obj
 0004:000060f8       ___mbulinfo                005250f8     LIBCMTD:mbctype.obj
 0004:00006104       ___mbcodepage              00525104     LIBCMTD:mbctype.obj
 0004:00006108       ___ismbcodepage            00525108     LIBCMTD:mbctype.obj
 0004:0000610c       ___mblcid                  0052510c     LIBCMTD:mbctype.obj
 0004:000062c8       ?__pInconsistency@@3P6AXXZA 005252c8     LIBCMTD:hooks.obj
 0004:000062f0       ___pPurecall               005252f0     LIBCMTD:inithelp.obj
 0004:000062fc       ?_pnhHeap@@3P6AHI@ZA       005252fc     LIBCMTD:handler.obj
 0004:000066e0       ___locale_changed          005256e0     LIBCMTD:setlocal.obj
 0004:000066e4       ___lc_handle               005256e4     LIBCMTD:nlsdata2.obj
 0004:000066fc       ___lc_codepage             005256fc     LIBCMTD:nlsdata2.obj
 0004:00006700       ___lc_collate_cp           00525700     LIBCMTD:nlsdata2.obj
 0004:00006850       __crtheap                  00525850     LIBCMTD:heapinit.obj
 0004:00006854       __newmode                  00525854     LIBCMTD:_newmode.obj
 0004:00006858       ___sbh_pHeaderDefer        00525858     LIBCMTD:sbheap.obj
 0004:00006880       __commode                  00525880     LIBCMTD:ncommode.obj
 0004:00006884       ___lconv_static_null       00525884     LIBCMTD:lconv.obj
 0004:00006888       ?wsprintffp@@3P6AHPADPBDZZA 00525888     LIBCMTD:error.obj
 0004:00006984       __fmode                    00525984     LIBCMTD:txtmode.obj
 0004:000069a8       ?pArgList@UnDecorator@@0PAVReplicator@@A 005259a8     LIBCMTD:undname.obj
 0004:000069ac       ?pZNameList@UnDecorator@@0PAVReplicator@@A 005259ac     LIBCMTD:undname.obj
 0004:000069b0       ?pTemplateArgList@UnDecorator@@0PAVReplicator@@A 005259b0     LIBCMTD:undname.obj
 0004:000069b4       ?gName@UnDecorator@@0PBDB  005259b4     LIBCMTD:undname.obj
 0004:000069b8       ?name@UnDecorator@@0PBDB   005259b8     LIBCMTD:undname.obj
 0004:000069bc       ?outputString@UnDecorator@@0PADA 005259bc     LIBCMTD:undname.obj
 0004:000069c0       ?maxStringLength@UnDecorator@@0HA 005259c0     LIBCMTD:undname.obj
 0004:000069c4       ?disableFlags@UnDecorator@@0KA 005259c4     LIBCMTD:undname.obj
 0004:000069c8       ?m_pGetParameter@UnDecorator@@0P6APADJ@ZA 005259c8     LIBCMTD:undname.obj
 0004:000069cc       ?fExplicitTemplateParams@UnDecorator@@0_NA 005259cc     LIBCMTD:undname.obj
 0004:000069cd       ?fGetTemplateArgumentList@UnDecorator@@0_NA 005259cd     LIBCMTD:undname.obj
 0004:00006a60       _stack_based_factory       00525a60     <common>
 0004:00006a94       _PJ_NO_MEMORY_EXCEPTION    00525a94     <common>
 0004:00006aa0       __pfnReportHook            00525aa0     <common>
 0004:00006ab0       __pReportHookListW         00525ab0     <common>
 0004:00006ab4       __pReportHookList          00525ab4     <common>
 0004:00006ab8       ___sbh_initialized         00525ab8     <common>
 0004:00006acc       ___sbh_cntHeaderList       00525acc     <common>
 0004:00006ad0       ___sbh_pHeaderList         00525ad0     <common>
 0004:00006ad4       ___sbh_threshold           00525ad4     <common>
 0004:00006ad8       ___sbh_pHeaderScan         00525ad8     <common>
 0004:00006adc       ___sbh_sizeHeaderList      00525adc     <common>
 0004:00006ae0       ___sbh_indGroupDefer       00525ae0     <common>
 0004:00006ae4       __debugger_hook_dummy      00525ae4     <common>
 0004:00006af0       ___active_heap             00525af0     <common>
 0004:00006afc       ___setlc_active            00525afc     <common>
 0004:00006b0c       ___unguarded_readlc_active 00525b0c     <common>
 0004:00006b10       ___use_sse2_mathfcns       00525b10     <common>
 0004:00006b20       ___sse2_available          00525b20     <common>
 0004:00006b24       __nhandle                  00525b24     <common>
 0004:00006b80       ___pioinfo                 00525b80     <common>
 0004:00006c80       __setjmpexused             00525c80     <common>
 0004:00006c8c       __acmdln                   00525c8c     <common>
 0004:00006c98       ___piob                    00525c98     <common>
 0004:00006fe0       __bufin                    00525fe0     <common>
 0004:00007fe0       __nstream                  00526fe0     <common>
 0004:00007fe4       ___env_initialized         00526fe4     <common>
 0004:00007ff4       ___onexitend               00526ff4     <common>
 0004:00007ff8       ___onexitbegin             00526ff8     <common>
 0004:00007ffc       ___mbctype_initialized     00526ffc     <common>
 0004:00008000       __FPinit                   00527000     <common>
 0004:00008004       ___dyn_tls_init_callback   00527004     <common>
 0005:00000000       __IMPORT_DESCRIPTOR_ole32  00528000     ole32:ole32.dll
 0005:00000014       __IMPORT_DESCRIPTOR_WS2_32 00528014     ws2_32:WS2_32.dll
 0005:00000028       __IMPORT_DESCRIPTOR_KERNEL32 00528028     kernel32:KERNEL32.dll
 0005:0000003c       __NULL_IMPORT_DESCRIPTOR   0052803c     ole32:ole32.dll
 0005:0000039c       __imp__QueryPerformanceCounter@4 0052839c     kernel32:KERNEL32.dll
 0005:000003a0       __imp__SetEnvironmentVariableA@8 005283a0     kernel32:KERNEL32.dll
 0005:000003a4       __imp__CompareStringW@24   005283a4     kernel32:KERNEL32.dll
 0005:000003a8       __imp__CompareStringA@24   005283a8     kernel32:KERNEL32.dll
 0005:000003ac       __imp__VirtualQuery@12     005283ac     kernel32:KERNEL32.dll
 0005:000003b0       __imp__GetTimeZoneInformation@4 005283b0     kernel32:KERNEL32.dll
 0005:000003b4       __imp__SetEndOfFile@4      005283b4     kernel32:KERNEL32.dll
 0005:000003b8       __imp__lstrlenA@4          005283b8     kernel32:KERNEL32.dll
 0005:000003bc       __imp__RaiseException@16   005283bc     kernel32:KERNEL32.dll
 0005:000003c0       __imp__GetUserDefaultLCID@0 005283c0     kernel32:KERNEL32.dll
 0005:000003c4       __imp__EnumSystemLocalesA@8 005283c4     kernel32:KERNEL32.dll
 0005:000003c8       __imp__IsValidLocale@8     005283c8     kernel32:KERNEL32.dll
 0005:000003cc       __imp__GetDateFormatA@24   005283cc     kernel32:KERNEL32.dll
 0005:000003d0       __imp__GetTimeFormatA@24   005283d0     kernel32:KERNEL32.dll
 0005:000003d4       __imp__ReadFile@20         005283d4     kernel32:KERNEL32.dll
 0005:000003d8       __imp__GetConsoleOutputCP@0 005283d8     kernel32:KERNEL32.dll
 0005:000003dc       __imp__WriteConsoleA@20    005283dc     kernel32:KERNEL32.dll
 0005:000003e0       __imp__CreateFileA@28      005283e0     kernel32:KERNEL32.dll
 0005:000003e4       __imp__SetStdHandle@8      005283e4     kernel32:KERNEL32.dll
 0005:000003e8       __imp__GetLocaleInfoW@16   005283e8     kernel32:KERNEL32.dll
 0005:000003ec       __imp__GetLocaleInfoA@16   005283ec     kernel32:KERNEL32.dll
 0005:000003f0       __imp__GetStringTypeW@16   005283f0     kernel32:KERNEL32.dll
 0005:000003f4       __imp__GetStringTypeA@20   005283f4     kernel32:KERNEL32.dll
 0005:000003f8       __imp__SetFilePointer@16   005283f8     kernel32:KERNEL32.dll
 0005:000003fc       __imp__OutputDebugStringW@4 005283fc     kernel32:KERNEL32.dll
 0005:00000400       __imp__OutputDebugStringA@4 00528400     kernel32:KERNEL32.dll
 0005:00000404       __imp__DebugBreak@0        00528404     kernel32:KERNEL32.dll
 0005:00000408       __imp__VirtualAlloc@16     00528408     kernel32:KERNEL32.dll
 0005:0000040c       __imp__HeapReAlloc@16      0052840c     kernel32:KERNEL32.dll
 0005:00000410       __imp__VirtualFree@12      00528410     kernel32:KERNEL32.dll
 0005:00000414       __imp__HeapCreate@12       00528414     kernel32:KERNEL32.dll
 0005:00000418       __imp__HeapDestroy@4       00528418     kernel32:KERNEL32.dll
 0005:0000041c       __imp__GetEnvironmentStringsW@0 0052841c     kernel32:KERNEL32.dll
 0005:00000420       __imp__FreeEnvironmentStringsW@4 00528420     kernel32:KERNEL32.dll
 0005:00000424       __imp__GetEnvironmentStrings@0 00528424     kernel32:KERNEL32.dll
 0005:00000428       __imp__GetCurrentProcessId@0 00528428     kernel32:KERNEL32.dll
 0005:0000042c       __imp__GetThreadPriority@4 0052842c     kernel32:KERNEL32.dll
 0005:00000430       __imp__GetLastError@0      00528430     kernel32:KERNEL32.dll
 0005:00000434       __imp__SetThreadPriority@8 00528434     kernel32:KERNEL32.dll
 0005:00000438       __imp__GetCurrentThreadId@0 00528438     kernel32:KERNEL32.dll
 0005:0000043c       __imp__GetCurrentThread@0  0052843c     kernel32:KERNEL32.dll
 0005:00000440       __imp__CreateThread@24     00528440     kernel32:KERNEL32.dll
 0005:00000444       __imp__ResumeThread@4      00528444     kernel32:KERNEL32.dll
 0005:00000448       __imp__WaitForSingleObject@8 00528448     kernel32:KERNEL32.dll
 0005:0000044c       __imp__CloseHandle@4       0052844c     kernel32:KERNEL32.dll
 0005:00000450       __imp__Sleep@4             00528450     kernel32:KERNEL32.dll
 0005:00000454       __imp__InterlockedExchange@8 00528454     kernel32:KERNEL32.dll
 0005:00000458       __imp__InterlockedIncrement@4 00528458     kernel32:KERNEL32.dll
 0005:0000045c       __imp__InterlockedDecrement@4 0052845c     kernel32:KERNEL32.dll
 0005:00000460       __imp__InterlockedExchangeAdd@8 00528460     kernel32:KERNEL32.dll
 0005:00000464       __imp__TlsAlloc@0          00528464     kernel32:KERNEL32.dll
 0005:00000468       __imp__TlsFree@4           00528468     kernel32:KERNEL32.dll
 0005:0000046c       __imp__TlsSetValue@8       0052846c     kernel32:KERNEL32.dll
 0005:00000470       __imp__TlsGetValue@4       00528470     kernel32:KERNEL32.dll
 0005:00000474       __imp__InitializeCriticalSection@4 00528474     kernel32:KERNEL32.dll
 0005:00000478       __imp__EnterCriticalSection@4 00528478     kernel32:KERNEL32.dll
 0005:0000047c       __imp__LeaveCriticalSection@4 0052847c     kernel32:KERNEL32.dll
 0005:00000480       __imp__TryEnterCriticalSection@4 00528480     kernel32:KERNEL32.dll
 0005:00000484       __imp__DeleteCriticalSection@4 00528484     kernel32:KERNEL32.dll
 0005:00000488       __imp__CreateSemaphoreA@16 00528488     kernel32:KERNEL32.dll
 0005:0000048c       __imp__ReleaseSemaphore@12 0052848c     kernel32:KERNEL32.dll
 0005:00000490       __imp__CreateEventA@16     00528490     kernel32:KERNEL32.dll
 0005:00000494       __imp__SetEvent@4          00528494     kernel32:KERNEL32.dll
 0005:00000498       __imp__PulseEvent@4        00528498     kernel32:KERNEL32.dll
 0005:0000049c       __imp__ResetEvent@4        0052849c     kernel32:KERNEL32.dll
 0005:000004a0       __imp__SetConsoleTextAttribute@8 005284a0     kernel32:KERNEL32.dll
 0005:000004a4       __imp__GetStdHandle@4      005284a4     kernel32:KERNEL32.dll
 0005:000004a8       __imp__GetConsoleScreenBufferInfo@8 005284a8     kernel32:KERNEL32.dll
 0005:000004ac       __imp__SetLastError@4      005284ac     kernel32:KERNEL32.dll
 0005:000004b0       __imp__FormatMessageA@28   005284b0     kernel32:KERNEL32.dll
 0005:000004b4       __imp__SystemTimeToFileTime@8 005284b4     kernel32:KERNEL32.dll
 0005:000004b8       __imp__GetLocalTime@4      005284b8     kernel32:KERNEL32.dll
 0005:000004bc       __imp__FileTimeToSystemTime@8 005284bc     kernel32:KERNEL32.dll
 0005:000004c0       __imp__GetProcAddress@8    005284c0     kernel32:KERNEL32.dll
 0005:000004c4       __imp__LoadLibraryA@4      005284c4     kernel32:KERNEL32.dll
 0005:000004c8       __imp__FreeLibrary@4       005284c8     kernel32:KERNEL32.dll
 0005:000004cc       __imp__QueryPerformanceFrequency@4 005284cc     kernel32:KERNEL32.dll
 0005:000004d0       __imp__GetModuleHandleA@4  005284d0     kernel32:KERNEL32.dll
 0005:000004d4       __imp__ExitProcess@4       005284d4     kernel32:KERNEL32.dll
 0005:000004d8       __imp__GetModuleFileNameW@12 005284d8     kernel32:KERNEL32.dll
 0005:000004dc       __imp__WriteConsoleW@20    005284dc     kernel32:KERNEL32.dll
 0005:000004e0       __imp__GetFileType@4       005284e0     kernel32:KERNEL32.dll
 0005:000004e4       __imp__GetCommandLineA@0   005284e4     kernel32:KERNEL32.dll
 0005:000004e8       __imp__HeapFree@12         005284e8     kernel32:KERNEL32.dll
 0005:000004ec       __imp__GetVersionExA@4     005284ec     kernel32:KERNEL32.dll
 0005:000004f0       __imp__HeapAlloc@12        005284f0     kernel32:KERNEL32.dll
 0005:000004f4       __imp__GetProcessHeap@0    005284f4     kernel32:KERNEL32.dll
 0005:000004f8       __imp__HeapValidate@12     005284f8     kernel32:KERNEL32.dll
 0005:000004fc       __imp__IsBadReadPtr@8      005284fc     kernel32:KERNEL32.dll
 0005:00000500       __imp__RtlUnwind@16        00528500     kernel32:KERNEL32.dll
 0005:00000504       __imp__TerminateProcess@8  00528504     kernel32:KERNEL32.dll
 0005:00000508       __imp__GetCurrentProcess@0 00528508     kernel32:KERNEL32.dll
 0005:0000050c       __imp__UnhandledExceptionFilter@4 0052850c     kernel32:KERNEL32.dll
 0005:00000510       __imp__SetUnhandledExceptionFilter@4 00528510     kernel32:KERNEL32.dll
 0005:00000514       __imp__IsDebuggerPresent@0 00528514     kernel32:KERNEL32.dll
 0005:00000518       __imp__SetHandleCount@4    00528518     kernel32:KERNEL32.dll
 0005:0000051c       __imp__GetStartupInfoA@4   0052851c     kernel32:KERNEL32.dll
 0005:00000520       __imp__GetModuleFileNameA@12 00528520     kernel32:KERNEL32.dll
 0005:00000524       __imp__WriteFile@20        00528524     kernel32:KERNEL32.dll
 0005:00000528       __imp__GetACP@0            00528528     kernel32:KERNEL32.dll
 0005:0000052c       __imp__GetOEMCP@0          0052852c     kernel32:KERNEL32.dll
 0005:00000530       __imp__GetCPInfo@8         00528530     kernel32:KERNEL32.dll
 0005:00000534       __imp__IsValidCodePage@4   00528534     kernel32:KERNEL32.dll
 0005:00000538       __imp__FatalAppExitA@8     00528538     kernel32:KERNEL32.dll
 0005:0000053c       __imp__SetConsoleCtrlHandler@8 0052853c     kernel32:KERNEL32.dll
 0005:00000540       __imp__LoadLibraryW@4      00528540     kernel32:KERNEL32.dll
 0005:00000544       __imp__WideCharToMultiByte@32 00528544     kernel32:KERNEL32.dll
 0005:00000548       __imp__GetConsoleCP@0      00528548     kernel32:KERNEL32.dll
 0005:0000054c       __imp__GetConsoleMode@8    0052854c     kernel32:KERNEL32.dll
 0005:00000550       __imp__FlushFileBuffers@4  00528550     kernel32:KERNEL32.dll
 0005:00000554       __imp__MultiByteToWideChar@24 00528554     kernel32:KERNEL32.dll
 0005:00000558       __imp__LCMapStringA@24     00528558     kernel32:KERNEL32.dll
 0005:0000055c       __imp__LCMapStringW@24     0052855c     kernel32:KERNEL32.dll
 0005:00000560       __imp__GetTickCount@0      00528560     kernel32:KERNEL32.dll
 0005:00000564       __imp__GetSystemTimeAsFileTime@4 00528564     kernel32:KERNEL32.dll
 0005:00000568       __imp__FreeEnvironmentStringsA@4 00528568     kernel32:KERNEL32.dll
 0005:0000056c       \177KERNEL32_NULL_THUNK_DATA 0052856c     kernel32:KERNEL32.dll
 0005:000005f4       __imp__select@20           005285f4     ws2_32:WS2_32.dll
 0005:000005f8       __imp____WSAFDIsSet@8      005285f8     ws2_32:WS2_32.dll
 0005:000005fc       __imp__gethostbyname@4     005285fc     ws2_32:WS2_32.dll
 0005:00000600       __imp__WSASetLastError@4   00528600     ws2_32:WS2_32.dll
 0005:00000604       __imp__accept@12           00528604     ws2_32:WS2_32.dll
 0005:00000608       __imp__listen@8            00528608     ws2_32:WS2_32.dll
 0005:0000060c       __imp__shutdown@8          0052860c     ws2_32:WS2_32.dll
 0005:00000610       __imp__connect@12          00528610     ws2_32:WS2_32.dll
 0005:00000614       __imp__setsockopt@20       00528614     ws2_32:WS2_32.dll
 0005:00000618       __imp__getsockopt@20       00528618     ws2_32:WS2_32.dll
 0005:0000061c       __imp__recvfrom@24         0052861c     ws2_32:WS2_32.dll
 0005:00000620       __imp__recv@16             00528620     ws2_32:WS2_32.dll
 0005:00000624       __imp__sendto@24           00528624     ws2_32:WS2_32.dll
 0005:00000628       __imp__send@16             00528628     ws2_32:WS2_32.dll
 0005:0000062c       __imp__getsockname@12      0052862c     ws2_32:WS2_32.dll
 0005:00000630       __imp__getpeername@12      00528630     ws2_32:WS2_32.dll
 0005:00000634       __imp__closesocket@4       00528634     ws2_32:WS2_32.dll
 0005:00000638       __imp__bind@12             00528638     ws2_32:WS2_32.dll
 0005:0000063c       __imp__WSASocketA@24       0052863c     ws2_32:WS2_32.dll
 0005:00000640       __imp__gethostname@8       00528640     ws2_32:WS2_32.dll
 0005:00000644       __imp__WSAAddressToStringA@20 00528644     ws2_32:WS2_32.dll
 0005:00000648       __imp__WSAStringToAddressA@20 00528648     ws2_32:WS2_32.dll
 0005:0000064c       __imp__inet_addr@4         0052864c     ws2_32:WS2_32.dll
 0005:00000650       __imp__inet_ntoa@4         00528650     ws2_32:WS2_32.dll
 0005:00000654       __imp__htonl@4             00528654     ws2_32:WS2_32.dll
 0005:00000658       __imp__ntohl@4             00528658     ws2_32:WS2_32.dll
 0005:0000065c       __imp__htons@4             0052865c     ws2_32:WS2_32.dll
 0005:00000660       __imp__ntohs@4             00528660     ws2_32:WS2_32.dll
 0005:00000664       __imp__ioctlsocket@12      00528664     ws2_32:WS2_32.dll
 0005:00000668       __imp__WSACleanup@0        00528668     ws2_32:WS2_32.dll
 0005:0000066c       __imp__WSAStartup@8        0052866c     ws2_32:WS2_32.dll
 0005:00000670       __imp__WSAGetLastError@0   00528670     ws2_32:WS2_32.dll
 0005:00000674       \177WS2_32_NULL_THUNK_DATA 00528674     ws2_32:WS2_32.dll
 0005:000006b8       __imp__CoCreateGuid@4      005286b8     ole32:ole32.dll
 0005:000006bc       \177ole32_NULL_THUNK_DATA  005286bc     ole32:ole32.dll

 entry point at        0002:00000c85

