 pcaputil

 Timestamp is 4c52aca0 (Fri Jul 30 16:12:40 2010)

 Preferred load address is 00400000

 Start         Length     Name                   Class
 0001:00000000 00068b1dH .textbss                DATA
 0002:00000000 000d6ebdH .text                   CODE
 0002:000d6ec0 00001128H .text$x                 CODE
 0003:00000000 00000104H .CRT$XCA                DATA
 0003:00000104 00000104H .CRT$XCZ                DATA
 0003:00000208 00000104H .CRT$XIA                DATA
 0003:0000030c 0000011cH .CRT$XIC                DATA
 0003:00000428 00000104H .CRT$XIY                DATA
 0003:0000052c 00000104H .CRT$XIZ                DATA
 0003:00000630 00000104H .CRT$XPA                DATA
 0003:00000734 00000109H .CRT$XPX                DATA
 0003:00000840 00000104H .CRT$XPXA               DATA
 0003:00000944 00000104H .CRT$XPZ                DATA
 0003:00000a48 00000104H .CRT$XTA                DATA
 0003:00000b4c 00000104H .CRT$XTZ                DATA
 0003:00000c50 000365faH .rdata                  DATA
 0003:0003724c 0000017cH .rdata$debug            DATA
 0003:000373c8 00000504H .rdata$r                DATA
 0003:000378cc 00000104H .rtc$IAA                DATA
 0003:000379d0 00000104H .rtc$IZZ                DATA
 0003:00037ad4 00000104H .rtc$TAA                DATA
 0003:00037bd8 00000104H .rtc$TZZ                DATA
 0003:00037ce0 000010b5H .xdata$x                DATA
 0003:00038d95 00000000H .edata                  DATA
 0004:00000000 00009400H .data                   DATA
 0004:00009400 00003dc0H .bss                    DATA
 0005:00000000 00000050H .idata$2                DATA
 0005:00000050 00000014H .idata$3                DATA
 0005:00000064 000003e8H .idata$4                DATA
 0005:0000044c 000003e8H .idata$5                DATA
 0005:00000834 00000cc1H .idata$6                DATA

  Address         Publics by Value              Rva+Base       Lib:Object

 0000:00000000       ___safe_se_handler_table   00000000     <absolute>
 0000:00000000       __except_list              00000000     <absolute>
 0000:00000000       ___safe_se_handler_count   00000000     <absolute>
 0000:00000000       ___ImageBase               00400000     <linker-defined>
 0001:00000000       __enc$textbss$begin        00401000     <linker-defined>
 0001:00068b1d       __enc$textbss$end          00469b1d     <linker-defined>
 0002:00005210       _main                      0046f210 f   pcaputil.obj
 0002:000067a0       _pjmedia_codec_l16_init    004707a0 f   pjmedia-codec-i386-win32-vc8-debug:l16.obj
 0002:00006900       _pjmedia_codec_l16_deinit  00470900 f   pjmedia-codec-i386-win32-vc8-debug:l16.obj
 0002:000079d0       _pjmedia_codec_g722_init   004719d0 f   pjmedia-codec-i386-win32-vc8-debug:g722.obj
 0002:00007b50       _pjmedia_codec_g722_deinit 00471b50 f   pjmedia-codec-i386-win32-vc8-debug:g722.obj
 0002:00007c10       _pjmedia_codec_g722_set_pcm_shift 00471c10 f   pjmedia-codec-i386-win32-vc8-debug:g722.obj
 0002:00008d00       _pjmedia_codec_gsm_init    00472d00 f   pjmedia-codec-i386-win32-vc8-debug:gsm.obj
 0002:00008e70       _pjmedia_codec_gsm_deinit  00472e70 f   pjmedia-codec-i386-win32-vc8-debug:gsm.obj
 0002:00009e90       _pjmedia_codec_ilbc_init   00473e90 f   pjmedia-codec-i386-win32-vc8-debug:ilbc.obj
 0002:0000a000       _pjmedia_codec_ilbc_deinit 00474000 f   pjmedia-codec-i386-win32-vc8-debug:ilbc.obj
 0002:0000b3f0       _pjmedia_codec_speex_init  004753f0 f   pjmedia-codec-i386-win32-vc8-debug:speex_codec.obj
 0002:0000b900       _pjmedia_codec_speex_init_default 00475900 f   pjmedia-codec-i386-win32-vc8-debug:speex_codec.obj
 0002:0000b930       _pjmedia_codec_speex_set_param 00475930 f   pjmedia-codec-i386-win32-vc8-debug:speex_codec.obj
 0002:0000bae0       _pjmedia_codec_speex_deinit 00475ae0 f   pjmedia-codec-i386-win32-vc8-debug:speex_codec.obj
 0002:0000c720       _speex_get_next_frame      00476720 f   pjmedia-codec-i386-win32-vc8-debug:speex_codec.obj
 0002:0000cfa0       _rx_qmf                    00476fa0 f   pjmedia-codec-i386-win32-vc8-debug:g722_dec.obj
 0002:0000d220       _g722_dec_init             00477220 f   pjmedia-codec-i386-win32-vc8-debug:g722_dec.obj
 0002:0000d2e0       _g722_dec_decode           004772e0 f   pjmedia-codec-i386-win32-vc8-debug:g722_dec.obj
 0002:0000e8c0       _g722_dec_deinit           004788c0 f   pjmedia-codec-i386-win32-vc8-debug:g722_dec.obj
 0002:0000e8f0       _g722_enc_init             004788f0 f   pjmedia-codec-i386-win32-vc8-debug:g722_enc.obj
 0002:0000e9b0       _g722_enc_encode           004789b0 f   pjmedia-codec-i386-win32-vc8-debug:g722_enc.obj
 0002:00010290       _g722_enc_deinit           0047a290 f   pjmedia-codec-i386-win32-vc8-debug:g722_enc.obj
 0002:000102c0       _pjmedia_endpt_create      0047a2c0 f   pjmedia-i386-win32-vc8-debug:endpoint.obj
 0002:00010660       _pjmedia_endpt_get_codec_mgr 0047a660 f   pjmedia-i386-win32-vc8-debug:endpoint.obj
 0002:00010680       _pjmedia_endpt_destroy     0047a680 f   pjmedia-i386-win32-vc8-debug:endpoint.obj
 0002:000107f0       _pjmedia_endpt_get_ioqueue 0047a7f0 f   pjmedia-i386-win32-vc8-debug:endpoint.obj
 0002:00010850       _pjmedia_endpt_get_thread_count 0047a850 f   pjmedia-i386-win32-vc8-debug:endpoint.obj
 0002:000108b0       _pjmedia_endpt_get_thread  0047a8b0 f   pjmedia-i386-win32-vc8-debug:endpoint.obj
 0002:000109c0       _pjmedia_endpt_create_pool 0047a9c0 f   pjmedia-i386-win32-vc8-debug:endpoint.obj
 0002:00010a30       _pjmedia_endpt_create_sdp  0047aa30 f   pjmedia-i386-win32-vc8-debug:endpoint.obj
 0002:00011550       _pjmedia_endpt_dump        0047b550 f   pjmedia-i386-win32-vc8-debug:endpoint.obj
 0002:000119f0       _pjmedia_codec_mgr_init    0047b9f0 f   pjmedia-i386-win32-vc8-debug:codec.obj
 0002:00011b60       _pjmedia_codec_mgr_destroy 0047bb60 f   pjmedia-i386-win32-vc8-debug:codec.obj
 0002:00011ca0       _pjmedia_codec_mgr_register_factory 0047bca0 f   pjmedia-i386-win32-vc8-debug:codec.obj
 0002:00011f60       _pjmedia_codec_mgr_unregister_factory 0047bf60 f   pjmedia-i386-win32-vc8-debug:codec.obj
 0002:00012130       _pjmedia_codec_mgr_enum_codecs 0047c130 f   pjmedia-i386-win32-vc8-debug:codec.obj
 0002:00012290       _pjmedia_codec_mgr_get_codec_info 0047c290 f   pjmedia-i386-win32-vc8-debug:codec.obj
 0002:000123b0       _pjmedia_codec_info_to_id  0047c3b0 f   pjmedia-i386-win32-vc8-debug:codec.obj
 0002:00012480       _pjmedia_codec_mgr_find_codecs_by_id 0047c480 f   pjmedia-i386-win32-vc8-debug:codec.obj
 0002:000127f0       _pjmedia_codec_mgr_set_codec_priority 0047c7f0 f   pjmedia-i386-win32-vc8-debug:codec.obj
 0002:00012940       _pjmedia_codec_mgr_alloc_codec 0047c940 f   pjmedia-i386-win32-vc8-debug:codec.obj
 0002:00012a80       _pjmedia_codec_mgr_get_default_param 0047ca80 f   pjmedia-i386-win32-vc8-debug:codec.obj
 0002:00012d00       _pjmedia_codec_mgr_set_default_param 0047cd00 f   pjmedia-i386-win32-vc8-debug:codec.obj
 0002:000130f0       _pjmedia_codec_mgr_dealloc_codec 0047d0f0 f   pjmedia-i386-win32-vc8-debug:codec.obj
 0002:00013180       _pjmedia_port_info_init    0047d180 f   pjmedia-i386-win32-vc8-debug:port.obj
 0002:00013290       _pjmedia_port_get_frame    0047d290 f   pjmedia-i386-win32-vc8-debug:port.obj
 0002:00013330       _pjmedia_port_put_frame    0047d330 f   pjmedia-i386-win32-vc8-debug:port.obj
 0002:000133c0       _pjmedia_port_destroy      0047d3c0 f   pjmedia-i386-win32-vc8-debug:port.obj
 0002:00013450       _pjmedia_wav_writer_port_create 0047d450 f   pjmedia-i386-win32-vc8-debug:wav_writer.obj
 0002:00013a40       _pjmedia_wav_writer_port_get_pos 0047da40 f   pjmedia-i386-win32-vc8-debug:wav_writer.obj
 0002:00013af0       _pjmedia_wav_writer_port_set_cb 0047daf0 f   pjmedia-i386-win32-vc8-debug:wav_writer.obj
 0002:000142c0       _get_libsrtp_errstr        0047e2c0 f   pjmedia-i386-win32-vc8-debug:transport_srtp.obj
 0002:00014320       _pjmedia_srtp_init_lib     0047e320 f   pjmedia-i386-win32-vc8-debug:transport_srtp.obj
 0002:00014460       _pjmedia_srtp_setting_default 0047e460 f   pjmedia-i386-win32-vc8-debug:transport_srtp.obj
 0002:00014560       _pjmedia_transport_srtp_create 0047e560 f   pjmedia-i386-win32-vc8-debug:transport_srtp.obj
 0002:00014a30       _pjmedia_transport_srtp_start 0047ea30 f   pjmedia-i386-win32-vc8-debug:transport_srtp.obj
 0002:000153b0       _pjmedia_transport_srtp_stop 0047f3b0 f   pjmedia-i386-win32-vc8-debug:transport_srtp.obj
 0002:00015500       _pjmedia_transport_srtp_get_member 0047f500 f   pjmedia-i386-win32-vc8-debug:transport_srtp.obj
 0002:00017db0       _pjmedia_transport_srtp_decrypt_pkt 00481db0 f   pjmedia-i386-win32-vc8-debug:transport_srtp.obj
 0002:00017fd0       _pjmedia_codec_g711_init   00481fd0 f   pjmedia-i386-win32-vc8-debug:g711.obj
 0002:00018170       _pjmedia_codec_g711_deinit 00482170 f   pjmedia-i386-win32-vc8-debug:g711.obj
 0002:000190b0       _pjmedia_rtp_session_init  004830b0 f   pjmedia-i386-win32-vc8-debug:rtp.obj
 0002:000192c0       _pjmedia_rtp_session_init2 004832c0 f   pjmedia-i386-win32-vc8-debug:rtp.obj
 0002:00019390       _pjmedia_rtp_encode_rtp    00483390 f   pjmedia-i386-win32-vc8-debug:rtp.obj
 0002:000194a0       _pjmedia_rtp_decode_rtp    004834a0 f   pjmedia-i386-win32-vc8-debug:rtp.obj
 0002:00019590       _pjmedia_rtp_session_update 00483590 f   pjmedia-i386-win32-vc8-debug:rtp.obj
 0002:000195c0       _pjmedia_rtp_session_update2 004835c0 f   pjmedia-i386-win32-vc8-debug:rtp.obj
 0002:000197b0       _pjmedia_rtp_seq_init      004837b0 f   pjmedia-i386-win32-vc8-debug:rtp.obj
 0002:00019850       _pjmedia_rtp_seq_update    00483850 f   pjmedia-i386-win32-vc8-debug:rtp.obj
 0002:00019a70       _pjmedia_silence_det_create 00483a70 f   pjmedia-i386-win32-vc8-debug:silencedet.obj
 0002:00019b90       _pjmedia_silence_det_set_name 00483b90 f   pjmedia-i386-win32-vc8-debug:silencedet.obj
 0002:00019c20       _pjmedia_silence_det_set_adaptive 00483c20 f   pjmedia-i386-win32-vc8-debug:silencedet.obj
 0002:00019ca0       _pjmedia_silence_det_set_fixed 00483ca0 f   pjmedia-i386-win32-vc8-debug:silencedet.obj
 0002:00019d20       _pjmedia_silence_det_set_params 00483d20 f   pjmedia-i386-win32-vc8-debug:silencedet.obj
 0002:00019dd0       _pjmedia_silence_det_disable 00483dd0 f   pjmedia-i386-win32-vc8-debug:silencedet.obj
 0002:00019e40       _pjmedia_calc_avg_signal   00483e40 f   pjmedia-i386-win32-vc8-debug:silencedet.obj
 0002:00019ee0       _pjmedia_silence_det_apply 00483ee0 f   pjmedia-i386-win32-vc8-debug:silencedet.obj
 0002:0001a280       _pjmedia_silence_det_detect 00484280 f   pjmedia-i386-win32-vc8-debug:silencedet.obj
 0002:0001a2e0       _pjmedia_plc_create        004842e0 f   pjmedia-i386-win32-vc8-debug:plc_common.obj
 0002:0001a430       _pjmedia_plc_save          00484430 f   pjmedia-i386-win32-vc8-debug:plc_common.obj
 0002:0001a4c0       _pjmedia_plc_generate      004844c0 f   pjmedia-i386-win32-vc8-debug:plc_common.obj
 0002:0001a670       _pjmedia_strerror          00484670 f   pjmedia-i386-win32-vc8-debug:errno.obj
 0002:0001a860       _pjmedia_sdp_attr_create   00484860 f   pjmedia-i386-win32-vc8-debug:sdp.obj
 0002:0001a930       _pjmedia_sdp_attr_clone    00484930 f   pjmedia-i386-win32-vc8-debug:sdp.obj
 0002:0001a9e0       _pjmedia_sdp_attr_find     004849e0 f   pjmedia-i386-win32-vc8-debug:sdp.obj
 0002:0001aab0       _pjmedia_sdp_attr_find2    00484ab0 f   pjmedia-i386-win32-vc8-debug:sdp.obj
 0002:0001ab00       _pjmedia_sdp_attr_add      00484b00 f   pjmedia-i386-win32-vc8-debug:sdp.obj
 0002:0001abe0       _pjmedia_sdp_attr_remove_all 00484be0 f   pjmedia-i386-win32-vc8-debug:sdp.obj
 0002:0001ad00       _pjmedia_sdp_attr_remove   00484d00 f   pjmedia-i386-win32-vc8-debug:sdp.obj
 0002:0001ae00       _pjmedia_sdp_attr_get_rtpmap 00484e00 f   pjmedia-i386-win32-vc8-debug:sdp.obj
 0002:0001b230       _pjmedia_sdp_attr_get_fmtp 00485230 f   pjmedia-i386-win32-vc8-debug:sdp.obj
 0002:0001b3a0       _pjmedia_sdp_attr_get_rtcp 004853a0 f   pjmedia-i386-win32-vc8-debug:sdp.obj
 0002:0001b5d0       _pjmedia_sdp_attr_create_rtcp 004855d0 f   pjmedia-i386-win32-vc8-debug:sdp.obj
 0002:0001b750       _pjmedia_sdp_attr_to_rtpmap 00485750 f   pjmedia-i386-win32-vc8-debug:sdp.obj
 0002:0001b840       _pjmedia_sdp_rtpmap_to_attr 00485840 f   pjmedia-i386-win32-vc8-debug:sdp.obj
 0002:0001baf0       _pjmedia_sdp_conn_clone    00485af0 f   pjmedia-i386-win32-vc8-debug:sdp.obj
 0002:0001bbb0       _pjmedia_sdp_media_clone   00485bb0 f   pjmedia-i386-win32-vc8-debug:sdp.obj
 0002:0001be40       _pjmedia_sdp_media_find_attr 00485e40 f   pjmedia-i386-win32-vc8-debug:sdp.obj
 0002:0001bed0       _pjmedia_sdp_media_find_attr2 00485ed0 f   pjmedia-i386-win32-vc8-debug:sdp.obj
 0002:0001bf60       _pjmedia_sdp_media_add_attr 00485f60 f   pjmedia-i386-win32-vc8-debug:sdp.obj
 0002:0001bfa0       _pjmedia_sdp_session_add_attr 00485fa0 f   pjmedia-i386-win32-vc8-debug:sdp.obj
 0002:0001bfe0       _pjmedia_sdp_media_remove_all_attr 00485fe0 f   pjmedia-i386-win32-vc8-debug:sdp.obj
 0002:0001c020       _pjmedia_sdp_media_remove_attr 00486020 f   pjmedia-i386-win32-vc8-debug:sdp.obj
 0002:0001c080       _pjmedia_sdp_parse         00486080 f   pjmedia-i386-win32-vc8-debug:sdp.obj
 0002:0001d0f0       _pjmedia_sdp_print         004870f0 f   pjmedia-i386-win32-vc8-debug:sdp.obj
 0002:0001da40       _pjmedia_sdp_session_clone 00487a40 f   pjmedia-i386-win32-vc8-debug:sdp.obj
 0002:0001dd20       _pjmedia_sdp_validate      00487d20 f   pjmedia-i386-win32-vc8-debug:sdp.obj
 0002:0001e110       _pjmedia_sdp_transport_cmp 00488110 f   pjmedia-i386-win32-vc8-debug:sdp.obj
 0002:0001e1c0       _pjmedia_sdp_media_deactivate 004881c0 f   pjmedia-i386-win32-vc8-debug:sdp.obj
 0002:0001e230       _pjmedia_sdp_media_clone_deactivate 00488230 f   pjmedia-i386-win32-vc8-debug:sdp.obj
 0002:0001e3f0       _pjmedia_wave_hdr_file_to_host 004883f0 f   pjmedia-i386-win32-vc8-debug:wave.obj
 0002:0001e440       _pjmedia_wave_hdr_host_to_file 00488440 f   pjmedia-i386-win32-vc8-debug:wave.obj
 0002:0001e470       _pjmedia_wsola_create      00488470 f   pjmedia-i386-win32-vc8-debug:wsola.obj
 0002:0001eaa0       _pjmedia_wsola_destroy     00488aa0 f   pjmedia-i386-win32-vc8-debug:wsola.obj
 0002:0001eac0       _pjmedia_wsola_set_max_expand 00488ac0 f   pjmedia-i386-win32-vc8-debug:wsola.obj
 0002:0001eb40       _pjmedia_wsola_reset       00488b40 f   pjmedia-i386-win32-vc8-debug:wsola.obj
 0002:0001eca0       _pjmedia_wsola_save        00488ca0 f   pjmedia-i386-win32-vc8-debug:wsola.obj
 0002:0001fa20       _pjmedia_wsola_generate    00489a20 f   pjmedia-i386-win32-vc8-debug:wsola.obj
 0002:000202a0       _pjmedia_wsola_discard     0048a2a0 f   pjmedia-i386-win32-vc8-debug:wsola.obj
 0002:00020990       _pj_pcap_filter_default    0048a990 f   pjlib-util-i386-win32-vc8-debug:pcap.obj
 0002:000209f0       _pj_pcap_open              0048a9f0 f   pjlib-util-i386-win32-vc8-debug:pcap.obj
 0002:00020c10       _pj_pcap_close             0048ac10 f   pjlib-util-i386-win32-vc8-debug:pcap.obj
 0002:00020c80       _pj_pcap_set_filter        0048ac80 f   pjlib-util-i386-win32-vc8-debug:pcap.obj
 0002:00020d30       _pj_pcap_read_udp          0048ad30 f   pjlib-util-i386-win32-vc8-debug:pcap.obj
 0002:000213e0       _pjlib_util_strerror       0048b3e0 f   pjlib-util-i386-win32-vc8-debug:errno.obj
 0002:00021550       _pjlib_util_init           0048b550 f   pjlib-util-i386-win32-vc8-debug:errno.obj
 0002:00021580       _pj_base64_encode          0048b580 f   pjlib-util-i386-win32-vc8-debug:base64.obj
 0002:000218e0       _pj_base64_decode          0048b8e0 f   pjlib-util-i386-win32-vc8-debug:base64.obj
 0002:00021d80       _pj_getopt_long            0048bd80 f   pjlib-util-i386-win32-vc8-debug:getopt.obj
 0002:00021dc0       _pj_getopt                 0048bdc0 f   pjlib-util-i386-win32-vc8-debug:getopt.obj
 0002:00022d00       _pj_cis_buf_init           0048cd00 f   pjlib-util-i386-win32-vc8-debug:scanner.obj
 0002:00022d70       _pj_cis_init               0048cd70 f   pjlib-util-i386-win32-vc8-debug:scanner.obj
 0002:00022e10       _pj_cis_dup                0048ce10 f   pjlib-util-i386-win32-vc8-debug:scanner.obj
 0002:00022f00       _pj_cis_add_range          0048cf00 f   pjlib-util-i386-win32-vc8-debug:scanner.obj
 0002:00022f80       _pj_cis_add_alpha          0048cf80 f   pjlib-util-i386-win32-vc8-debug:scanner.obj
 0002:00022fc0       _pj_cis_add_num            0048cfc0 f   pjlib-util-i386-win32-vc8-debug:scanner.obj
 0002:00022ff0       _pj_cis_add_str            0048cff0 f   pjlib-util-i386-win32-vc8-debug:scanner.obj
 0002:00023060       _pj_cis_add_cis            0048d060 f   pjlib-util-i386-win32-vc8-debug:scanner.obj
 0002:000230f0       _pj_cis_del_range          0048d0f0 f   pjlib-util-i386-win32-vc8-debug:scanner.obj
 0002:00023150       _pj_cis_del_str            0048d150 f   pjlib-util-i386-win32-vc8-debug:scanner.obj
 0002:000231c0       _pj_cis_invert             0048d1c0 f   pjlib-util-i386-win32-vc8-debug:scanner.obj
 0002:00023280       _pj_scan_init              0048d280 f   pjlib-util-i386-win32-vc8-debug:scanner.obj
 0002:00023320       _pj_scan_fini              0048d320 f   pjlib-util-i386-win32-vc8-debug:scanner.obj
 0002:00023350       _pj_scan_skip_whitespace   0048d350 f   pjlib-util-i386-win32-vc8-debug:scanner.obj
 0002:000235b0       _pj_scan_skip_line         0048d5b0 f   pjlib-util-i386-win32-vc8-debug:scanner.obj
 0002:00023630       _pj_scan_peek              0048d630 f   pjlib-util-i386-win32-vc8-debug:scanner.obj
 0002:00023760       _pj_scan_peek_n            0048d760 f   pjlib-util-i386-win32-vc8-debug:scanner.obj
 0002:00023800       _pj_scan_peek_until        0048d800 f   pjlib-util-i386-win32-vc8-debug:scanner.obj
 0002:000238a0       _pj_scan_get               0048d8a0 f   pjlib-util-i386-win32-vc8-debug:scanner.obj
 0002:000239a0       _pj_scan_get_unescape      0048d9a0 f   pjlib-util-i386-win32-vc8-debug:scanner.obj
 0002:00023d10       _pj_scan_get_quote         0048dd10 f   pjlib-util-i386-win32-vc8-debug:scanner.obj
 0002:00023d60       _pj_scan_get_quotes        0048dd60 f   pjlib-util-i386-win32-vc8-debug:scanner.obj
 0002:00023fa0       _pj_scan_get_n             0048dfa0 f   pjlib-util-i386-win32-vc8-debug:scanner.obj
 0002:00024040       _pj_scan_get_char          0048e040 f   pjlib-util-i386-win32-vc8-debug:scanner.obj
 0002:000240c0       _pj_scan_get_newline       0048e0c0 f   pjlib-util-i386-win32-vc8-debug:scanner.obj
 0002:00024180       _pj_scan_get_until         0048e180 f   pjlib-util-i386-win32-vc8-debug:scanner.obj
 0002:00024250       _pj_scan_get_until_ch      0048e250 f   pjlib-util-i386-win32-vc8-debug:scanner.obj
 0002:00024310       _pj_scan_get_until_chr     0048e310 f   pjlib-util-i386-win32-vc8-debug:scanner.obj
 0002:00024400       _pj_scan_advance_n         0048e400 f   pjlib-util-i386-win32-vc8-debug:scanner.obj
 0002:00024480       _pj_scan_strcmp            0048e480 f   pjlib-util-i386-win32-vc8-debug:scanner.obj
 0002:000244e0       _pj_scan_stricmp           0048e4e0 f   pjlib-util-i386-win32-vc8-debug:scanner.obj
 0002:00024540       _pj_scan_stricmp_alnum     0048e540 f   pjlib-util-i386-win32-vc8-debug:scanner.obj
 0002:000245a0       _pj_scan_save_state        0048e5a0 f   pjlib-util-i386-win32-vc8-debug:scanner.obj
 0002:000245e0       _pj_scan_restore_state     0048e5e0 f   pjlib-util-i386-win32-vc8-debug:scanner.obj
 0002:00024620       _pj_init                   0048e620 f   pjlib-i386-win32-vc8-debug:os_core_win32.obj
 0002:00024820       _pj_atexit                 0048e820 f   pjlib-i386-win32-vc8-debug:os_core_win32.obj
 0002:00024870       _pj_shutdown               0048e870 f   pjlib-i386-win32-vc8-debug:os_core_win32.obj
 0002:00024980       _pj_getpid                 0048e980 f   pjlib-i386-win32-vc8-debug:os_core_win32.obj
 0002:000249c0       _pj_thread_is_registered   0048e9c0 f   pjlib-i386-win32-vc8-debug:os_core_win32.obj
 0002:000249f0       _pj_thread_get_prio        0048e9f0 f   pjlib-i386-win32-vc8-debug:os_core_win32.obj
 0002:00024a20       _pj_thread_set_prio        0048ea20 f   pjlib-i386-win32-vc8-debug:os_core_win32.obj
 0002:00024b30       _pj_thread_get_prio_min    0048eb30 f   pjlib-i386-win32-vc8-debug:os_core_win32.obj
 0002:00024b50       _pj_thread_get_prio_max    0048eb50 f   pjlib-i386-win32-vc8-debug:os_core_win32.obj
 0002:00024b70       _pj_thread_get_os_handle   0048eb70 f   pjlib-i386-win32-vc8-debug:os_core_win32.obj
 0002:00024bd0       _pj_thread_register        0048ebd0 f   pjlib-i386-win32-vc8-debug:os_core_win32.obj
 0002:00024d90       _pj_thread_init            0048ed90 f   pjlib-i386-win32-vc8-debug:os_core_win32.obj
 0002:00024df0       _pj_thread_create          0048edf0 f   pjlib-i386-win32-vc8-debug:os_core_win32.obj
 0002:00025110       _pj_thread_get_name        0048f110 f   pjlib-i386-win32-vc8-debug:os_core_win32.obj
 0002:00025190       _pj_thread_resume          0048f190 f   pjlib-i386-win32-vc8-debug:os_core_win32.obj
 0002:00025270       _pj_thread_this            0048f270 f   pjlib-i386-win32-vc8-debug:os_core_win32.obj
 0002:000252e0       _pj_thread_join            0048f2e0 f   pjlib-i386-win32-vc8-debug:os_core_win32.obj
 0002:000253f0       _pj_thread_destroy         0048f3f0 f   pjlib-i386-win32-vc8-debug:os_core_win32.obj
 0002:000254d0       _pj_thread_sleep           0048f4d0 f   pjlib-i386-win32-vc8-debug:os_core_win32.obj
 0002:00025510       _pj_thread_check_stack     0048f510 f   pjlib-i386-win32-vc8-debug:os_core_win32.obj
 0002:00025610       _pj_thread_get_stack_max_usage 0048f610 f   pjlib-i386-win32-vc8-debug:os_core_win32.obj
 0002:00025630       _pj_thread_get_stack_info  0048f630 f   pjlib-i386-win32-vc8-debug:os_core_win32.obj
 0002:00025690       _pj_atomic_create          0048f690 f   pjlib-i386-win32-vc8-debug:os_core_win32.obj
 0002:000256e0       _pj_atomic_destroy         0048f6e0 f   pjlib-i386-win32-vc8-debug:os_core_win32.obj
 0002:00025740       _pj_atomic_set             0048f740 f   pjlib-i386-win32-vc8-debug:os_core_win32.obj
 0002:00025790       _pj_atomic_get             0048f790 f   pjlib-i386-win32-vc8-debug:os_core_win32.obj
 0002:00025800       _pj_atomic_inc_and_get     0048f800 f   pjlib-i386-win32-vc8-debug:os_core_win32.obj
 0002:00025840       _pj_atomic_inc             0048f840 f   pjlib-i386-win32-vc8-debug:os_core_win32.obj
 0002:00025870       _pj_atomic_dec_and_get     0048f870 f   pjlib-i386-win32-vc8-debug:os_core_win32.obj
 0002:000258b0       _pj_atomic_dec             0048f8b0 f   pjlib-i386-win32-vc8-debug:os_core_win32.obj
 0002:000258e0       _pj_atomic_add             0048f8e0 f   pjlib-i386-win32-vc8-debug:os_core_win32.obj
 0002:00025910       _pj_atomic_add_and_get     0048f910 f   pjlib-i386-win32-vc8-debug:os_core_win32.obj
 0002:00025940       _pj_thread_local_alloc     0048f940 f   pjlib-i386-win32-vc8-debug:os_core_win32.obj
 0002:00025a00       _pj_thread_local_free      0048fa00 f   pjlib-i386-win32-vc8-debug:os_core_win32.obj
 0002:00025a40       _pj_thread_local_set       0048fa40 f   pjlib-i386-win32-vc8-debug:os_core_win32.obj
 0002:00025ad0       _pj_thread_local_get       0048fad0 f   pjlib-i386-win32-vc8-debug:os_core_win32.obj
 0002:00025bc0       _pj_mutex_create           0048fbc0 f   pjlib-i386-win32-vc8-debug:os_core_win32.obj
 0002:00025c80       _pj_mutex_create_simple    0048fc80 f   pjlib-i386-win32-vc8-debug:os_core_win32.obj
 0002:00025cb0       _pj_mutex_create_recursive 0048fcb0 f   pjlib-i386-win32-vc8-debug:os_core_win32.obj
 0002:00025ce0       _pj_mutex_lock             0048fce0 f   pjlib-i386-win32-vc8-debug:os_core_win32.obj
 0002:00025db0       _pj_mutex_unlock           0048fdb0 f   pjlib-i386-win32-vc8-debug:os_core_win32.obj
 0002:00025ea0       _pj_mutex_trylock          0048fea0 f   pjlib-i386-win32-vc8-debug:os_core_win32.obj
 0002:00025f80       _pj_mutex_destroy          0048ff80 f   pjlib-i386-win32-vc8-debug:os_core_win32.obj
 0002:00026010       _pj_mutex_is_locked        00490010 f   pjlib-i386-win32-vc8-debug:os_core_win32.obj
 0002:00026040       _pj_rwmutex_create         00490040 f   pjlib-i386-win32-vc8-debug:os_core_win32.obj
 0002:00026150       _pj_rwmutex_lock_read      00490150 f   pjlib-i386-win32-vc8-debug:os_core_win32.obj
 0002:00026280       _pj_rwmutex_lock_write     00490280 f   pjlib-i386-win32-vc8-debug:os_core_win32.obj
 0002:000262f0       _pj_rwmutex_unlock_read    004902f0 f   pjlib-i386-win32-vc8-debug:os_core_win32.obj
 0002:00026410       _pj_rwmutex_unlock_write   00490410 f   pjlib-i386-win32-vc8-debug:os_core_win32.obj
 0002:000264b0       _pj_rwmutex_destroy        004904b0 f   pjlib-i386-win32-vc8-debug:os_core_win32.obj
 0002:00026530       _pj_enter_critical_section 00490530 f   pjlib-i386-win32-vc8-debug:os_core_win32.obj
 0002:00026560       _pj_leave_critical_section 00490560 f   pjlib-i386-win32-vc8-debug:os_core_win32.obj
 0002:00026590       _pj_sem_create             00490590 f   pjlib-i386-win32-vc8-debug:os_core_win32.obj
 0002:00026720       _pj_sem_wait               00490720 f   pjlib-i386-win32-vc8-debug:os_core_win32.obj
 0002:000268d0       _pj_sem_trywait            004908d0 f   pjlib-i386-win32-vc8-debug:os_core_win32.obj
 0002:00026950       _pj_sem_post               00490950 f   pjlib-i386-win32-vc8-debug:os_core_win32.obj
 0002:00026a40       _pj_sem_destroy            00490a40 f   pjlib-i386-win32-vc8-debug:os_core_win32.obj
 0002:00026b30       _pj_event_create           00490b30 f   pjlib-i386-win32-vc8-debug:os_core_win32.obj
 0002:00026cf0       _pj_event_wait             00490cf0 f   pjlib-i386-win32-vc8-debug:os_core_win32.obj
 0002:00026e90       _pj_event_trywait          00490e90 f   pjlib-i386-win32-vc8-debug:os_core_win32.obj
 0002:00026f00       _pj_event_set              00490f00 f   pjlib-i386-win32-vc8-debug:os_core_win32.obj
 0002:00026ff0       _pj_event_pulse            00490ff0 f   pjlib-i386-win32-vc8-debug:os_core_win32.obj
 0002:000270e0       _pj_event_reset            004910e0 f   pjlib-i386-win32-vc8-debug:os_core_win32.obj
 0002:000271d0       _pj_event_destroy          004911d0 f   pjlib-i386-win32-vc8-debug:os_core_win32.obj
 0002:000272c0       _pj_term_set_color         004912c0 f   pjlib-i386-win32-vc8-debug:os_core_win32.obj
 0002:00027410       _pj_term_get_color         00491410 f   pjlib-i386-win32-vc8-debug:os_core_win32.obj
 0002:000274f0       _pj_caching_pool_init      004914f0 f   pjlib-i386-win32-vc8-debug:pool_caching.obj
 0002:000276d0       _pj_caching_pool_destroy   004916d0 f   pjlib-i386-win32-vc8-debug:pool_caching.obj
 0002:00027f50       _pj_pool_get_capacity      00491f50 f   pjlib-i386-win32-vc8-debug:pool.obj
 0002:00027f70       _pj_pool_get_used_size     00491f70 f   pjlib-i386-win32-vc8-debug:pool.obj
 0002:00027fe0       _pj_pool_alloc_from_block  00491fe0 f   pjlib-i386-win32-vc8-debug:pool.obj
 0002:00028050       _pj_pool_alloc             00492050 f   pjlib-i386-win32-vc8-debug:pool.obj
 0002:000280b0       _pj_pool_calloc            004920b0 f   pjlib-i386-win32-vc8-debug:pool.obj
 0002:00028140       _pj_pool_getobjname        00492140 f   pjlib-i386-win32-vc8-debug:pool.obj
 0002:00028160       _pj_pool_create            00492160 f   pjlib-i386-win32-vc8-debug:pool.obj
 0002:000281a0       _pj_pool_release           004921a0 f   pjlib-i386-win32-vc8-debug:pool.obj
 0002:000281f0       _pj_NO_MEMORY_EXCEPTION    004921f0 f   pjlib-i386-win32-vc8-debug:pool.obj
 0002:00028210       _pj_pool_allocate_find     00492210 f   pjlib-i386-win32-vc8-debug:pool.obj
 0002:000284c0       _pj_pool_init_int          004924c0 f   pjlib-i386-win32-vc8-debug:pool.obj
 0002:00028580       _pj_pool_create_int        00492580 f   pjlib-i386-win32-vc8-debug:pool.obj
 0002:00028730       _pj_pool_reset             00492730 f   pjlib-i386-win32-vc8-debug:pool.obj
 0002:00028850       _pj_pool_destroy_int       00492850 f   pjlib-i386-win32-vc8-debug:pool.obj
 0002:000288d0       _pj_str                    004928d0 f   pjlib-i386-win32-vc8-debug:string.obj
 0002:00028920       _pj_strdup                 00492920 f   pjlib-i386-win32-vc8-debug:string.obj
 0002:000289e0       _pj_strdup_with_null       004929e0 f   pjlib-i386-win32-vc8-debug:string.obj
 0002:00028a70       _pj_strdup2                00492a70 f   pjlib-i386-win32-vc8-debug:string.obj
 0002:00028b10       _pj_strdup2_with_null      00492b10 f   pjlib-i386-win32-vc8-debug:string.obj
 0002:00028bc0       _pj_strdup3                00492bc0 f   pjlib-i386-win32-vc8-debug:string.obj
 0002:00028c00       _pj_strassign              00492c00 f   pjlib-i386-win32-vc8-debug:string.obj
 0002:00028c40       _pj_strcpy                 00492c40 f   pjlib-i386-win32-vc8-debug:string.obj
 0002:00028ca0       _pj_strcpy2                00492ca0 f   pjlib-i386-win32-vc8-debug:string.obj
 0002:00028d20       _pj_strncpy                00492d20 f   pjlib-i386-win32-vc8-debug:string.obj
 0002:00028d80       _pj_strncpy_with_null      00492d80 f   pjlib-i386-win32-vc8-debug:string.obj
 0002:00028e00       _pj_strcmp                 00492e00 f   pjlib-i386-win32-vc8-debug:string.obj
 0002:00028f20       _pj_strncmp                00492f20 f   pjlib-i386-win32-vc8-debug:string.obj
 0002:00028fa0       _pj_strncmp2               00492fa0 f   pjlib-i386-win32-vc8-debug:string.obj
 0002:00029000       _pj_strcmp2                00493000 f   pjlib-i386-win32-vc8-debug:string.obj
 0002:00029060       _pj_stricmp                00493060 f   pjlib-i386-win32-vc8-debug:string.obj
 0002:00029150       _pj_stricmp2               00493150 f   pjlib-i386-win32-vc8-debug:string.obj
 0002:000291b0       _pj_strnicmp               004931b0 f   pjlib-i386-win32-vc8-debug:string.obj
 0002:00029230       _pj_strnicmp2              00493230 f   pjlib-i386-win32-vc8-debug:string.obj
 0002:00029290       _pj_strcat                 00493290 f   pjlib-i386-win32-vc8-debug:string.obj
 0002:000292f0       _pj_strcat2                004932f0 f   pjlib-i386-win32-vc8-debug:string.obj
 0002:00029370       _pj_strtrim                00493370 f   pjlib-i386-win32-vc8-debug:string.obj
 0002:000293b0       _pj_strstr                 004933b0 f   pjlib-i386-win32-vc8-debug:string.obj
 0002:00029450       _pj_stristr                00493450 f   pjlib-i386-win32-vc8-debug:string.obj
 0002:000294f0       _pj_strltrim               004934f0 f   pjlib-i386-win32-vc8-debug:string.obj
 0002:000295b0       _pj_strrtrim               004935b0 f   pjlib-i386-win32-vc8-debug:string.obj
 0002:00029640       _pj_create_random_string   00493640 f   pjlib-i386-win32-vc8-debug:string.obj
 0002:000297e0       _pj_strtoul                004937e0 f   pjlib-i386-win32-vc8-debug:string.obj
 0002:000298c0       _pj_strtoul2               004938c0 f   pjlib-i386-win32-vc8-debug:string.obj
 0002:00029ae0       _pj_utoa                   00493ae0 f   pjlib-i386-win32-vc8-debug:string.obj
 0002:00029b10       _pj_utoa_pad               00493b10 f   pjlib-i386-win32-vc8-debug:string.obj
 0002:00029c20       _pj_ntohs                  00493c20 f   pjlib-i386-win32-vc8-debug:sock_bsd.obj
 0002:00029c50       _pj_htons                  00493c50 f   pjlib-i386-win32-vc8-debug:sock_bsd.obj
 0002:00029c80       _pj_ntohl                  00493c80 f   pjlib-i386-win32-vc8-debug:sock_bsd.obj
 0002:00029ca0       _pj_htonl                  00493ca0 f   pjlib-i386-win32-vc8-debug:sock_bsd.obj
 0002:00029cc0       _pj_inet_ntoa              00493cc0 f   pjlib-i386-win32-vc8-debug:sock_bsd.obj
 0002:00029ce0       _pj_inet_aton              00493ce0 f   pjlib-i386-win32-vc8-debug:sock_bsd.obj
 0002:00029e10       _pj_inet_pton              00493e10 f   pjlib-i386-win32-vc8-debug:sock_bsd.obj
 0002:0002a070       _pj_inet_ntop              00494070 f   pjlib-i386-win32-vc8-debug:sock_bsd.obj
 0002:0002a2e0       _pj_gethostname            004942e0 f   pjlib-i386-win32-vc8-debug:sock_bsd.obj
 0002:0002a380       _pj_sock_socket            00494380 f   pjlib-i386-win32-vc8-debug:sock_bsd.obj
 0002:0002a4a0       _pj_sock_bind              004944a0 f   pjlib-i386-win32-vc8-debug:sock_bsd.obj
 0002:0002a590       _pj_sock_bind_in           00494590 f   pjlib-i386-win32-vc8-debug:sock_bsd.obj
 0002:0002a640       _pj_sock_close             00494640 f   pjlib-i386-win32-vc8-debug:sock_bsd.obj
 0002:0002a6e0       _pj_sock_getpeername       004946e0 f   pjlib-i386-win32-vc8-debug:sock_bsd.obj
 0002:0002a780       _pj_sock_getsockname       00494780 f   pjlib-i386-win32-vc8-debug:sock_bsd.obj
 0002:0002a820       _pj_sock_send              00494820 f   pjlib-i386-win32-vc8-debug:sock_bsd.obj
 0002:0002a910       _pj_sock_sendto            00494910 f   pjlib-i386-win32-vc8-debug:sock_bsd.obj
 0002:0002aa10       _pj_sock_recv              00494a10 f   pjlib-i386-win32-vc8-debug:sock_bsd.obj
 0002:0002ab10       _pj_sock_recvfrom          00494b10 f   pjlib-i386-win32-vc8-debug:sock_bsd.obj
 0002:0002ac80       _pj_sock_getsockopt        00494c80 f   pjlib-i386-win32-vc8-debug:sock_bsd.obj
 0002:0002ad80       _pj_sock_setsockopt        00494d80 f   pjlib-i386-win32-vc8-debug:sock_bsd.obj
 0002:0002ae30       _pj_sock_connect           00494e30 f   pjlib-i386-win32-vc8-debug:sock_bsd.obj
 0002:0002aed0       _pj_sock_shutdown          00494ed0 f   pjlib-i386-win32-vc8-debug:sock_bsd.obj
 0002:0002af70       _pj_sock_listen            00494f70 f   pjlib-i386-win32-vc8-debug:sock_bsd.obj
 0002:0002b010       _pj_sock_accept            00495010 f   pjlib-i386-win32-vc8-debug:sock_bsd.obj
 0002:0002b100       _pj_inet_addr              00495100 f   pjlib-i386-win32-vc8-debug:sock_common.obj
 0002:0002b130       _pj_inet_addr2             00495130 f   pjlib-i386-win32-vc8-debug:sock_common.obj
 0002:0002b170       _pj_inet_ntop2             00495170 f   pjlib-i386-win32-vc8-debug:sock_common.obj
 0002:0002b1c0       _pj_sockaddr_print         004951c0 f   pjlib-i386-win32-vc8-debug:sock_common.obj
 0002:0002b2f0       _pj_sockaddr_in_set_str_addr 004952f0 f   pjlib-i386-win32-vc8-debug:sock_common.obj
 0002:0002b470       _pj_sockaddr_set_str_addr  00495470 f   pjlib-i386-win32-vc8-debug:sock_common.obj
 0002:0002b610       _pj_sockaddr_in_init       00495610 f   pjlib-i386-win32-vc8-debug:sock_common.obj
 0002:0002b6c0       _pj_sockaddr_init          004956c0 f   pjlib-i386-win32-vc8-debug:sock_common.obj
 0002:0002b7c0       _pj_sockaddr_cmp           004957c0 f   pjlib-i386-win32-vc8-debug:sock_common.obj
 0002:0002b900       _pj_gethostaddr            00495900 f   pjlib-i386-win32-vc8-debug:sock_common.obj
 0002:0002b950       _pj_sockaddr_in_get_port   00495950 f   pjlib-i386-win32-vc8-debug:sock_common.obj
 0002:0002b980       _pj_sockaddr_get_addr      00495980 f   pjlib-i386-win32-vc8-debug:sock_common.obj
 0002:0002ba50       _pj_sockaddr_has_addr      00495a50 f   pjlib-i386-win32-vc8-debug:sock_common.obj
 0002:0002bb20       _pj_sockaddr_get_port      00495b20 f   pjlib-i386-win32-vc8-debug:sock_common.obj
 0002:0002bc00       _pj_sockaddr_get_addr_len  00495c00 f   pjlib-i386-win32-vc8-debug:sock_common.obj
 0002:0002bcc0       _pj_sockaddr_get_len       00495cc0 f   pjlib-i386-win32-vc8-debug:sock_common.obj
 0002:0002bd80       _pj_sockaddr_copy_addr     00495d80 f   pjlib-i386-win32-vc8-debug:sock_common.obj
 0002:0002bde0       _pj_sockaddr_cp            00495de0 f   pjlib-i386-win32-vc8-debug:sock_common.obj
 0002:0002be20       _pj_sockaddr_in_set_port   00495e20 f   pjlib-i386-win32-vc8-debug:sock_common.obj
 0002:0002be50       _pj_sockaddr_set_port      00495e50 f   pjlib-i386-win32-vc8-debug:sock_common.obj
 0002:0002bf30       _pj_sockaddr_in_get_addr   00495f30 f   pjlib-i386-win32-vc8-debug:sock_common.obj
 0002:0002bf60       _pj_sockaddr_in_set_addr   00495f60 f   pjlib-i386-win32-vc8-debug:sock_common.obj
 0002:0002bf90       _pj_sockaddr_parse2        00495f90 f   pjlib-i386-win32-vc8-debug:sock_common.obj
 0002:0002c4a0       _pj_sockaddr_parse         004964a0 f   pjlib-i386-win32-vc8-debug:sock_common.obj
 0002:0002c640       _pj_gethostip              00496640 f   pjlib-i386-win32-vc8-debug:sock_common.obj
 0002:0002d350       _pj_getdefaultipinterface  00497350 f   pjlib-i386-win32-vc8-debug:sock_common.obj
 0002:0002d550       _pj_register_strerror      00497550 f   pjlib-i386-win32-vc8-debug:errno.obj
 0002:0002d750       _pj_errno_clear_handlers   00497750 f   pjlib-i386-win32-vc8-debug:errno.obj
 0002:0002d7c0       _pj_strerror               004977c0 f   pjlib-i386-win32-vc8-debug:errno.obj
 0002:0002dab0       _pj_perror                 00497ab0 f   pjlib-i386-win32-vc8-debug:errno.obj
 0002:0002dc20       _pj_perror_1               00497c20 f   pjlib-i386-win32-vc8-debug:errno.obj
 0002:0002dc70       _pj_perror_2               00497c70 f   pjlib-i386-win32-vc8-debug:errno.obj
 0002:0002dcc0       _pj_perror_3               00497cc0 f   pjlib-i386-win32-vc8-debug:errno.obj
 0002:0002dd10       _pj_perror_4               00497d10 f   pjlib-i386-win32-vc8-debug:errno.obj
 0002:0002dd60       _pj_perror_5               00497d60 f   pjlib-i386-win32-vc8-debug:errno.obj
 0002:0002ddb0       _pj_list_insert_after      00497db0 f   pjlib-i386-win32-vc8-debug:list.obj
 0002:0002de00       _pj_list_insert_before     00497e00 f   pjlib-i386-win32-vc8-debug:list.obj
 0002:0002de30       _pj_list_insert_nodes_after 00497e30 f   pjlib-i386-win32-vc8-debug:list.obj
 0002:0002dec0       _pj_list_insert_nodes_before 00497ec0 f   pjlib-i386-win32-vc8-debug:list.obj
 0002:0002def0       _pj_list_merge_last        00497ef0 f   pjlib-i386-win32-vc8-debug:list.obj
 0002:0002dfc0       _pj_list_merge_first       00497fc0 f   pjlib-i386-win32-vc8-debug:list.obj
 0002:0002e030       _pj_list_erase             00498030 f   pjlib-i386-win32-vc8-debug:list.obj
 0002:0002e070       _pj_list_find_node         00498070 f   pjlib-i386-win32-vc8-debug:list.obj
 0002:0002e0d0       _pj_list_search            004980d0 f   pjlib-i386-win32-vc8-debug:list.obj
 0002:0002e130       _pj_list_size              00498130 f   pjlib-i386-win32-vc8-debug:list.obj
 0002:0002e180       _pj_log_init               00498180 f   pjlib-i386-win32-vc8-debug:log.obj
 0002:0002e210       _pj_log_set_decor          00498210 f   pjlib-i386-win32-vc8-debug:log.obj
 0002:0002e230       _pj_log_get_decor          00498230 f   pjlib-i386-win32-vc8-debug:log.obj
 0002:0002e250       _pj_log_set_color          00498250 f   pjlib-i386-win32-vc8-debug:log.obj
 0002:0002e380       _pj_log_get_color          00498380 f   pjlib-i386-win32-vc8-debug:log.obj
 0002:0002e420       _pj_log_set_level          00498420 f   pjlib-i386-win32-vc8-debug:log.obj
 0002:0002e440       _pj_log_get_level          00498440 f   pjlib-i386-win32-vc8-debug:log.obj
 0002:0002e460       _pj_log_set_log_func       00498460 f   pjlib-i386-win32-vc8-debug:log.obj
 0002:0002e480       _pj_log_get_log_func       00498480 f   pjlib-i386-win32-vc8-debug:log.obj
 0002:0002e4a0       _pj_log                    004984a0 f   pjlib-i386-win32-vc8-debug:log.obj
 0002:0002eca0       _pj_log_1                  00498ca0 f   pjlib-i386-win32-vc8-debug:log.obj
 0002:0002ece0       _pj_log_2                  00498ce0 f   pjlib-i386-win32-vc8-debug:log.obj
 0002:0002ed20       _pj_log_3                  00498d20 f   pjlib-i386-win32-vc8-debug:log.obj
 0002:0002ed60       _pj_log_4                  00498d60 f   pjlib-i386-win32-vc8-debug:log.obj
 0002:0002eda0       _pj_log_5                  00498da0 f   pjlib-i386-win32-vc8-debug:log.obj
 0002:0002ede0       _pj_ioqueue_set_lock       00498de0 f   pjlib-i386-win32-vc8-debug:ioqueue_select.obj
 0002:0002ee80       _pj_ioqueue_get_user_data  00498e80 f   pjlib-i386-win32-vc8-debug:ioqueue_select.obj
 0002:0002eee0       _pj_ioqueue_set_user_data  00498ee0 f   pjlib-i386-win32-vc8-debug:ioqueue_select.obj
 0002:0002ef60       _ioqueue_dispatch_write_event 00498f60 f   pjlib-i386-win32-vc8-debug:ioqueue_select.obj
 0002:0002f450       _ioqueue_dispatch_read_event 00499450 f   pjlib-i386-win32-vc8-debug:ioqueue_select.obj
 0002:0002f870       _ioqueue_dispatch_exception_event 00499870 f   pjlib-i386-win32-vc8-debug:ioqueue_select.obj
 0002:0002fa30       _pj_ioqueue_recv           00499a30 f   pjlib-i386-win32-vc8-debug:ioqueue_select.obj
 0002:0002fc40       _pj_ioqueue_recvfrom       00499c40 f   pjlib-i386-win32-vc8-debug:ioqueue_select.obj
 0002:0002fe70       _pj_ioqueue_send           00499e70 f   pjlib-i386-win32-vc8-debug:ioqueue_select.obj
 0002:000300d0       _pj_ioqueue_sendto         0049a0d0 f   pjlib-i386-win32-vc8-debug:ioqueue_select.obj
 0002:000303e0       _pj_ioqueue_accept         0049a3e0 f   pjlib-i386-win32-vc8-debug:ioqueue_select.obj
 0002:00030620       _pj_ioqueue_connect        0049a620 f   pjlib-i386-win32-vc8-debug:ioqueue_select.obj
 0002:000307b0       _pj_ioqueue_op_key_init    0049a7b0 f   pjlib-i386-win32-vc8-debug:ioqueue_select.obj
 0002:00030810       _pj_ioqueue_is_pending     0049a810 f   pjlib-i386-win32-vc8-debug:ioqueue_select.obj
 0002:00030840       _pj_ioqueue_post_completion 0049a840 f   pjlib-i386-win32-vc8-debug:ioqueue_select.obj
 0002:00030a20       _pj_ioqueue_set_default_concurrency 0049aa20 f   pjlib-i386-win32-vc8-debug:ioqueue_select.obj
 0002:00030a80       _pj_ioqueue_set_concurrency 0049aa80 f   pjlib-i386-win32-vc8-debug:ioqueue_select.obj
 0002:00030b40       _pj_ioqueue_lock_key       0049ab40 f   pjlib-i386-win32-vc8-debug:ioqueue_select.obj
 0002:00030b70       _pj_ioqueue_unlock_key     0049ab70 f   pjlib-i386-win32-vc8-debug:ioqueue_select.obj
 0002:00030ba0       _pj_ioqueue_name           0049aba0 f   pjlib-i386-win32-vc8-debug:ioqueue_select.obj
 0002:00030bc0       _pj_ioqueue_create         0049abc0 f   pjlib-i386-win32-vc8-debug:ioqueue_select.obj
 0002:00030fa0       _pj_ioqueue_destroy        0049afa0 f   pjlib-i386-win32-vc8-debug:ioqueue_select.obj
 0002:00031150       _pj_ioqueue_register_sock  0049b150 f   pjlib-i386-win32-vc8-debug:ioqueue_select.obj
 0002:00031510       _pj_ioqueue_unregister     0049b510 f   pjlib-i386-win32-vc8-debug:ioqueue_select.obj
 0002:00031b00       _pj_ioqueue_poll           0049bb00 f   pjlib-i386-win32-vc8-debug:ioqueue_select.obj
 0002:00032200       _pj_gettimeofday           0049c200 f   pjlib-i386-win32-vc8-debug:os_time_win32.obj
 0002:00032360       _pj_time_decode            0049c360 f   pjlib-i386-win32-vc8-debug:os_time_win32.obj
 0002:00032450       _pj_time_encode            0049c450 f   pjlib-i386-win32-vc8-debug:os_time_win32.obj
 0002:00032580       _pj_array_insert           0049c580 f   pjlib-i386-win32-vc8-debug:array.obj
 0002:00032630       _pj_array_erase            0049c630 f   pjlib-i386-win32-vc8-debug:array.obj
 0002:000326c0       _pj_array_find             0049c6c0 f   pjlib-i386-win32-vc8-debug:array.obj
 0002:00032740       _pj_file_open              0049c740 f   pjlib-i386-win32-vc8-debug:file_io_win32.obj
 0002:00032990       _pj_file_close             0049c990 f   pjlib-i386-win32-vc8-debug:file_io_win32.obj
 0002:00032a10       _pj_file_write             0049ca10 f   pjlib-i386-win32-vc8-debug:file_io_win32.obj
 0002:00032ac0       _pj_file_read              0049cac0 f   pjlib-i386-win32-vc8-debug:file_io_win32.obj
 0002:00032b70       _pj_file_setpos            0049cb70 f   pjlib-i386-win32-vc8-debug:file_io_win32.obj
 0002:00032c90       _pj_file_getpos            0049cc90 f   pjlib-i386-win32-vc8-debug:file_io_win32.obj
 0002:00032d60       _pj_file_flush             0049cd60 f   pjlib-i386-win32-vc8-debug:file_io_win32.obj
 0002:00032df0       _pj_lock_create_simple_mutex 0049cdf0 f   pjlib-i386-win32-vc8-debug:lock.obj
 0002:00032f40       _pj_lock_create_recursive_mutex 0049cf40 f   pjlib-i386-win32-vc8-debug:lock.obj
 0002:00032f90       _pj_lock_create_null_mutex 0049cf90 f   pjlib-i386-win32-vc8-debug:lock.obj
 0002:00032ff0       _pj_lock_create_semaphore  0049cff0 f   pjlib-i386-win32-vc8-debug:lock.obj
 0002:000330e0       _pj_lock_acquire           0049d0e0 f   pjlib-i386-win32-vc8-debug:lock.obj
 0002:00033150       _pj_lock_tryacquire        0049d150 f   pjlib-i386-win32-vc8-debug:lock.obj
 0002:000331c0       _pj_lock_release           0049d1c0 f   pjlib-i386-win32-vc8-debug:lock.obj
 0002:00033230       _pj_lock_destroy           0049d230 f   pjlib-i386-win32-vc8-debug:lock.obj
 0002:000332a0       _pj_srand                  0049d2a0 f   pjlib-i386-win32-vc8-debug:rand.obj
 0002:000332e0       _pj_rand                   0049d2e0 f   pjlib-i386-win32-vc8-debug:rand.obj
 0002:00033360       _pj_throw_exception_       0049d360 f   pjlib-i386-win32-vc8-debug:except.obj
 0002:00033420       _pj_push_exception_handler_ 0049d420 f   pjlib-i386-win32-vc8-debug:except.obj
 0002:00033540       _pj_pop_exception_handler_ 0049d540 f   pjlib-i386-win32-vc8-debug:except.obj
 0002:000335a0       _pj_exception_id_alloc     0049d5a0 f   pjlib-i386-win32-vc8-debug:except.obj
 0002:00033620       _pj_exception_id_free      0049d620 f   pjlib-i386-win32-vc8-debug:except.obj
 0002:000336b0       _pj_exception_id_name      0049d6b0 f   pjlib-i386-win32-vc8-debug:except.obj
 0002:00033760       _pj_get_version            0049d760 f   pjlib-i386-win32-vc8-debug:config.obj
 0002:00033780       _pj_dump_config            0049d780 f   pjlib-i386-win32-vc8-debug:config.obj
 0002:00033d60       _pj_get_timestamp          0049dd60 f   pjlib-i386-win32-vc8-debug:os_timestamp_win32.obj
 0002:00033df0       _pj_get_timestamp_freq     0049ddf0 f   pjlib-i386-win32-vc8-debug:os_timestamp_win32.obj
 0002:00033e80       _pj_GUID_STRING_LENGTH     0049de80 f   pjlib-i386-win32-vc8-debug:guid_win32.obj
 0002:00033ea0       _pj_generate_unique_string 0049dea0 f   pjlib-i386-win32-vc8-debug:guid_win32.obj
 0002:00034050       _pj_pool_create_on_buf     0049e050 f   pjlib-i386-win32-vc8-debug:pool_buf.obj
 0002:00034420       _pj_pool_factory_get_default_policy 0049e420 f   pjlib-i386-win32-vc8-debug:pool_policy_malloc.obj
 0002:00034440       _pj_get_os_error           0049e440 f   pjlib-i386-win32-vc8-debug:os_error_win32.obj
 0002:00034490       _pj_set_os_error           0049e490 f   pjlib-i386-win32-vc8-debug:os_error_win32.obj
 0002:000344e0       _pj_get_netos_error        0049e4e0 f   pjlib-i386-win32-vc8-debug:os_error_win32.obj
 0002:00034530       _pj_set_netos_error        0049e530 f   pjlib-i386-win32-vc8-debug:os_error_win32.obj
 0002:00034580       _platform_strerror         0049e580 f   pjlib-i386-win32-vc8-debug:os_error_win32.obj
 0002:000347b0       _pj_gethostbyname          0049e7b0 f   pjlib-i386-win32-vc8-debug:addr_resolv_sock.obj
 0002:00034910       _pj_getaddrinfo            0049e910 f   pjlib-i386-win32-vc8-debug:addr_resolv_sock.obj
 0002:00034c70       _pj_enum_ip_interface      0049ec70 f   pjlib-i386-win32-vc8-debug:ip_helper_win32.obj
 0002:000357d0       _pj_enum_ip_route          0049f7d0 f   pjlib-i386-win32-vc8-debug:ip_helper_win32.obj
 0002:00035bf0       _pj_log_write              0049fbf0 f   pjlib-i386-win32-vc8-debug:log_writer_stdout.obj
 0002:00035cd0       _PJ_FD_ZERO                0049fcd0 f   pjlib-i386-win32-vc8-debug:sock_select.obj
 0002:00035d20       _PJ_FD_SET                 0049fd20 f   pjlib-i386-win32-vc8-debug:sock_select.obj
 0002:00035e00       _PJ_FD_CLR                 0049fe00 f   pjlib-i386-win32-vc8-debug:sock_select.obj
 0002:00035ef0       _PJ_FD_ISSET               0049fef0 f   pjlib-i386-win32-vc8-debug:sock_select.obj
 0002:00035f50       _PJ_FD_COUNT               0049ff50 f   pjlib-i386-win32-vc8-debug:sock_select.obj
 0002:00035f70       _pj_sock_select            0049ff70 f   pjlib-i386-win32-vc8-debug:sock_select.obj
 0002:00036070       _pj_time_val_normalize     004a0070 f   pjlib-i386-win32-vc8-debug:types.obj
 0002:000361b0       _gsm_create                004a01b0 f   libgsmcodec-i386-win32-vc8-debug:gsm_create.obj
 0002:00036210       _gsm_destroy               004a0210 f   libgsmcodec-i386-win32-vc8-debug:gsm_destroy.obj
 0002:00036240       _gsm_encode                004a0240 f   libgsmcodec-i386-win32-vc8-debug:gsm_encode.obj
 0002:00036a70       _gsm_decode                004a0a70 f   libgsmcodec-i386-win32-vc8-debug:gsm_decode.obj
 0002:000374d0       _Gsm_Coder                 004a14d0 f   libgsmcodec-i386-win32-vc8-debug:code.obj
 0002:00037780       _Gsm_Decoder               004a1780 f   libgsmcodec-i386-win32-vc8-debug:decode.obj
 0002:00037a90       _Gsm_RPE_Encoding          004a1a90 f   libgsmcodec-i386-win32-vc8-debug:rpe.obj
 0002:00039440       _Gsm_RPE_Decoding          004a3440 f   libgsmcodec-i386-win32-vc8-debug:rpe.obj
 0002:000394d0       _Gsm_Long_Term_Predictor   004a34d0 f   libgsmcodec-i386-win32-vc8-debug:long_term.obj
 0002:0003a710       _Gsm_Long_Term_Synthesis_Filtering 004a4710 f   libgsmcodec-i386-win32-vc8-debug:long_term.obj
 0002:0003a960       _Gsm_Short_Term_Analysis_Filter 004a4960 f   libgsmcodec-i386-win32-vc8-debug:short_term.obj
 0002:0003c060       _Gsm_Short_Term_Synthesis_Filter 004a6060 f   libgsmcodec-i386-win32-vc8-debug:short_term.obj
 0002:0003c480       _Gsm_LPC_Analysis          004a6480 f   libgsmcodec-i386-win32-vc8-debug:lpc.obj
 0002:0003e590       _Gsm_Preprocess            004a8590 f   libgsmcodec-i386-win32-vc8-debug:preprocess.obj
 0002:0003ea10       _gsm_add                   004a8a10 f   libgsmcodec-i386-win32-vc8-debug:add.obj
 0002:0003ea80       _gsm_sub                   004a8a80 f   libgsmcodec-i386-win32-vc8-debug:add.obj
 0002:0003eaf0       _gsm_mult                  004a8af0 f   libgsmcodec-i386-win32-vc8-debug:add.obj
 0002:0003eb80       _gsm_mult_r                004a8b80 f   libgsmcodec-i386-win32-vc8-debug:add.obj
 0002:0003ebf0       _gsm_abs                   004a8bf0 f   libgsmcodec-i386-win32-vc8-debug:add.obj
 0002:0003ec50       _gsm_L_mult                004a8c50 f   libgsmcodec-i386-win32-vc8-debug:add.obj
 0002:0003ecc0       _gsm_L_add                 004a8cc0 f   libgsmcodec-i386-win32-vc8-debug:add.obj
 0002:0003ed80       _gsm_L_sub                 004a8d80 f   libgsmcodec-i386-win32-vc8-debug:add.obj
 0002:0003ee40       _gsm_norm                  004a8e40 f   libgsmcodec-i386-win32-vc8-debug:add.obj
 0002:0003ef60       _gsm_L_asl                 004a8f60 f   libgsmcodec-i386-win32-vc8-debug:add.obj
 0002:0003efd0       _gsm_asl                   004a8fd0 f   libgsmcodec-i386-win32-vc8-debug:add.obj
 0002:0003f040       _gsm_L_asr                 004a9040 f   libgsmcodec-i386-win32-vc8-debug:add.obj
 0002:0003f0a0       _gsm_asr                   004a90a0 f   libgsmcodec-i386-win32-vc8-debug:add.obj
 0002:0003f110       _gsm_div                   004a9110 f   libgsmcodec-i386-win32-vc8-debug:add.obj
 0002:0003f1f0       _initDecode                004a91f0 f   libilbccodec-i386-win32-vc8-debug:iLBC_decode.obj
 0002:0003f4b0       _Decode                    004a94b0 f   libilbccodec-i386-win32-vc8-debug:iLBC_decode.obj
 0002:0003fbe0       _iLBC_decode               004a9be0 f   libilbccodec-i386-win32-vc8-debug:iLBC_decode.obj
 0002:00040cf0       _initEncode                004aacf0 f   libilbccodec-i386-win32-vc8-debug:iLBC_encode.obj
 0002:00040e90       _iLBC_encode               004aae90 f   libilbccodec-i386-win32-vc8-debug:iLBC_encode.obj
 0002:000428d0       _index_conv_enc            004ac8d0 f   libilbccodec-i386-win32-vc8-debug:iCBConstruct.obj
 0002:00042980       _index_conv_dec            004ac980 f   libilbccodec-i386-win32-vc8-debug:iCBConstruct.obj
 0002:00042a30       _iCBConstruct              004aca30 f   libilbccodec-i386-win32-vc8-debug:iCBConstruct.obj
 0002:00042c10       _StateConstructW           004acc10 f   libilbccodec-i386-win32-vc8-debug:StateConstructW.obj
 0002:00042e70       _hpOutput                  004ace70 f   libilbccodec-i386-win32-vc8-debug:hpOutput.obj
 0002:00042fc0       _NearestNeighbor           004acfc0 f   libilbccodec-i386-win32-vc8-debug:enhancer.obj
 0002:00043060       _mycorr1                   004ad060 f   libilbccodec-i386-win32-vc8-debug:enhancer.obj
 0002:00043100       _enh_upsample              004ad100 f   libilbccodec-i386-win32-vc8-debug:enhancer.obj
 0002:00043460       _refiner                   004ad460 f   libilbccodec-i386-win32-vc8-debug:enhancer.obj
 0002:00043750       _smath                     004ad750 f   libilbccodec-i386-win32-vc8-debug:enhancer.obj
 0002:00043c00       _getsseq                   004adc00 f   libilbccodec-i386-win32-vc8-debug:enhancer.obj
 0002:00043fa0       _enhancer                  004adfa0 f   libilbccodec-i386-win32-vc8-debug:enhancer.obj
 0002:00044010       _xCorrCoef                 004ae010 f   libilbccodec-i386-win32-vc8-debug:enhancer.obj
 0002:000440c0       _enhancerInterface         004ae0c0 f   libilbccodec-i386-win32-vc8-debug:enhancer.obj
 0002:00044900       _syntFilter                004ae900 f   libilbccodec-i386-win32-vc8-debug:syntFilter.obj
 0002:00044ae0       _compCorr                  004aeae0 f   libilbccodec-i386-win32-vc8-debug:doCPLC.obj
 0002:00044cb0       _doThePLC                  004aecb0 f   libilbccodec-i386-win32-vc8-debug:doCPLC.obj
 0002:00045290       _LSFinterpolate2a_dec      004af290 f   libilbccodec-i386-win32-vc8-debug:LPCdecode.obj
 0002:000452e0       _SimplelsfDEQ              004af2e0 f   libilbccodec-i386-win32-vc8-debug:LPCdecode.obj
 0002:000454b0       _DecoderInterpolateLSF     004af4b0 f   libilbccodec-i386-win32-vc8-debug:LPCdecode.obj
 0002:00045730       _autocorr                  004af730 f   libilbccodec-i386-win32-vc8-debug:helpfun.obj
 0002:000457d0       _window                    004af7d0 f   libilbccodec-i386-win32-vc8-debug:helpfun.obj
 0002:00045830       _levdurb                   004af830 f   libilbccodec-i386-win32-vc8-debug:helpfun.obj
 0002:00045a50       _interpolate               004afa50 f   libilbccodec-i386-win32-vc8-debug:helpfun.obj
 0002:00045ac0       _bwexpand                  004afac0 f   libilbccodec-i386-win32-vc8-debug:helpfun.obj
 0002:00045b30       _vq                        004afb30 f   libilbccodec-i386-win32-vc8-debug:helpfun.obj
 0002:00045c80       _SplitVQ                   004afc80 f   libilbccodec-i386-win32-vc8-debug:helpfun.obj
 0002:00045d50       _sort_sq                   004afd50 f   libilbccodec-i386-win32-vc8-debug:helpfun.obj
 0002:00045e50       _LSF_check                 004afe50 f   libilbccodec-i386-win32-vc8-debug:helpfun.obj
 0002:00046070       _packsplit                 004b0070 f   libilbccodec-i386-win32-vc8-debug:packing.obj
 0002:000460c0       _packcombine               004b00c0 f   libilbccodec-i386-win32-vc8-debug:packing.obj
 0002:00046100       _dopack                    004b0100 f   libilbccodec-i386-win32-vc8-debug:packing.obj
 0002:00046230       _unpack                    004b0230 f   libilbccodec-i386-win32-vc8-debug:packing.obj
 0002:00046390       _iCBSearch                 004b0390 f   libilbccodec-i386-win32-vc8-debug:iCBSearch.obj
 0002:000475e0       _AbsQuantW                 004b15e0 f   libilbccodec-i386-win32-vc8-debug:StateSearchW.obj
 0002:00047850       _StateSearchW              004b1850 f   libilbccodec-i386-win32-vc8-debug:StateSearchW.obj
 0002:00047bf0       _FrameClassify             004b1bf0 f   libilbccodec-i386-win32-vc8-debug:FrameClassify.obj
 0002:00048060       _anaFilter                 004b2060 f   libilbccodec-i386-win32-vc8-debug:anaFilter.obj
 0002:00048240       _SimpleAnalysis            004b2240 f   libilbccodec-i386-win32-vc8-debug:LPCencode.obj
 0002:00048440       _LSFinterpolate2a_enc      004b2440 f   libilbccodec-i386-win32-vc8-debug:LPCencode.obj
 0002:00048490       _SimpleInterpolateLSF      004b2490 f   libilbccodec-i386-win32-vc8-debug:LPCencode.obj
 0002:000487f0       _SimplelsfQ                004b27f0 f   libilbccodec-i386-win32-vc8-debug:LPCencode.obj
 0002:00048880       _LPCencode                 004b2880 f   libilbccodec-i386-win32-vc8-debug:LPCencode.obj
 0002:00048950       _hpInput                   004b2950 f   libilbccodec-i386-win32-vc8-debug:hpInput.obj
 0002:00048aa0       _getCBvec                  004b2aa0 f   libilbccodec-i386-win32-vc8-debug:getCBvec.obj
 0002:00049160       _gainquant                 004b3160 f   libilbccodec-i386-win32-vc8-debug:gainquant.obj
 0002:00049270       _gaindequant               004b3270 f   libilbccodec-i386-win32-vc8-debug:gainquant.obj
 0002:00049330       _AllPoleFilter             004b3330 f   libilbccodec-i386-win32-vc8-debug:filter.obj
 0002:000493c0       _AllZeroFilter             004b33c0 f   libilbccodec-i386-win32-vc8-debug:filter.obj
 0002:00049470       _ZeroPoleFilter            004b3470 f   libilbccodec-i386-win32-vc8-debug:filter.obj
 0002:000494d0       _DownSample                004b34d0 f   libilbccodec-i386-win32-vc8-debug:filter.obj
 0002:00049750       _a2lsf                     004b3750 f   libilbccodec-i386-win32-vc8-debug:lsf.obj
 0002:00049c10       _lsf2a                     004b3c10 f   libilbccodec-i386-win32-vc8-debug:lsf.obj
 0002:0004a0d0       _filteredCBvecs            004b40d0 f   libilbccodec-i386-win32-vc8-debug:createCB.obj
 0002:0004a210       _searchAugmentedCB         004b4210 f   libilbccodec-i386-win32-vc8-debug:createCB.obj
 0002:0004a5c0       _createAugmentedVec        004b45c0 f   libilbccodec-i386-win32-vc8-debug:createCB.obj
 0002:0004a6f0       _wb_mode_query             004b46f0 f   libspeex-i386-win32-vc8-debug:modes_wb.obj
 0002:0004a7d0       _speex_lib_get_mode        004b47d0 f   libspeex-i386-win32-vc8-debug:modes_wb.obj
 0002:0004a810       _speex_encoder_init        004b4810 f   libspeex-i386-win32-vc8-debug:speex.obj
 0002:0004a840       _speex_decoder_init        004b4840 f   libspeex-i386-win32-vc8-debug:speex.obj
 0002:0004a870       _speex_encoder_destroy     004b4870 f   libspeex-i386-win32-vc8-debug:speex.obj
 0002:0004a8a0       _speex_decoder_destroy     004b48a0 f   libspeex-i386-win32-vc8-debug:speex.obj
 0002:0004a8d0       _speex_encode_native       004b48d0 f   libspeex-i386-win32-vc8-debug:speex.obj
 0002:0004a910       _speex_decode_native       004b4910 f   libspeex-i386-win32-vc8-debug:speex.obj
 0002:0004a950       _speex_encode              004b4950 f   libspeex-i386-win32-vc8-debug:speex.obj
 0002:0004a990       _speex_encode_int          004b4990 f   libspeex-i386-win32-vc8-debug:speex.obj
 0002:0004aa30       _speex_decode              004b4a30 f   libspeex-i386-win32-vc8-debug:speex.obj
 0002:0004aa70       _speex_decode_int          004b4a70 f   libspeex-i386-win32-vc8-debug:speex.obj
 0002:0004ab90       _speex_encoder_ctl         004b4b90 f   libspeex-i386-win32-vc8-debug:speex.obj
 0002:0004abd0       _speex_decoder_ctl         004b4bd0 f   libspeex-i386-win32-vc8-debug:speex.obj
 0002:0004ac10       _nb_mode_query             004b4c10 f   libspeex-i386-win32-vc8-debug:speex.obj
 0002:0004acf0       _speex_lib_ctl             004b4cf0 f   libspeex-i386-win32-vc8-debug:speex.obj
 0002:0004ade0       _speex_bits_init           004b4de0 f   libspeex-i386-win32-vc8-debug:bits.obj
 0002:0004ae70       _speex_bits_init_buffer    004b4e70 f   libspeex-i386-win32-vc8-debug:bits.obj
 0002:0004aec0       _speex_bits_set_bit_buffer 004b4ec0 f   libspeex-i386-win32-vc8-debug:bits.obj
 0002:0004af30       _speex_bits_destroy        004b4f30 f   libspeex-i386-win32-vc8-debug:bits.obj
 0002:0004af90       _speex_bits_reset          004b4f90 f   libspeex-i386-win32-vc8-debug:bits.obj
 0002:0004afe0       _speex_bits_rewind         004b4fe0 f   libspeex-i386-win32-vc8-debug:bits.obj
 0002:0004b020       _speex_bits_read_from      004b5020 f   libspeex-i386-win32-vc8-debug:bits.obj
 0002:0004b200       _speex_bits_read_whole_bytes 004b5200 f   libspeex-i386-win32-vc8-debug:bits.obj
 0002:0004b460       _speex_bits_write          004b5460 f   libspeex-i386-win32-vc8-debug:bits.obj
 0002:0004b540       _speex_bits_write_whole_bytes 004b5540 f   libspeex-i386-win32-vc8-debug:bits.obj
 0002:0004b610       _speex_bits_pack           004b5610 f   libspeex-i386-win32-vc8-debug:bits.obj
 0002:0004b800       _speex_bits_unpack_signed  004b5800 f   libspeex-i386-win32-vc8-debug:bits.obj
 0002:0004b860       _speex_bits_unpack_unsigned 004b5860 f   libspeex-i386-win32-vc8-debug:bits.obj
 0002:0004b950       _speex_bits_peek_unsigned  004b5950 f   libspeex-i386-win32-vc8-debug:bits.obj
 0002:0004ba40       _speex_bits_peek           004b5a40 f   libspeex-i386-win32-vc8-debug:bits.obj
 0002:0004bac0       _speex_bits_advance        004b5ac0 f   libspeex-i386-win32-vc8-debug:bits.obj
 0002:0004bb50       _speex_bits_remaining      004b5b50 f   libspeex-i386-win32-vc8-debug:bits.obj
 0002:0004bba0       _speex_bits_nbytes         004b5ba0 f   libspeex-i386-win32-vc8-debug:bits.obj
 0002:0004bbd0       _speex_bits_insert_terminator 004b5bd0 f   libspeex-i386-win32-vc8-debug:bits.obj
 0002:0004bc30       _speex_mode_query          004b5c30 f   libspeex-i386-win32-vc8-debug:modes.obj
 0002:0004bc70       _vbr_init                  004b5c70 f   libspeex-i386-win32-vc8-debug:vbr.obj
 0002:0004bd80       _vbr_analysis              004b5d80 f   libspeex-i386-win32-vc8-debug:vbr.obj
 0002:0004c6b0       _vbr_destroy               004b66b0 f   libspeex-i386-win32-vc8-debug:vbr.obj
 0002:0004c6d0       _sb_encoder_init           004b66d0 f   libspeex-i386-win32-vc8-debug:sb_celp.obj
 0002:0004cb20       _sb_encoder_destroy        004b6b20 f   libspeex-i386-win32-vc8-debug:sb_celp.obj
 0002:0004cc60       _sb_encode                 004b6c60 f   libspeex-i386-win32-vc8-debug:sb_celp.obj
 0002:0004e740       _sb_decoder_init           004b8740 f   libspeex-i386-win32-vc8-debug:sb_celp.obj
 0002:0004e9a0       _sb_decoder_destroy        004b89a0 f   libspeex-i386-win32-vc8-debug:sb_celp.obj
 0002:0004ea80       _sb_decode                 004b8a80 f   libspeex-i386-win32-vc8-debug:sb_celp.obj
 0002:0004f8d0       _sb_encoder_ctl            004b98d0 f   libspeex-i386-win32-vc8-debug:sb_celp.obj
 0002:00050490       _sb_decoder_ctl            004ba490 f   libspeex-i386-win32-vc8-debug:sb_celp.obj
 0002:00050ab0       _split_cb_search_shape_sign 004baab0 f   libspeex-i386-win32-vc8-debug:cb_search.obj
 0002:00052060       _split_cb_shape_sign_unquant 004bc060 f   libspeex-i386-win32-vc8-debug:cb_search.obj
 0002:00052250       _noise_codebook_quant      004bc250 f   libspeex-i386-win32-vc8-debug:cb_search.obj
 0002:00052330       _noise_codebook_unquant    004bc330 f   libspeex-i386-win32-vc8-debug:cb_search.obj
 0002:00052410       _lsp_quant_nb              004bc410 f   libspeex-i386-win32-vc8-debug:quant_lsp.obj
 0002:00052ad0       _lsp_unquant_nb            004bcad0 f   libspeex-i386-win32-vc8-debug:quant_lsp.obj
 0002:00052d70       _lsp_quant_lbr             004bcd70 f   libspeex-i386-win32-vc8-debug:quant_lsp.obj
 0002:00052fe0       _lsp_unquant_lbr           004bcfe0 f   libspeex-i386-win32-vc8-debug:quant_lsp.obj
 0002:00053190       _lsp_quant_high            004bd190 f   libspeex-i386-win32-vc8-debug:quant_lsp.obj
 0002:000533c0       _lsp_unquant_high          004bd3c0 f   libspeex-i386-win32-vc8-debug:quant_lsp.obj
 0002:00053500       _nb_encoder_init           004bd500 f   libspeex-i386-win32-vc8-debug:nb_celp.obj
 0002:00053a00       _nb_encoder_destroy        004bda00 f   libspeex-i386-win32-vc8-debug:nb_celp.obj
 0002:00053b70       _nb_encode                 004bdb70 f   libspeex-i386-win32-vc8-debug:nb_celp.obj
 0002:00056450       _nb_decoder_init           004c0450 f   libspeex-i386-win32-vc8-debug:nb_celp.obj
 0002:00056790       _nb_decoder_destroy        004c0790 f   libspeex-i386-win32-vc8-debug:nb_celp.obj
 0002:00056820       _nb_decode                 004c0820 f   libspeex-i386-win32-vc8-debug:nb_celp.obj
 0002:000589a0       _nb_encoder_ctl            004c29a0 f   libspeex-i386-win32-vc8-debug:nb_celp.obj
 0002:000592f0       _nb_decoder_ctl            004c32f0 f   libspeex-i386-win32-vc8-debug:nb_celp.obj
 0002:000598c0       _inner_prod                004c38c0 f   libspeex-i386-win32-vc8-debug:ltp.obj
 0002:000599d0       _pitch_xcorr               004c39d0 f   libspeex-i386-win32-vc8-debug:ltp.obj
 0002:00059a40       _open_loop_nbest_pitch     004c3a40 f   libspeex-i386-win32-vc8-debug:ltp.obj
 0002:00059f80       _pitch_search_3tap         004c3f80 f   libspeex-i386-win32-vc8-debug:ltp.obj
 0002:0005aeb0       _pitch_unquant_3tap        004c4eb0 f   libspeex-i386-win32-vc8-debug:ltp.obj
 0002:0005b2e0       _forced_pitch_quant        004c52e0 f   libspeex-i386-win32-vc8-debug:ltp.obj
 0002:0005b480       _forced_pitch_unquant      004c5480 f   libspeex-i386-win32-vc8-debug:ltp.obj
 0002:0005b540       _bw_lpc                    004c5540 f   libspeex-i386-win32-vc8-debug:filters.obj
 0002:0005b5b0       _sanitize_values32         004c55b0 f   libspeex-i386-win32-vc8-debug:filters.obj
 0002:0005b690       _highpass                  004c5690 f   libspeex-i386-win32-vc8-debug:filters.obj
 0002:0005b900       _signal_mul                004c5900 f   libspeex-i386-win32-vc8-debug:filters.obj
 0002:0005b960       _signal_div                004c5960 f   libspeex-i386-win32-vc8-debug:filters.obj
 0002:0005b9c0       _compute_rms               004c59c0 f   libspeex-i386-win32-vc8-debug:filters.obj
 0002:0005ba50       _compute_rms16             004c5a50 f   libspeex-i386-win32-vc8-debug:filters.obj
 0002:0005ba80       _filter_mem16              004c5a80 f   libspeex-i386-win32-vc8-debug:filters.obj
 0002:0005bb90       _iir_mem16                 004c5b90 f   libspeex-i386-win32-vc8-debug:filters.obj
 0002:0005bc70       _fir_mem16                 004c5c70 f   libspeex-i386-win32-vc8-debug:filters.obj
 0002:0005bd50       _syn_percep_zero16         004c5d50 f   libspeex-i386-win32-vc8-debug:filters.obj
 0002:0005be60       _residue_percep_zero16     004c5e60 f   libspeex-i386-win32-vc8-debug:filters.obj
 0002:0005bf70       _compute_impulse_response  004c5f70 f   libspeex-i386-win32-vc8-debug:filters.obj
 0002:0005c1c0       _qmf_decomp                004c61c0 f   libspeex-i386-win32-vc8-debug:filters.obj
 0002:0005c4c0       _qmf_synth                 004c64c0 f   libspeex-i386-win32-vc8-debug:filters.obj
 0002:0005c920       _interp_pitch              004c6920 f   libspeex-i386-win32-vc8-debug:filters.obj
 0002:0005cc60       _multicomb                 004c6c60 f   libspeex-i386-win32-vc8-debug:filters.obj
 0002:0005d120       _scal_quant                004c7120 f   libspeex-i386-win32-vc8-debug:vq.obj
 0002:0005d180       _scal_quant32              004c7180 f   libspeex-i386-win32-vc8-debug:vq.obj
 0002:0005d1e0       _vq_nbest                  004c71e0 f   libspeex-i386-win32-vc8-debug:vq.obj
 0002:0005d360       _vq_nbest_sign             004c7360 f   libspeex-i386-win32-vc8-debug:vq.obj
 0002:0005d530       _lpc_to_lsp                004c7530 f   libspeex-i386-win32-vc8-debug:lsp.obj
 0002:0005dae0       _lsp_to_lpc                004c7ae0 f   libspeex-i386-win32-vc8-debug:lsp.obj
 0002:0005de70       _lsp_enforce_margin        004c7e70 f   libspeex-i386-win32-vc8-debug:lsp.obj
 0002:0005dfd0       _lsp_interpolate           004c7fd0 f   libspeex-i386-win32-vc8-debug:lsp.obj
 0002:0005e050       __spx_lpc                  004c8050 f   libspeex-i386-win32-vc8-debug:lpc.obj
 0002:0005e250       __spx_autocorr             004c8250 f   libspeex-i386-win32-vc8-debug:lpc.obj
 0002:0005e2f0       _speex_inband_handler      004c82f0 f   libspeex-i386-win32-vc8-debug:speex_callbacks.obj
 0002:0005e3e0       _speex_std_mode_request_handler 004c83e0 f   libspeex-i386-win32-vc8-debug:speex_callbacks.obj
 0002:0005e430       _speex_std_low_mode_request_handler 004c8430 f   libspeex-i386-win32-vc8-debug:speex_callbacks.obj
 0002:0005e480       _speex_std_high_mode_request_handler 004c8480 f   libspeex-i386-win32-vc8-debug:speex_callbacks.obj
 0002:0005e4d0       _speex_std_vbr_request_handler 004c84d0 f   libspeex-i386-win32-vc8-debug:speex_callbacks.obj
 0002:0005e520       _speex_std_enh_request_handler 004c8520 f   libspeex-i386-win32-vc8-debug:speex_callbacks.obj
 0002:0005e570       _speex_std_vbr_quality_request_handler 004c8570 f   libspeex-i386-win32-vc8-debug:speex_callbacks.obj
 0002:0005e5d0       _speex_std_char_handler    004c85d0 f   libspeex-i386-win32-vc8-debug:speex_callbacks.obj
 0002:0005e660       _speex_default_user_handler 004c8660 f   libspeex-i386-win32-vc8-debug:speex_callbacks.obj
 0002:0005e6b0       _srtp_stream_alloc         004c86b0 f   libsrtp-i386-win32-vc8-debug:srtp.obj
 0002:0005e970       _srtp_stream_dealloc       004c8970 f   libsrtp-i386-win32-vc8-debug:srtp.obj
 0002:0005eb20       _srtp_stream_clone         004c8b20 f   libsrtp-i386-win32-vc8-debug:srtp.obj
 0002:0005ec70       _srtp_kdf_init             004c8c70 f   libsrtp-i386-win32-vc8-debug:srtp.obj
 0002:0005eca0       _srtp_kdf_generate         004c8ca0 f   libsrtp-i386-win32-vc8-debug:srtp.obj
 0002:0005ed30       _srtp_kdf_clear            004c8d30 f   libsrtp-i386-win32-vc8-debug:srtp.obj
 0002:0005ed60       _srtp_stream_init_keys     004c8d60 f   libsrtp-i386-win32-vc8-debug:srtp.obj
 0002:0005f290       _srtp_stream_init          004c9290 f   libsrtp-i386-win32-vc8-debug:srtp.obj
 0002:0005f390       _srtp_event_reporter       004c9390 f   libsrtp-i386-win32-vc8-debug:srtp.obj
 0002:0005f460       _srtp_install_event_handler 004c9460 f   libsrtp-i386-win32-vc8-debug:srtp.obj
 0002:0005f480       _srtp_protect              004c9480 f   libsrtp-i386-win32-vc8-debug:srtp.obj
 0002:0005fc20       _srtp_unprotect            004c9c20 f   libsrtp-i386-win32-vc8-debug:srtp.obj
 0002:000603c0       _srtp_init                 004ca3c0 f   libsrtp-i386-win32-vc8-debug:srtp.obj
 0002:00060410       _srtp_deinit               004ca410 f   libsrtp-i386-win32-vc8-debug:srtp.obj
 0002:00060440       _srtp_get_stream           004ca440 f   libsrtp-i386-win32-vc8-debug:srtp.obj
 0002:00060490       _srtp_dealloc              004ca490 f   libsrtp-i386-win32-vc8-debug:srtp.obj
 0002:00060620       _srtp_add_stream           004ca620 f   libsrtp-i386-win32-vc8-debug:srtp.obj
 0002:00060780       _srtp_create               004ca780 f   libsrtp-i386-win32-vc8-debug:srtp.obj
 0002:00060840       _srtp_remove_stream        004ca840 f   libsrtp-i386-win32-vc8-debug:srtp.obj
 0002:000608f0       _crypto_policy_set_rtp_default 004ca8f0 f   libsrtp-i386-win32-vc8-debug:srtp.obj
 0002:00060950       _crypto_policy_set_rtcp_default 004ca950 f   libsrtp-i386-win32-vc8-debug:srtp.obj
 0002:000609b0       _crypto_policy_set_aes_cm_128_hmac_sha1_32 004ca9b0 f   libsrtp-i386-win32-vc8-debug:srtp.obj
 0002:00060a10       _crypto_policy_set_aes_cm_128_null_auth 004caa10 f   libsrtp-i386-win32-vc8-debug:srtp.obj
 0002:00060a70       _crypto_policy_set_null_cipher_hmac_sha1_80 004caa70 f   libsrtp-i386-win32-vc8-debug:srtp.obj
 0002:00060ad0       _srtp_protect_rtcp         004caad0 f   libsrtp-i386-win32-vc8-debug:srtp.obj
 0002:00060fd0       _srtp_unprotect_rtcp       004cafd0 f   libsrtp-i386-win32-vc8-debug:srtp.obj
 0002:00061570       _crypto_policy_set_from_profile_for_rtp 004cb570 f   libsrtp-i386-win32-vc8-debug:srtp.obj
 0002:000615f0       _crypto_policy_set_from_profile_for_rtcp 004cb5f0 f   libsrtp-i386-win32-vc8-debug:srtp.obj
 0002:00061670       _append_salt_to_key        004cb670 f   libsrtp-i386-win32-vc8-debug:srtp.obj
 0002:000616a0       _srtp_profile_get_master_key_length 004cb6a0 f   libsrtp-i386-win32-vc8-debug:srtp.obj
 0002:00061700       _srtp_profile_get_master_salt_length 004cb700 f   libsrtp-i386-win32-vc8-debug:srtp.obj
 0002:00061760       _octet_get_weight          004cb760 f   libsrtp-i386-win32-vc8-debug:datatypes.obj
 0002:00061790       _nibble_to_hex_char        004cb790 f   libsrtp-i386-win32-vc8-debug:datatypes.obj
 0002:00061820       _octet_string_hex_string   004cb820 f   libsrtp-i386-win32-vc8-debug:datatypes.obj
 0002:000618f0       _is_hex_string             004cb8f0 f   libsrtp-i386-win32-vc8-debug:datatypes.obj
 0002:00061950       _hex_char_to_nibble        004cb950 f i libsrtp-i386-win32-vc8-debug:datatypes.obj
 0002:00061b30       _hex_string_to_octet_string 004cbb30 f   libsrtp-i386-win32-vc8-debug:datatypes.obj
 0002:00061c10       _v128_hex_string           004cbc10 f   libsrtp-i386-win32-vc8-debug:datatypes.obj
 0002:00061cc0       _v128_bit_string           004cbcc0 f   libsrtp-i386-win32-vc8-debug:datatypes.obj
 0002:00061d70       _v128_copy_octet_string    004cbd70 f   libsrtp-i386-win32-vc8-debug:datatypes.obj
 0002:00061e80       _v128_right_shift          004cbe80 f   libsrtp-i386-win32-vc8-debug:datatypes.obj
 0002:00062010       _v128_left_shift           004cc010 f   libsrtp-i386-win32-vc8-debug:datatypes.obj
 0002:00062190       _octet_string_is_eq        004cc190 f   libsrtp-i386-win32-vc8-debug:datatypes.obj
 0002:00062200       _octet_string_set_to_zero  004cc200 f   libsrtp-i386-win32-vc8-debug:datatypes.obj
 0002:00062240       _base64_char_to_sextet     004cc240 f   libsrtp-i386-win32-vc8-debug:datatypes.obj
 0002:00062700       _base64_string_to_octet_string 004cc700 f   libsrtp-i386-win32-vc8-debug:datatypes.obj
 0002:000627e0       _crypto_kernel_init        004cc7e0 f   libsrtp-i386-win32-vc8-debug:crypto_kernel.obj
 0002:00062a50       _crypto_kernel_status      004cca50 f   libsrtp-i386-win32-vc8-debug:crypto_kernel.obj
 0002:00062cd0       _crypto_kernel_list_debug_modules 004cccd0 f   libsrtp-i386-win32-vc8-debug:crypto_kernel.obj
 0002:00062d70       _crypto_kernel_shutdown    004ccd70 f   libsrtp-i386-win32-vc8-debug:crypto_kernel.obj
 0002:00062ee0       _crypto_kernel_load_cipher_type 004ccee0 f   libsrtp-i386-win32-vc8-debug:crypto_kernel.obj
 0002:00062fe0       _crypto_kernel_load_auth_type 004ccfe0 f   libsrtp-i386-win32-vc8-debug:crypto_kernel.obj
 0002:000630e0       _crypto_kernel_get_cipher_type 004cd0e0 f   libsrtp-i386-win32-vc8-debug:crypto_kernel.obj
 0002:00063130       _crypto_kernel_alloc_cipher 004cd130 f   libsrtp-i386-win32-vc8-debug:crypto_kernel.obj
 0002:000631a0       _crypto_kernel_get_auth_type 004cd1a0 f   libsrtp-i386-win32-vc8-debug:crypto_kernel.obj
 0002:000631f0       _crypto_kernel_alloc_auth  004cd1f0 f   libsrtp-i386-win32-vc8-debug:crypto_kernel.obj
 0002:00063260       _crypto_kernel_load_debug_module 004cd260 f   libsrtp-i386-win32-vc8-debug:crypto_kernel.obj
 0002:00063320       _crypto_kernel_set_debug_module 004cd320 f   libsrtp-i386-win32-vc8-debug:crypto_kernel.obj
 0002:00063390       _crypto_get_random         004cd390 f   libsrtp-i386-win32-vc8-debug:crypto_kernel.obj
 0002:000633d0       _crypto_alloc              004cd3d0 f   libsrtp-i386-win32-vc8-debug:alloc.obj
 0002:00063460       _crypto_free               004cd460 f   libsrtp-i386-win32-vc8-debug:alloc.obj
 0002:000634b0       _rdb_init                  004cd4b0 f   libsrtp-i386-win32-vc8-debug:rdb.obj
 0002:00063510       _rdb_check                 004cd510 f   libsrtp-i386-win32-vc8-debug:rdb.obj
 0002:00063590       _rdb_add_index             004cd590 f   libsrtp-i386-win32-vc8-debug:rdb.obj
 0002:00063670       _rdb_increment             004cd670 f   libsrtp-i386-win32-vc8-debug:rdb.obj
 0002:000636b0       _rdb_get_value             004cd6b0 f   libsrtp-i386-win32-vc8-debug:rdb.obj
 0002:000636d0       _index_init                004cd6d0 f   libsrtp-i386-win32-vc8-debug:rdbx.obj
 0002:00063700       _index_advance             004cd700 f   libsrtp-i386-win32-vc8-debug:rdbx.obj
 0002:00063730       _index_guess               004cd730 f   libsrtp-i386-win32-vc8-debug:rdbx.obj
 0002:00063880       _rdbx_init                 004cd880 f   libsrtp-i386-win32-vc8-debug:rdbx.obj
 0002:000638e0       _rdbx_check                004cd8e0 f   libsrtp-i386-win32-vc8-debug:rdbx.obj
 0002:00063950       _rdbx_add_index            004cd950 f   libsrtp-i386-win32-vc8-debug:rdbx.obj
 0002:000639f0       _rdbx_estimate_index       004cd9f0 f   libsrtp-i386-win32-vc8-debug:rdbx.obj
 0002:00063a60       _key_limit_set             004cda60 f   libsrtp-i386-win32-vc8-debug:key.obj
 0002:00063ac0       _key_limit_clone           004cdac0 f   libsrtp-i386-win32-vc8-debug:key.obj
 0002:00063af0       _key_limit_check           004cdaf0 f   libsrtp-i386-win32-vc8-debug:key.obj
 0002:00063b20       _key_limit_update          004cdb20 f   libsrtp-i386-win32-vc8-debug:key.obj
 0002:00063bd0       _err_reporting_init        004cdbd0 f   libsrtp-i386-win32-vc8-debug:srtp_err.obj
 0002:00063bf0       _err_report                004cdbf0 f   libsrtp-i386-win32-vc8-debug:srtp_err.obj
 0002:00063c50       _err_reporting_set_level   004cdc50 f   libsrtp-i386-win32-vc8-debug:srtp_err.obj
 0002:00063c70       _aes_icm_alloc_ismacryp    004cdc70 f   libsrtp-i386-win32-vc8-debug:aes_icm.obj
 0002:00063d40       _aes_icm_alloc             004cdd40 f   libsrtp-i386-win32-vc8-debug:aes_icm.obj
 0002:00063d70       _aes_icm_dealloc           004cdd70 f   libsrtp-i386-win32-vc8-debug:aes_icm.obj
 0002:00063dc0       _aes_icm_context_init      004cddc0 f   libsrtp-i386-win32-vc8-debug:aes_icm.obj
 0002:00063f00       _aes_icm_set_octet         004cdf00 f   libsrtp-i386-win32-vc8-debug:aes_icm.obj
 0002:000640d0       _aes_icm_set_iv            004ce0d0 f   libsrtp-i386-win32-vc8-debug:aes_icm.obj
 0002:000641d0       _aes_icm_encrypt_ismacryp  004ce1d0 f   libsrtp-i386-win32-vc8-debug:aes_icm.obj
 0002:00064740       _aes_icm_advance_ismacryp  004ce740 f i libsrtp-i386-win32-vc8-debug:aes_icm.obj
 0002:000648a0       _aes_icm_encrypt           004ce8a0 f   libsrtp-i386-win32-vc8-debug:aes_icm.obj
 0002:000648d0       _aes_icm_output            004ce8d0 f   libsrtp-i386-win32-vc8-debug:aes_icm.obj
 0002:00064920       _auth_get_key_length       004ce920 f   libsrtp-i386-win32-vc8-debug:auth.obj
 0002:00064940       _auth_get_tag_length       004ce940 f   libsrtp-i386-win32-vc8-debug:auth.obj
 0002:00064960       _auth_get_prefix_length    004ce960 f   libsrtp-i386-win32-vc8-debug:auth.obj
 0002:00064980       _auth_type_get_ref_count   004ce980 f   libsrtp-i386-win32-vc8-debug:auth.obj
 0002:000649a0       _auth_type_self_test       004ce9a0 f   libsrtp-i386-win32-vc8-debug:auth.obj
 0002:00064d80       _cipher_output             004ced80 f   libsrtp-i386-win32-vc8-debug:cipher.obj
 0002:00064dd0       _cipher_get_key_length     004cedd0 f   libsrtp-i386-win32-vc8-debug:cipher.obj
 0002:00064df0       _cipher_type_self_test     004cedf0 f   libsrtp-i386-win32-vc8-debug:cipher.obj
 0002:00065d10       _cipher_bits_per_second    004cfd10 f   libsrtp-i386-win32-vc8-debug:cipher.obj
 0002:00065ea0       _hmac_alloc                004cfea0 f   libsrtp-i386-win32-vc8-debug:hmac.obj
 0002:00065fc0       _hmac_dealloc              004cffc0 f   libsrtp-i386-win32-vc8-debug:hmac.obj
 0002:00066010       _hmac_init                 004d0010 f   libsrtp-i386-win32-vc8-debug:hmac.obj
 0002:00066170       _hmac_start                004d0170 f   libsrtp-i386-win32-vc8-debug:hmac.obj
 0002:000661b0       _hmac_update               004d01b0 f   libsrtp-i386-win32-vc8-debug:hmac.obj
[...]
 0004:0000aa90       ___mbulinfo                00585a90     LIBCMTD:mbctype.obj
 0004:0000aa9c       ___mbcodepage              00585a9c     LIBCMTD:mbctype.obj
 0004:0000aaa0       ___ismbcodepage            00585aa0     LIBCMTD:mbctype.obj
 0004:0000aaa4       ___mblcid                  00585aa4     LIBCMTD:mbctype.obj
 0004:0000ac60       ?__pInconsistency@@3P6AXXZA 00585c60     LIBCMTD:hooks.obj
 0004:0000ac88       ___pPurecall               00585c88     LIBCMTD:inithelp.obj
 0004:0000ac94       ?_pnhHeap@@3P6AHI@ZA       00585c94     LIBCMTD:handler.obj
 0004:0000adf0       __crtheap                  00585df0     LIBCMTD:heapinit.obj
 0004:0000adf4       ___locale_changed          00585df4     LIBCMTD:setlocal.obj
 0004:0000adf8       ___lc_handle               00585df8     LIBCMTD:nlsdata2.obj
 0004:0000ae10       ___lc_codepage             00585e10     LIBCMTD:nlsdata2.obj
 0004:0000ae14       ___lc_collate_cp           00585e14     LIBCMTD:nlsdata2.obj
 0004:0000ae20       __newmode                  00585e20     LIBCMTD:_newmode.obj
 0004:0000ae24       ___sbh_pHeaderDefer        00585e24     LIBCMTD:sbheap.obj
 0004:0000ae54       __outputformat             00585e54     LIBCMTD:outputformat.obj
 0004:0000ae58       ___lconv_static_null       00585e58     LIBCMTD:lconv.obj
 0004:0000ae5c       ?wsprintffp@@3P6AHPADPBDZZA 00585e5c     LIBCMTD:error.obj
 0004:0000af78       ?pArgList@UnDecorator@@0PAVReplicator@@A 00585f78     LIBCMTD:undname.obj
 0004:0000af7c       ?pZNameList@UnDecorator@@0PAVReplicator@@A 00585f7c     LIBCMTD:undname.obj
 0004:0000af80       ?pTemplateArgList@UnDecorator@@0PAVReplicator@@A 00585f80     LIBCMTD:undname.obj
 0004:0000af84       ?gName@UnDecorator@@0PBDB  00585f84     LIBCMTD:undname.obj
 0004:0000af88       ?name@UnDecorator@@0PBDB   00585f88     LIBCMTD:undname.obj
 0004:0000af8c       ?outputString@UnDecorator@@0PADA 00585f8c     LIBCMTD:undname.obj
 0004:0000af90       ?maxStringLength@UnDecorator@@0HA 00585f90     LIBCMTD:undname.obj
 0004:0000af94       ?disableFlags@UnDecorator@@0KA 00585f94     LIBCMTD:undname.obj
 0004:0000af98       ?m_pGetParameter@UnDecorator@@0P6APADJ@ZA 00585f98     LIBCMTD:undname.obj
 0004:0000af9c       ?fExplicitTemplateParams@UnDecorator@@0_NA 00585f9c     LIBCMTD:undname.obj
 0004:0000af9d       ?fGetTemplateArgumentList@UnDecorator@@0_NA 00585f9d     LIBCMTD:undname.obj
 0004:0000b600       _stack_based_factory       00586600     <common>
 0004:0000b634       _PJ_NO_MEMORY_EXCEPTION    00586634     <common>
 0004:0000b640       _ctr_prng                  00586640     <common>
 0004:0000b780       _bit_string                00586780     <common>
 0004:0000bc54       __pfnReportHook            00586c54     <common>
 0004:0000bc64       __pReportHookListW         00586c64     <common>
 0004:0000bc68       __pReportHookList          00586c68     <common>
 0004:0000bc6c       __pmatherr                 00586c6c     <common>
 0004:0000bc78       ___sbh_initialized         00586c78     <common>
 0004:0000bc8c       ___sbh_cntHeaderList       00586c8c     <common>
 0004:0000bc90       ___sbh_pHeaderList         00586c90     <common>
 0004:0000bc94       ___sbh_threshold           00586c94     <common>
 0004:0000bc98       ___sbh_pHeaderScan         00586c98     <common>
 0004:0000bc9c       ___sbh_sizeHeaderList      00586c9c     <common>
 0004:0000bca0       ___sbh_indGroupDefer       00586ca0     <common>
 0004:0000bca4       __debugger_hook_dummy      00586ca4     <common>
 0004:0000bcb0       ___setlc_active            00586cb0     <common>
 0004:0000bcc0       ___unguarded_readlc_active 00586cc0     <common>
 0004:0000bcc4       ___active_heap             00586cc4     <common>
 0004:0000bcd0       ___use_sse2_mathfcns       00586cd0     <common>
 0004:0000bce0       ___sse2_available          00586ce0     <common>
 0004:0000bce4       __nhandle                  00586ce4     <common>
 0004:0000bd40       ___pioinfo                 00586d40     <common>
 0004:0000be40       ___piob                    00586e40     <common>
 0004:0000c180       __bufin                    00587180     <common>
 0004:0000d180       __nstream                  00588180     <common>
 0004:0000d184       __setjmpexused             00588184     <common>
 0004:0000d190       __acmdln                   00588190     <common>
 0004:0000d19c       ___env_initialized         0058819c     <common>
 0004:0000d1b0       ___onexitend               005881b0     <common>
 0004:0000d1b4       ___onexitbegin             005881b4     <common>
 0004:0000d1b8       ___mbctype_initialized     005881b8     <common>
 0004:0000d1bc       ___dyn_tls_init_callback   005881bc     <common>
 0005:00000000       __IMPORT_DESCRIPTOR_ole32  00589000     ole32:ole32.dll
 0005:00000014       __IMPORT_DESCRIPTOR_WS2_32 00589014     ws2_32:WS2_32.dll
 0005:00000028       __IMPORT_DESCRIPTOR_KERNEL32 00589028     kernel32:KERNEL32.dll
 0005:0000003c       __IMPORT_DESCRIPTOR_WINMM  0058903c     winmm:WINMM.dll
 0005:00000050       __NULL_IMPORT_DESCRIPTOR   00589050     ole32:ole32.dll
 0005:0000044c       __imp__GetCommandLineA@0   0058944c     kernel32:KERNEL32.dll
 0005:00000450       __imp__GetUserDefaultLCID@0 00589450     kernel32:KERNEL32.dll
 0005:00000454       __imp__EnumSystemLocalesA@8 00589454     kernel32:KERNEL32.dll
 0005:00000458       __imp__IsValidLocale@8     00589458     kernel32:KERNEL32.dll
 0005:0000045c       __imp__GetDateFormatA@24   0058945c     kernel32:KERNEL32.dll
 0005:00000460       __imp__GetTimeFormatA@24   00589460     kernel32:KERNEL32.dll
 0005:00000464       __imp__GetLocaleInfoW@16   00589464     kernel32:KERNEL32.dll
 0005:00000468       __imp__GetLocaleInfoA@16   00589468     kernel32:KERNEL32.dll
 0005:0000046c       __imp__GetStringTypeW@16   0058946c     kernel32:KERNEL32.dll
 0005:00000470       __imp__GetStringTypeA@20   00589470     kernel32:KERNEL32.dll
 0005:00000474       __imp__LCMapStringW@24     00589474     kernel32:KERNEL32.dll
 0005:00000478       __imp__LCMapStringA@24     00589478     kernel32:KERNEL32.dll
 0005:0000047c       __imp__MultiByteToWideChar@24 0058947c     kernel32:KERNEL32.dll
 0005:00000480       __imp__OutputDebugStringW@4 00589480     kernel32:KERNEL32.dll
 0005:00000484       __imp__OutputDebugStringA@4 00589484     kernel32:KERNEL32.dll
 0005:00000488       __imp__DebugBreak@0        00589488     kernel32:KERNEL32.dll
 0005:0000048c       __imp__GetConsoleMode@8    0058948c     kernel32:KERNEL32.dll
 0005:00000490       __imp__GetConsoleCP@0      00589490     kernel32:KERNEL32.dll
 0005:00000494       __imp__RaiseException@16   00589494     kernel32:KERNEL32.dll
 0005:00000498       __imp__VirtualAlloc@16     00589498     kernel32:KERNEL32.dll
 0005:0000049c       __imp__HeapReAlloc@16      0058949c     kernel32:KERNEL32.dll
 0005:000004a0       __imp__VirtualFree@12      005894a0     kernel32:KERNEL32.dll
 0005:000004a4       __imp__HeapCreate@12       005894a4     kernel32:KERNEL32.dll
 0005:000004a8       __imp__HeapDestroy@4       005894a8     kernel32:KERNEL32.dll
 0005:000004ac       __imp__GetEnvironmentStringsW@0 005894ac     kernel32:KERNEL32.dll
 0005:000004b0       __imp__WaitForMultipleObjects@16 005894b0     kernel32:KERNEL32.dll
 0005:000004b4       __imp__SetEnvironmentVariableA@8 005894b4     kernel32:KERNEL32.dll
 0005:000004b8       __imp__CompareStringW@24   005894b8     kernel32:KERNEL32.dll
 0005:000004bc       __imp__CompareStringA@24   005894bc     kernel32:KERNEL32.dll
 0005:000004c0       __imp__VirtualQuery@12     005894c0     kernel32:KERNEL32.dll
 0005:000004c4       __imp__GetTimeZoneInformation@4 005894c4     kernel32:KERNEL32.dll
 0005:000004c8       __imp__GetConsoleOutputCP@0 005894c8     kernel32:KERNEL32.dll
 0005:000004cc       __imp__WriteConsoleA@20    005894cc     kernel32:KERNEL32.dll
 0005:000004d0       __imp__SetStdHandle@8      005894d0     kernel32:KERNEL32.dll
 0005:000004d4       __imp__GetCurrentProcessId@0 005894d4     kernel32:KERNEL32.dll
 0005:000004d8       __imp__GetThreadPriority@4 005894d8     kernel32:KERNEL32.dll
 0005:000004dc       __imp__GetLastError@0      005894dc     kernel32:KERNEL32.dll
 0005:000004e0       __imp__SetThreadPriority@8 005894e0     kernel32:KERNEL32.dll
 0005:000004e4       __imp__GetCurrentThreadId@0 005894e4     kernel32:KERNEL32.dll
 0005:000004e8       __imp__GetCurrentThread@0  005894e8     kernel32:KERNEL32.dll
 0005:000004ec       __imp__CreateThread@24     005894ec     kernel32:KERNEL32.dll
 0005:000004f0       __imp__ResumeThread@4      005894f0     kernel32:KERNEL32.dll
 0005:000004f4       __imp__WaitForSingleObject@8 005894f4     kernel32:KERNEL32.dll
 0005:000004f8       __imp__CloseHandle@4       005894f8     kernel32:KERNEL32.dll
 0005:000004fc       __imp__Sleep@4             005894fc     kernel32:KERNEL32.dll
 0005:00000500       __imp__InterlockedExchange@8 00589500     kernel32:KERNEL32.dll
 0005:00000504       __imp__InterlockedIncrement@4 00589504     kernel32:KERNEL32.dll
 0005:00000508       __imp__InterlockedDecrement@4 00589508     kernel32:KERNEL32.dll
 0005:0000050c       __imp__InterlockedExchangeAdd@8 0058950c     kernel32:KERNEL32.dll
 0005:00000510       __imp__TlsAlloc@0          00589510     kernel32:KERNEL32.dll
 0005:00000514       __imp__TlsFree@4           00589514     kernel32:KERNEL32.dll
 0005:00000518       __imp__TlsSetValue@8       00589518     kernel32:KERNEL32.dll
 0005:0000051c       __imp__TlsGetValue@4       0058951c     kernel32:KERNEL32.dll
 0005:00000520       __imp__InitializeCriticalSection@4 00589520     kernel32:KERNEL32.dll
 0005:00000524       __imp__EnterCriticalSection@4 00589524     kernel32:KERNEL32.dll
 0005:00000528       __imp__LeaveCriticalSection@4 00589528     kernel32:KERNEL32.dll
 0005:0000052c       __imp__TryEnterCriticalSection@4 0058952c     kernel32:KERNEL32.dll
 0005:00000530       __imp__DeleteCriticalSection@4 00589530     kernel32:KERNEL32.dll
 0005:00000534       __imp__CreateSemaphoreA@16 00589534     kernel32:KERNEL32.dll
 0005:00000538       __imp__ReleaseSemaphore@12 00589538     kernel32:KERNEL32.dll
 0005:0000053c       __imp__CreateEventA@16     0058953c     kernel32:KERNEL32.dll
 0005:00000540       __imp__SetEvent@4          00589540     kernel32:KERNEL32.dll
 0005:00000544       __imp__PulseEvent@4        00589544     kernel32:KERNEL32.dll
 0005:00000548       __imp__ResetEvent@4        00589548     kernel32:KERNEL32.dll
 0005:0000054c       __imp__SetConsoleTextAttribute@8 0058954c     kernel32:KERNEL32.dll
 0005:00000550       __imp__GetStdHandle@4      00589550     kernel32:KERNEL32.dll
 0005:00000554       __imp__GetConsoleScreenBufferInfo@8 00589554     kernel32:KERNEL32.dll
 0005:00000558       __imp__SystemTimeToFileTime@8 00589558     kernel32:KERNEL32.dll
 0005:0000055c       __imp__GetLocalTime@4      0058955c     kernel32:KERNEL32.dll
 0005:00000560       __imp__FileTimeToSystemTime@8 00589560     kernel32:KERNEL32.dll
 0005:00000564       __imp__CreateFileA@28      00589564     kernel32:KERNEL32.dll
 0005:00000568       __imp__WriteFile@20        00589568     kernel32:KERNEL32.dll
 0005:0000056c       __imp__ReadFile@20         0058956c     kernel32:KERNEL32.dll
 0005:00000570       __imp__SetFilePointer@16   00589570     kernel32:KERNEL32.dll
 0005:00000574       __imp__FlushFileBuffers@4  00589574     kernel32:KERNEL32.dll
 0005:00000578       __imp__QueryPerformanceCounter@4 00589578     kernel32:KERNEL32.dll
 0005:0000057c       __imp__QueryPerformanceFrequency@4 0058957c     kernel32:KERNEL32.dll
 0005:00000580       __imp__SetLastError@4      00589580     kernel32:KERNEL32.dll
 0005:00000584       __imp__FormatMessageA@28   00589584     kernel32:KERNEL32.dll
 0005:00000588       __imp__GetProcAddress@8    00589588     kernel32:KERNEL32.dll
 0005:0000058c       __imp__LoadLibraryA@4      0058958c     kernel32:KERNEL32.dll
 0005:00000590       __imp__FreeLibrary@4       00589590     kernel32:KERNEL32.dll
 0005:00000594       __imp__GetModuleHandleA@4  00589594     kernel32:KERNEL32.dll
 0005:00000598       __imp__ExitProcess@4       00589598     kernel32:KERNEL32.dll
 0005:0000059c       __imp__GetModuleFileNameW@12 0058959c     kernel32:KERNEL32.dll
 0005:000005a0       __imp__WriteConsoleW@20    005895a0     kernel32:KERNEL32.dll
 0005:000005a4       __imp__GetFileType@4       005895a4     kernel32:KERNEL32.dll
 0005:000005a8       __imp__FreeEnvironmentStringsW@4 005895a8     kernel32:KERNEL32.dll
 0005:000005ac       __imp__HeapFree@12         005895ac     kernel32:KERNEL32.dll
 0005:000005b0       __imp__GetVersionExA@4     005895b0     kernel32:KERNEL32.dll
 0005:000005b4       __imp__HeapAlloc@12        005895b4     kernel32:KERNEL32.dll
 0005:000005b8       __imp__GetProcessHeap@0    005895b8     kernel32:KERNEL32.dll
 0005:000005bc       __imp__RtlUnwind@16        005895bc     kernel32:KERNEL32.dll
 0005:000005c0       __imp__HeapValidate@12     005895c0     kernel32:KERNEL32.dll
 0005:000005c4       __imp__IsBadReadPtr@8      005895c4     kernel32:KERNEL32.dll
 0005:000005c8       __imp__GetSystemTimeAsFileTime@4 005895c8     kernel32:KERNEL32.dll
 0005:000005cc       __imp__SetHandleCount@4    005895cc     kernel32:KERNEL32.dll
 0005:000005d0       __imp__GetStartupInfoA@4   005895d0     kernel32:KERNEL32.dll
 0005:000005d4       __imp__TerminateProcess@8  005895d4     kernel32:KERNEL32.dll
 0005:000005d8       __imp__GetCurrentProcess@0 005895d8     kernel32:KERNEL32.dll
 0005:000005dc       __imp__UnhandledExceptionFilter@4 005895dc     kernel32:KERNEL32.dll
 0005:000005e0       __imp__SetUnhandledExceptionFilter@4 005895e0     kernel32:KERNEL32.dll
 0005:000005e4       __imp__IsDebuggerPresent@0 005895e4     kernel32:KERNEL32.dll
 0005:000005e8       __imp__GetModuleFileNameA@12 005895e8     kernel32:KERNEL32.dll
 0005:000005ec       __imp__GetACP@0            005895ec     kernel32:KERNEL32.dll
 0005:000005f0       __imp__GetOEMCP@0          005895f0     kernel32:KERNEL32.dll
 0005:000005f4       __imp__GetCPInfo@8         005895f4     kernel32:KERNEL32.dll
 0005:000005f8       __imp__IsValidCodePage@4   005895f8     kernel32:KERNEL32.dll
 0005:000005fc       __imp__FatalAppExitA@8     005895fc     kernel32:KERNEL32.dll
 0005:00000600       __imp__SetConsoleCtrlHandler@8 00589600     kernel32:KERNEL32.dll
 0005:00000604       __imp__LoadLibraryW@4      00589604     kernel32:KERNEL32.dll
 0005:00000608       __imp__WideCharToMultiByte@32 00589608     kernel32:KERNEL32.dll
 0005:0000060c       __imp__GetTickCount@0      0058960c     kernel32:KERNEL32.dll
 0005:00000610       __imp__FreeEnvironmentStringsA@4 00589610     kernel32:KERNEL32.dll
 0005:00000614       __imp__GetEnvironmentStrings@0 00589614     kernel32:KERNEL32.dll
 0005:00000618       __imp__lstrlenA@4          00589618     kernel32:KERNEL32.dll
 0005:0000061c       \177KERNEL32_NULL_THUNK_DATA 0058961c     kernel32:KERNEL32.dll
 0005:000006a4       __imp__waveOutGetDevCapsA@12 005896a4     winmm:WINMM.dll
 0005:000006a8       __imp__waveInGetDevCapsA@12 005896a8     winmm:WINMM.dll
 0005:000006ac       __imp__waveOutGetNumDevs@0 005896ac     winmm:WINMM.dll
 0005:000006b0       __imp__waveInGetNumDevs@0  005896b0     winmm:WINMM.dll
 0005:000006b4       __imp__waveOutWrite@12     005896b4     winmm:WINMM.dll
 0005:000006b8       __imp__waveOutPrepareHeader@12 005896b8     winmm:WINMM.dll
 0005:000006bc       __imp__waveOutPause@4      005896bc     winmm:WINMM.dll
 0005:000006c0       __imp__waveOutOpen@24      005896c0     winmm:WINMM.dll
 0005:000006c4       __imp__waveInAddBuffer@12  005896c4     winmm:WINMM.dll
 0005:000006c8       __imp__waveInPrepareHeader@12 005896c8     winmm:WINMM.dll
 0005:000006cc       __imp__waveInOpen@24       005896cc     winmm:WINMM.dll
 0005:000006d0       __imp__waveOutGetVolume@8  005896d0     winmm:WINMM.dll
 0005:000006d4       __imp__waveOutSetVolume@8  005896d4     winmm:WINMM.dll
 0005:000006d8       __imp__waveInStart@4       005896d8     winmm:WINMM.dll
 0005:000006dc       __imp__waveOutRestart@4    005896dc     winmm:WINMM.dll
 0005:000006e0       __imp__waveInStop@4        005896e0     winmm:WINMM.dll
 0005:000006e4       __imp__waveInClose@4       005896e4     winmm:WINMM.dll
 0005:000006e8       __imp__waveInUnprepareHeader@12 005896e8     winmm:WINMM.dll
 0005:000006ec       __imp__waveInReset@4       005896ec     winmm:WINMM.dll
 0005:000006f0       __imp__waveOutClose@4      005896f0     winmm:WINMM.dll
 0005:000006f4       __imp__waveOutUnprepareHeader@12 005896f4     winmm:WINMM.dll
 0005:000006f8       __imp__waveOutReset@4      005896f8     winmm:WINMM.dll
 0005:000006fc       __imp__waveOutGetErrorTextA@12 005896fc     winmm:WINMM.dll
 0005:00000700       __imp__waveInGetErrorTextA@12 00589700     winmm:WINMM.dll
 0005:00000704       \177WINMM_NULL_THUNK_DATA  00589704     winmm:WINMM.dll
 0005:00000740       __imp__select@20           00589740     ws2_32:WS2_32.dll
 0005:00000744       __imp____WSAFDIsSet@8      00589744     ws2_32:WS2_32.dll
 0005:00000748       __imp__gethostbyname@4     00589748     ws2_32:WS2_32.dll
 0005:0000074c       __imp__WSASetLastError@4   0058974c     ws2_32:WS2_32.dll
 0005:00000750       __imp__ioctlsocket@12      00589750     ws2_32:WS2_32.dll
 0005:00000754       __imp__accept@12           00589754     ws2_32:WS2_32.dll
 0005:00000758       __imp__listen@8            00589758     ws2_32:WS2_32.dll
 0005:0000075c       __imp__shutdown@8          0058975c     ws2_32:WS2_32.dll
 0005:00000760       __imp__connect@12          00589760     ws2_32:WS2_32.dll
 0005:00000764       __imp__setsockopt@20       00589764     ws2_32:WS2_32.dll
 0005:00000768       __imp__getsockopt@20       00589768     ws2_32:WS2_32.dll
 0005:0000076c       __imp__recvfrom@24         0058976c     ws2_32:WS2_32.dll
 0005:00000770       __imp__recv@16             00589770     ws2_32:WS2_32.dll
 0005:00000774       __imp__sendto@24           00589774     ws2_32:WS2_32.dll
 0005:00000778       __imp__send@16             00589778     ws2_32:WS2_32.dll
 0005:0000077c       __imp__getsockname@12      0058977c     ws2_32:WS2_32.dll
 0005:00000780       __imp__getpeername@12      00589780     ws2_32:WS2_32.dll
 0005:00000784       __imp__closesocket@4       00589784     ws2_32:WS2_32.dll
 0005:00000788       __imp__bind@12             00589788     ws2_32:WS2_32.dll
 0005:0000078c       __imp__WSASocketA@24       0058978c     ws2_32:WS2_32.dll
 0005:00000790       __imp__gethostname@8       00589790     ws2_32:WS2_32.dll
 0005:00000794       __imp__WSAAddressToStringA@20 00589794     ws2_32:WS2_32.dll
 0005:00000798       __imp__WSAStringToAddressA@20 00589798     ws2_32:WS2_32.dll
 0005:0000079c       __imp__inet_addr@4         0058979c     ws2_32:WS2_32.dll
 0005:000007a0       __imp__inet_ntoa@4         005897a0     ws2_32:WS2_32.dll
 0005:000007a4       __imp__htonl@4             005897a4     ws2_32:WS2_32.dll
 0005:000007a8       __imp__ntohl@4             005897a8     ws2_32:WS2_32.dll
 0005:000007ac       __imp__htons@4             005897ac     ws2_32:WS2_32.dll
 0005:000007b0       __imp__ntohs@4             005897b0     ws2_32:WS2_32.dll
 0005:000007b4       __imp__WSACleanup@0        005897b4     ws2_32:WS2_32.dll
 0005:000007b8       __imp__WSAStartup@8        005897b8     ws2_32:WS2_32.dll
 0005:000007bc       __imp__WSAGetLastError@0   005897bc     ws2_32:WS2_32.dll
 0005:000007c0       \177WS2_32_NULL_THUNK_DATA 005897c0     ws2_32:WS2_32.dll
 0005:00000804       __imp__CoCreateGuid@4      00589804     ole32:ole32.dll
 0005:00000808       \177ole32_NULL_THUNK_DATA  00589808     ole32:ole32.dll

 entry point at        0002:00000bfe

