 playsine

 Timestamp is 4c52aca4 (Fri Jul 30 16:12:44 2010)

 Preferred load address is 00400000

 Start         Length     Name                   Class
 0001:00000000 00055d68H .textbss                DATA
 0002:00000000 000b0c04H .text                   CODE
 0002:000b0c10 0000111bH .text$x                 CODE
 0003:00000000 00000104H .CRT$XCA                DATA
 0003:00000104 00000104H .CRT$XCZ                DATA
 0003:00000208 00000104H .CRT$XIA                DATA
 0003:0000030c 0000011cH .CRT$XIC                DATA
 0003:00000428 00000104H .CRT$XIY                DATA
 0003:0000052c 00000104H .CRT$XIZ                DATA
 0003:00000630 00000104H .CRT$XPA                DATA
 0003:00000734 00000109H .CRT$XPX                DATA
 0003:00000840 00000104H .CRT$XPXA               DATA
 0003:00000944 00000104H .CRT$XPZ                DATA
 0003:00000a48 00000104H .CRT$XTA                DATA
 0003:00000b4c 00000104H .CRT$XTZ                DATA
 0003:00000c50 0002e949H .rdata                  DATA
 0003:0002f59c 0000017cH .rdata$debug            DATA
 0003:0002f718 00000504H .rdata$r                DATA
 0003:0002fc1c 00000104H .rtc$IAA                DATA
 0003:0002fd20 00000104H .rtc$IZZ                DATA
 0003:0002fe24 00000104H .rtc$TAA                DATA
 0003:0002ff28 00000104H .rtc$TZZ                DATA
 0003:00030030 000010fdH .xdata$x                DATA
 0003:0003112d 00000000H .edata                  DATA
 0004:00000000 0000656bH .data                   DATA
 0004:00006580 00003964H .bss                    DATA
 0005:00000000 00000050H .idata$2                DATA
 0005:00000050 00000014H .idata$3                DATA
 0005:00000064 000003e8H .idata$4                DATA
 0005:0000044c 000003e8H .idata$5                DATA
 0005:00000834 00000cc1H .idata$6                DATA

  Address         Publics by Value              Rva+Base       Lib:Object

 0000:00000000       ___safe_se_handler_count   00000000     <absolute>
 0000:00000000       ___safe_se_handler_table   00000000     <absolute>
 0000:00000000       __except_list              00000000     <absolute>
 0000:00000000       ___ImageBase               00400000     <linker-defined>
 0001:00000000       __enc$textbss$begin        00401000     <linker-defined>
 0001:00055d68       __enc$textbss$end          00456d68     <linker-defined>
 0002:00004ad0       _main                      0045bad0 f   playsine.obj
 0002:00005450       _pjmedia_endpt_create      0045c450 f   pjmedia-i386-win32-vc8-debug:endpoint.obj
 0002:000057f0       _pjmedia_endpt_get_codec_mgr 0045c7f0 f   pjmedia-i386-win32-vc8-debug:endpoint.obj
 0002:00005810       _pjmedia_endpt_destroy     0045c810 f   pjmedia-i386-win32-vc8-debug:endpoint.obj
 0002:00005980       _pjmedia_endpt_get_ioqueue 0045c980 f   pjmedia-i386-win32-vc8-debug:endpoint.obj
 0002:000059e0       _pjmedia_endpt_get_thread_count 0045c9e0 f   pjmedia-i386-win32-vc8-debug:endpoint.obj
 0002:00005a40       _pjmedia_endpt_get_thread  0045ca40 f   pjmedia-i386-win32-vc8-debug:endpoint.obj
 0002:00005b50       _pjmedia_endpt_create_pool 0045cb50 f   pjmedia-i386-win32-vc8-debug:endpoint.obj
 0002:00005bc0       _pjmedia_endpt_create_sdp  0045cbc0 f   pjmedia-i386-win32-vc8-debug:endpoint.obj
 0002:000066e0       _pjmedia_endpt_dump        0045d6e0 f   pjmedia-i386-win32-vc8-debug:endpoint.obj
 0002:00006b80       _pjmedia_port_info_init    0045db80 f   pjmedia-i386-win32-vc8-debug:port.obj
 0002:00006c90       _pjmedia_port_get_frame    0045dc90 f   pjmedia-i386-win32-vc8-debug:port.obj
 0002:00006d30       _pjmedia_port_put_frame    0045dd30 f   pjmedia-i386-win32-vc8-debug:port.obj
 0002:00006dc0       _pjmedia_port_destroy      0045ddc0 f   pjmedia-i386-win32-vc8-debug:port.obj
 0002:00006e50       _pjmedia_snd_port_create   0045de50 f   pjmedia-i386-win32-vc8-debug:sound_port.obj
 0002:00006ee0       _pjmedia_snd_port_create_rec 0045dee0 f   pjmedia-i386-win32-vc8-debug:sound_port.obj
 0002:00006f70       _pjmedia_snd_port_create_player 0045df70 f   pjmedia-i386-win32-vc8-debug:sound_port.obj
 0002:00007000       _pjmedia_snd_port_create2  0045e000 f   pjmedia-i386-win32-vc8-debug:sound_port.obj
 0002:000078c0       _pjmedia_snd_port_destroy  0045e8c0 f   pjmedia-i386-win32-vc8-debug:sound_port.obj
 0002:000079b0       _pjmedia_snd_port_get_snd_stream 0045e9b0 f   pjmedia-i386-win32-vc8-debug:sound_port.obj
 0002:00007a10       _pjmedia_snd_port_set_ec   0045ea10 f   pjmedia-i386-win32-vc8-debug:sound_port.obj
 0002:00007d70       _pjmedia_snd_port_get_ec_tail 0045ed70 f   pjmedia-i386-win32-vc8-debug:sound_port.obj
 0002:00007eb0       _pjmedia_snd_port_connect  0045eeb0 f   pjmedia-i386-win32-vc8-debug:sound_port.obj
 0002:00007f90       _pjmedia_snd_port_get_port 0045ef90 f   pjmedia-i386-win32-vc8-debug:sound_port.obj
 0002:00007ff0       _pjmedia_snd_port_disconnect 0045eff0 f   pjmedia-i386-win32-vc8-debug:sound_port.obj
 0002:00008060       _pjmedia_codec_mgr_init    0045f060 f   pjmedia-i386-win32-vc8-debug:codec.obj
 0002:000081d0       _pjmedia_codec_mgr_destroy 0045f1d0 f   pjmedia-i386-win32-vc8-debug:codec.obj
 0002:00008310       _pjmedia_codec_mgr_register_factory 0045f310 f   pjmedia-i386-win32-vc8-debug:codec.obj
 0002:000085d0       _pjmedia_codec_mgr_unregister_factory 0045f5d0 f   pjmedia-i386-win32-vc8-debug:codec.obj
 0002:000087a0       _pjmedia_codec_mgr_enum_codecs 0045f7a0 f   pjmedia-i386-win32-vc8-debug:codec.obj
 0002:00008900       _pjmedia_codec_mgr_get_codec_info 0045f900 f   pjmedia-i386-win32-vc8-debug:codec.obj
 0002:00008a20       _pjmedia_codec_info_to_id  0045fa20 f   pjmedia-i386-win32-vc8-debug:codec.obj
 0002:00008af0       _pjmedia_codec_mgr_find_codecs_by_id 0045faf0 f   pjmedia-i386-win32-vc8-debug:codec.obj
 0002:00008e60       _pjmedia_codec_mgr_set_codec_priority 0045fe60 f   pjmedia-i386-win32-vc8-debug:codec.obj
 0002:00008fb0       _pjmedia_codec_mgr_alloc_codec 0045ffb0 f   pjmedia-i386-win32-vc8-debug:codec.obj
 0002:000090f0       _pjmedia_codec_mgr_get_default_param 004600f0 f   pjmedia-i386-win32-vc8-debug:codec.obj
 0002:00009370       _pjmedia_codec_mgr_set_default_param 00460370 f   pjmedia-i386-win32-vc8-debug:codec.obj
 0002:00009760       _pjmedia_codec_mgr_dealloc_codec 00460760 f   pjmedia-i386-win32-vc8-debug:codec.obj
 0002:000097f0       _pjmedia_strerror          004607f0 f   pjmedia-i386-win32-vc8-debug:errno.obj
 0002:000099e0       _pjmedia_sdp_attr_create   004609e0 f   pjmedia-i386-win32-vc8-debug:sdp.obj
 0002:00009ab0       _pjmedia_sdp_attr_clone    00460ab0 f   pjmedia-i386-win32-vc8-debug:sdp.obj
 0002:00009b60       _pjmedia_sdp_attr_find     00460b60 f   pjmedia-i386-win32-vc8-debug:sdp.obj
 0002:00009c30       _pjmedia_sdp_attr_find2    00460c30 f   pjmedia-i386-win32-vc8-debug:sdp.obj
 0002:00009c80       _pjmedia_sdp_attr_add      00460c80 f   pjmedia-i386-win32-vc8-debug:sdp.obj
 0002:00009d60       _pjmedia_sdp_attr_remove_all 00460d60 f   pjmedia-i386-win32-vc8-debug:sdp.obj
 0002:00009e80       _pjmedia_sdp_attr_remove   00460e80 f   pjmedia-i386-win32-vc8-debug:sdp.obj
 0002:00009f80       _pjmedia_sdp_attr_get_rtpmap 00460f80 f   pjmedia-i386-win32-vc8-debug:sdp.obj
 0002:0000a3b0       _pjmedia_sdp_attr_get_fmtp 004613b0 f   pjmedia-i386-win32-vc8-debug:sdp.obj
 0002:0000a520       _pjmedia_sdp_attr_get_rtcp 00461520 f   pjmedia-i386-win32-vc8-debug:sdp.obj
 0002:0000a750       _pjmedia_sdp_attr_create_rtcp 00461750 f   pjmedia-i386-win32-vc8-debug:sdp.obj
 0002:0000a8d0       _pjmedia_sdp_attr_to_rtpmap 004618d0 f   pjmedia-i386-win32-vc8-debug:sdp.obj
 0002:0000a9c0       _pjmedia_sdp_rtpmap_to_attr 004619c0 f   pjmedia-i386-win32-vc8-debug:sdp.obj
 0002:0000ac70       _pjmedia_sdp_conn_clone    00461c70 f   pjmedia-i386-win32-vc8-debug:sdp.obj
 0002:0000ad30       _pjmedia_sdp_media_clone   00461d30 f   pjmedia-i386-win32-vc8-debug:sdp.obj
 0002:0000afc0       _pjmedia_sdp_media_find_attr 00461fc0 f   pjmedia-i386-win32-vc8-debug:sdp.obj
 0002:0000b050       _pjmedia_sdp_media_find_attr2 00462050 f   pjmedia-i386-win32-vc8-debug:sdp.obj
 0002:0000b0e0       _pjmedia_sdp_media_add_attr 004620e0 f   pjmedia-i386-win32-vc8-debug:sdp.obj
 0002:0000b120       _pjmedia_sdp_session_add_attr 00462120 f   pjmedia-i386-win32-vc8-debug:sdp.obj
 0002:0000b160       _pjmedia_sdp_media_remove_all_attr 00462160 f   pjmedia-i386-win32-vc8-debug:sdp.obj
 0002:0000b1a0       _pjmedia_sdp_media_remove_attr 004621a0 f   pjmedia-i386-win32-vc8-debug:sdp.obj
 0002:0000b200       _pjmedia_sdp_parse         00462200 f   pjmedia-i386-win32-vc8-debug:sdp.obj
 0002:0000c270       _pjmedia_sdp_print         00463270 f   pjmedia-i386-win32-vc8-debug:sdp.obj
 0002:0000cbc0       _pjmedia_sdp_session_clone 00463bc0 f   pjmedia-i386-win32-vc8-debug:sdp.obj
 0002:0000cea0       _pjmedia_sdp_validate      00463ea0 f   pjmedia-i386-win32-vc8-debug:sdp.obj
 0002:0000d290       _pjmedia_sdp_transport_cmp 00464290 f   pjmedia-i386-win32-vc8-debug:sdp.obj
 0002:0000d340       _pjmedia_sdp_media_deactivate 00464340 f   pjmedia-i386-win32-vc8-debug:sdp.obj
 0002:0000d3b0       _pjmedia_sdp_media_clone_deactivate 004643b0 f   pjmedia-i386-win32-vc8-debug:sdp.obj
 0002:0000d570       _pjmedia_echo_create       00464570 f   pjmedia-i386-win32-vc8-debug:echo_common.obj
 0002:0000d5c0       _pjmedia_echo_create2      004645c0 f   pjmedia-i386-win32-vc8-debug:echo_common.obj
 0002:0000d950       _pjmedia_echo_destroy      00464950 f   pjmedia-i386-win32-vc8-debug:echo_common.obj
 0002:0000d9c0       _pjmedia_echo_reset        004649c0 f   pjmedia-i386-win32-vc8-debug:echo_common.obj
 0002:0000da90       _pjmedia_echo_playback     00464a90 f   pjmedia-i386-win32-vc8-debug:echo_common.obj
 0002:0000dc20       _pjmedia_echo_capture      00464c20 f   pjmedia-i386-win32-vc8-debug:echo_common.obj
 0002:0000dda0       _pjmedia_echo_cancel       00464da0 f   pjmedia-i386-win32-vc8-debug:echo_common.obj
 0002:0000ddf0       _get_libsrtp_errstr        00464df0 f   pjmedia-i386-win32-vc8-debug:transport_srtp.obj
 0002:0000de50       _pjmedia_srtp_init_lib     00464e50 f   pjmedia-i386-win32-vc8-debug:transport_srtp.obj
 0002:0000df90       _pjmedia_srtp_setting_default 00464f90 f   pjmedia-i386-win32-vc8-debug:transport_srtp.obj
 0002:0000e090       _pjmedia_transport_srtp_create 00465090 f   pjmedia-i386-win32-vc8-debug:transport_srtp.obj
 0002:0000e560       _pjmedia_transport_srtp_start 00465560 f   pjmedia-i386-win32-vc8-debug:transport_srtp.obj
 0002:0000eee0       _pjmedia_transport_srtp_stop 00465ee0 f   pjmedia-i386-win32-vc8-debug:transport_srtp.obj
 0002:0000f030       _pjmedia_transport_srtp_get_member 00466030 f   pjmedia-i386-win32-vc8-debug:transport_srtp.obj
 0002:000118e0       _pjmedia_transport_srtp_decrypt_pkt 004688e0 f   pjmedia-i386-win32-vc8-debug:transport_srtp.obj
 0002:00011b00       _speex_aec_create          00468b00 f   pjmedia-i386-win32-vc8-debug:echo_speex.obj
 0002:00011d30       _speex_aec_destroy         00468d30 f   pjmedia-i386-win32-vc8-debug:echo_speex.obj
 0002:00011e00       _speex_aec_reset           00468e00 f   pjmedia-i386-win32-vc8-debug:echo_speex.obj
 0002:00011e30       _speex_aec_cancel_echo     00468e30 f   pjmedia-i386-win32-vc8-debug:echo_speex.obj
 0002:00011f90       _echo_supp_create          00468f90 f   pjmedia-i386-win32-vc8-debug:echo_suppress.obj
 0002:00012220       _echo_supp_destroy         00469220 f   pjmedia-i386-win32-vc8-debug:echo_suppress.obj
 0002:00012240       _echo_supp_reset           00469240 f   pjmedia-i386-win32-vc8-debug:echo_suppress.obj
 0002:000123d0       _echo_supp_soft_reset      004693d0 f   pjmedia-i386-win32-vc8-debug:echo_suppress.obj
 0002:000124d0       _echo_supp_cancel_echo     004694d0 f   pjmedia-i386-win32-vc8-debug:echo_suppress.obj
 0002:000136d0       _pjmedia_delay_buf_create  0046a6d0 f   pjmedia-i386-win32-vc8-debug:delaybuf.obj
 0002:000139e0       _pjmedia_delay_buf_destroy 0046a9e0 f   pjmedia-i386-win32-vc8-debug:delaybuf.obj
 0002:00013ab0       _pjmedia_delay_buf_put     0046aab0 f   pjmedia-i386-win32-vc8-debug:delaybuf.obj
 0002:00014450       _pjmedia_delay_buf_get     0046b450 f   pjmedia-i386-win32-vc8-debug:delaybuf.obj
 0002:000147d0       _pjmedia_delay_buf_reset   0046b7d0 f   pjmedia-i386-win32-vc8-debug:delaybuf.obj
 0002:000148b0       _pjmedia_silence_det_create 0046b8b0 f   pjmedia-i386-win32-vc8-debug:silencedet.obj
 0002:000149d0       _pjmedia_silence_det_set_name 0046b9d0 f   pjmedia-i386-win32-vc8-debug:silencedet.obj
 0002:00014a60       _pjmedia_silence_det_set_adaptive 0046ba60 f   pjmedia-i386-win32-vc8-debug:silencedet.obj
 0002:00014ae0       _pjmedia_silence_det_set_fixed 0046bae0 f   pjmedia-i386-win32-vc8-debug:silencedet.obj
 0002:00014b60       _pjmedia_silence_det_set_params 0046bb60 f   pjmedia-i386-win32-vc8-debug:silencedet.obj
 0002:00014c10       _pjmedia_silence_det_disable 0046bc10 f   pjmedia-i386-win32-vc8-debug:silencedet.obj
 0002:00014c80       _pjmedia_calc_avg_signal   0046bc80 f   pjmedia-i386-win32-vc8-debug:silencedet.obj
 0002:00014d20       _pjmedia_silence_det_apply 0046bd20 f   pjmedia-i386-win32-vc8-debug:silencedet.obj
 0002:000150c0       _pjmedia_silence_det_detect 0046c0c0 f   pjmedia-i386-win32-vc8-debug:silencedet.obj
 0002:00015120       _pjmedia_wsola_create      0046c120 f   pjmedia-i386-win32-vc8-debug:wsola.obj
 0002:00015750       _pjmedia_wsola_destroy     0046c750 f   pjmedia-i386-win32-vc8-debug:wsola.obj
 0002:00015770       _pjmedia_wsola_set_max_expand 0046c770 f   pjmedia-i386-win32-vc8-debug:wsola.obj
 0002:000157f0       _pjmedia_wsola_reset       0046c7f0 f   pjmedia-i386-win32-vc8-debug:wsola.obj
 0002:00015950       _pjmedia_wsola_save        0046c950 f   pjmedia-i386-win32-vc8-debug:wsola.obj
 0002:000166d0       _pjmedia_wsola_generate    0046d6d0 f   pjmedia-i386-win32-vc8-debug:wsola.obj
 0002:00016f50       _pjmedia_wsola_discard     0046df50 f   pjmedia-i386-win32-vc8-debug:wsola.obj
 0002:00017640       _pj_cis_buf_init           0046e640 f   pjlib-util-i386-win32-vc8-debug:scanner.obj
 0002:000176b0       _pj_cis_init               0046e6b0 f   pjlib-util-i386-win32-vc8-debug:scanner.obj
 0002:00017750       _pj_cis_dup                0046e750 f   pjlib-util-i386-win32-vc8-debug:scanner.obj
 0002:00017840       _pj_cis_add_range          0046e840 f   pjlib-util-i386-win32-vc8-debug:scanner.obj
 0002:000178c0       _pj_cis_add_alpha          0046e8c0 f   pjlib-util-i386-win32-vc8-debug:scanner.obj
 0002:00017900       _pj_cis_add_num            0046e900 f   pjlib-util-i386-win32-vc8-debug:scanner.obj
 0002:00017930       _pj_cis_add_str            0046e930 f   pjlib-util-i386-win32-vc8-debug:scanner.obj
 0002:000179a0       _pj_cis_add_cis            0046e9a0 f   pjlib-util-i386-win32-vc8-debug:scanner.obj
 0002:00017a30       _pj_cis_del_range          0046ea30 f   pjlib-util-i386-win32-vc8-debug:scanner.obj
 0002:00017a90       _pj_cis_del_str            0046ea90 f   pjlib-util-i386-win32-vc8-debug:scanner.obj
 0002:00017b00       _pj_cis_invert             0046eb00 f   pjlib-util-i386-win32-vc8-debug:scanner.obj
 0002:00017bc0       _pj_scan_init              0046ebc0 f   pjlib-util-i386-win32-vc8-debug:scanner.obj
 0002:00017c60       _pj_scan_fini              0046ec60 f   pjlib-util-i386-win32-vc8-debug:scanner.obj
 0002:00017c90       _pj_scan_skip_whitespace   0046ec90 f   pjlib-util-i386-win32-vc8-debug:scanner.obj
 0002:00017ef0       _pj_scan_skip_line         0046eef0 f   pjlib-util-i386-win32-vc8-debug:scanner.obj
 0002:00017f70       _pj_scan_peek              0046ef70 f   pjlib-util-i386-win32-vc8-debug:scanner.obj
 0002:000180a0       _pj_scan_peek_n            0046f0a0 f   pjlib-util-i386-win32-vc8-debug:scanner.obj
 0002:00018140       _pj_scan_peek_until        0046f140 f   pjlib-util-i386-win32-vc8-debug:scanner.obj
 0002:000181e0       _pj_scan_get               0046f1e0 f   pjlib-util-i386-win32-vc8-debug:scanner.obj
 0002:000182e0       _pj_scan_get_unescape      0046f2e0 f   pjlib-util-i386-win32-vc8-debug:scanner.obj
 0002:00018650       _pj_scan_get_quote         0046f650 f   pjlib-util-i386-win32-vc8-debug:scanner.obj
 0002:000186a0       _pj_scan_get_quotes        0046f6a0 f   pjlib-util-i386-win32-vc8-debug:scanner.obj
 0002:000188e0       _pj_scan_get_n             0046f8e0 f   pjlib-util-i386-win32-vc8-debug:scanner.obj
 0002:00018980       _pj_scan_get_char          0046f980 f   pjlib-util-i386-win32-vc8-debug:scanner.obj
 0002:00018a00       _pj_scan_get_newline       0046fa00 f   pjlib-util-i386-win32-vc8-debug:scanner.obj
 0002:00018ac0       _pj_scan_get_until         0046fac0 f   pjlib-util-i386-win32-vc8-debug:scanner.obj
 0002:00018b90       _pj_scan_get_until_ch      0046fb90 f   pjlib-util-i386-win32-vc8-debug:scanner.obj
 0002:00018c50       _pj_scan_get_until_chr     0046fc50 f   pjlib-util-i386-win32-vc8-debug:scanner.obj
 0002:00018d40       _pj_scan_advance_n         0046fd40 f   pjlib-util-i386-win32-vc8-debug:scanner.obj
 0002:00018dc0       _pj_scan_strcmp            0046fdc0 f   pjlib-util-i386-win32-vc8-debug:scanner.obj
 0002:00018e20       _pj_scan_stricmp           0046fe20 f   pjlib-util-i386-win32-vc8-debug:scanner.obj
 0002:00018e80       _pj_scan_stricmp_alnum     0046fe80 f   pjlib-util-i386-win32-vc8-debug:scanner.obj
 0002:00018ee0       _pj_scan_save_state        0046fee0 f   pjlib-util-i386-win32-vc8-debug:scanner.obj
 0002:00018f20       _pj_scan_restore_state     0046ff20 f   pjlib-util-i386-win32-vc8-debug:scanner.obj
 0002:00018f60       _pj_base64_encode          0046ff60 f   pjlib-util-i386-win32-vc8-debug:base64.obj
 0002:000192c0       _pj_base64_decode          004702c0 f   pjlib-util-i386-win32-vc8-debug:base64.obj
 0002:00019760       _pj_init                   00470760 f   pjlib-i386-win32-vc8-debug:os_core_win32.obj
 0002:00019960       _pj_atexit                 00470960 f   pjlib-i386-win32-vc8-debug:os_core_win32.obj
 0002:000199b0       _pj_shutdown               004709b0 f   pjlib-i386-win32-vc8-debug:os_core_win32.obj
 0002:00019ac0       _pj_getpid                 00470ac0 f   pjlib-i386-win32-vc8-debug:os_core_win32.obj
 0002:00019b00       _pj_thread_is_registered   00470b00 f   pjlib-i386-win32-vc8-debug:os_core_win32.obj
 0002:00019b30       _pj_thread_get_prio        00470b30 f   pjlib-i386-win32-vc8-debug:os_core_win32.obj
 0002:00019b60       _pj_thread_set_prio        00470b60 f   pjlib-i386-win32-vc8-debug:os_core_win32.obj
 0002:00019c70       _pj_thread_get_prio_min    00470c70 f   pjlib-i386-win32-vc8-debug:os_core_win32.obj
 0002:00019c90       _pj_thread_get_prio_max    00470c90 f   pjlib-i386-win32-vc8-debug:os_core_win32.obj
 0002:00019cb0       _pj_thread_get_os_handle   00470cb0 f   pjlib-i386-win32-vc8-debug:os_core_win32.obj
 0002:00019d10       _pj_thread_register        00470d10 f   pjlib-i386-win32-vc8-debug:os_core_win32.obj
 0002:00019ed0       _pj_thread_init            00470ed0 f   pjlib-i386-win32-vc8-debug:os_core_win32.obj
 0002:00019f30       _pj_thread_create          00470f30 f   pjlib-i386-win32-vc8-debug:os_core_win32.obj
 0002:0001a250       _pj_thread_get_name        00471250 f   pjlib-i386-win32-vc8-debug:os_core_win32.obj
 0002:0001a2d0       _pj_thread_resume          004712d0 f   pjlib-i386-win32-vc8-debug:os_core_win32.obj
 0002:0001a3b0       _pj_thread_this            004713b0 f   pjlib-i386-win32-vc8-debug:os_core_win32.obj
 0002:0001a420       _pj_thread_join            00471420 f   pjlib-i386-win32-vc8-debug:os_core_win32.obj
 0002:0001a530       _pj_thread_destroy         00471530 f   pjlib-i386-win32-vc8-debug:os_core_win32.obj
 0002:0001a610       _pj_thread_sleep           00471610 f   pjlib-i386-win32-vc8-debug:os_core_win32.obj
 0002:0001a650       _pj_thread_check_stack     00471650 f   pjlib-i386-win32-vc8-debug:os_core_win32.obj
 0002:0001a750       _pj_thread_get_stack_max_usage 00471750 f   pjlib-i386-win32-vc8-debug:os_core_win32.obj
 0002:0001a770       _pj_thread_get_stack_info  00471770 f   pjlib-i386-win32-vc8-debug:os_core_win32.obj
 0002:0001a7d0       _pj_atomic_create          004717d0 f   pjlib-i386-win32-vc8-debug:os_core_win32.obj
 0002:0001a820       _pj_atomic_destroy         00471820 f   pjlib-i386-win32-vc8-debug:os_core_win32.obj
 0002:0001a880       _pj_atomic_set             00471880 f   pjlib-i386-win32-vc8-debug:os_core_win32.obj
 0002:0001a8d0       _pj_atomic_get             004718d0 f   pjlib-i386-win32-vc8-debug:os_core_win32.obj
 0002:0001a940       _pj_atomic_inc_and_get     00471940 f   pjlib-i386-win32-vc8-debug:os_core_win32.obj
 0002:0001a980       _pj_atomic_inc             00471980 f   pjlib-i386-win32-vc8-debug:os_core_win32.obj
 0002:0001a9b0       _pj_atomic_dec_and_get     004719b0 f   pjlib-i386-win32-vc8-debug:os_core_win32.obj
 0002:0001a9f0       _pj_atomic_dec             004719f0 f   pjlib-i386-win32-vc8-debug:os_core_win32.obj
 0002:0001aa20       _pj_atomic_add             00471a20 f   pjlib-i386-win32-vc8-debug:os_core_win32.obj
 0002:0001aa50       _pj_atomic_add_and_get     00471a50 f   pjlib-i386-win32-vc8-debug:os_core_win32.obj
 0002:0001aa80       _pj_thread_local_alloc     00471a80 f   pjlib-i386-win32-vc8-debug:os_core_win32.obj
 0002:0001ab40       _pj_thread_local_free      00471b40 f   pjlib-i386-win32-vc8-debug:os_core_win32.obj
 0002:0001ab80       _pj_thread_local_set       00471b80 f   pjlib-i386-win32-vc8-debug:os_core_win32.obj
 0002:0001ac10       _pj_thread_local_get       00471c10 f   pjlib-i386-win32-vc8-debug:os_core_win32.obj
 0002:0001ad00       _pj_mutex_create           00471d00 f   pjlib-i386-win32-vc8-debug:os_core_win32.obj
 0002:0001adc0       _pj_mutex_create_simple    00471dc0 f   pjlib-i386-win32-vc8-debug:os_core_win32.obj
 0002:0001adf0       _pj_mutex_create_recursive 00471df0 f   pjlib-i386-win32-vc8-debug:os_core_win32.obj
 0002:0001ae20       _pj_mutex_lock             00471e20 f   pjlib-i386-win32-vc8-debug:os_core_win32.obj
 0002:0001aef0       _pj_mutex_unlock           00471ef0 f   pjlib-i386-win32-vc8-debug:os_core_win32.obj
 0002:0001afe0       _pj_mutex_trylock          00471fe0 f   pjlib-i386-win32-vc8-debug:os_core_win32.obj
 0002:0001b0c0       _pj_mutex_destroy          004720c0 f   pjlib-i386-win32-vc8-debug:os_core_win32.obj
 0002:0001b150       _pj_mutex_is_locked        00472150 f   pjlib-i386-win32-vc8-debug:os_core_win32.obj
 0002:0001b180       _pj_rwmutex_create         00472180 f   pjlib-i386-win32-vc8-debug:os_core_win32.obj
 0002:0001b290       _pj_rwmutex_lock_read      00472290 f   pjlib-i386-win32-vc8-debug:os_core_win32.obj
 0002:0001b3c0       _pj_rwmutex_lock_write     004723c0 f   pjlib-i386-win32-vc8-debug:os_core_win32.obj
 0002:0001b430       _pj_rwmutex_unlock_read    00472430 f   pjlib-i386-win32-vc8-debug:os_core_win32.obj
 0002:0001b550       _pj_rwmutex_unlock_write   00472550 f   pjlib-i386-win32-vc8-debug:os_core_win32.obj
 0002:0001b5f0       _pj_rwmutex_destroy        004725f0 f   pjlib-i386-win32-vc8-debug:os_core_win32.obj
 0002:0001b670       _pj_enter_critical_section 00472670 f   pjlib-i386-win32-vc8-debug:os_core_win32.obj
 0002:0001b6a0       _pj_leave_critical_section 004726a0 f   pjlib-i386-win32-vc8-debug:os_core_win32.obj
 0002:0001b6d0       _pj_sem_create             004726d0 f   pjlib-i386-win32-vc8-debug:os_core_win32.obj
 0002:0001b860       _pj_sem_wait               00472860 f   pjlib-i386-win32-vc8-debug:os_core_win32.obj
 0002:0001ba10       _pj_sem_trywait            00472a10 f   pjlib-i386-win32-vc8-debug:os_core_win32.obj
 0002:0001ba90       _pj_sem_post               00472a90 f   pjlib-i386-win32-vc8-debug:os_core_win32.obj
 0002:0001bb80       _pj_sem_destroy            00472b80 f   pjlib-i386-win32-vc8-debug:os_core_win32.obj
 0002:0001bc70       _pj_event_create           00472c70 f   pjlib-i386-win32-vc8-debug:os_core_win32.obj
 0002:0001be30       _pj_event_wait             00472e30 f   pjlib-i386-win32-vc8-debug:os_core_win32.obj
 0002:0001bfd0       _pj_event_trywait          00472fd0 f   pjlib-i386-win32-vc8-debug:os_core_win32.obj
 0002:0001c040       _pj_event_set              00473040 f   pjlib-i386-win32-vc8-debug:os_core_win32.obj
 0002:0001c130       _pj_event_pulse            00473130 f   pjlib-i386-win32-vc8-debug:os_core_win32.obj
 0002:0001c220       _pj_event_reset            00473220 f   pjlib-i386-win32-vc8-debug:os_core_win32.obj
 0002:0001c310       _pj_event_destroy          00473310 f   pjlib-i386-win32-vc8-debug:os_core_win32.obj
 0002:0001c400       _pj_term_set_color         00473400 f   pjlib-i386-win32-vc8-debug:os_core_win32.obj
 0002:0001c550       _pj_term_get_color         00473550 f   pjlib-i386-win32-vc8-debug:os_core_win32.obj
 0002:0001c630       _pj_caching_pool_init      00473630 f   pjlib-i386-win32-vc8-debug:pool_caching.obj
 0002:0001c810       _pj_caching_pool_destroy   00473810 f   pjlib-i386-win32-vc8-debug:pool_caching.obj
 0002:0001d090       _pj_pool_get_capacity      00474090 f   pjlib-i386-win32-vc8-debug:pool.obj
 0002:0001d0b0       _pj_pool_get_used_size     004740b0 f   pjlib-i386-win32-vc8-debug:pool.obj
 0002:0001d120       _pj_pool_alloc_from_block  00474120 f   pjlib-i386-win32-vc8-debug:pool.obj
 0002:0001d190       _pj_pool_alloc             00474190 f   pjlib-i386-win32-vc8-debug:pool.obj
 0002:0001d1f0       _pj_pool_calloc            004741f0 f   pjlib-i386-win32-vc8-debug:pool.obj
 0002:0001d280       _pj_pool_getobjname        00474280 f   pjlib-i386-win32-vc8-debug:pool.obj
 0002:0001d2a0       _pj_pool_create            004742a0 f   pjlib-i386-win32-vc8-debug:pool.obj
 0002:0001d2e0       _pj_pool_release           004742e0 f   pjlib-i386-win32-vc8-debug:pool.obj
 0002:0001d330       _pj_NO_MEMORY_EXCEPTION    00474330 f   pjlib-i386-win32-vc8-debug:pool.obj
 0002:0001d350       _pj_pool_allocate_find     00474350 f   pjlib-i386-win32-vc8-debug:pool.obj
 0002:0001d600       _pj_pool_init_int          00474600 f   pjlib-i386-win32-vc8-debug:pool.obj
 0002:0001d6c0       _pj_pool_create_int        004746c0 f   pjlib-i386-win32-vc8-debug:pool.obj
 0002:0001d870       _pj_pool_reset             00474870 f   pjlib-i386-win32-vc8-debug:pool.obj
 0002:0001d990       _pj_pool_destroy_int       00474990 f   pjlib-i386-win32-vc8-debug:pool.obj
 0002:0001db70       _pj_pool_factory_get_default_policy 00474b70 f   pjlib-i386-win32-vc8-debug:pool_policy_malloc.obj
 0002:0001db90       _pj_register_strerror      00474b90 f   pjlib-i386-win32-vc8-debug:errno.obj
 0002:0001dd90       _pj_errno_clear_handlers   00474d90 f   pjlib-i386-win32-vc8-debug:errno.obj
 0002:0001de00       _pj_strerror               00474e00 f   pjlib-i386-win32-vc8-debug:errno.obj
 0002:0001e0f0       _pj_perror                 004750f0 f   pjlib-i386-win32-vc8-debug:errno.obj
 0002:0001e260       _pj_perror_1               00475260 f   pjlib-i386-win32-vc8-debug:errno.obj
 0002:0001e2b0       _pj_perror_2               004752b0 f   pjlib-i386-win32-vc8-debug:errno.obj
 0002:0001e300       _pj_perror_3               00475300 f   pjlib-i386-win32-vc8-debug:errno.obj
 0002:0001e350       _pj_perror_4               00475350 f   pjlib-i386-win32-vc8-debug:errno.obj
 0002:0001e3a0       _pj_perror_5               004753a0 f   pjlib-i386-win32-vc8-debug:errno.obj
 0002:0001e3f0       _pj_str                    004753f0 f   pjlib-i386-win32-vc8-debug:string.obj
 0002:0001e440       _pj_strdup                 00475440 f   pjlib-i386-win32-vc8-debug:string.obj
 0002:0001e500       _pj_strdup_with_null       00475500 f   pjlib-i386-win32-vc8-debug:string.obj
 0002:0001e590       _pj_strdup2                00475590 f   pjlib-i386-win32-vc8-debug:string.obj
 0002:0001e630       _pj_strdup2_with_null      00475630 f   pjlib-i386-win32-vc8-debug:string.obj
 0002:0001e6e0       _pj_strdup3                004756e0 f   pjlib-i386-win32-vc8-debug:string.obj
 0002:0001e720       _pj_strassign              00475720 f   pjlib-i386-win32-vc8-debug:string.obj
 0002:0001e760       _pj_strcpy                 00475760 f   pjlib-i386-win32-vc8-debug:string.obj
 0002:0001e7c0       _pj_strcpy2                004757c0 f   pjlib-i386-win32-vc8-debug:string.obj
 0002:0001e840       _pj_strncpy                00475840 f   pjlib-i386-win32-vc8-debug:string.obj
 0002:0001e8a0       _pj_strncpy_with_null      004758a0 f   pjlib-i386-win32-vc8-debug:string.obj
 0002:0001e920       _pj_strcmp                 00475920 f   pjlib-i386-win32-vc8-debug:string.obj
 0002:0001ea40       _pj_strncmp                00475a40 f   pjlib-i386-win32-vc8-debug:string.obj
 0002:0001eac0       _pj_strncmp2               00475ac0 f   pjlib-i386-win32-vc8-debug:string.obj
 0002:0001eb20       _pj_strcmp2                00475b20 f   pjlib-i386-win32-vc8-debug:string.obj
 0002:0001eb80       _pj_stricmp                00475b80 f   pjlib-i386-win32-vc8-debug:string.obj
 0002:0001ec70       _pj_stricmp2               00475c70 f   pjlib-i386-win32-vc8-debug:string.obj
 0002:0001ecd0       _pj_strnicmp               00475cd0 f   pjlib-i386-win32-vc8-debug:string.obj
 0002:0001ed50       _pj_strnicmp2              00475d50 f   pjlib-i386-win32-vc8-debug:string.obj
 0002:0001edb0       _pj_strcat                 00475db0 f   pjlib-i386-win32-vc8-debug:string.obj
 0002:0001ee10       _pj_strcat2                00475e10 f   pjlib-i386-win32-vc8-debug:string.obj
 0002:0001ee90       _pj_strtrim                00475e90 f   pjlib-i386-win32-vc8-debug:string.obj
 0002:0001eed0       _pj_strstr                 00475ed0 f   pjlib-i386-win32-vc8-debug:string.obj
 0002:0001ef70       _pj_stristr                00475f70 f   pjlib-i386-win32-vc8-debug:string.obj
 0002:0001f010       _pj_strltrim               00476010 f   pjlib-i386-win32-vc8-debug:string.obj
 0002:0001f0d0       _pj_strrtrim               004760d0 f   pjlib-i386-win32-vc8-debug:string.obj
 0002:0001f160       _pj_create_random_string   00476160 f   pjlib-i386-win32-vc8-debug:string.obj
 0002:0001f300       _pj_strtoul                00476300 f   pjlib-i386-win32-vc8-debug:string.obj
 0002:0001f3e0       _pj_strtoul2               004763e0 f   pjlib-i386-win32-vc8-debug:string.obj
 0002:0001f600       _pj_utoa                   00476600 f   pjlib-i386-win32-vc8-debug:string.obj
 0002:0001f630       _pj_utoa_pad               00476630 f   pjlib-i386-win32-vc8-debug:string.obj
 0002:0001f740       _pj_ioqueue_set_lock       00476740 f   pjlib-i386-win32-vc8-debug:ioqueue_select.obj
 0002:0001f7e0       _pj_ioqueue_get_user_data  004767e0 f   pjlib-i386-win32-vc8-debug:ioqueue_select.obj
 0002:0001f840       _pj_ioqueue_set_user_data  00476840 f   pjlib-i386-win32-vc8-debug:ioqueue_select.obj
 0002:0001f8c0       _ioqueue_dispatch_write_event 004768c0 f   pjlib-i386-win32-vc8-debug:ioqueue_select.obj
 0002:0001fdb0       _ioqueue_dispatch_read_event 00476db0 f   pjlib-i386-win32-vc8-debug:ioqueue_select.obj
 0002:000201d0       _ioqueue_dispatch_exception_event 004771d0 f   pjlib-i386-win32-vc8-debug:ioqueue_select.obj
 0002:00020390       _pj_ioqueue_recv           00477390 f   pjlib-i386-win32-vc8-debug:ioqueue_select.obj
 0002:000205a0       _pj_ioqueue_recvfrom       004775a0 f   pjlib-i386-win32-vc8-debug:ioqueue_select.obj
 0002:000207d0       _pj_ioqueue_send           004777d0 f   pjlib-i386-win32-vc8-debug:ioqueue_select.obj
 0002:00020a30       _pj_ioqueue_sendto         00477a30 f   pjlib-i386-win32-vc8-debug:ioqueue_select.obj
 0002:00020d40       _pj_ioqueue_accept         00477d40 f   pjlib-i386-win32-vc8-debug:ioqueue_select.obj
 0002:00020f80       _pj_ioqueue_connect        00477f80 f   pjlib-i386-win32-vc8-debug:ioqueue_select.obj
 0002:00021110       _pj_ioqueue_op_key_init    00478110 f   pjlib-i386-win32-vc8-debug:ioqueue_select.obj
 0002:00021170       _pj_ioqueue_is_pending     00478170 f   pjlib-i386-win32-vc8-debug:ioqueue_select.obj
 0002:000211a0       _pj_ioqueue_post_completion 004781a0 f   pjlib-i386-win32-vc8-debug:ioqueue_select.obj
 0002:00021380       _pj_ioqueue_set_default_concurrency 00478380 f   pjlib-i386-win32-vc8-debug:ioqueue_select.obj
 0002:000213e0       _pj_ioqueue_set_concurrency 004783e0 f   pjlib-i386-win32-vc8-debug:ioqueue_select.obj
 0002:000214a0       _pj_ioqueue_lock_key       004784a0 f   pjlib-i386-win32-vc8-debug:ioqueue_select.obj
 0002:000214d0       _pj_ioqueue_unlock_key     004784d0 f   pjlib-i386-win32-vc8-debug:ioqueue_select.obj
 0002:00021500       _pj_ioqueue_name           00478500 f   pjlib-i386-win32-vc8-debug:ioqueue_select.obj
 0002:00021520       _pj_ioqueue_create         00478520 f   pjlib-i386-win32-vc8-debug:ioqueue_select.obj
 0002:00021900       _pj_ioqueue_destroy        00478900 f   pjlib-i386-win32-vc8-debug:ioqueue_select.obj
 0002:00021ab0       _pj_ioqueue_register_sock  00478ab0 f   pjlib-i386-win32-vc8-debug:ioqueue_select.obj
 0002:00021e70       _pj_ioqueue_unregister     00478e70 f   pjlib-i386-win32-vc8-debug:ioqueue_select.obj
 0002:00022460       _pj_ioqueue_poll           00479460 f   pjlib-i386-win32-vc8-debug:ioqueue_select.obj
 0002:00022b60       _pj_log_init               00479b60 f   pjlib-i386-win32-vc8-debug:log.obj
 0002:00022bf0       _pj_log_set_decor          00479bf0 f   pjlib-i386-win32-vc8-debug:log.obj
 0002:00022c10       _pj_log_get_decor          00479c10 f   pjlib-i386-win32-vc8-debug:log.obj
 0002:00022c30       _pj_log_set_color          00479c30 f   pjlib-i386-win32-vc8-debug:log.obj
 0002:00022d60       _pj_log_get_color          00479d60 f   pjlib-i386-win32-vc8-debug:log.obj
 0002:00022e00       _pj_log_set_level          00479e00 f   pjlib-i386-win32-vc8-debug:log.obj
 0002:00022e20       _pj_log_get_level          00479e20 f   pjlib-i386-win32-vc8-debug:log.obj
 0002:00022e40       _pj_log_set_log_func       00479e40 f   pjlib-i386-win32-vc8-debug:log.obj
 0002:00022e60       _pj_log_get_log_func       00479e60 f   pjlib-i386-win32-vc8-debug:log.obj
 0002:00022e80       _pj_log                    00479e80 f   pjlib-i386-win32-vc8-debug:log.obj
 0002:00023680       _pj_log_1                  0047a680 f   pjlib-i386-win32-vc8-debug:log.obj
 0002:000236c0       _pj_log_2                  0047a6c0 f   pjlib-i386-win32-vc8-debug:log.obj
 0002:00023700       _pj_log_3                  0047a700 f   pjlib-i386-win32-vc8-debug:log.obj
 0002:00023740       _pj_log_4                  0047a740 f   pjlib-i386-win32-vc8-debug:log.obj
 0002:00023780       _pj_log_5                  0047a780 f   pjlib-i386-win32-vc8-debug:log.obj
 0002:000237c0       _pj_inet_addr              0047a7c0 f   pjlib-i386-win32-vc8-debug:sock_common.obj
 0002:000237f0       _pj_inet_addr2             0047a7f0 f   pjlib-i386-win32-vc8-debug:sock_common.obj
 0002:00023830       _pj_inet_ntop2             0047a830 f   pjlib-i386-win32-vc8-debug:sock_common.obj
 0002:00023880       _pj_sockaddr_print         0047a880 f   pjlib-i386-win32-vc8-debug:sock_common.obj
 0002:000239b0       _pj_sockaddr_in_set_str_addr 0047a9b0 f   pjlib-i386-win32-vc8-debug:sock_common.obj
 0002:00023b30       _pj_sockaddr_set_str_addr  0047ab30 f   pjlib-i386-win32-vc8-debug:sock_common.obj
 0002:00023cd0       _pj_sockaddr_in_init       0047acd0 f   pjlib-i386-win32-vc8-debug:sock_common.obj
 0002:00023d80       _pj_sockaddr_init          0047ad80 f   pjlib-i386-win32-vc8-debug:sock_common.obj
 0002:00023e80       _pj_sockaddr_cmp           0047ae80 f   pjlib-i386-win32-vc8-debug:sock_common.obj
 0002:00023fc0       _pj_gethostaddr            0047afc0 f   pjlib-i386-win32-vc8-debug:sock_common.obj
 0002:00024010       _pj_sockaddr_in_get_port   0047b010 f   pjlib-i386-win32-vc8-debug:sock_common.obj
 0002:00024040       _pj_sockaddr_get_addr      0047b040 f   pjlib-i386-win32-vc8-debug:sock_common.obj
 0002:00024110       _pj_sockaddr_has_addr      0047b110 f   pjlib-i386-win32-vc8-debug:sock_common.obj
 0002:000241e0       _pj_sockaddr_get_port      0047b1e0 f   pjlib-i386-win32-vc8-debug:sock_common.obj
 0002:000242c0       _pj_sockaddr_get_addr_len  0047b2c0 f   pjlib-i386-win32-vc8-debug:sock_common.obj
 0002:00024380       _pj_sockaddr_get_len       0047b380 f   pjlib-i386-win32-vc8-debug:sock_common.obj
 0002:00024440       _pj_sockaddr_copy_addr     0047b440 f   pjlib-i386-win32-vc8-debug:sock_common.obj
 0002:000244a0       _pj_sockaddr_cp            0047b4a0 f   pjlib-i386-win32-vc8-debug:sock_common.obj
 0002:000244e0       _pj_sockaddr_in_set_port   0047b4e0 f   pjlib-i386-win32-vc8-debug:sock_common.obj
 0002:00024510       _pj_sockaddr_set_port      0047b510 f   pjlib-i386-win32-vc8-debug:sock_common.obj
 0002:000245f0       _pj_sockaddr_in_get_addr   0047b5f0 f   pjlib-i386-win32-vc8-debug:sock_common.obj
 0002:00024620       _pj_sockaddr_in_set_addr   0047b620 f   pjlib-i386-win32-vc8-debug:sock_common.obj
 0002:00024650       _pj_sockaddr_parse2        0047b650 f   pjlib-i386-win32-vc8-debug:sock_common.obj
 0002:00024b60       _pj_sockaddr_parse         0047bb60 f   pjlib-i386-win32-vc8-debug:sock_common.obj
 0002:00024d00       _pj_gethostip              0047bd00 f   pjlib-i386-win32-vc8-debug:sock_common.obj
 0002:00025a10       _pj_getdefaultipinterface  0047ca10 f   pjlib-i386-win32-vc8-debug:sock_common.obj
 0002:00025c10       _pj_ntohs                  0047cc10 f   pjlib-i386-win32-vc8-debug:sock_bsd.obj
 0002:00025c40       _pj_htons                  0047cc40 f   pjlib-i386-win32-vc8-debug:sock_bsd.obj
 0002:00025c70       _pj_ntohl                  0047cc70 f   pjlib-i386-win32-vc8-debug:sock_bsd.obj
 0002:00025c90       _pj_htonl                  0047cc90 f   pjlib-i386-win32-vc8-debug:sock_bsd.obj
 0002:00025cb0       _pj_inet_ntoa              0047ccb0 f   pjlib-i386-win32-vc8-debug:sock_bsd.obj
 0002:00025cd0       _pj_inet_aton              0047ccd0 f   pjlib-i386-win32-vc8-debug:sock_bsd.obj
 0002:00025e00       _pj_inet_pton              0047ce00 f   pjlib-i386-win32-vc8-debug:sock_bsd.obj
 0002:00026060       _pj_inet_ntop              0047d060 f   pjlib-i386-win32-vc8-debug:sock_bsd.obj
 0002:000262d0       _pj_gethostname            0047d2d0 f   pjlib-i386-win32-vc8-debug:sock_bsd.obj
 0002:00026370       _pj_sock_socket            0047d370 f   pjlib-i386-win32-vc8-debug:sock_bsd.obj
 0002:00026490       _pj_sock_bind              0047d490 f   pjlib-i386-win32-vc8-debug:sock_bsd.obj
 0002:00026580       _pj_sock_bind_in           0047d580 f   pjlib-i386-win32-vc8-debug:sock_bsd.obj
 0002:00026630       _pj_sock_close             0047d630 f   pjlib-i386-win32-vc8-debug:sock_bsd.obj
 0002:000266d0       _pj_sock_getpeername       0047d6d0 f   pjlib-i386-win32-vc8-debug:sock_bsd.obj
 0002:00026770       _pj_sock_getsockname       0047d770 f   pjlib-i386-win32-vc8-debug:sock_bsd.obj
 0002:00026810       _pj_sock_send              0047d810 f   pjlib-i386-win32-vc8-debug:sock_bsd.obj
 0002:00026900       _pj_sock_sendto            0047d900 f   pjlib-i386-win32-vc8-debug:sock_bsd.obj
 0002:00026a00       _pj_sock_recv              0047da00 f   pjlib-i386-win32-vc8-debug:sock_bsd.obj
 0002:00026b00       _pj_sock_recvfrom          0047db00 f   pjlib-i386-win32-vc8-debug:sock_bsd.obj
 0002:00026c70       _pj_sock_getsockopt        0047dc70 f   pjlib-i386-win32-vc8-debug:sock_bsd.obj
 0002:00026d70       _pj_sock_setsockopt        0047dd70 f   pjlib-i386-win32-vc8-debug:sock_bsd.obj
 0002:00026e20       _pj_sock_connect           0047de20 f   pjlib-i386-win32-vc8-debug:sock_bsd.obj
 0002:00026ec0       _pj_sock_shutdown          0047dec0 f   pjlib-i386-win32-vc8-debug:sock_bsd.obj
 0002:00026f60       _pj_sock_listen            0047df60 f   pjlib-i386-win32-vc8-debug:sock_bsd.obj
 0002:00027000       _pj_sock_accept            0047e000 f   pjlib-i386-win32-vc8-debug:sock_bsd.obj
 0002:000270f0       _pj_gettimeofday           0047e0f0 f   pjlib-i386-win32-vc8-debug:os_time_win32.obj
 0002:00027250       _pj_time_decode            0047e250 f   pjlib-i386-win32-vc8-debug:os_time_win32.obj
 0002:00027340       _pj_time_encode            0047e340 f   pjlib-i386-win32-vc8-debug:os_time_win32.obj
 0002:00027470       _pj_list_insert_after      0047e470 f   pjlib-i386-win32-vc8-debug:list.obj
 0002:000274c0       _pj_list_insert_before     0047e4c0 f   pjlib-i386-win32-vc8-debug:list.obj
 0002:000274f0       _pj_list_insert_nodes_after 0047e4f0 f   pjlib-i386-win32-vc8-debug:list.obj
 0002:00027580       _pj_list_insert_nodes_before 0047e580 f   pjlib-i386-win32-vc8-debug:list.obj
 0002:000275b0       _pj_list_merge_last        0047e5b0 f   pjlib-i386-win32-vc8-debug:list.obj
 0002:00027680       _pj_list_merge_first       0047e680 f   pjlib-i386-win32-vc8-debug:list.obj
 0002:000276f0       _pj_list_erase             0047e6f0 f   pjlib-i386-win32-vc8-debug:list.obj
 0002:00027730       _pj_list_find_node         0047e730 f   pjlib-i386-win32-vc8-debug:list.obj
 0002:00027790       _pj_list_search            0047e790 f   pjlib-i386-win32-vc8-debug:list.obj
 0002:000277f0       _pj_list_size              0047e7f0 f   pjlib-i386-win32-vc8-debug:list.obj
 0002:00027840       _pj_array_insert           0047e840 f   pjlib-i386-win32-vc8-debug:array.obj
 0002:000278f0       _pj_array_erase            0047e8f0 f   pjlib-i386-win32-vc8-debug:array.obj
 0002:00027980       _pj_array_find             0047e980 f   pjlib-i386-win32-vc8-debug:array.obj
 0002:00027a00       _pj_throw_exception_       0047ea00 f   pjlib-i386-win32-vc8-debug:except.obj
 0002:00027ac0       _pj_push_exception_handler_ 0047eac0 f   pjlib-i386-win32-vc8-debug:except.obj
 0002:00027be0       _pj_pop_exception_handler_ 0047ebe0 f   pjlib-i386-win32-vc8-debug:except.obj
 0002:00027c40       _pj_exception_id_alloc     0047ec40 f   pjlib-i386-win32-vc8-debug:except.obj
 0002:00027cc0       _pj_exception_id_free      0047ecc0 f   pjlib-i386-win32-vc8-debug:except.obj
 0002:00027d50       _pj_exception_id_name      0047ed50 f   pjlib-i386-win32-vc8-debug:except.obj
 0002:00027e00       _pj_lock_create_simple_mutex 0047ee00 f   pjlib-i386-win32-vc8-debug:lock.obj
 0002:00027f50       _pj_lock_create_recursive_mutex 0047ef50 f   pjlib-i386-win32-vc8-debug:lock.obj
 0002:00027fa0       _pj_lock_create_null_mutex 0047efa0 f   pjlib-i386-win32-vc8-debug:lock.obj
 0002:00028000       _pj_lock_create_semaphore  0047f000 f   pjlib-i386-win32-vc8-debug:lock.obj
 0002:000280f0       _pj_lock_acquire           0047f0f0 f   pjlib-i386-win32-vc8-debug:lock.obj
 0002:00028160       _pj_lock_tryacquire        0047f160 f   pjlib-i386-win32-vc8-debug:lock.obj
 0002:000281d0       _pj_lock_release           0047f1d0 f   pjlib-i386-win32-vc8-debug:lock.obj
 0002:00028240       _pj_lock_destroy           0047f240 f   pjlib-i386-win32-vc8-debug:lock.obj
 0002:000282b0       _pj_get_version            0047f2b0 f   pjlib-i386-win32-vc8-debug:config.obj
 0002:000282d0       _pj_dump_config            0047f2d0 f   pjlib-i386-win32-vc8-debug:config.obj
 0002:000288b0       _pj_get_timestamp          0047f8b0 f   pjlib-i386-win32-vc8-debug:os_timestamp_win32.obj
 0002:00028940       _pj_get_timestamp_freq     0047f940 f   pjlib-i386-win32-vc8-debug:os_timestamp_win32.obj
 0002:000289d0       _pj_GUID_STRING_LENGTH     0047f9d0 f   pjlib-i386-win32-vc8-debug:guid_win32.obj
 0002:000289f0       _pj_generate_unique_string 0047f9f0 f   pjlib-i386-win32-vc8-debug:guid_win32.obj
 0002:00028ba0       _pj_pool_create_on_buf     0047fba0 f   pjlib-i386-win32-vc8-debug:pool_buf.obj
 0002:00028e10       _pj_get_os_error           0047fe10 f   pjlib-i386-win32-vc8-debug:os_error_win32.obj
 0002:00028e60       _pj_set_os_error           0047fe60 f   pjlib-i386-win32-vc8-debug:os_error_win32.obj
 0002:00028eb0       _pj_get_netos_error        0047feb0 f   pjlib-i386-win32-vc8-debug:os_error_win32.obj
 0002:00028f00       _pj_set_netos_error        0047ff00 f   pjlib-i386-win32-vc8-debug:os_error_win32.obj
 0002:00028f50       _platform_strerror         0047ff50 f   pjlib-i386-win32-vc8-debug:os_error_win32.obj
 0002:00029180       _pj_srand                  00480180 f   pjlib-i386-win32-vc8-debug:rand.obj
 0002:000291c0       _pj_rand                   004801c0 f   pjlib-i386-win32-vc8-debug:rand.obj
 0002:00029240       _PJ_FD_ZERO                00480240 f   pjlib-i386-win32-vc8-debug:sock_select.obj
 0002:00029290       _PJ_FD_SET                 00480290 f   pjlib-i386-win32-vc8-debug:sock_select.obj
 0002:00029370       _PJ_FD_CLR                 00480370 f   pjlib-i386-win32-vc8-debug:sock_select.obj
 0002:00029460       _PJ_FD_ISSET               00480460 f   pjlib-i386-win32-vc8-debug:sock_select.obj
 0002:000294c0       _PJ_FD_COUNT               004804c0 f   pjlib-i386-win32-vc8-debug:sock_select.obj
 0002:000294e0       _pj_sock_select            004804e0 f   pjlib-i386-win32-vc8-debug:sock_select.obj
 0002:000295e0       _pj_time_val_normalize     004805e0 f   pjlib-i386-win32-vc8-debug:types.obj
 0002:00029720       _pj_log_write              00480720 f   pjlib-i386-win32-vc8-debug:log_writer_stdout.obj
 0002:00029800       _pj_gethostbyname          00480800 f   pjlib-i386-win32-vc8-debug:addr_resolv_sock.obj
 0002:00029960       _pj_getaddrinfo            00480960 f   pjlib-i386-win32-vc8-debug:addr_resolv_sock.obj
 0002:00029cc0       _pj_enum_ip_interface      00480cc0 f   pjlib-i386-win32-vc8-debug:ip_helper_win32.obj
 0002:0002a820       _pj_enum_ip_route          00481820 f   pjlib-i386-win32-vc8-debug:ip_helper_win32.obj
 0002:0002ac40       _speex_preprocess_state_init 00481c40 f   libspeex-i386-win32-vc8-debug:preprocess.obj
 0002:0002b600       _speex_preprocess_state_destroy 00482600 f   libspeex-i386-win32-vc8-debug:preprocess.obj
 0002:0002b840       _speex_preprocess          00482840 f   libspeex-i386-win32-vc8-debug:preprocess.obj
 0002:0002b870       _speex_preprocess_run      00482870 f   libspeex-i386-win32-vc8-debug:preprocess.obj
 0002:0002d8c0       _speex_preprocess_estimate_update 004848c0 f   libspeex-i386-win32-vc8-debug:preprocess.obj
 0002:0002dae0       _speex_preprocess_ctl      00484ae0 f   libspeex-i386-win32-vc8-debug:preprocess.obj
 0002:0002e3f0       _speex_echo_state_init     004853f0 f   libspeex-i386-win32-vc8-debug:mdf.obj
 0002:0002eb00       _speex_echo_state_reset    00485b00 f   libspeex-i386-win32-vc8-debug:mdf.obj
 0002:0002ee00       _speex_echo_state_destroy  00485e00 f   libspeex-i386-win32-vc8-debug:mdf.obj
 0002:0002f020       _speex_echo_capture        00486020 f   libspeex-i386-win32-vc8-debug:mdf.obj
 0002:0002f1c0       _speex_echo_playback       004861c0 f   libspeex-i386-win32-vc8-debug:mdf.obj
 0002:0002f390       _speex_echo_cancel         00486390 f   libspeex-i386-win32-vc8-debug:mdf.obj
 0002:0002f3d0       _speex_echo_cancellation   004863d0 f   libspeex-i386-win32-vc8-debug:mdf.obj
 0002:00031400       _speex_echo_get_residual   00488400 f   libspeex-i386-win32-vc8-debug:mdf.obj
 0002:00031540       _speex_echo_ctl            00488540 f   libspeex-i386-win32-vc8-debug:mdf.obj
 0002:000316a0       _spx_fft_init              004886a0 f   libspeex-i386-win32-vc8-debug:fftwrap.obj
 0002:00031710       _spx_fft_destroy           00488710 f   libspeex-i386-win32-vc8-debug:fftwrap.obj
 0002:00031780       _spx_fft                   00488780 f   libspeex-i386-win32-vc8-debug:fftwrap.obj
 0002:00031880       _spx_ifft                  00488880 f   libspeex-i386-win32-vc8-debug:fftwrap.obj
 0002:00031920       _spx_fft_float             00488920 f   libspeex-i386-win32-vc8-debug:fftwrap.obj
 0002:00031950       _spx_ifft_float            00488950 f   libspeex-i386-win32-vc8-debug:fftwrap.obj
 0002:00031980       _filterbank_new            00488980 f   libspeex-i386-win32-vc8-debug:filterbank.obj
 0002:00031db0       _filterbank_destroy        00488db0 f   libspeex-i386-win32-vc8-debug:filterbank.obj
 0002:00031e60       _filterbank_compute_bank32 00488e60 f   libspeex-i386-win32-vc8-debug:filterbank.obj
 0002:00031f60       _filterbank_compute_psd16  00488f60 f   libspeex-i386-win32-vc8-debug:filterbank.obj
 0002:00032010       _filterbank_compute_bank   00489010 f   libspeex-i386-win32-vc8-debug:filterbank.obj
 0002:00032160       _filterbank_compute_psd    00489160 f   libspeex-i386-win32-vc8-debug:filterbank.obj
 0002:00032220       _filterbank_psy_smooth     00489220 f   libspeex-i386-win32-vc8-debug:filterbank.obj
 0002:00032370       _spx_drft_forward          00489370 f   libspeex-i386-win32-vc8-debug:smallft.obj
 0002:00034270       _spx_drft_backward         0048b270 f   libspeex-i386-win32-vc8-debug:smallft.obj
 0002:00036690       _spx_drft_init             0048d690 f   libspeex-i386-win32-vc8-debug:smallft.obj
 0002:00036a60       _spx_drft_clear            0048da60 f   libspeex-i386-win32-vc8-debug:smallft.obj
 0002:00036af0       _srtp_stream_alloc         0048daf0 f   libsrtp-i386-win32-vc8-debug:srtp.obj
 0002:00036db0       _srtp_stream_dealloc       0048ddb0 f   libsrtp-i386-win32-vc8-debug:srtp.obj
 0002:00036f60       _srtp_stream_clone         0048df60 f   libsrtp-i386-win32-vc8-debug:srtp.obj
 0002:000370b0       _srtp_kdf_init             0048e0b0 f   libsrtp-i386-win32-vc8-debug:srtp.obj
 0002:000370e0       _srtp_kdf_generate         0048e0e0 f   libsrtp-i386-win32-vc8-debug:srtp.obj
 0002:00037170       _srtp_kdf_clear            0048e170 f   libsrtp-i386-win32-vc8-debug:srtp.obj
 0002:000371a0       _srtp_stream_init_keys     0048e1a0 f   libsrtp-i386-win32-vc8-debug:srtp.obj
 0002:000376d0       _srtp_stream_init          0048e6d0 f   libsrtp-i386-win32-vc8-debug:srtp.obj
 0002:000377d0       _srtp_event_reporter       0048e7d0 f   libsrtp-i386-win32-vc8-debug:srtp.obj
 0002:000378a0       _srtp_install_event_handler 0048e8a0 f   libsrtp-i386-win32-vc8-debug:srtp.obj
 0002:000378c0       _srtp_protect              0048e8c0 f   libsrtp-i386-win32-vc8-debug:srtp.obj
 0002:00038060       _srtp_unprotect            0048f060 f   libsrtp-i386-win32-vc8-debug:srtp.obj
 0002:00038800       _srtp_init                 0048f800 f   libsrtp-i386-win32-vc8-debug:srtp.obj
 0002:00038850       _srtp_deinit               0048f850 f   libsrtp-i386-win32-vc8-debug:srtp.obj
 0002:00038880       _srtp_get_stream           0048f880 f   libsrtp-i386-win32-vc8-debug:srtp.obj
 0002:000388d0       _srtp_dealloc              0048f8d0 f   libsrtp-i386-win32-vc8-debug:srtp.obj
 0002:00038a60       _srtp_add_stream           0048fa60 f   libsrtp-i386-win32-vc8-debug:srtp.obj
 0002:00038bc0       _srtp_create               0048fbc0 f   libsrtp-i386-win32-vc8-debug:srtp.obj
 0002:00038c80       _srtp_remove_stream        0048fc80 f   libsrtp-i386-win32-vc8-debug:srtp.obj
 0002:00038d30       _crypto_policy_set_rtp_default 0048fd30 f   libsrtp-i386-win32-vc8-debug:srtp.obj
 0002:00038d90       _crypto_policy_set_rtcp_default 0048fd90 f   libsrtp-i386-win32-vc8-debug:srtp.obj
 0002:00038df0       _crypto_policy_set_aes_cm_128_hmac_sha1_32 0048fdf0 f   libsrtp-i386-win32-vc8-debug:srtp.obj
 0002:00038e50       _crypto_policy_set_aes_cm_128_null_auth 0048fe50 f   libsrtp-i386-win32-vc8-debug:srtp.obj
 0002:00038eb0       _crypto_policy_set_null_cipher_hmac_sha1_80 0048feb0 f   libsrtp-i386-win32-vc8-debug:srtp.obj
 0002:00038f10       _srtp_protect_rtcp         0048ff10 f   libsrtp-i386-win32-vc8-debug:srtp.obj
 0002:00039410       _srtp_unprotect_rtcp       00490410 f   libsrtp-i386-win32-vc8-debug:srtp.obj
 0002:000399b0       _crypto_policy_set_from_profile_for_rtp 004909b0 f   libsrtp-i386-win32-vc8-debug:srtp.obj
 0002:00039a30       _crypto_policy_set_from_profile_for_rtcp 00490a30 f   libsrtp-i386-win32-vc8-debug:srtp.obj
 0002:00039ab0       _append_salt_to_key        00490ab0 f   libsrtp-i386-win32-vc8-debug:srtp.obj
 0002:00039ae0       _srtp_profile_get_master_key_length 00490ae0 f   libsrtp-i386-win32-vc8-debug:srtp.obj
 0002:00039b40       _srtp_profile_get_master_salt_length 00490b40 f   libsrtp-i386-win32-vc8-debug:srtp.obj
 0002:00039ba0       _octet_get_weight          00490ba0 f   libsrtp-i386-win32-vc8-debug:datatypes.obj
 0002:00039bd0       _nibble_to_hex_char        00490bd0 f   libsrtp-i386-win32-vc8-debug:datatypes.obj
 0002:00039c60       _octet_string_hex_string   00490c60 f   libsrtp-i386-win32-vc8-debug:datatypes.obj
 0002:00039d30       _is_hex_string             00490d30 f   libsrtp-i386-win32-vc8-debug:datatypes.obj
 0002:00039d90       _hex_char_to_nibble        00490d90 f i libsrtp-i386-win32-vc8-debug:datatypes.obj
 0002:00039f70       _hex_string_to_octet_string 00490f70 f   libsrtp-i386-win32-vc8-debug:datatypes.obj
 0002:0003a050       _v128_hex_string           00491050 f   libsrtp-i386-win32-vc8-debug:datatypes.obj
 0002:0003a100       _v128_bit_string           00491100 f   libsrtp-i386-win32-vc8-debug:datatypes.obj
 0002:0003a1b0       _v128_copy_octet_string    004911b0 f   libsrtp-i386-win32-vc8-debug:datatypes.obj
 0002:0003a2c0       _v128_right_shift          004912c0 f   libsrtp-i386-win32-vc8-debug:datatypes.obj
 0002:0003a450       _v128_left_shift           00491450 f   libsrtp-i386-win32-vc8-debug:datatypes.obj
 0002:0003a5d0       _octet_string_is_eq        004915d0 f   libsrtp-i386-win32-vc8-debug:datatypes.obj
 0002:0003a640       _octet_string_set_to_zero  00491640 f   libsrtp-i386-win32-vc8-debug:datatypes.obj
 0002:0003a680       _base64_char_to_sextet     00491680 f   libsrtp-i386-win32-vc8-debug:datatypes.obj
 0002:0003ab40       _base64_string_to_octet_string 00491b40 f   libsrtp-i386-win32-vc8-debug:datatypes.obj
 0002:0003ac20       _crypto_kernel_init        00491c20 f   libsrtp-i386-win32-vc8-debug:crypto_kernel.obj
 0002:0003ae90       _crypto_kernel_status      00491e90 f   libsrtp-i386-win32-vc8-debug:crypto_kernel.obj
 0002:0003b110       _crypto_kernel_list_debug_modules 00492110 f   libsrtp-i386-win32-vc8-debug:crypto_kernel.obj
 0002:0003b1b0       _crypto_kernel_shutdown    004921b0 f   libsrtp-i386-win32-vc8-debug:crypto_kernel.obj
 0002:0003b320       _crypto_kernel_load_cipher_type 00492320 f   libsrtp-i386-win32-vc8-debug:crypto_kernel.obj
 0002:0003b420       _crypto_kernel_load_auth_type 00492420 f   libsrtp-i386-win32-vc8-debug:crypto_kernel.obj
 0002:0003b520       _crypto_kernel_get_cipher_type 00492520 f   libsrtp-i386-win32-vc8-debug:crypto_kernel.obj
 0002:0003b570       _crypto_kernel_alloc_cipher 00492570 f   libsrtp-i386-win32-vc8-debug:crypto_kernel.obj
 0002:0003b5e0       _crypto_kernel_get_auth_type 004925e0 f   libsrtp-i386-win32-vc8-debug:crypto_kernel.obj
 0002:0003b630       _crypto_kernel_alloc_auth  00492630 f   libsrtp-i386-win32-vc8-debug:crypto_kernel.obj
 0002:0003b6a0       _crypto_kernel_load_debug_module 004926a0 f   libsrtp-i386-win32-vc8-debug:crypto_kernel.obj
 0002:0003b760       _crypto_kernel_set_debug_module 00492760 f   libsrtp-i386-win32-vc8-debug:crypto_kernel.obj
 0002:0003b7d0       _crypto_get_random         004927d0 f   libsrtp-i386-win32-vc8-debug:crypto_kernel.obj
 0002:0003b810       _crypto_alloc              00492810 f   libsrtp-i386-win32-vc8-debug:alloc.obj
 0002:0003b8a0       _crypto_free               004928a0 f   libsrtp-i386-win32-vc8-debug:alloc.obj
 0002:0003b8f0       _rdb_init                  004928f0 f   libsrtp-i386-win32-vc8-debug:rdb.obj
 0002:0003b950       _rdb_check                 00492950 f   libsrtp-i386-win32-vc8-debug:rdb.obj
 0002:0003b9d0       _rdb_add_index             004929d0 f   libsrtp-i386-win32-vc8-debug:rdb.obj
 0002:0003bab0       _rdb_increment             00492ab0 f   libsrtp-i386-win32-vc8-debug:rdb.obj
 0002:0003baf0       _rdb_get_value             00492af0 f   libsrtp-i386-win32-vc8-debug:rdb.obj
 0002:0003bb10       _index_init                00492b10 f   libsrtp-i386-win32-vc8-debug:rdbx.obj
 0002:0003bb40       _index_advance             00492b40 f   libsrtp-i386-win32-vc8-debug:rdbx.obj
 0002:0003bb70       _index_guess               00492b70 f   libsrtp-i386-win32-vc8-debug:rdbx.obj
 0002:0003bcc0       _rdbx_init                 00492cc0 f   libsrtp-i386-win32-vc8-debug:rdbx.obj
 0002:0003bd20       _rdbx_check                00492d20 f   libsrtp-i386-win32-vc8-debug:rdbx.obj
 0002:0003bd90       _rdbx_add_index            00492d90 f   libsrtp-i386-win32-vc8-debug:rdbx.obj
 0002:0003be30       _rdbx_estimate_index       00492e30 f   libsrtp-i386-win32-vc8-debug:rdbx.obj
 0002:0003bea0       _key_limit_set             00492ea0 f   libsrtp-i386-win32-vc8-debug:key.obj
 0002:0003bf00       _key_limit_clone           00492f00 f   libsrtp-i386-win32-vc8-debug:key.obj
 0002:0003bf30       _key_limit_check           00492f30 f   libsrtp-i386-win32-vc8-debug:key.obj
 0002:0003bf60       _key_limit_update          00492f60 f   libsrtp-i386-win32-vc8-debug:key.obj
 0002:0003c010       _err_reporting_init        00493010 f   libsrtp-i386-win32-vc8-debug:srtp_err.obj
 0002:0003c030       _err_report                00493030 f   libsrtp-i386-win32-vc8-debug:srtp_err.obj
 0002:0003c090       _err_reporting_set_level   00493090 f   libsrtp-i386-win32-vc8-debug:srtp_err.obj
 0002:0003c0b0       _aes_icm_alloc_ismacryp    004930b0 f   libsrtp-i386-win32-vc8-debug:aes_icm.obj
 0002:0003c180       _aes_icm_alloc             00493180 f   libsrtp-i386-win32-vc8-debug:aes_icm.obj
 0002:0003c1b0       _aes_icm_dealloc           004931b0 f   libsrtp-i386-win32-vc8-debug:aes_icm.obj
 0002:0003c200       _aes_icm_context_init      00493200 f   libsrtp-i386-win32-vc8-debug:aes_icm.obj
 0002:0003c340       _aes_icm_set_octet         00493340 f   libsrtp-i386-win32-vc8-debug:aes_icm.obj
 0002:0003c510       _aes_icm_set_iv            00493510 f   libsrtp-i386-win32-vc8-debug:aes_icm.obj
 0002:0003c610       _aes_icm_encrypt_ismacryp  00493610 f   libsrtp-i386-win32-vc8-debug:aes_icm.obj
 0002:0003cb80       _aes_icm_advance_ismacryp  00493b80 f i libsrtp-i386-win32-vc8-debug:aes_icm.obj
 0002:0003cce0       _aes_icm_encrypt           00493ce0 f   libsrtp-i386-win32-vc8-debug:aes_icm.obj
 0002:0003cd10       _aes_icm_output            00493d10 f   libsrtp-i386-win32-vc8-debug:aes_icm.obj
 0002:0003cd60       _auth_get_key_length       00493d60 f   libsrtp-i386-win32-vc8-debug:auth.obj
 0002:0003cd80       _auth_get_tag_length       00493d80 f   libsrtp-i386-win32-vc8-debug:auth.obj
 0002:0003cda0       _auth_get_prefix_length    00493da0 f   libsrtp-i386-win32-vc8-debug:auth.obj
 0002:0003cdc0       _auth_type_get_ref_count   00493dc0 f   libsrtp-i386-win32-vc8-debug:auth.obj
 0002:0003cde0       _auth_type_self_test       00493de0 f   libsrtp-i386-win32-vc8-debug:auth.obj
 0002:0003d1c0       _cipher_output             004941c0 f   libsrtp-i386-win32-vc8-debug:cipher.obj
 0002:0003d210       _cipher_get_key_length     00494210 f   libsrtp-i386-win32-vc8-debug:cipher.obj
 0002:0003d230       _cipher_type_self_test     00494230 f   libsrtp-i386-win32-vc8-debug:cipher.obj
 0002:0003e150       _cipher_bits_per_second    00495150 f   libsrtp-i386-win32-vc8-debug:cipher.obj
 0002:0003e2e0       _hmac_alloc                004952e0 f   libsrtp-i386-win32-vc8-debug:hmac.obj
 0002:0003e400       _hmac_dealloc              00495400 f   libsrtp-i386-win32-vc8-debug:hmac.obj
 0002:0003e450       _hmac_init                 00495450 f   libsrtp-i386-win32-vc8-debug:hmac.obj
 0002:0003e5b0       _hmac_start                004955b0 f   libsrtp-i386-win32-vc8-debug:hmac.obj
 0002:0003e5f0       _hmac_update               004955f0 f   libsrtp-i386-win32-vc8-debug:hmac.obj
 0002:0003e660       _hmac_compute              00495660 f   libsrtp-i386-win32-vc8-debug:hmac.obj
 0002:0003e7d0       _null_auth_alloc           004957d0 f   libsrtp-i386-win32-vc8-debug:null_auth.obj
 0002:0003e8d0       _null_auth_dealloc         004958d0 f   libsrtp-i386-win32-vc8-debug:null_auth.obj
 0002:0003e920       _null_auth_init            00495920 f   libsrtp-i386-win32-vc8-debug:null_auth.obj
 0002:0003e940       _null_auth_compute         00495940 f   libsrtp-i386-win32-vc8-debug:null_auth.obj
 0002:0003e960       _null_auth_update          00495960 f   libsrtp-i386-win32-vc8-debug:null_auth.obj
 0002:0003e980       _null_auth_start           00495980 f   libsrtp-i386-win32-vc8-debug:null_auth.obj
 0002:0003e9a0       _aes_cbc_alloc             004959a0 f   libsrtp-i386-win32-vc8-debug:aes_cbc.obj
 0002:0003ea70       _aes_cbc_dealloc           00495a70 f   libsrtp-i386-win32-vc8-debug:aes_cbc.obj
 0002:0003eac0       _aes_cbc_context_init      00495ac0 f   libsrtp-i386-win32-vc8-debug:aes_cbc.obj
 0002:0003eb90       _aes_cbc_set_iv            00495b90 f   libsrtp-i386-win32-vc8-debug:aes_cbc.obj
 0002:0003ec30       _aes_cbc_encrypt           00495c30 f   libsrtp-i386-win32-vc8-debug:aes_cbc.obj
 0002:0003ede0       _aes_cbc_decrypt           00495de0 f   libsrtp-i386-win32-vc8-debug:aes_cbc.obj
 0002:0003eff0       _aes_cbc_nist_encrypt      00495ff0 f   libsrtp-i386-win32-vc8-debug:aes_cbc.obj
 0002:0003f0c0       _aes_cbc_nist_decrypt      004960c0 f   libsrtp-i386-win32-vc8-debug:aes_cbc.obj
 0002:0003f160       _null_cipher_alloc         00496160 f   libsrtp-i386-win32-vc8-debug:null_cipher.obj
 0002:0003f210       _null_cipher_dealloc       00496210 f   libsrtp-i386-win32-vc8-debug:null_cipher.obj
 0002:0003f260       _null_cipher_init          00496260 f   libsrtp-i386-win32-vc8-debug:null_cipher.obj
 0002:0003f2a0       _null_cipher_set_iv        004962a0 f   libsrtp-i386-win32-vc8-debug:null_cipher.obj
 0002:0003f2c0       _null_cipher_encrypt       004962c0 f   libsrtp-i386-win32-vc8-debug:null_cipher.obj
 0002:0003f2e0       _ctr_prng_init             004962e0 f   libsrtp-i386-win32-vc8-debug:ctr_prng.obj
 0002:0003f370       _ctr_prng_get_octet_string 00496370 f   libsrtp-i386-win32-vc8-debug:ctr_prng.obj
 0002:0003f400       _ctr_prng_deinit           00496400 f   libsrtp-i386-win32-vc8-debug:ctr_prng.obj
 0002:0003f420       _stat_test_monobit         00496420 f   libsrtp-i386-win32-vc8-debug:stat.obj
 0002:0003f4e0       _stat_test_poker           004964e0 f   libsrtp-i386-win32-vc8-debug:stat.obj
 0002:0003f6d0       _stat_test_runs            004966d0 f   libsrtp-i386-win32-vc8-debug:stat.obj
 0002:0003fb60       _stat_test_rand_source     00496b60 f   libsrtp-i386-win32-vc8-debug:stat.obj
 0002:00040350       _stat_test_rand_source_with_repetition 00497350 f   libsrtp-i386-win32-vc8-debug:stat.obj
 0002:000403e0       _rand_source_init          004973e0 f   libsrtp-i386-win32-vc8-debug:rand_source.obj
 0002:00040420       _rand_source_get_octet_string 00497420 f   libsrtp-i386-win32-vc8-debug:rand_source.obj
 0002:00040480       _rand_source_deinit        00497480 f   libsrtp-i386-win32-vc8-debug:rand_source.obj
 0002:000404b0       _aes_expand_encryption_key 004974b0 f   libsrtp-i386-win32-vc8-debug:aes.obj
 0002:000406f0       _aes_expand_decryption_key 004976f0 f   libsrtp-i386-win32-vc8-debug:aes.obj
 0002:00040b60       _aes_encrypt               00497b60 f   libsrtp-i386-win32-vc8-debug:aes.obj
 0002:00041030       _aes_decrypt               00498030 f   libsrtp-i386-win32-vc8-debug:aes.obj
 0002:00041500       _sha1                      00498500 f   libsrtp-i386-win32-vc8-debug:sha1.obj
 0002:00041560       _sha1_core                 00498560 f   libsrtp-i386-win32-vc8-debug:sha1.obj
 0002:00042070       _sha1_init                 00499070 f   libsrtp-i386-win32-vc8-debug:sha1.obj
 0002:000420e0       _sha1_update               004990e0 f   libsrtp-i386-win32-vc8-debug:sha1.obj
 0002:00042270       _sha1_final                00499270 f   libsrtp-i386-win32-vc8-debug:sha1.obj
 0002:00042d56       _CoCreateGuid@4            00499d56 f   ole32:ole32.dll
 0002:00042d5c       _WSAGetLastError@0         00499d5c f   ws2_32:WS2_32.dll
 0002:00042d62       _WSAStartup@8              00499d62 f   ws2_32:WS2_32.dll
 0002:00042d68       _WSACleanup@0              00499d68 f   ws2_32:WS2_32.dll
 0002:00042d6e       _ioctlsocket@12            00499d6e f   ws2_32:WS2_32.dll
 0002:00042d74       _ntohs@4                   00499d74 f   ws2_32:WS2_32.dll
 0002:00042d7a       _htons@4                   00499d7a f   ws2_32:WS2_32.dll
 0002:00042d80       _ntohl@4                   00499d80 f   ws2_32:WS2_32.dll
 0002:00042d86       _htonl@4                   00499d86 f   ws2_32:WS2_32.dll
 0002:00042d8c       _inet_ntoa@4               00499d8c f   ws2_32:WS2_32.dll
 0002:00042d92       _inet_addr@4               00499d92 f   ws2_32:WS2_32.dll
 0002:00042d98       _WSAStringToAddressA@20    00499d98 f   ws2_32:WS2_32.dll
 0002:00042d9e       _WSAAddressToStringA@20    00499d9e f   ws2_32:WS2_32.dll
 0002:00042da4       _gethostname@8             00499da4 f   ws2_32:WS2_32.dll
 0002:00042daa       _WSASocketA@24             00499daa f   ws2_32:WS2_32.dll
 0002:00042db0       _bind@12                   00499db0 f   ws2_32:WS2_32.dll
 0002:00042db6       _closesocket@4             00499db6 f   ws2_32:WS2_32.dll
 0002:00042dbc       _getpeername@12            00499dbc f   ws2_32:WS2_32.dll
 0002:00042dc2       _getsockname@12            00499dc2 f   ws2_32:WS2_32.dll
 0002:00042dc8       _send@16                   00499dc8 f   ws2_32:WS2_32.dll
 0002:00042dce       _sendto@24                 00499dce f   ws2_32:WS2_32.dll
 0002:00042dd4       _recv@16                   00499dd4 f   ws2_32:WS2_32.dll
 0002:00042dda       _recvfrom@24               00499dda f   ws2_32:WS2_32.dll
 0002:00042de0       _getsockopt@20             00499de0 f   ws2_32:WS2_32.dll
 0002:00042de6       _setsockopt@20             00499de6 f   ws2_32:WS2_32.dll
 0002:00042dec       _connect@12                00499dec f   ws2_32:WS2_32.dll
 0002:00042df2       _shutdown@8                00499df2 f   ws2_32:WS2_32.dll
 0002:00042df8       _listen@8                  00499df8 f   ws2_32:WS2_32.dll
 0002:00042dfe       _accept@12                 00499dfe f   ws2_32:WS2_32.dll
 0002:00042e04       _WSASetLastError@4         00499e04 f   ws2_32:WS2_32.dll
 0002:00042e0a       ___WSAFDIsSet@8            00499e0a f   ws2_32:WS2_32.dll
 0002:00042e10       _select@20                 00499e10 f   ws2_32:WS2_32.dll
 0002:00042e16       _gethostbyname@4           00499e16 f   ws2_32:WS2_32.dll
 0002:00042e20       _fgets                     00499e20 f   LIBCMTD:fgets.obj
 0002:000432e0       ___iob_func                0049a2e0 f   LIBCMTD:_file.obj
 0002:000432f0       ___initstdio               0049a2f0 f   LIBCMTD:_file.obj
 0002:00043490       ___endstdio                0049a490 f   LIBCMTD:_file.obj
 0002:000434d0       __lock_file                0049a4d0 f   LIBCMTD:_file.obj
 0002:00043540       __lock_file2               0049a540 f   LIBCMTD:_file.obj
 0002:00043590       __unlock_file              0049a590 f   LIBCMTD:_file.obj
 0002:00043600       __unlock_file2             0049a600 f   LIBCMTD:_file.obj
 0002:00043650       __wassert                  0049a650 f   LIBCMTD:wassert.obj
 0002:00044760       __invoke_watson_if_error   0049b760 f i LIBCMTD:wassert.obj
 0002:000447a0       __invoke_watson_if_oneof   0049b7a0 f i LIBCMTD:wassert.obj
 0002:00044840       _puts                      0049b840 f   LIBCMTD:puts.obj
 0002:00044c20       _atol                      0049bc20 f   LIBCMTD:atox.obj
 0002:00044c40       __atol_l                   0049bc40 f   LIBCMTD:atox.obj
 0002:00044c60       _atoi                      0049bc60 f   LIBCMTD:atox.obj
 0002:00044c80       __atoi_l                   0049bc80 f   LIBCMTD:atox.obj
 0002:00044ca0       __atoi64                   0049bca0 f   LIBCMTD:atox.obj
 0002:00044cc0       __atoi64_l                 0049bcc0 f   LIBCMTD:atox.obj
 0002:00044ce0       @__security_check_cookie@4 0049bce0 f   LIBCMTD:secchk.obj
 0002:00044d00       _printf                    0049bd00 f   LIBCMTD:printf.obj
 0002:00044e80       __printf_l                 0049be80 f   LIBCMTD:printf.obj
 0002:00044eb0       __printf_s_l               0049beb0 f   LIBCMTD:printf.obj
 0002:00044ee0       _printf_s                  0049bee0 f   LIBCMTD:printf.obj
 0002:00044f10       __printf_p_l               0049bf10 f   LIBCMTD:printf.obj
 0002:00044f40       __printf_p                 0049bf40 f   LIBCMTD:printf.obj
 0002:00044f70       __set_printf_count_output  0049bf70 f   LIBCMTD:printf.obj
 0002:00044fd0       __get_printf_count_output  0049bfd0 f   LIBCMTD:printf.obj
 0002:00044ff0       _sin                       0049bff0 f   LIBCMTD:sin.obj
 0002:00045030       __CIsin                    0049c030 f   LIBCMTD:sin.obj
 0002:0004506b       __CIsin_default            0049c06b f   LIBCMTD:sin.obj
 0002:0004507f       __sin_default              0049c07f     LIBCMTD:sin.obj
 0002:00045170       __fpmath                   0049c170 f   LIBCMTD:fpinit.obj
 0002:000451a0       __fpclear                  0049c1a0 f   LIBCMTD:fpinit.obj
 0002:000451b0       __cfltcvt_init             0049c1b0 f   LIBCMTD:fpinit.obj
 0002:00045240       ___setfflag                0049c240 f   LIBCMTD:fpinit.obj
 0002:00045270       __ftol2_sse                0049c270 f   LIBCMTD:ftol2.obj
 0002:00045279       __ftol2_pentium4           0049c279 f   LIBCMTD:ftol2.obj
 0002:0004528c       __ftol2_sse_excpt          0049c28c f   LIBCMTD:ftol2.obj
 0002:000452a6       __ftol2                    0049c2a6 f   LIBCMTD:ftol2.obj
 0002:00045350       _mainCRTStartup            0049c350 f   LIBCMTD:crt0.obj
 0002:000456d0       __set_osplatform           0049c6d0 f i LIBCMTD:crt0.obj
 0002:000456e0       __set_osver                0049c6e0 f i LIBCMTD:crt0.obj
 0002:000456f0       __set_winver               0049c6f0 f i LIBCMTD:crt0.obj
 0002:00045700       __set_winmajor             0049c700 f i LIBCMTD:crt0.obj
 0002:00045710       __set_winminor             0049c710 f i LIBCMTD:crt0.obj
 0002:000457f0       __snprintf                 0049c7f0 f   LIBCMTD:snprintf.obj
 0002:00045a00       __snprintf_l               0049ca00 f   LIBCMTD:snprintf.obj
 0002:00045a40       _memset                    0049ca40 f   LIBCMTD:memset.obj
 0002:00045ae0       _sprintf                   0049cae0 f   LIBCMTD:sprintf.obj
 0002:00045cc0       __sprintf_l                0049ccc0 f   LIBCMTD:sprintf.obj
 0002:00045cf0       _sprintf_s                 0049ccf0 f   LIBCMTD:sprintf.obj
 0002:00045d30       __sprintf_s_l              0049cd30 f   LIBCMTD:sprintf.obj
 0002:00045d70       __snprintf_s               0049cd70 f   LIBCMTD:sprintf.obj
 0002:00045db0       __snprintf_s_l             0049cdb0 f   LIBCMTD:sprintf.obj
 0002:00045df0       __sprintf_p                0049cdf0 f   LIBCMTD:sprintf.obj
 0002:00045e30       __sprintf_p_l              0049ce30 f   LIBCMTD:sprintf.obj
 0002:00045e70       __scprintf                 0049ce70 f   LIBCMTD:sprintf.obj
 0002:00045ea0       __scprintf_p               0049cea0 f   LIBCMTD:sprintf.obj
 0002:00045ed0       __scprintf_l               0049ced0 f   LIBCMTD:sprintf.obj
 0002:00045f00       __scprintf_p_l             0049cf00 f   LIBCMTD:sprintf.obj
 0002:00045f30       _memcpy                    0049cf30 f   LIBCMTD:memcpy.obj
 0002:00046370       __stricmp_l                0049d370 f   LIBCMTD:stricmp.obj
 0002:00046580       ??0_LocaleUpdate@@QAE@PAUlocaleinfo_struct@@@Z 0049d580 f i LIBCMTD:stricmp.obj
 0002:00046690       ??1_LocaleUpdate@@QAE@XZ   0049d690 f i LIBCMTD:stricmp.obj
 0002:000466d0       ?GetLocaleT@_LocaleUpdate@@QAEPAUlocaleinfo_struct@@XZ 0049d6d0 f i LIBCMTD:stricmp.obj
 0002:000466f0       ___ascii_stricmp           0049d6f0 f   LIBCMTD:stricmp.obj
 0002:00046780       __stricmp                  0049d780 f   LIBCMTD:stricmp.obj
 0002:000468d0       _strlen                    0049d8d0 f   LIBCMTD:strlen.obj
 0002:00046980       __setjmp3                  0049d980 f   LIBCMTD:setjmp3.obj
 0002:00046a20       __isalpha_l                0049da20 f i LIBCMTD:_ctype.obj
 0002:00046ad0       _isalpha                   0049dad0 f i LIBCMTD:_ctype.obj
 0002:00046b10       __isupper_l                0049db10 f i LIBCMTD:_ctype.obj
 0002:00046bb0       _isupper                   0049dbb0 f i LIBCMTD:_ctype.obj
 0002:00046bf0       __islower_l                0049dbf0 f i LIBCMTD:_ctype.obj
 0002:00046c90       _islower                   0049dc90 f i LIBCMTD:_ctype.obj
 0002:00046cd0       __isdigit_l                0049dcd0 f i LIBCMTD:_ctype.obj
 0002:00046d70       _isdigit                   0049dd70 f i LIBCMTD:_ctype.obj
 0002:00046db0       __isxdigit_l               0049ddb0 f i LIBCMTD:_ctype.obj
 0002:00046e60       _isxdigit                  0049de60 f i LIBCMTD:_ctype.obj
 0002:00046ea0       __isspace_l                0049dea0 f i LIBCMTD:_ctype.obj
 0002:00046f40       _isspace                   0049df40 f i LIBCMTD:_ctype.obj
 0002:00046f80       __ispunct_l                0049df80 f i LIBCMTD:_ctype.obj
 0002:00047020       _ispunct                   0049e020 f i LIBCMTD:_ctype.obj
 0002:00047060       __isalnum_l                0049e060 f i LIBCMTD:_ctype.obj
 0002:00047110       _isalnum                   0049e110 f i LIBCMTD:_ctype.obj
 0002:00047150       __isprint_l                0049e150 f i LIBCMTD:_ctype.obj
 0002:00047200       _isprint                   0049e200 f i LIBCMTD:_ctype.obj
 0002:00047240       __isgraph_l                0049e240 f i LIBCMTD:_ctype.obj
 0002:000472f0       _isgraph                   0049e2f0 f i LIBCMTD:_ctype.obj
 0002:00047330       __iscntrl_l                0049e330 f i LIBCMTD:_ctype.obj
 0002:000473d0       _iscntrl                   0049e3d0 f i LIBCMTD:_ctype.obj
 0002:00047410       ___isascii                 0049e410 f i LIBCMTD:_ctype.obj
 0002:00047430       ___toascii                 0049e430 f i LIBCMTD:_ctype.obj
 0002:00047440       __iscsymf_l                0049e440 f i LIBCMTD:_ctype.obj
 0002:00047490       ___iscsymf                 0049e490 f i LIBCMTD:_ctype.obj
 0002:000474d0       __iscsym_l                 0049e4d0 f i LIBCMTD:_ctype.obj
 0002:00047520       ___iscsym                  0049e520 f i LIBCMTD:_ctype.obj
 0002:00047570       _memmove                   0049e570 f   LIBCMTD:memmove.obj
 0002:000479b0       _strtok                    0049e9b0 f   LIBCMTD:strtok.obj
 0002:00047b50       _strncpy                   0049eb50 f   LIBCMTD:strncpy.obj
 0002:00047cc0       _cos                       0049ecc0 f   LIBCMTD:cos.obj
 0002:00047d00       __CIcos                    0049ed00 f   LIBCMTD:cos.obj
 0002:00047d3b       __CIcos_default            0049ed3b f   LIBCMTD:cos.obj
 0002:00047d4f       __cos_default              0049ed4f     LIBCMTD:cos.obj
 0002:00047e50       _strchr                    0049ee50 f   LIBCMTD:strchr.obj
 0002:00047e56       ___from_strstr_to_strchr   0049ee56     LIBCMTD:strchr.obj
 0002:00047f50       _memchr                    0049ef50 f   LIBCMTD:memchr.obj
 0002:00048030       _strncmp                   0049f030 f   LIBCMTD:strncmp.obj
 0002:00048200       __strnicmp_l               0049f200 f   LIBCMTD:strnicmp.obj
 0002:000484d0       __strnicmp                 0049f4d0 f   LIBCMTD:strnicmp.obj
 0002:000486c0       _malloc                    0049f6c0 f   LIBCMTD:dbgheap.obj
 0002:000486f0       __malloc_dbg               0049f6f0 f   LIBCMTD:dbgheap.obj
 0002:00048730       __nh_malloc                0049f730 f   LIBCMTD:dbgheap.obj
 0002:00048760       __nh_malloc_dbg            0049f760 f   LIBCMTD:dbgheap.obj
 0002:000487e0       __heap_alloc               0049f7e0 f   LIBCMTD:dbgheap.obj
 0002:00048800       __heap_alloc_dbg           0049f800 f   LIBCMTD:dbgheap.obj
 0002:00048c80       _calloc                    0049fc80 f   LIBCMTD:dbgheap.obj
 0002:00048cb0       __calloc_dbg               0049fcb0 f   LIBCMTD:dbgheap.obj
 0002:00048da0       _realloc                   0049fda0 f   LIBCMTD:dbgheap.obj
 0002:00048dd0       __recalloc                 0049fdd0 f   LIBCMTD:dbgheap.obj
 0002:00048e10       __realloc_dbg              0049fe10 f   LIBCMTD:dbgheap.obj
 0002:000495d0       __recalloc_dbg             004a05d0 f   LIBCMTD:dbgheap.obj
 0002:00049710       __expand                   004a0710 f   LIBCMTD:dbgheap.obj
 0002:00049740       __expand_dbg               004a0740 f   LIBCMTD:dbgheap.obj
 0002:00049890       _free                      004a0890 f   LIBCMTD:dbgheap.obj
 0002:000498b0       __free_nolock              004a08b0 f   LIBCMTD:dbgheap.obj
 0002:000498d0       __free_dbg                 004a08d0 f   LIBCMTD:dbgheap.obj
 0002:00049970       __free_dbg_nolock          004a0970 f   LIBCMTD:dbgheap.obj
 0002:00049f80       __msize                    004a0f80 f   LIBCMTD:dbgheap.obj
 0002:00049fa0       __msize_dbg                004a0fa0 f   LIBCMTD:dbgheap.obj
 0002:0004a200       __CrtSetBreakAlloc         004a1200 f   LIBCMTD:dbgheap.obj
 0002:0004a230       __CrtSetDbgBlockType       004a1230 f   LIBCMTD:dbgheap.obj
 0002:0004a350       __CrtSetAllocHook          004a1350 f   LIBCMTD:dbgheap.obj
 0002:0004a380       __CrtGetAllocHook          004a1380 f   LIBCMTD:dbgheap.obj
 0002:0004a3f0       __CrtCheckMemory           004a13f0 f   LIBCMTD:dbgheap.obj
 0002:0004a960       __CrtSetDbgFlag            004a1960 f   LIBCMTD:dbgheap.obj
 0002:0004ab00       __CrtDoForAllClientObjects 004a1b00 f   LIBCMTD:dbgheap.obj
 0002:0004ac60       __CrtIsValidPointer        004a1c60 f   LIBCMTD:dbgheap.obj
 0002:0004ac80       __CrtIsValidHeapPointer    004a1c80 f   LIBCMTD:dbgheap.obj
 0002:0004ada0       __CrtIsMemoryBlock         004a1da0 f   LIBCMTD:dbgheap.obj
 0002:0004af70       __CrtReportBlockType       004a1f70 f   LIBCMTD:dbgheap.obj
 0002:0004afb0       __CrtSetDumpClient         004a1fb0 f   LIBCMTD:dbgheap.obj
 0002:0004afe0       __CrtGetDumpClient         004a1fe0 f   LIBCMTD:dbgheap.obj
 0002:0004aff0       __CrtMemCheckpoint         004a1ff0 f   LIBCMTD:dbgheap.obj
 0002:0004b290       __CrtMemDifference         004a2290 f   LIBCMTD:dbgheap.obj
 0002:0004b530       __CrtMemDumpAllObjectsSince 004a2530 f   LIBCMTD:dbgheap.obj
 0002:0004bb60       __CrtDumpMemoryLeaks       004a2b60 f   LIBCMTD:dbgheap.obj
 0002:0004bbe0       __CrtMemDumpStatistics     004a2be0 f   LIBCMTD:dbgheap.obj
 0002:0004bd30       __aligned_malloc           004a2d30 f   LIBCMTD:dbgheap.obj
 0002:0004bd60       __aligned_malloc_dbg       004a2d60 f   LIBCMTD:dbgheap.obj
 0002:0004bd90       __aligned_realloc          004a2d90 f   LIBCMTD:dbgheap.obj
 0002:0004bdc0       __aligned_recalloc         004a2dc0 f   LIBCMTD:dbgheap.obj
 0002:0004bdf0       __aligned_realloc_dbg      004a2df0 f   LIBCMTD:dbgheap.obj
 0002:0004be20       __aligned_recalloc_dbg     004a2e20 f   LIBCMTD:dbgheap.obj
 0002:0004be50       __aligned_offset_malloc    004a2e50 f   LIBCMTD:dbgheap.obj
 0002:0004be80       __aligned_offset_malloc_dbg 004a2e80 f   LIBCMTD:dbgheap.obj
 0002:0004c080       __aligned_offset_realloc   004a3080 f   LIBCMTD:dbgheap.obj
 0002:0004c0b0       __aligned_offset_recalloc  004a30b0 f   LIBCMTD:dbgheap.obj
 0002:0004c0e0       __aligned_offset_realloc_dbg 004a30e0 f   LIBCMTD:dbgheap.obj
 0002:0004c460       __aligned_offset_recalloc_dbg 004a3460 f   LIBCMTD:dbgheap.obj
 0002:0004c5b0       __aligned_free             004a35b0 f   LIBCMTD:dbgheap.obj
[...]
 0004:0000770c       __crtheap                  0054270c     LIBCMTD:heapinit.obj
 0004:00007ac8       ___mbulinfo                00542ac8     LIBCMTD:mbctype.obj
 0004:00007ad4       ___mbcodepage              00542ad4     LIBCMTD:mbctype.obj
 0004:00007ad8       ___ismbcodepage            00542ad8     LIBCMTD:mbctype.obj
 0004:00007adc       ___mblcid                  00542adc     LIBCMTD:mbctype.obj
 0004:00007ae8       ___locale_changed          00542ae8     LIBCMTD:setlocal.obj
 0004:00007aec       ___lc_handle               00542aec     LIBCMTD:nlsdata2.obj
 0004:00007b04       ___lc_codepage             00542b04     LIBCMTD:nlsdata2.obj
 0004:00007b08       ___lc_collate_cp           00542b08     LIBCMTD:nlsdata2.obj
 0004:00007b14       __newmode                  00542b14     LIBCMTD:_newmode.obj
 0004:00007b18       ?_pnhHeap@@3P6AHI@ZA       00542b18     LIBCMTD:handler.obj
 0004:00007b1c       ___sbh_pHeaderDefer        00542b1c     LIBCMTD:sbheap.obj
 0004:00007b24       ?__pInconsistency@@3P6AXXZA 00542b24     LIBCMTD:hooks.obj
 0004:00007b34       ___pPurecall               00542b34     LIBCMTD:inithelp.obj
 0004:00007b58       __outputformat             00542b58     LIBCMTD:outputformat.obj
 0004:00007b64       ___lconv_static_null       00542b64     LIBCMTD:lconv.obj
 0004:00007b70       ?wsprintffp@@3P6AHPADPBDZZA 00542b70     LIBCMTD:error.obj
 0004:00007c90       ?pArgList@UnDecorator@@0PAVReplicator@@A 00542c90     LIBCMTD:undname.obj
 0004:00007c94       ?pZNameList@UnDecorator@@0PAVReplicator@@A 00542c94     LIBCMTD:undname.obj
 0004:00007c98       ?pTemplateArgList@UnDecorator@@0PAVReplicator@@A 00542c98     LIBCMTD:undname.obj
 0004:00007c9c       ?gName@UnDecorator@@0PBDB  00542c9c     LIBCMTD:undname.obj
 0004:00007ca0       ?name@UnDecorator@@0PBDB   00542ca0     LIBCMTD:undname.obj
 0004:00007ca4       ?outputString@UnDecorator@@0PADA 00542ca4     LIBCMTD:undname.obj
 0004:00007ca8       ?maxStringLength@UnDecorator@@0HA 00542ca8     LIBCMTD:undname.obj
 0004:00007cac       ?disableFlags@UnDecorator@@0KA 00542cac     LIBCMTD:undname.obj
 0004:00007cb0       ?m_pGetParameter@UnDecorator@@0P6APADJ@ZA 00542cb0     LIBCMTD:undname.obj
 0004:00007cb4       ?fExplicitTemplateParams@UnDecorator@@0_NA 00542cb4     LIBCMTD:undname.obj
 0004:00007cb5       ?fGetTemplateArgumentList@UnDecorator@@0_NA 00542cb5     LIBCMTD:undname.obj
 0004:00008320       _stack_based_factory       00543320     <common>
 0004:00008354       _PJ_NO_MEMORY_EXCEPTION    00543354     <common>
 0004:00008360       _ctr_prng                  00543360     <common>
 0004:000084a0       _bit_string                005434a0     <common>
 0004:00008974       __pfnReportHook            00543974     <common>
 0004:00008984       __pReportHookListW         00543984     <common>
 0004:00008988       __pReportHookList          00543988     <common>
 0004:0000898c       __pmatherr                 0054398c     <common>
 0004:00008998       ___sbh_initialized         00543998     <common>
 0004:000089ac       ___sbh_cntHeaderList       005439ac     <common>
 0004:000089b0       ___sbh_pHeaderList         005439b0     <common>
 0004:000089b4       ___sbh_threshold           005439b4     <common>
 0004:000089b8       ___sbh_pHeaderScan         005439b8     <common>
 0004:000089bc       ___sbh_sizeHeaderList      005439bc     <common>
 0004:000089c0       ___sbh_indGroupDefer       005439c0     <common>
 0004:000089c4       __debugger_hook_dummy      005439c4     <common>
 0004:000089d0       ___setlc_active            005439d0     <common>
 0004:000089e0       ___unguarded_readlc_active 005439e0     <common>
 0004:000089e4       ___active_heap             005439e4     <common>
 0004:000089f0       ___use_sse2_mathfcns       005439f0     <common>
 0004:00008a00       ___sse2_available          00543a00     <common>
 0004:00008a04       __nhandle                  00543a04     <common>
 0004:00008a60       ___pioinfo                 00543a60     <common>
 0004:00008b60       ___env_initialized         00543b60     <common>
 0004:00008b70       ___onexitend               00543b70     <common>
 0004:00008b74       ___onexitbegin             00543b74     <common>
 0004:00008b78       ___mbctype_initialized     00543b78     <common>
 0004:00008b7c       ___dyn_tls_init_callback   00543b7c     <common>
 0004:00008b80       __setjmpexused             00543b80     <common>
 0004:00008b8c       __acmdln                   00543b8c     <common>
 0004:00008b98       ___piob                    00543b98     <common>
 0004:00008ee0       __bufin                    00543ee0     <common>
 0004:00009ee0       __nstream                  00544ee0     <common>
 0005:00000000       __IMPORT_DESCRIPTOR_ole32  00545000     ole32:ole32.dll
 0005:00000014       __IMPORT_DESCRIPTOR_WS2_32 00545014     ws2_32:WS2_32.dll
 0005:00000028       __IMPORT_DESCRIPTOR_KERNEL32 00545028     kernel32:KERNEL32.dll
 0005:0000003c       __IMPORT_DESCRIPTOR_WINMM  0054503c     winmm:WINMM.dll
 0005:00000050       __NULL_IMPORT_DESCRIPTOR   00545050     ole32:ole32.dll
 0005:0000044c       __imp__RtlUnwind@16        0054544c     kernel32:KERNEL32.dll
 0005:00000450       __imp__SetStdHandle@8      00545450     kernel32:KERNEL32.dll
 0005:00000454       __imp__GetLocaleInfoW@16   00545454     kernel32:KERNEL32.dll
 0005:00000458       __imp__GetUserDefaultLCID@0 00545458     kernel32:KERNEL32.dll
 0005:0000045c       __imp__EnumSystemLocalesA@8 0054545c     kernel32:KERNEL32.dll
 0005:00000460       __imp__IsValidLocale@8     00545460     kernel32:KERNEL32.dll
 0005:00000464       __imp__GetLocaleInfoA@16   00545464     kernel32:KERNEL32.dll
 0005:00000468       __imp__GetDateFormatA@24   00545468     kernel32:KERNEL32.dll
 0005:0000046c       __imp__GetTimeFormatA@24   0054546c     kernel32:KERNEL32.dll
 0005:00000470       __imp__GetStringTypeW@16   00545470     kernel32:KERNEL32.dll
 0005:00000474       __imp__GetStringTypeA@20   00545474     kernel32:KERNEL32.dll
 0005:00000478       __imp__LCMapStringW@24     00545478     kernel32:KERNEL32.dll
 0005:0000047c       __imp__LCMapStringA@24     0054547c     kernel32:KERNEL32.dll
 0005:00000480       __imp__SetFilePointer@16   00545480     kernel32:KERNEL32.dll
 0005:00000484       __imp__GetConsoleMode@8    00545484     kernel32:KERNEL32.dll
 0005:00000488       __imp__GetConsoleCP@0      00545488     kernel32:KERNEL32.dll
 0005:0000048c       __imp__FlushFileBuffers@4  0054548c     kernel32:KERNEL32.dll
 0005:00000490       __imp__OutputDebugStringW@4 00545490     kernel32:KERNEL32.dll
 0005:00000494       __imp__OutputDebugStringA@4 00545494     kernel32:KERNEL32.dll
 0005:00000498       __imp__DebugBreak@0        00545498     kernel32:KERNEL32.dll
 0005:0000049c       __imp__ReadFile@20         0054549c     kernel32:KERNEL32.dll
 0005:000004a0       __imp__MultiByteToWideChar@24 005454a0     kernel32:KERNEL32.dll
 0005:000004a4       __imp__RaiseException@16   005454a4     kernel32:KERNEL32.dll
 0005:000004a8       __imp__VirtualAlloc@16     005454a8     kernel32:KERNEL32.dll
 0005:000004ac       __imp__HeapReAlloc@16      005454ac     kernel32:KERNEL32.dll
 0005:000004b0       __imp__WaitForMultipleObjects@16 005454b0     kernel32:KERNEL32.dll
 0005:000004b4       __imp__SetEnvironmentVariableA@8 005454b4     kernel32:KERNEL32.dll
 0005:000004b8       __imp__CompareStringW@24   005454b8     kernel32:KERNEL32.dll
 0005:000004bc       __imp__CompareStringA@24   005454bc     kernel32:KERNEL32.dll
 0005:000004c0       __imp__VirtualQuery@12     005454c0     kernel32:KERNEL32.dll
 0005:000004c4       __imp__CreateFileA@28      005454c4     kernel32:KERNEL32.dll
 0005:000004c8       __imp__GetTimeZoneInformation@4 005454c8     kernel32:KERNEL32.dll
 0005:000004cc       __imp__lstrlenA@4          005454cc     kernel32:KERNEL32.dll
 0005:000004d0       __imp__GetConsoleOutputCP@0 005454d0     kernel32:KERNEL32.dll
 0005:000004d4       __imp__GetCurrentProcessId@0 005454d4     kernel32:KERNEL32.dll
 0005:000004d8       __imp__GetThreadPriority@4 005454d8     kernel32:KERNEL32.dll
 0005:000004dc       __imp__GetLastError@0      005454dc     kernel32:KERNEL32.dll
 0005:000004e0       __imp__SetThreadPriority@8 005454e0     kernel32:KERNEL32.dll
 0005:000004e4       __imp__GetCurrentThreadId@0 005454e4     kernel32:KERNEL32.dll
 0005:000004e8       __imp__GetCurrentThread@0  005454e8     kernel32:KERNEL32.dll
 0005:000004ec       __imp__CreateThread@24     005454ec     kernel32:KERNEL32.dll
 0005:000004f0       __imp__ResumeThread@4      005454f0     kernel32:KERNEL32.dll
 0005:000004f4       __imp__WaitForSingleObject@8 005454f4     kernel32:KERNEL32.dll
 0005:000004f8       __imp__CloseHandle@4       005454f8     kernel32:KERNEL32.dll
 0005:000004fc       __imp__Sleep@4             005454fc     kernel32:KERNEL32.dll
 0005:00000500       __imp__InterlockedExchange@8 00545500     kernel32:KERNEL32.dll
 0005:00000504       __imp__InterlockedIncrement@4 00545504     kernel32:KERNEL32.dll
 0005:00000508       __imp__InterlockedDecrement@4 00545508     kernel32:KERNEL32.dll
 0005:0000050c       __imp__InterlockedExchangeAdd@8 0054550c     kernel32:KERNEL32.dll
 0005:00000510       __imp__TlsAlloc@0          00545510     kernel32:KERNEL32.dll
 0005:00000514       __imp__TlsFree@4           00545514     kernel32:KERNEL32.dll
 0005:00000518       __imp__TlsSetValue@8       00545518     kernel32:KERNEL32.dll
 0005:0000051c       __imp__TlsGetValue@4       0054551c     kernel32:KERNEL32.dll
 0005:00000520       __imp__InitializeCriticalSection@4 00545520     kernel32:KERNEL32.dll
 0005:00000524       __imp__EnterCriticalSection@4 00545524     kernel32:KERNEL32.dll
 0005:00000528       __imp__LeaveCriticalSection@4 00545528     kernel32:KERNEL32.dll
 0005:0000052c       __imp__TryEnterCriticalSection@4 0054552c     kernel32:KERNEL32.dll
 0005:00000530       __imp__DeleteCriticalSection@4 00545530     kernel32:KERNEL32.dll
 0005:00000534       __imp__CreateSemaphoreA@16 00545534     kernel32:KERNEL32.dll
 0005:00000538       __imp__ReleaseSemaphore@12 00545538     kernel32:KERNEL32.dll
 0005:0000053c       __imp__CreateEventA@16     0054553c     kernel32:KERNEL32.dll
 0005:00000540       __imp__SetEvent@4          00545540     kernel32:KERNEL32.dll
 0005:00000544       __imp__PulseEvent@4        00545544     kernel32:KERNEL32.dll
 0005:00000548       __imp__ResetEvent@4        00545548     kernel32:KERNEL32.dll
 0005:0000054c       __imp__SetConsoleTextAttribute@8 0054554c     kernel32:KERNEL32.dll
 0005:00000550       __imp__GetStdHandle@4      00545550     kernel32:KERNEL32.dll
 0005:00000554       __imp__GetConsoleScreenBufferInfo@8 00545554     kernel32:KERNEL32.dll
 0005:00000558       __imp__SystemTimeToFileTime@8 00545558     kernel32:KERNEL32.dll
 0005:0000055c       __imp__GetLocalTime@4      0054555c     kernel32:KERNEL32.dll
 0005:00000560       __imp__FileTimeToSystemTime@8 00545560     kernel32:KERNEL32.dll
 0005:00000564       __imp__QueryPerformanceCounter@4 00545564     kernel32:KERNEL32.dll
 0005:00000568       __imp__QueryPerformanceFrequency@4 00545568     kernel32:KERNEL32.dll
 0005:0000056c       __imp__SetLastError@4      0054556c     kernel32:KERNEL32.dll
 0005:00000570       __imp__FormatMessageA@28   00545570     kernel32:KERNEL32.dll
 0005:00000574       __imp__GetProcAddress@8    00545574     kernel32:KERNEL32.dll
 0005:00000578       __imp__LoadLibraryA@4      00545578     kernel32:KERNEL32.dll
 0005:0000057c       __imp__FreeLibrary@4       0054557c     kernel32:KERNEL32.dll
 0005:00000580       __imp__GetModuleFileNameW@12 00545580     kernel32:KERNEL32.dll
 0005:00000584       __imp__WriteConsoleW@20    00545584     kernel32:KERNEL32.dll
 0005:00000588       __imp__GetFileType@4       00545588     kernel32:KERNEL32.dll
 0005:0000058c       __imp__GetCommandLineA@0   0054558c     kernel32:KERNEL32.dll
 0005:00000590       __imp__HeapFree@12         00545590     kernel32:KERNEL32.dll
 0005:00000594       __imp__GetVersionExA@4     00545594     kernel32:KERNEL32.dll
 0005:00000598       __imp__HeapAlloc@12        00545598     kernel32:KERNEL32.dll
 0005:0000059c       __imp__GetProcessHeap@0    0054559c     kernel32:KERNEL32.dll
 0005:000005a0       __imp__HeapValidate@12     005455a0     kernel32:KERNEL32.dll
 0005:000005a4       __imp__IsBadReadPtr@8      005455a4     kernel32:KERNEL32.dll
 0005:000005a8       __imp__IsValidCodePage@4   005455a8     kernel32:KERNEL32.dll
 0005:000005ac       __imp__GetModuleHandleA@4  005455ac     kernel32:KERNEL32.dll
 0005:000005b0       __imp__ExitProcess@4       005455b0     kernel32:KERNEL32.dll
 0005:000005b4       __imp__GetSystemTimeAsFileTime@4 005455b4     kernel32:KERNEL32.dll
 0005:000005b8       __imp__SetHandleCount@4    005455b8     kernel32:KERNEL32.dll
 0005:000005bc       __imp__GetStartupInfoA@4   005455bc     kernel32:KERNEL32.dll
 0005:000005c0       __imp__TerminateProcess@8  005455c0     kernel32:KERNEL32.dll
 0005:000005c4       __imp__GetCurrentProcess@0 005455c4     kernel32:KERNEL32.dll
 0005:000005c8       __imp__UnhandledExceptionFilter@4 005455c8     kernel32:KERNEL32.dll
 0005:000005cc       __imp__SetUnhandledExceptionFilter@4 005455cc     kernel32:KERNEL32.dll
 0005:000005d0       __imp__IsDebuggerPresent@0 005455d0     kernel32:KERNEL32.dll
 0005:000005d4       __imp__FatalAppExitA@8     005455d4     kernel32:KERNEL32.dll
 0005:000005d8       __imp__SetConsoleCtrlHandler@8 005455d8     kernel32:KERNEL32.dll
 0005:000005dc       __imp__LoadLibraryW@4      005455dc     kernel32:KERNEL32.dll
 0005:000005e0       __imp__GetModuleFileNameA@12 005455e0     kernel32:KERNEL32.dll
 0005:000005e4       __imp__WideCharToMultiByte@32 005455e4     kernel32:KERNEL32.dll
 0005:000005e8       __imp__GetTickCount@0      005455e8     kernel32:KERNEL32.dll
 0005:000005ec       __imp__FreeEnvironmentStringsA@4 005455ec     kernel32:KERNEL32.dll
 0005:000005f0       __imp__GetEnvironmentStrings@0 005455f0     kernel32:KERNEL32.dll
 0005:000005f4       __imp__FreeEnvironmentStringsW@4 005455f4     kernel32:KERNEL32.dll
 0005:000005f8       __imp__GetEnvironmentStringsW@0 005455f8     kernel32:KERNEL32.dll
 0005:000005fc       __imp__HeapDestroy@4       005455fc     kernel32:KERNEL32.dll
 0005:00000600       __imp__HeapCreate@12       00545600     kernel32:KERNEL32.dll
 0005:00000604       __imp__VirtualFree@12      00545604     kernel32:KERNEL32.dll
 0005:00000608       __imp__WriteFile@20        00545608     kernel32:KERNEL32.dll
 0005:0000060c       __imp__GetACP@0            0054560c     kernel32:KERNEL32.dll
 0005:00000610       __imp__GetOEMCP@0          00545610     kernel32:KERNEL32.dll
 0005:00000614       __imp__GetCPInfo@8         00545614     kernel32:KERNEL32.dll
 0005:00000618       __imp__WriteConsoleA@20    00545618     kernel32:KERNEL32.dll
 0005:0000061c       \177KERNEL32_NULL_THUNK_DATA 0054561c     kernel32:KERNEL32.dll
 0005:000006a4       __imp__waveOutGetDevCapsA@12 005456a4     winmm:WINMM.dll
 0005:000006a8       __imp__waveInGetDevCapsA@12 005456a8     winmm:WINMM.dll
 0005:000006ac       __imp__waveOutGetNumDevs@0 005456ac     winmm:WINMM.dll
 0005:000006b0       __imp__waveInGetNumDevs@0  005456b0     winmm:WINMM.dll
 0005:000006b4       __imp__waveOutWrite@12     005456b4     winmm:WINMM.dll
 0005:000006b8       __imp__waveOutPrepareHeader@12 005456b8     winmm:WINMM.dll
 0005:000006bc       __imp__waveOutPause@4      005456bc     winmm:WINMM.dll
 0005:000006c0       __imp__waveOutOpen@24      005456c0     winmm:WINMM.dll
 0005:000006c4       __imp__waveInAddBuffer@12  005456c4     winmm:WINMM.dll
 0005:000006c8       __imp__waveInPrepareHeader@12 005456c8     winmm:WINMM.dll
 0005:000006cc       __imp__waveInOpen@24       005456cc     winmm:WINMM.dll
 0005:000006d0       __imp__waveOutGetVolume@8  005456d0     winmm:WINMM.dll
 0005:000006d4       __imp__waveOutSetVolume@8  005456d4     winmm:WINMM.dll
 0005:000006d8       __imp__waveInStart@4       005456d8     winmm:WINMM.dll
 0005:000006dc       __imp__waveOutRestart@4    005456dc     winmm:WINMM.dll
 0005:000006e0       __imp__waveInStop@4        005456e0     winmm:WINMM.dll
 0005:000006e4       __imp__waveInClose@4       005456e4     winmm:WINMM.dll
 0005:000006e8       __imp__waveInUnprepareHeader@12 005456e8     winmm:WINMM.dll
 0005:000006ec       __imp__waveInReset@4       005456ec     winmm:WINMM.dll
 0005:000006f0       __imp__waveOutClose@4      005456f0     winmm:WINMM.dll
 0005:000006f4       __imp__waveOutUnprepareHeader@12 005456f4     winmm:WINMM.dll
 0005:000006f8       __imp__waveOutReset@4      005456f8     winmm:WINMM.dll
 0005:000006fc       __imp__waveOutGetErrorTextA@12 005456fc     winmm:WINMM.dll
 0005:00000700       __imp__waveInGetErrorTextA@12 00545700     winmm:WINMM.dll
 0005:00000704       \177WINMM_NULL_THUNK_DATA  00545704     winmm:WINMM.dll
 0005:00000740       __imp__gethostbyname@4     00545740     ws2_32:WS2_32.dll
 0005:00000744       __imp__select@20           00545744     ws2_32:WS2_32.dll
 0005:00000748       __imp____WSAFDIsSet@8      00545748     ws2_32:WS2_32.dll
 0005:0000074c       __imp__WSASetLastError@4   0054574c     ws2_32:WS2_32.dll
 0005:00000750       __imp__accept@12           00545750     ws2_32:WS2_32.dll
 0005:00000754       __imp__listen@8            00545754     ws2_32:WS2_32.dll
 0005:00000758       __imp__shutdown@8          00545758     ws2_32:WS2_32.dll
 0005:0000075c       __imp__connect@12          0054575c     ws2_32:WS2_32.dll
 0005:00000760       __imp__setsockopt@20       00545760     ws2_32:WS2_32.dll
 0005:00000764       __imp__getsockopt@20       00545764     ws2_32:WS2_32.dll
 0005:00000768       __imp__recvfrom@24         00545768     ws2_32:WS2_32.dll
 0005:0000076c       __imp__recv@16             0054576c     ws2_32:WS2_32.dll
 0005:00000770       __imp__sendto@24           00545770     ws2_32:WS2_32.dll
 0005:00000774       __imp__send@16             00545774     ws2_32:WS2_32.dll
 0005:00000778       __imp__getsockname@12      00545778     ws2_32:WS2_32.dll
 0005:0000077c       __imp__getpeername@12      0054577c     ws2_32:WS2_32.dll
 0005:00000780       __imp__closesocket@4       00545780     ws2_32:WS2_32.dll
 0005:00000784       __imp__bind@12             00545784     ws2_32:WS2_32.dll
 0005:00000788       __imp__WSASocketA@24       00545788     ws2_32:WS2_32.dll
 0005:0000078c       __imp__gethostname@8       0054578c     ws2_32:WS2_32.dll
 0005:00000790       __imp__WSAAddressToStringA@20 00545790     ws2_32:WS2_32.dll
 0005:00000794       __imp__WSAStringToAddressA@20 00545794     ws2_32:WS2_32.dll
 0005:00000798       __imp__inet_addr@4         00545798     ws2_32:WS2_32.dll
 0005:0000079c       __imp__inet_ntoa@4         0054579c     ws2_32:WS2_32.dll
 0005:000007a0       __imp__htonl@4             005457a0     ws2_32:WS2_32.dll
 0005:000007a4       __imp__ntohl@4             005457a4     ws2_32:WS2_32.dll
 0005:000007a8       __imp__htons@4             005457a8     ws2_32:WS2_32.dll
 0005:000007ac       __imp__ntohs@4             005457ac     ws2_32:WS2_32.dll
 0005:000007b0       __imp__ioctlsocket@12      005457b0     ws2_32:WS2_32.dll
 0005:000007b4       __imp__WSACleanup@0        005457b4     ws2_32:WS2_32.dll
 0005:000007b8       __imp__WSAStartup@8        005457b8     ws2_32:WS2_32.dll
 0005:000007bc       __imp__WSAGetLastError@0   005457bc     ws2_32:WS2_32.dll
 0005:000007c0       \177WS2_32_NULL_THUNK_DATA 005457c0     ws2_32:WS2_32.dll
 0005:00000804       __imp__CoCreateGuid@4      00545804     ole32:ole32.dll
 0005:00000808       \177ole32_NULL_THUNK_DATA  00545808     ole32:ole32.dll

 entry point at        0002:00000be5

