 siprtp

 Timestamp is 4c52aca9 (Fri Jul 30 16:12:49 2010)

 Preferred load address is 00400000

 Start         Length     Name                   Class
 0001:00000000 000796c0H .textbss                DATA
 0002:00000000 000f8fc2H .text                   CODE
 0002:000f8fd0 0000111bH .text$x                 CODE
 0003:00000000 00000104H .CRT$XCA                DATA
 0003:00000104 00000104H .CRT$XCZ                DATA
 0003:00000208 00000104H .CRT$XIA                DATA
 0003:0000030c 0000011cH .CRT$XIC                DATA
 0003:00000428 00000104H .CRT$XIY                DATA
 0003:0000052c 00000104H .CRT$XIZ                DATA
 0003:00000630 00000104H .CRT$XPA                DATA
 0003:00000734 00000109H .CRT$XPX                DATA
 0003:00000840 00000104H .CRT$XPXA               DATA
 0003:00000944 00000104H .CRT$XPZ                DATA
 0003:00000a48 00000104H .CRT$XTA                DATA
 0003:00000b4c 00000104H .CRT$XTZ                DATA
 0003:00000c50 00035edaH .rdata                  DATA
 0003:00036b2c 0000017aH .rdata$debug            DATA
 0003:00036ca8 00000504H .rdata$r                DATA
 0003:000371ac 00000104H .rtc$IAA                DATA
 0003:000372b0 00000104H .rtc$IZZ                DATA
 0003:000373b4 00000104H .rtc$TAA                DATA
 0003:000374b8 00000104H .rtc$TZZ                DATA
 0003:000375c0 000011f9H .xdata$x                DATA
 0003:000387b9 00000000H .edata                  DATA
 0004:00000000 00008c81H .data                   DATA
 0004:00008ca0 000f8624H .bss                    DATA
 0005:00000000 00000050H .idata$2                DATA
 0005:00000050 00000014H .idata$3                DATA
 0005:00000064 000003f0H .idata$4                DATA
 0005:00000454 000003f0H .idata$5                DATA
 0005:00000844 00000ce9H .idata$6                DATA

  Address         Publics by Value              Rva+Base       Lib:Object

 0000:00000000       __except_list              00000000     <absolute>
 0000:00000000       ___safe_se_handler_table   00000000     <absolute>
 0000:00000000       ___safe_se_handler_count   00000000     <absolute>
 0000:00000000       ___ImageBase               00400000     <linker-defined>
 0001:00000000       __enc$textbss$begin        00401000     <linker-defined>
 0001:000796c0       __enc$textbss$end          0047a6c0     <linker-defined>
 0002:00006320       _app_logging_init          00481320 f   siprtp.obj
 0002:000063f0       _app_logging_shutdown      004813f0 f   siprtp.obj
 0002:00006420       _main                      00481420 f   siprtp.obj
 0002:0000b480       _inv_set_state             00486480 f   pjsip-ua-i386-win32-vc8-debug:sip_inv.obj
 0002:0000b690       _inv_set_cause             00486690 f   pjsip-ua-i386-win32-vc8-debug:sip_inv.obj
 0002:0000bd80       _pjsip_inv_usage_init      00486d80 f   pjsip-ua-i386-win32-vc8-debug:sip_inv.obj
 0002:0000bf10       _pjsip_inv_usage_instance  00486f10 f   pjsip-ua-i386-win32-vc8-debug:sip_inv.obj
 0002:0000bf30       _pjsip_dlg_get_inv_session 00486f30 f   pjsip-ua-i386-win32-vc8-debug:sip_inv.obj
 0002:0000bf60       _pjsip_inv_state_name      00486f60 f   pjsip-ua-i386-win32-vc8-debug:sip_inv.obj
 0002:0000bfd0       _pjsip_inv_create_uac      00486fd0 f   pjsip-ua-i386-win32-vc8-debug:sip_inv.obj
 0002:0000c2d0       _pjsip_inv_verify_request2 004872d0 f   pjsip-ua-i386-win32-vc8-debug:sip_inv.obj
 0002:0000d4f0       _pjsip_inv_verify_request  004884f0 f   pjsip-ua-i386-win32-vc8-debug:sip_inv.obj
 0002:0000d530       _pjsip_inv_create_uas      00488530 f   pjsip-ua-i386-win32-vc8-debug:sip_inv.obj
 0002:0000da00       _pjsip_inv_terminate       00488a00 f   pjsip-ua-i386-win32-vc8-debug:sip_inv.obj
 0002:0000db00       _pjsip_inv_uac_restart     00488b00 f   pjsip-ua-i386-win32-vc8-debug:sip_inv.obj
 0002:0000dbe0       _pjsip_create_sdp_body     00488be0 f   pjsip-ua-i386-win32-vc8-debug:sip_inv.obj
 0002:0000dd30       _pjsip_inv_invite          00488d30 f   pjsip-ua-i386-win32-vc8-debug:sip_inv.obj
 0002:0000e9b0       _pjsip_inv_initial_answer  004899b0 f   pjsip-ua-i386-win32-vc8-debug:sip_inv.obj
 0002:0000eea0       _pjsip_inv_answer          00489ea0 f   pjsip-ua-i386-win32-vc8-debug:sip_inv.obj
 0002:0000f080       _pjsip_inv_set_sdp_answer  0048a080 f   pjsip-ua-i386-win32-vc8-debug:sip_inv.obj
 0002:0000f130       _pjsip_inv_end_session     0048a130 f   pjsip-ua-i386-win32-vc8-debug:sip_inv.obj
 0002:0000f460       _pjsip_inv_process_redirect 0048a460 f   pjsip-ua-i386-win32-vc8-debug:sip_inv.obj
 0002:0000fa00       _pjsip_inv_reinvite        0048aa00 f   pjsip-ua-i386-win32-vc8-debug:sip_inv.obj
 0002:0000fcf0       _pjsip_inv_update          0048acf0 f   pjsip-ua-i386-win32-vc8-debug:sip_inv.obj
 0002:00010050       _pjsip_inv_create_ack      0048b050 f   pjsip-ua-i386-win32-vc8-debug:sip_inv.obj
 0002:00010320       _pjsip_inv_send_msg        0048b320 f   pjsip-ua-i386-win32-vc8-debug:sip_inv.obj
 0002:00013380       _pjsip_get_prack_method    0048e380 f   pjsip-ua-i386-win32-vc8-debug:sip_100rel.obj
 0002:000133a0       _pjsip_100rel_init_module  0048e3a0 f   pjsip-ua-i386-win32-vc8-debug:sip_100rel.obj
 0002:000133e0       _pjsip_100rel_attach       0048e3e0 f   pjsip-ua-i386-win32-vc8-debug:sip_100rel.obj
 0002:000134f0       _pjsip_100rel_is_reliable  0048e4f0 f   pjsip-ua-i386-win32-vc8-debug:sip_100rel.obj
 0002:00013670       _pjsip_100rel_create_prack 0048e670 f   pjsip-ua-i386-win32-vc8-debug:sip_100rel.obj
 0002:00013a30       _pjsip_100rel_send_prack   0048ea30 f   pjsip-ua-i386-win32-vc8-debug:sip_100rel.obj
 0002:00013ae0       _pjsip_100rel_end_session  0048eae0 f   pjsip-ua-i386-win32-vc8-debug:sip_100rel.obj
 0002:00013bd0       _pjsip_100rel_on_rx_prack  0048ebd0 f   pjsip-ua-i386-win32-vc8-debug:sip_100rel.obj
 0002:000143b0       _pjsip_100rel_tx_response  0048f3b0 f   pjsip-ua-i386-win32-vc8-debug:sip_100rel.obj
 0002:00015380       _pjsip_timer_init_module   00490380 f   pjsip-ua-i386-win32-vc8-debug:sip_timer.obj
 0002:000157e0       _pjsip_timer_setting_default 004907e0 f   pjsip-ua-i386-win32-vc8-debug:sip_timer.obj
 0002:00015850       _pjsip_timer_init_session  00490850 f   pjsip-ua-i386-win32-vc8-debug:sip_timer.obj
 0002:00015a30       _pjsip_sess_expires_hdr_create 00490a30 f   pjsip-ua-i386-win32-vc8-debug:sip_timer.obj
 0002:00015b30       _pjsip_min_se_hdr_create   00490b30 f   pjsip-ua-i386-win32-vc8-debug:sip_timer.obj
 0002:00015be0       _pjsip_timer_update_req    00490be0 f   pjsip-ua-i386-win32-vc8-debug:sip_timer.obj
 0002:00015eb0       _pjsip_timer_process_resp  00490eb0 f   pjsip-ua-i386-win32-vc8-debug:sip_timer.obj
 0002:00016c60       _pjsip_timer_process_req   00491c60 f   pjsip-ua-i386-win32-vc8-debug:sip_timer.obj
 0002:00017040       _pjsip_timer_update_resp   00492040 f   pjsip-ua-i386-win32-vc8-debug:sip_timer.obj
 0002:00017190       _pjsip_timer_end_session   00492190 f   pjsip-ua-i386-win32-vc8-debug:sip_timer.obj
 0002:00017220       _pjsip_target_set_add_uri  00492220 f   pjsip-core-i386-win32-vc8-debug:sip_util.obj
 0002:00017470       _pjsip_target_set_add_from_msg 00492470 f   pjsip-core-i386-win32-vc8-debug:sip_util.obj
 0002:00017580       _pjsip_target_set_get_next 00492580 f   pjsip-core-i386-win32-vc8-debug:sip_util.obj
 0002:00017620       _pjsip_target_set_set_current 00492620 f   pjsip-core-i386-win32-vc8-debug:sip_util.obj
 0002:00017700       _pjsip_target_assign_status 00492700 f   pjsip-core-i386-win32-vc8-debug:sip_util.obj
 0002:000177b0       _pjsip_endpt_create_request 004927b0 f   pjsip-core-i386-win32-vc8-debug:sip_util.obj
 0002:00017fd0       _pjsip_endpt_create_request_from_hdr 00492fd0 f   pjsip-core-i386-win32-vc8-debug:sip_util.obj
 0002:000182f0       _pjsip_endpt_create_response 004932f0 f   pjsip-core-i386-win32-vc8-debug:sip_util.obj
 0002:00018790       _pjsip_endpt_create_ack    00493790 f   pjsip-core-i386-win32-vc8-debug:sip_util.obj
 0002:00018b40       _pjsip_endpt_create_cancel 00493b40 f   pjsip-core-i386-win32-vc8-debug:sip_util.obj
 0002:00018f90       _pjsip_get_request_dest    00493f90 f   pjsip-core-i386-win32-vc8-debug:sip_util.obj
 0002:00019360       _pjsip_process_route_set   00494360 f   pjsip-core-i386-win32-vc8-debug:sip_util.obj
 0002:00019700       _pjsip_restore_strict_route_set 00494700 f   pjsip-core-i386-win32-vc8-debug:sip_util.obj
 0002:00019840       _pjsip_endpt_send_request_stateless 00494840 f   pjsip-core-i386-win32-vc8-debug:sip_util.obj
 0002:0001a0f0       _pjsip_endpt_send_raw      004950f0 f   pjsip-core-i386-win32-vc8-debug:sip_util.obj
 0002:0001a150       _pjsip_endpt_send_raw_to_uri 00495150 f   pjsip-core-i386-win32-vc8-debug:sip_util.obj
 0002:0001a560       _pjsip_get_response_addr   00495560 f   pjsip-core-i386-win32-vc8-debug:sip_util.obj
 0002:0001a970       _pjsip_endpt_send_response 00495970 f   pjsip-core-i386-win32-vc8-debug:sip_util.obj
 0002:0001ad60       _pjsip_endpt_send_response2 00495d60 f   pjsip-core-i386-win32-vc8-debug:sip_util.obj
 0002:0001ae00       _pjsip_endpt_respond_stateless 00495e00 f   pjsip-core-i386-win32-vc8-debug:sip_util.obj
 0002:0001b0a0       _pjsip_event_str           004960a0 f   pjsip-core-i386-win32-vc8-debug:sip_util.obj
 0002:0001b0c0       _pjsip_method_creates_dialog 004960c0 f   pjsip-core-i386-win32-vc8-debug:sip_dialog.obj
 0002:0001b1d0       _pjsip_dlg_create_uac      004961d0 f   pjsip-core-i386-win32-vc8-debug:sip_dialog.obj
 0002:0001bda0       _pjsip_dlg_create_uas      00496da0 f   pjsip-core-i386-win32-vc8-debug:sip_dialog.obj
 0002:0001c710       _pjsip_dlg_set_transport   00497710 f   pjsip-core-i386-win32-vc8-debug:sip_dialog.obj
 0002:0001c810       _pjsip_dlg_fork            00497810 f   pjsip-core-i386-win32-vc8-debug:sip_dialog.obj
 0002:0001ce00       _pjsip_dlg_terminate       00497e00 f   pjsip-core-i386-win32-vc8-debug:sip_dialog.obj
 0002:0001d010       _pjsip_dlg_set_route_set   00498010 f   pjsip-core-i386-win32-vc8-debug:sip_dialog.obj
 0002:0001d120       _pjsip_dlg_inc_session     00498120 f   pjsip-core-i386-win32-vc8-debug:sip_dialog.obj
 0002:0001d210       _pjsip_dlg_inc_lock        00498210 f   pjsip-core-i386-win32-vc8-debug:sip_dialog.obj
 0002:0001d270       _pjsip_dlg_try_inc_lock    00498270 f   pjsip-core-i386-win32-vc8-debug:sip_dialog.obj
 0002:0001d2f0       _pjsip_dlg_dec_lock        004982f0 f   pjsip-core-i386-win32-vc8-debug:sip_dialog.obj
 0002:0001d410       _pjsip_dlg_dec_session     00498410 f   pjsip-core-i386-win32-vc8-debug:sip_dialog.obj
 0002:0001d4f0       _pjsip_dlg_has_usage       004984f0 f   pjsip-core-i386-win32-vc8-debug:sip_dialog.obj
 0002:0001d580       _pjsip_dlg_add_usage       00498580 f   pjsip-core-i386-win32-vc8-debug:sip_dialog.obj
 0002:0001d840       _pjsip_dlg_set_mod_data    00498840 f   pjsip-core-i386-win32-vc8-debug:sip_dialog.obj
 0002:0001d900       _pjsip_dlg_get_mod_data    00498900 f   pjsip-core-i386-win32-vc8-debug:sip_dialog.obj
 0002:0001d9b0       _pjsip_dlg_create_request  004989b0 f   pjsip-core-i386-win32-vc8-debug:sip_dialog.obj
 0002:0001dcd0       _pjsip_dlg_send_request    00498cd0 f   pjsip-core-i386-win32-vc8-debug:sip_dialog.obj
 0002:0001e070       _pjsip_dlg_create_response 00499070 f   pjsip-core-i386-win32-vc8-debug:sip_dialog.obj
 0002:0001e410       _pjsip_dlg_modify_response 00499410 f   pjsip-core-i386-win32-vc8-debug:sip_dialog.obj
 0002:0001e660       _pjsip_dlg_send_response   00499660 f   pjsip-core-i386-win32-vc8-debug:sip_dialog.obj
 0002:0001e9f0       _pjsip_dlg_respond         004999f0 f   pjsip-core-i386-win32-vc8-debug:sip_dialog.obj
 0002:0001ec70       _pjsip_dlg_on_rx_request   00499c70 f   pjsip-core-i386-win32-vc8-debug:sip_dialog.obj
 0002:0001f180       _pjsip_dlg_on_rx_response  0049a180 f   pjsip-core-i386-win32-vc8-debug:sip_dialog.obj
 0002:0001f950       _pjsip_dlg_on_tsx_state    0049a950 f   pjsip-core-i386-win32-vc8-debug:sip_dialog.obj
 0002:0001fad0       _pjsip_dlg_remote_has_cap  0049aad0 f   pjsip-core-i386-win32-vc8-debug:sip_dialog.obj
 0002:0001fbf0       _pjsip_dlg_update_remote_cap 0049abf0 f   pjsip-core-i386-win32-vc8-debug:sip_dialog.obj
 0002:0001fe40       _pjsip_dlg_get_remote_cap_hdr 0049ae40 f   pjsip-core-i386-win32-vc8-debug:sip_dialog.obj
 0002:0001ffa0       _pjsip_dlg_set_remote_cap_hdr 0049afa0 f   pjsip-core-i386-win32-vc8-debug:sip_dialog.obj
 0002:00020170       _pjsip_dlg_remove_remote_cap_hdr 0049b170 f   pjsip-core-i386-win32-vc8-debug:sip_dialog.obj
 0002:000202a0       _pjsip_tsx_state_str       0049b2a0 f   pjsip-core-i386-win32-vc8-debug:sip_transaction.obj
 0002:000202c0       _pjsip_role_name           0049b2c0 f   pjsip-core-i386-win32-vc8-debug:sip_transaction.obj
 0002:000202e0       _pjsip_tsx_create_key      0049b2e0 f   pjsip-core-i386-win32-vc8-debug:sip_transaction.obj
 0002:000209c0       _pjsip_tsx_layer_init_module 0049b9c0 f   pjsip-core-i386-win32-vc8-debug:sip_transaction.obj
 0002:00020cd0       _pjsip_tsx_layer_instance  0049bcd0 f   pjsip-core-i386-win32-vc8-debug:sip_transaction.obj
 0002:00020cf0       _pjsip_tsx_layer_destroy   0049bcf0 f   pjsip-core-i386-win32-vc8-debug:sip_transaction.obj
 0002:00020d70       _pjsip_tsx_layer_get_tsx_count 0049bd70 f   pjsip-core-i386-win32-vc8-debug:sip_transaction.obj
 0002:00020e10       _pjsip_tsx_layer_find_tsx  0049be10 f   pjsip-core-i386-win32-vc8-debug:sip_transaction.obj
 0002:00021310       _pjsip_rdata_get_tsx       0049c310 f   pjsip-core-i386-win32-vc8-debug:sip_transaction.obj
 0002:00021340       _pjsip_tsx_layer_dump      0049c340 f   pjsip-core-i386-win32-vc8-debug:sip_transaction.obj
 0002:00021720       _pjsip_tsx_create_uac      0049c720 f   pjsip-core-i386-win32-vc8-debug:sip_transaction.obj
 0002:00022130       _pjsip_tsx_create_uas      0049d130 f   pjsip-core-i386-win32-vc8-debug:sip_transaction.obj
 0002:00022600       _pjsip_tsx_set_transport   0049d600 f   pjsip-core-i386-win32-vc8-debug:sip_transaction.obj
 0002:000226e0       _pjsip_tsx_terminate       0049d6e0 f   pjsip-core-i386-win32-vc8-debug:sip_transaction.obj
 0002:00022b70       _pjsip_tsx_stop_retransmit 0049db70 f   pjsip-core-i386-win32-vc8-debug:sip_transaction.obj
 0002:00022cc0       _pjsip_tsx_set_timeout     0049dcc0 f   pjsip-core-i386-win32-vc8-debug:sip_transaction.obj
 0002:00022ea0       _pjsip_tsx_send_msg        0049dea0 f   pjsip-core-i386-win32-vc8-debug:sip_transaction.obj
 0002:00022ff0       _pjsip_tsx_recv_msg        0049dff0 f   pjsip-core-i386-win32-vc8-debug:sip_transaction.obj
 0002:000230c0       _pjsip_tsx_retransmit_no_state 0049e0c0 f   pjsip-core-i386-win32-vc8-debug:sip_transaction.obj
 0002:00026130       _pjsip_ua_init_module      004a1130 f   pjsip-core-i386-win32-vc8-debug:sip_ua_layer.obj
 0002:00026200       _pjsip_ua_instance         004a1200 f   pjsip-core-i386-win32-vc8-debug:sip_ua_layer.obj
 0002:00026220       _pjsip_ua_get_endpt        004a1220 f   pjsip-core-i386-win32-vc8-debug:sip_ua_layer.obj
 0002:00026270       _pjsip_ua_destroy          004a1270 f   pjsip-core-i386-win32-vc8-debug:sip_ua_layer.obj
 0002:000262f0       _pjsip_ua_register_dlg     004a12f0 f   pjsip-core-i386-win32-vc8-debug:sip_ua_layer.obj
 0002:000266c0       _pjsip_ua_unregister_dlg   004a16c0 f   pjsip-core-i386-win32-vc8-debug:sip_ua_layer.obj
 0002:000268b0       _pjsip_rdata_get_dlg       004a18b0 f   pjsip-core-i386-win32-vc8-debug:sip_ua_layer.obj
 0002:000268e0       _pjsip_tsx_get_dlg         004a18e0 f   pjsip-core-i386-win32-vc8-debug:sip_ua_layer.obj
 0002:00026910       _pjsip_ua_get_dlg_set_count 004a1910 f   pjsip-core-i386-win32-vc8-debug:sip_ua_layer.obj
 0002:000269b0       _pjsip_ua_find_dialog      004a19b0 f   pjsip-core-i386-win32-vc8-debug:sip_ua_layer.obj
 0002:00027530       _pjsip_ua_dump             004a2530 f   pjsip-core-i386-win32-vc8-debug:sip_ua_layer.obj
 0002:000278d0       _get_tpname                004a28d0 f   pjsip-core-i386-win32-vc8-debug:sip_transport.obj
 0002:00027960       _pjsip_transport_register_type 004a2960 f   pjsip-core-i386-win32-vc8-debug:sip_transport.obj
 0002:00027b20       _pjsip_transport_get_type_from_name 004a2b20 f   pjsip-core-i386-win32-vc8-debug:sip_transport.obj
 0002:00027bd0       _pjsip_transport_get_type_from_flag 004a2bd0 f   pjsip-core-i386-win32-vc8-debug:sip_transport.obj
 0002:00027c60       _pjsip_transport_type_get_af 004a2c60 f   pjsip-core-i386-win32-vc8-debug:sip_transport.obj
 0002:00027ca0       _pjsip_transport_get_flag_from_type 004a2ca0 f   pjsip-core-i386-win32-vc8-debug:sip_transport.obj
 0002:00027cd0       _pjsip_transport_get_default_port_for_type 004a2cd0 f   pjsip-core-i386-win32-vc8-debug:sip_transport.obj
 0002:00027d00       _pjsip_transport_get_type_name 004a2d00 f   pjsip-core-i386-win32-vc8-debug:sip_transport.obj
 0002:00027d30       _pjsip_transport_get_type_desc 004a2d30 f   pjsip-core-i386-win32-vc8-debug:sip_transport.obj
 0002:00027d60       _pjsip_tpselector_add_ref  004a2d60 f   pjsip-core-i386-win32-vc8-debug:sip_transport.obj
 0002:00027da0       _pjsip_tpselector_dec_ref  004a2da0 f   pjsip-core-i386-win32-vc8-debug:sip_transport.obj
 0002:00027de0       _pjsip_tx_data_create      004a2de0 f   pjsip-core-i386-win32-vc8-debug:sip_transport.obj
 0002:00028010       _pjsip_tx_data_add_ref     004a3010 f   pjsip-core-i386-win32-vc8-debug:sip_transport.obj
 0002:00028040       _pjsip_tx_data_dec_ref     004a3040 f   pjsip-core-i386-win32-vc8-debug:sip_transport.obj
 0002:00028180       _pjsip_tx_data_invalidate_msg 004a3180 f   pjsip-core-i386-win32-vc8-debug:sip_transport.obj
 0002:000281c0       _pjsip_tx_data_encode      004a31c0 f   pjsip-core-i386-win32-vc8-debug:sip_transport.obj
 0002:00028360       _pjsip_tx_data_is_valid    004a3360 f   pjsip-core-i386-win32-vc8-debug:sip_transport.obj
 0002:00028390       _pjsip_tx_data_get_info    004a3390 f   pjsip-core-i386-win32-vc8-debug:sip_transport.obj
 0002:00028600       _pjsip_tx_data_set_transport 004a3600 f   pjsip-core-i386-win32-vc8-debug:sip_transport.obj
 0002:000286e0       _pjsip_rx_data_get_info    004a36e0 f   pjsip-core-i386-win32-vc8-debug:sip_transport.obj
 0002:00028820       _pjsip_transport_send      004a3820 f   pjsip-core-i386-win32-vc8-debug:sip_transport.obj
 0002:00028b20       _pjsip_tpmgr_send_raw      004a3b20 f   pjsip-core-i386-win32-vc8-debug:sip_transport.obj
 0002:00028da0       _pjsip_transport_add_ref   004a3da0 f   pjsip-core-i386-win32-vc8-debug:sip_transport.obj
 0002:00028eb0       _pjsip_transport_dec_ref   004a3eb0 f   pjsip-core-i386-win32-vc8-debug:sip_transport.obj
 0002:00029060       _pjsip_transport_register  004a4060 f   pjsip-core-i386-win32-vc8-debug:sip_transport.obj
 0002:00029230       _pjsip_transport_shutdown  004a4230 f   pjsip-core-i386-win32-vc8-debug:sip_transport.obj
 0002:00029360       _pjsip_transport_destroy   004a4360 f   pjsip-core-i386-win32-vc8-debug:sip_transport.obj
 0002:00029510       _pjsip_tpmgr_register_tpfactory 004a4510 f   pjsip-core-i386-win32-vc8-debug:sip_transport.obj
 0002:000295f0       _pjsip_tpmgr_unregister_tpfactory 004a45f0 f   pjsip-core-i386-win32-vc8-debug:sip_transport.obj
 0002:00029680       _pjsip_tpmgr_create        004a4680 f   pjsip-core-i386-win32-vc8-debug:sip_transport.obj
 0002:000298a0       _pjsip_tpmgr_find_local_addr 004a48a0 f   pjsip-core-i386-win32-vc8-debug:sip_transport.obj
 0002:00029bb0       _pjsip_tpmgr_get_transport_count 004a4bb0 f   pjsip-core-i386-win32-vc8-debug:sip_transport.obj
 0002:00029c40       _pjsip_tpmgr_destroy       004a4c40 f   pjsip-core-i386-win32-vc8-debug:sip_transport.obj
 0002:00029df0       _mystrcasestr              004a4df0 f   pjsip-core-i386-win32-vc8-debug:sip_transport.obj
 0002:00029ef0       _pjsip_tpmgr_receive_packet 004a4ef0 f   pjsip-core-i386-win32-vc8-debug:sip_transport.obj
 0002:0002a930       _pjsip_tpmgr_acquire_transport 004a5930 f   pjsip-core-i386-win32-vc8-debug:sip_transport.obj
 0002:0002a970       _pjsip_tpmgr_acquire_transport2 004a5970 f   pjsip-core-i386-win32-vc8-debug:sip_transport.obj
 0002:0002ad90       _pjsip_tpmgr_dump_transports 004a5d90 f   pjsip-core-i386-win32-vc8-debug:sip_transport.obj
 0002:0002afb0       _pjsip_tpmgr_set_state_cb  004a5fb0 f   pjsip-core-i386-win32-vc8-debug:sip_transport.obj
 0002:0002b020       _pjsip_tpmgr_get_state_cb  004a6020 f   pjsip-core-i386-win32-vc8-debug:sip_transport.obj
 0002:0002b150       _pjsip_transport_add_state_listener 004a6150 f   pjsip-core-i386-win32-vc8-debug:sip_transport.obj
 0002:0002b370       _pjsip_transport_remove_state_listener 004a6370 f   pjsip-core-i386-win32-vc8-debug:sip_transport.obj
 0002:0002b4f0       _pjsip_endpt_register_module 004a64f0 f   pjsip-core-i386-win32-vc8-debug:sip_endpoint.obj
 0002:0002b7e0       _pjsip_endpt_unregister_module 004a67e0 f   pjsip-core-i386-win32-vc8-debug:sip_endpoint.obj
 0002:0002bad0       _pjsip_endpt_get_capability 004a6ad0 f   pjsip-core-i386-win32-vc8-debug:sip_endpoint.obj
 0002:0002bbc0       _pjsip_endpt_has_capability 004a6bc0 f   pjsip-core-i386-win32-vc8-debug:sip_endpoint.obj
 0002:0002bc90       _pjsip_endpt_add_capability 004a6c90 f   pjsip-core-i386-win32-vc8-debug:sip_endpoint.obj
 0002:0002bec0       _pjsip_endpt_get_request_headers 004a6ec0 f   pjsip-core-i386-win32-vc8-debug:sip_endpoint.obj
 0002:0002bee0       _pjsip_endpt_create        004a6ee0 f   pjsip-core-i386-win32-vc8-debug:sip_endpoint.obj
 0002:0002c4a0       _pjsip_endpt_destroy       004a74a0 f   pjsip-core-i386-win32-vc8-debug:sip_endpoint.obj
 0002:0002c630       _pjsip_endpt_name          004a7630 f   pjsip-core-i386-win32-vc8-debug:sip_endpoint.obj
 0002:0002c650       _pjsip_endpt_create_pool   004a7650 f   pjsip-core-i386-win32-vc8-debug:sip_endpoint.obj
 0002:0002c6d0       _pjsip_endpt_release_pool  004a76d0 f   pjsip-core-i386-win32-vc8-debug:sip_endpoint.obj
 0002:0002c700       _pjsip_endpt_handle_events2 004a7700 f   pjsip-core-i386-win32-vc8-debug:sip_endpoint.obj
 0002:0002c8c0       _pjsip_endpt_handle_events 004a78c0 f   pjsip-core-i386-win32-vc8-debug:sip_endpoint.obj
 0002:0002c8f0       _pjsip_endpt_schedule_timer 004a78f0 f   pjsip-core-i386-win32-vc8-debug:sip_endpoint.obj
 0002:0002c930       _pjsip_endpt_cancel_timer  004a7930 f   pjsip-core-i386-win32-vc8-debug:sip_endpoint.obj
 0002:0002c970       _pjsip_endpt_get_timer_heap 004a7970 f   pjsip-core-i386-win32-vc8-debug:sip_endpoint.obj
 0002:0002d080       _pjsip_endpt_create_tdata  004a8080 f   pjsip-core-i386-win32-vc8-debug:sip_endpoint.obj
 0002:0002d0b0       _pjsip_endpt_create_resolver 004a80b0 f   pjsip-core-i386-win32-vc8-debug:sip_endpoint.obj
 0002:0002d140       _pjsip_endpt_set_resolver  004a8140 f   pjsip-core-i386-win32-vc8-debug:sip_endpoint.obj
 0002:0002d170       _pjsip_endpt_get_resolver  004a8170 f   pjsip-core-i386-win32-vc8-debug:sip_endpoint.obj
 0002:0002d1e0       _pjsip_endpt_resolve       004a81e0 f   pjsip-core-i386-win32-vc8-debug:sip_endpoint.obj
 0002:0002d220       _pjsip_endpt_get_tpmgr     004a8220 f   pjsip-core-i386-win32-vc8-debug:sip_endpoint.obj
 0002:0002d240       _pjsip_endpt_get_ioqueue   004a8240 f   pjsip-core-i386-win32-vc8-debug:sip_endpoint.obj
 0002:0002d260       _pjsip_endpt_acquire_transport 004a8260 f   pjsip-core-i386-win32-vc8-debug:sip_endpoint.obj
 0002:0002d2a0       _pjsip_endpt_acquire_transport2 004a82a0 f   pjsip-core-i386-win32-vc8-debug:sip_endpoint.obj
 0002:0002d2f0       _pjsip_endpt_log_error     004a82f0 f   pjsip-core-i386-win32-vc8-debug:sip_endpoint.obj
 0002:0002d490       _pjsip_endpt_dump          004a8490 f   pjsip-core-i386-win32-vc8-debug:sip_endpoint.obj
 0002:0002d640       _pjsip_udp_transport_attach 004a8640 f   pjsip-core-i386-win32-vc8-debug:sip_transport_udp.obj
 0002:0002e900       _pjsip_udp_transport_attach2 004a9900 f   pjsip-core-i386-win32-vc8-debug:sip_transport_udp.obj
 0002:0002e940       _pjsip_udp_transport_start 004a9940 f   pjsip-core-i386-win32-vc8-debug:sip_transport_udp.obj
 0002:0002edf0       _pjsip_udp_transport_start6 004a9df0 f   pjsip-core-i386-win32-vc8-debug:sip_transport_udp.obj
 0002:0002ef20       _pjsip_udp_transport_get_socket 004a9f20 f   pjsip-core-i386-win32-vc8-debug:sip_transport_udp.obj
 0002:0002ef90       _pjsip_udp_transport_pause 004a9f90 f   pjsip-core-i386-win32-vc8-debug:sip_transport_udp.obj
 0002:0002f1c0       _pjsip_udp_transport_restart 004aa1c0 f   pjsip-core-i386-win32-vc8-debug:sip_transport_udp.obj
 0002:0002f4e0       _pjsip_get_invite_method   004aa4e0 f   pjsip-core-i386-win32-vc8-debug:sip_msg.obj
 0002:0002f500       _pjsip_get_cancel_method   004aa500 f   pjsip-core-i386-win32-vc8-debug:sip_msg.obj
 0002:0002f520       _pjsip_get_ack_method      004aa520 f   pjsip-core-i386-win32-vc8-debug:sip_msg.obj
 0002:0002f540       _pjsip_get_bye_method      004aa540 f   pjsip-core-i386-win32-vc8-debug:sip_msg.obj
 0002:0002f560       _pjsip_get_register_method 004aa560 f   pjsip-core-i386-win32-vc8-debug:sip_msg.obj
 0002:0002f580       _pjsip_get_options_method  004aa580 f   pjsip-core-i386-win32-vc8-debug:sip_msg.obj
 0002:0002f5a0       _pjsip_method_init         004aa5a0 f   pjsip-core-i386-win32-vc8-debug:sip_msg.obj
 0002:0002f5e0       _pjsip_method_set          004aa5e0 f   pjsip-core-i386-win32-vc8-debug:sip_msg.obj
 0002:0002f650       _pjsip_method_init_np      004aa650 f   pjsip-core-i386-win32-vc8-debug:sip_msg.obj
 0002:0002f750       _pjsip_method_copy         004aa750 f   pjsip-core-i386-win32-vc8-debug:sip_msg.obj
 0002:0002f7c0       _pjsip_method_cmp          004aa7c0 f   pjsip-core-i386-win32-vc8-debug:sip_msg.obj
 0002:0002f830       _pjsip_msg_create          004aa830 f   pjsip-core-i386-win32-vc8-debug:sip_msg.obj
 0002:0002f8c0       _pjsip_msg_clone           004aa8c0 f   pjsip-core-i386-win32-vc8-debug:sip_msg.obj
 0002:0002fa50       _pjsip_msg_find_hdr        004aaa50 f   pjsip-core-i386-win32-vc8-debug:sip_msg.obj
 0002:0002fac0       _pjsip_msg_find_hdr_by_name 004aaac0 f   pjsip-core-i386-win32-vc8-debug:sip_msg.obj
 0002:0002fb40       _pjsip_msg_find_hdr_by_names 004aab40 f   pjsip-core-i386-win32-vc8-debug:sip_msg.obj
 0002:0002fbe0       _pjsip_msg_find_remove_hdr 004aabe0 f   pjsip-core-i386-win32-vc8-debug:sip_msg.obj
 0002:0002fc30       _pjsip_msg_print           004aac30 f   pjsip-core-i386-win32-vc8-debug:sip_msg.obj
 0002:000302f0       _pjsip_hdr_clone           004ab2f0 f   pjsip-core-i386-win32-vc8-debug:sip_msg.obj
 0002:00030330       _pjsip_hdr_shallow_clone   004ab330 f   pjsip-core-i386-win32-vc8-debug:sip_msg.obj
 0002:00030370       _pjsip_hdr_print_on        004ab370 f   pjsip-core-i386-win32-vc8-debug:sip_msg.obj
 0002:000303b0       _pjsip_get_status_text     004ab3b0 f   pjsip-core-i386-win32-vc8-debug:sip_msg.obj
 0002:00030a10       _pjsip_media_type_cp       004aba10 f   pjsip-core-i386-win32-vc8-debug:sip_msg.obj
 0002:00030ae0       _pjsip_generic_string_hdr_init2 004abae0 f   pjsip-core-i386-win32-vc8-debug:sip_msg.obj
 0002:00030c40       _pjsip_generic_string_hdr_init 004abc40 f   pjsip-core-i386-win32-vc8-debug:sip_msg.obj
 0002:00030cd0       _pjsip_generic_string_hdr_create 004abcd0 f   pjsip-core-i386-win32-vc8-debug:sip_msg.obj
 0002:00030ee0       _pjsip_generic_int_hdr_init 004abee0 f   pjsip-core-i386-win32-vc8-debug:sip_msg.obj
 0002:00030f60       _pjsip_generic_int_hdr_create 004abf60 f   pjsip-core-i386-win32-vc8-debug:sip_msg.obj
 0002:00031130       _pjsip_generic_array_hdr_init 004ac130 f   pjsip-core-i386-win32-vc8-debug:sip_msg.obj
 0002:000311b0       _pjsip_generic_array_hdr_create 004ac1b0 f   pjsip-core-i386-win32-vc8-debug:sip_msg.obj
 0002:000314e0       _pjsip_accept_hdr_init     004ac4e0 f   pjsip-core-i386-win32-vc8-debug:sip_msg.obj
 0002:00031530       _pjsip_accept_hdr_create   004ac530 f   pjsip-core-i386-win32-vc8-debug:sip_msg.obj
 0002:00031580       _pjsip_allow_hdr_init      004ac580 f   pjsip-core-i386-win32-vc8-debug:sip_msg.obj
 0002:000315d0       _pjsip_allow_hdr_create    004ac5d0 f   pjsip-core-i386-win32-vc8-debug:sip_msg.obj
 0002:00031620       _pjsip_cid_hdr_init        004ac620 f   pjsip-core-i386-win32-vc8-debug:sip_msg.obj
 0002:00031660       _pjsip_cid_hdr_create      004ac660 f   pjsip-core-i386-win32-vc8-debug:sip_msg.obj
 0002:000316a0       _pjsip_clen_hdr_init       004ac6a0 f   pjsip-core-i386-win32-vc8-debug:sip_msg.obj
 0002:000316f0       _pjsip_clen_hdr_create     004ac6f0 f   pjsip-core-i386-win32-vc8-debug:sip_msg.obj
 0002:00031860       _pjsip_cseq_hdr_init       004ac860 f   pjsip-core-i386-win32-vc8-debug:sip_msg.obj
 0002:000318d0       _pjsip_cseq_hdr_create     004ac8d0 f   pjsip-core-i386-win32-vc8-debug:sip_msg.obj
 0002:00031ad0       _pjsip_contact_hdr_init    004acad0 f   pjsip-core-i386-win32-vc8-debug:sip_msg.obj
 0002:00031b70       _pjsip_contact_hdr_create  004acb70 f   pjsip-core-i386-win32-vc8-debug:sip_msg.obj
 0002:00032070       _pjsip_ctype_hdr_init      004ad070 f   pjsip-core-i386-win32-vc8-debug:sip_msg.obj
 0002:000320c0       _pjsip_ctype_hdr_create    004ad0c0 f   pjsip-core-i386-win32-vc8-debug:sip_msg.obj
 0002:00032360       _pjsip_expires_hdr_init    004ad360 f   pjsip-core-i386-win32-vc8-debug:sip_msg.obj
 0002:000323b0       _pjsip_expires_hdr_create  004ad3b0 f   pjsip-core-i386-win32-vc8-debug:sip_msg.obj
 0002:00032400       _pjsip_from_hdr_init       004ad400 f   pjsip-core-i386-win32-vc8-debug:sip_msg.obj
 0002:00032460       _pjsip_from_hdr_create     004ad460 f   pjsip-core-i386-win32-vc8-debug:sip_msg.obj
 0002:000324a0       _pjsip_to_hdr_init         004ad4a0 f   pjsip-core-i386-win32-vc8-debug:sip_msg.obj
 0002:00032500       _pjsip_to_hdr_create       004ad500 f   pjsip-core-i386-win32-vc8-debug:sip_msg.obj
 0002:00032540       _pjsip_fromto_hdr_set_from 004ad540 f   pjsip-core-i386-win32-vc8-debug:sip_msg.obj
 0002:000325a0       _pjsip_fromto_hdr_set_to   004ad5a0 f   pjsip-core-i386-win32-vc8-debug:sip_msg.obj
 0002:00032940       _pjsip_max_fwd_hdr_init    004ad940 f   pjsip-core-i386-win32-vc8-debug:sip_msg.obj
 0002:00032990       _pjsip_max_fwd_hdr_create  004ad990 f   pjsip-core-i386-win32-vc8-debug:sip_msg.obj
 0002:000329e0       _pjsip_min_expires_hdr_init 004ad9e0 f   pjsip-core-i386-win32-vc8-debug:sip_msg.obj
 0002:00032a30       _pjsip_min_expires_hdr_create 004ada30 f   pjsip-core-i386-win32-vc8-debug:sip_msg.obj
 0002:00032a80       _pjsip_rr_hdr_init         004ada80 f   pjsip-core-i386-win32-vc8-debug:sip_msg.obj
 0002:00032ae0       _pjsip_rr_hdr_create       004adae0 f   pjsip-core-i386-win32-vc8-debug:sip_msg.obj
 0002:00032b20       _pjsip_route_hdr_init      004adb20 f   pjsip-core-i386-win32-vc8-debug:sip_msg.obj
 0002:00032b80       _pjsip_route_hdr_create    004adb80 f   pjsip-core-i386-win32-vc8-debug:sip_msg.obj
 0002:00032bc0       _pjsip_routing_hdr_set_rr  004adbc0 f   pjsip-core-i386-win32-vc8-debug:sip_msg.obj
 0002:00032c20       _pjsip_routing_hdr_set_route 004adc20 f   pjsip-core-i386-win32-vc8-debug:sip_msg.obj
 0002:00032f90       _pjsip_require_hdr_init    004adf90 f   pjsip-core-i386-win32-vc8-debug:sip_msg.obj
 0002:00032fe0       _pjsip_require_hdr_create  004adfe0 f   pjsip-core-i386-win32-vc8-debug:sip_msg.obj
 0002:00033030       _pjsip_retry_after_hdr_init 004ae030 f   pjsip-core-i386-win32-vc8-debug:sip_msg.obj
 0002:000330a0       _pjsip_retry_after_hdr_create 004ae0a0 f   pjsip-core-i386-win32-vc8-debug:sip_msg.obj
 0002:00033420       _pjsip_supported_hdr_init  004ae420 f   pjsip-core-i386-win32-vc8-debug:sip_msg.obj
 0002:00033470       _pjsip_supported_hdr_create 004ae470 f   pjsip-core-i386-win32-vc8-debug:sip_msg.obj
 0002:000334c0       _pjsip_unsupported_hdr_init 004ae4c0 f   pjsip-core-i386-win32-vc8-debug:sip_msg.obj
 0002:00033510       _pjsip_unsupported_hdr_create 004ae510 f   pjsip-core-i386-win32-vc8-debug:sip_msg.obj
 0002:00033560       _pjsip_via_hdr_init        004ae560 f   pjsip-core-i386-win32-vc8-debug:sip_msg.obj
 0002:000335e0       _pjsip_via_hdr_create      004ae5e0 f   pjsip-core-i386-win32-vc8-debug:sip_msg.obj
 0002:00033fe0       _pjsip_warning_hdr_create  004aefe0 f   pjsip-core-i386-win32-vc8-debug:sip_msg.obj
 0002:00034090       _pjsip_warning_hdr_create_from_status 004af090 f   pjsip-core-i386-win32-vc8-debug:sip_msg.obj
 0002:00034100       _pjsip_print_text_body     004af100 f   pjsip-core-i386-win32-vc8-debug:sip_msg.obj
 0002:00034150       _pjsip_clone_text_data     004af150 f   pjsip-core-i386-win32-vc8-debug:sip_msg.obj
 0002:000341b0       _pjsip_msg_body_copy       004af1b0 f   pjsip-core-i386-win32-vc8-debug:sip_msg.obj
 0002:000342d0       _pjsip_msg_body_clone      004af2d0 f   pjsip-core-i386-win32-vc8-debug:sip_msg.obj
 0002:00034360       _pjsip_msg_body_create     004af360 f   pjsip-core-i386-win32-vc8-debug:sip_msg.obj
 0002:00034520       _pjsip_parser_const        004af520 f   pjsip-core-i386-win32-vc8-debug:sip_parser.obj
 0002:00034540       _pjsip_concat_param_imp    004af540 f   pjsip-core-i386-win32-vc8-debug:sip_parser.obj
 0002:000346b0       _init_sip_parser           004af6b0 f   pjsip-core-i386-win32-vc8-debug:sip_parser.obj
 0002:00035a60       _deinit_sip_parser         004b0a60 f   pjsip-core-i386-win32-vc8-debug:sip_parser.obj
 0002:00035b30       _pjsip_register_hdr_parser 004b0b30 f   pjsip-core-i386-win32-vc8-debug:sip_parser.obj
 0002:00035fa0       _pjsip_register_uri_parser 004b0fa0 f   pjsip-core-i386-win32-vc8-debug:sip_parser.obj
 0002:00036020       _pjsip_parse_msg           004b1020 f   pjsip-core-i386-win32-vc8-debug:sip_parser.obj
 0002:000360d0       _pjsip_parse_rdata         004b10d0 f   pjsip-core-i386-win32-vc8-debug:sip_parser.obj
 0002:00036160       _pjsip_find_msg            004b1160 f   pjsip-core-i386-win32-vc8-debug:sip_parser.obj
 0002:000364e0       _pjsip_parse_uri           004b14e0 f   pjsip-core-i386-win32-vc8-debug:sip_parser.obj
 0002:00036e00       _pjsip_parse_param_imp     004b1e00 f   pjsip-core-i386-win32-vc8-debug:sip_parser.obj
 0002:00037060       _pjsip_parse_uri_param_imp 004b2060 f   pjsip-core-i386-win32-vc8-debug:sip_parser.obj
 0002:00037f40       _pjsip_parse_status_line   004b2f40 f   pjsip-core-i386-win32-vc8-debug:sip_parser.obj
 0002:00038030       _pjsip_parse_end_hdr_imp   004b3030 f   pjsip-core-i386-win32-vc8-debug:sip_parser.obj
 0002:000399e0       _pjsip_parse_hdr           004b49e0 f   pjsip-core-i386-win32-vc8-debug:sip_parser.obj
 0002:00039b40       _pjsip_cred_info_dup       004b4b40 f   pjsip-core-i386-win32-vc8-debug:sip_auth_client.obj
 0002:00039d10       _pjsip_cred_info_cmp       004b4d10 f   pjsip-core-i386-win32-vc8-debug:sip_auth_client.obj
 0002:00039e80       _pjsip_auth_create_digest  004b4e80 f   pjsip-core-i386-win32-vc8-debug:sip_auth_client.obj
 0002:0003a370       _pjsip_auth_clt_init       004b5370 f   pjsip-core-i386-win32-vc8-debug:sip_auth_client.obj
 0002:0003a470       _pjsip_auth_clt_clone      004b5470 f   pjsip-core-i386-win32-vc8-debug:sip_auth_client.obj
 0002:0003a670       _pjsip_auth_clt_set_credentials 004b5670 f   pjsip-core-i386-win32-vc8-debug:sip_auth_client.obj
 0002:0003aaf0       _pjsip_auth_clt_set_prefs  004b5af0 f   pjsip-core-i386-win32-vc8-debug:sip_auth_client.obj
 0002:0003aba0       _pjsip_auth_clt_get_prefs  004b5ba0 f   pjsip-core-i386-win32-vc8-debug:sip_auth_client.obj
 0002:0003ac20       _pjsip_auth_clt_init_req   004b5c20 f   pjsip-core-i386-win32-vc8-debug:sip_auth_client.obj
 0002:0003b080       _pjsip_auth_clt_reinit_req 004b6080 f   pjsip-core-i386-win32-vc8-debug:sip_auth_client.obj
 0002:0003c310       _pjsip_param_find          004b7310 f   pjsip-core-i386-win32-vc8-debug:sip_uri.obj
 0002:0003c370       _pjsip_param_cfind         004b7370 f   pjsip-core-i386-win32-vc8-debug:sip_uri.obj
 0002:0003c3d0       _pjsip_param_clone         004b73d0 f   pjsip-core-i386-win32-vc8-debug:sip_uri.obj
 0002:0003c4b0       _pjsip_param_shallow_clone 004b74b0 f   pjsip-core-i386-win32-vc8-debug:sip_uri.obj
 0002:0003c550       _pjsip_param_print_on      004b7550 f   pjsip-core-i386-win32-vc8-debug:sip_uri.obj
 0002:0003c7f0       _pjsip_sip_uri_set_secure  004b77f0 f   pjsip-core-i386-win32-vc8-debug:sip_uri.obj
 0002:0003c830       _pjsip_sip_uri_init        004b7830 f   pjsip-core-i386-win32-vc8-debug:sip_uri.obj
 0002:0003c8d0       _pjsip_sip_uri_create      004b78d0 f   pjsip-core-i386-win32-vc8-debug:sip_uri.obj
 0002:0003d5f0       _pjsip_sip_uri_assign      004b85f0 f   pjsip-core-i386-win32-vc8-debug:sip_uri.obj
 0002:0003d840       _pjsip_name_addr_init      004b8840 f   pjsip-core-i386-win32-vc8-debug:sip_uri.obj
 0002:0003d890       _pjsip_name_addr_create    004b8890 f   pjsip-core-i386-win32-vc8-debug:sip_uri.obj
 0002:0003dac0       _pjsip_name_addr_assign    004b8ac0 f   pjsip-core-i386-win32-vc8-debug:sip_uri.obj
 0002:0003dcf0       _pjsip_other_uri_create    004b8cf0 f   pjsip-core-i386-win32-vc8-debug:sip_uri.obj
 0002:0003e030       _pjsip_endpt_send_request  004b9030 f   pjsip-core-i386-win32-vc8-debug:sip_util_statefull.obj
 0002:0003e1d0       _pjsip_endpt_respond       004b91d0 f   pjsip-core-i386-win32-vc8-debug:sip_util_statefull.obj
 0002:0003e400       _pjsip_resolver_create     004b9400 f   pjsip-core-i386-win32-vc8-debug:sip_resolve.obj
 0002:0003e4c0       _pjsip_resolver_set_resolver 004b94c0 f   pjsip-core-i386-win32-vc8-debug:sip_resolve.obj
 0002:0003e4e0       _pjsip_resolver_get_resolver 004b94e0 f   pjsip-core-i386-win32-vc8-debug:sip_resolve.obj
 0002:0003e500       _pjsip_resolver_destroy    004b9500 f   pjsip-core-i386-win32-vc8-debug:sip_resolve.obj
 0002:0003e540       _pjsip_resolve             004b9540 f   pjsip-core-i386-win32-vc8-debug:sip_resolve.obj
 0002:0003f3e0       _pjsip_tel_uri_create      004ba3e0 f   pjsip-core-i386-win32-vc8-debug:sip_tel_uri.obj
 0002:0003f4d0       _pjsip_tel_uri_subsys_init 004ba4d0 f   pjsip-core-i386-win32-vc8-debug:sip_tel_uri.obj
 0002:0003fd10       _pjsip_tel_nb_cmp          004bad10 f   pjsip-core-i386-win32-vc8-debug:sip_tel_uri.obj
 0002:00040580       _pjsip_strerror            004bb580 f   pjsip-core-i386-win32-vc8-debug:sip_errno.obj
 0002:00040780       _pjsip_auth_init_parser    004bb780 f   pjsip-core-i386-win32-vc8-debug:sip_auth_parser.obj
 0002:000412c0       _pjsip_auth_deinit_parser  004bc2c0 f   pjsip-core-i386-win32-vc8-debug:sip_auth_parser.obj
 0002:000412e0       _pjsip_authorization_hdr_create 004bc2e0 f   pjsip-core-i386-win32-vc8-debug:sip_auth_msg.obj
 0002:00041460       _pjsip_proxy_authorization_hdr_create 004bc460 f   pjsip-core-i386-win32-vc8-debug:sip_auth_msg.obj
 0002:000422f0       _pjsip_www_authenticate_hdr_create 004bd2f0 f   pjsip-core-i386-win32-vc8-debug:sip_auth_msg.obj
 0002:00042350       _pjsip_proxy_authenticate_hdr_create 004bd350 f   pjsip-core-i386-win32-vc8-debug:sip_auth_msg.obj
 0002:00042f00       _pjmedia_sdp_attr_create   004bdf00 f   pjmedia-i386-win32-vc8-debug:sdp.obj
 0002:00042fd0       _pjmedia_sdp_attr_clone    004bdfd0 f   pjmedia-i386-win32-vc8-debug:sdp.obj
 0002:00043080       _pjmedia_sdp_attr_find     004be080 f   pjmedia-i386-win32-vc8-debug:sdp.obj
 0002:00043150       _pjmedia_sdp_attr_find2    004be150 f   pjmedia-i386-win32-vc8-debug:sdp.obj
 0002:000431a0       _pjmedia_sdp_attr_add      004be1a0 f   pjmedia-i386-win32-vc8-debug:sdp.obj
 0002:00043280       _pjmedia_sdp_attr_remove_all 004be280 f   pjmedia-i386-win32-vc8-debug:sdp.obj
 0002:000433a0       _pjmedia_sdp_attr_remove   004be3a0 f   pjmedia-i386-win32-vc8-debug:sdp.obj
 0002:000434a0       _pjmedia_sdp_attr_get_rtpmap 004be4a0 f   pjmedia-i386-win32-vc8-debug:sdp.obj
 0002:000438d0       _pjmedia_sdp_attr_get_fmtp 004be8d0 f   pjmedia-i386-win32-vc8-debug:sdp.obj
 0002:00043a40       _pjmedia_sdp_attr_get_rtcp 004bea40 f   pjmedia-i386-win32-vc8-debug:sdp.obj
 0002:00043c70       _pjmedia_sdp_attr_create_rtcp 004bec70 f   pjmedia-i386-win32-vc8-debug:sdp.obj
 0002:00043df0       _pjmedia_sdp_attr_to_rtpmap 004bedf0 f   pjmedia-i386-win32-vc8-debug:sdp.obj
 0002:00043ee0       _pjmedia_sdp_rtpmap_to_attr 004beee0 f   pjmedia-i386-win32-vc8-debug:sdp.obj
 0002:00044190       _pjmedia_sdp_conn_clone    004bf190 f   pjmedia-i386-win32-vc8-debug:sdp.obj
 0002:00044250       _pjmedia_sdp_media_clone   004bf250 f   pjmedia-i386-win32-vc8-debug:sdp.obj
 0002:000444e0       _pjmedia_sdp_media_find_attr 004bf4e0 f   pjmedia-i386-win32-vc8-debug:sdp.obj
 0002:00044570       _pjmedia_sdp_media_find_attr2 004bf570 f   pjmedia-i386-win32-vc8-debug:sdp.obj
 0002:00044600       _pjmedia_sdp_media_add_attr 004bf600 f   pjmedia-i386-win32-vc8-debug:sdp.obj
 0002:00044640       _pjmedia_sdp_session_add_attr 004bf640 f   pjmedia-i386-win32-vc8-debug:sdp.obj
 0002:00044680       _pjmedia_sdp_media_remove_all_attr 004bf680 f   pjmedia-i386-win32-vc8-debug:sdp.obj
 0002:000446c0       _pjmedia_sdp_media_remove_attr 004bf6c0 f   pjmedia-i386-win32-vc8-debug:sdp.obj
 0002:00044720       _pjmedia_sdp_parse         004bf720 f   pjmedia-i386-win32-vc8-debug:sdp.obj
 0002:00045790       _pjmedia_sdp_print         004c0790 f   pjmedia-i386-win32-vc8-debug:sdp.obj
 0002:000460e0       _pjmedia_sdp_session_clone 004c10e0 f   pjmedia-i386-win32-vc8-debug:sdp.obj
 0002:000463c0       _pjmedia_sdp_validate      004c13c0 f   pjmedia-i386-win32-vc8-debug:sdp.obj
 0002:000467b0       _pjmedia_sdp_transport_cmp 004c17b0 f   pjmedia-i386-win32-vc8-debug:sdp.obj
 0002:00046860       _pjmedia_sdp_media_deactivate 004c1860 f   pjmedia-i386-win32-vc8-debug:sdp.obj
 0002:000468d0       _pjmedia_sdp_media_clone_deactivate 004c18d0 f   pjmedia-i386-win32-vc8-debug:sdp.obj
 0002:00046a90       _pjmedia_transport_udp_create 004c1a90 f   pjmedia-i386-win32-vc8-debug:transport_udp.obj
 0002:00046ad0       _pjmedia_transport_udp_create2 004c1ad0 f   pjmedia-i386-win32-vc8-debug:transport_udp.obj
 0002:00046b20       _pjmedia_transport_udp_create3 004c1b20 f   pjmedia-i386-win32-vc8-debug:transport_udp.obj
 0002:00046d90       _pjmedia_transport_udp_attach 004c1d90 f   pjmedia-i386-win32-vc8-debug:transport_udp.obj
 0002:00048450       _pjmedia_codec_g711_init   004c3450 f   pjmedia-i386-win32-vc8-debug:g711.obj
 0002:000485f0       _pjmedia_codec_g711_deinit 004c35f0 f   pjmedia-i386-win32-vc8-debug:g711.obj
 0002:00049530       _pjmedia_endpt_create      004c4530 f   pjmedia-i386-win32-vc8-debug:endpoint.obj
 0002:000498d0       _pjmedia_endpt_get_codec_mgr 004c48d0 f   pjmedia-i386-win32-vc8-debug:endpoint.obj
 0002:000498f0       _pjmedia_endpt_destroy     004c48f0 f   pjmedia-i386-win32-vc8-debug:endpoint.obj
 0002:00049a60       _pjmedia_endpt_get_ioqueue 004c4a60 f   pjmedia-i386-win32-vc8-debug:endpoint.obj
 0002:00049ac0       _pjmedia_endpt_get_thread_count 004c4ac0 f   pjmedia-i386-win32-vc8-debug:endpoint.obj
 0002:00049b20       _pjmedia_endpt_get_thread  004c4b20 f   pjmedia-i386-win32-vc8-debug:endpoint.obj
 0002:00049c30       _pjmedia_endpt_create_pool 004c4c30 f   pjmedia-i386-win32-vc8-debug:endpoint.obj
 0002:00049ca0       _pjmedia_endpt_create_sdp  004c4ca0 f   pjmedia-i386-win32-vc8-debug:endpoint.obj
 0002:0004a7c0       _pjmedia_endpt_dump        004c57c0 f   pjmedia-i386-win32-vc8-debug:endpoint.obj
 0002:0004ac60       _pjmedia_rtcp_get_ntp_time 004c5c60 f   pjmedia-i386-win32-vc8-debug:rtcp.obj
 0002:0004af40       _pjmedia_rtcp_session_setting_default 004c5f40 f   pjmedia-i386-win32-vc8-debug:rtcp.obj
 0002:0004afa0       _pjmedia_rtcp_init         004c5fa0 f   pjmedia-i386-win32-vc8-debug:rtcp.obj
 0002:0004b000       _pjmedia_rtcp_init2        004c6000 f   pjmedia-i386-win32-vc8-debug:rtcp.obj
 0002:0004b2f0       _pjmedia_rtcp_fini         004c62f0 f   pjmedia-i386-win32-vc8-debug:rtcp.obj
 0002:0004b310       _pjmedia_rtcp_rx_rtp       004c6310 f   pjmedia-i386-win32-vc8-debug:rtcp.obj
 0002:0004b350       _pjmedia_rtcp_rx_rtp2      004c6350 f   pjmedia-i386-win32-vc8-debug:rtcp.obj
 0002:0004b830       _pjmedia_rtcp_tx_rtp       004c6830 f   pjmedia-i386-win32-vc8-debug:rtcp.obj
 0002:0004b880       _pjmedia_rtcp_rx_rtcp      004c6880 f   pjmedia-i386-win32-vc8-debug:rtcp.obj
 0002:0004bd60       _pjmedia_rtcp_build_rtcp   004c6d60 f   pjmedia-i386-win32-vc8-debug:rtcp.obj
 0002:0004c2d0       _pjmedia_rtcp_enable_xr    004c72d0 f   pjmedia-i386-win32-vc8-debug:rtcp.obj
 0002:0004c2f0       _pjmedia_rtp_session_init  004c72f0 f   pjmedia-i386-win32-vc8-debug:rtp.obj
 0002:0004c500       _pjmedia_rtp_session_init2 004c7500 f   pjmedia-i386-win32-vc8-debug:rtp.obj
 0002:0004c5d0       _pjmedia_rtp_encode_rtp    004c75d0 f   pjmedia-i386-win32-vc8-debug:rtp.obj
 0002:0004c6e0       _pjmedia_rtp_decode_rtp    004c76e0 f   pjmedia-i386-win32-vc8-debug:rtp.obj
 0002:0004c7d0       _pjmedia_rtp_session_update 004c77d0 f   pjmedia-i386-win32-vc8-debug:rtp.obj
 0002:0004c800       _pjmedia_rtp_session_update2 004c7800 f   pjmedia-i386-win32-vc8-debug:rtp.obj
 0002:0004c9f0       _pjmedia_rtp_seq_init      004c79f0 f   pjmedia-i386-win32-vc8-debug:rtp.obj
 0002:0004ca90       _pjmedia_rtp_seq_update    004c7a90 f   pjmedia-i386-win32-vc8-debug:rtp.obj
 0002:0004ccb0       _pjmedia_stream_info_from_sdp 004c7cb0 f   pjmedia-i386-win32-vc8-debug:session.obj
 0002:0004df30       _pjmedia_session_info_from_sdp 004c8f30 f   pjmedia-i386-win32-vc8-debug:session.obj
 0002:0004e070       _pjmedia_session_create    004c9070 f   pjmedia-i386-win32-vc8-debug:session.obj
 0002:0004e320       _pjmedia_session_get_info  004c9320 f   pjmedia-i386-win32-vc8-debug:session.obj
 0002:0004e3c0       _pjmedia_session_get_user_data 004c93c0 f   pjmedia-i386-win32-vc8-debug:session.obj
 0002:0004e400       _pjmedia_session_destroy   004c9400 f   pjmedia-i386-win32-vc8-debug:session.obj
 0002:0004e4b0       _pjmedia_session_resume    004c94b0 f   pjmedia-i386-win32-vc8-debug:session.obj
 0002:0004e550       _pjmedia_session_pause     004c9550 f   pjmedia-i386-win32-vc8-debug:session.obj
 0002:0004e5f0       _pjmedia_session_pause_stream 004c95f0 f   pjmedia-i386-win32-vc8-debug:session.obj
 0002:0004e680       _pjmedia_session_resume_stream 004c9680 f   pjmedia-i386-win32-vc8-debug:session.obj
 0002:0004e710       _pjmedia_session_enum_streams 004c9710 f   pjmedia-i386-win32-vc8-debug:session.obj
 0002:0004e810       _pjmedia_session_get_port  004c9810 f   pjmedia-i386-win32-vc8-debug:session.obj
 0002:0004e850       _pjmedia_session_get_stream_stat 004c9850 f   pjmedia-i386-win32-vc8-debug:session.obj
 0002:0004e8f0       _pjmedia_session_get_stream_stat_jbuf 004c98f0 f   pjmedia-i386-win32-vc8-debug:session.obj
 0002:0004e990       _pjmedia_session_dial_dtmf 004c9990 f   pjmedia-i386-win32-vc8-debug:session.obj
 0002:0004ea20       _pjmedia_session_check_dtmf 004c9a20 f   pjmedia-i386-win32-vc8-debug:session.obj
 0002:0004ea90       _pjmedia_session_get_dtmf  004c9a90 f   pjmedia-i386-win32-vc8-debug:session.obj
 0002:0004eb30       _pjmedia_session_set_dtmf_callback 004c9b30 f   pjmedia-i386-win32-vc8-debug:session.obj
 0002:0004ebd0       _pjmedia_sdp_neg_state_str 004c9bd0 f   pjmedia-i386-win32-vc8-debug:sdp_neg.obj
 0002:0004ec10       _pjmedia_sdp_neg_create_w_local_offer 004c9c10 f   pjmedia-i386-win32-vc8-debug:sdp_neg.obj
 0002:0004ede0       _pjmedia_sdp_neg_create_w_remote_offer 004c9de0 f   pjmedia-i386-win32-vc8-debug:sdp_neg.obj
 0002:0004efd0       _pjmedia_sdp_neg_set_prefer_remote_codec_order 004c9fd0 f   pjmedia-i386-win32-vc8-debug:sdp_neg.obj
 0002:0004f030       _pjmedia_sdp_neg_get_state 004ca030 f   pjmedia-i386-win32-vc8-debug:sdp_neg.obj
 0002:0004f090       _pjmedia_sdp_neg_get_active_local 004ca090 f   pjmedia-i386-win32-vc8-debug:sdp_neg.obj
 0002:0004f150       _pjmedia_sdp_neg_get_active_remote 004ca150 f   pjmedia-i386-win32-vc8-debug:sdp_neg.obj
 0002:0004f210       _pjmedia_sdp_neg_was_answer_remote 004ca210 f   pjmedia-i386-win32-vc8-debug:sdp_neg.obj
 0002:0004f270       _pjmedia_sdp_neg_get_neg_remote 004ca270 f   pjmedia-i386-win32-vc8-debug:sdp_neg.obj
 0002:0004f330       _pjmedia_sdp_neg_get_neg_local 004ca330 f   pjmedia-i386-win32-vc8-debug:sdp_neg.obj
 0002:0004f3f0       _pjmedia_sdp_neg_modify_local_offer 004ca3f0 f   pjmedia-i386-win32-vc8-debug:sdp_neg.obj
 0002:0004f780       _pjmedia_sdp_neg_send_local_offer 004ca780 f   pjmedia-i386-win32-vc8-debug:sdp_neg.obj
 0002:0004f8f0       _pjmedia_sdp_neg_set_remote_answer 004ca8f0 f   pjmedia-i386-win32-vc8-debug:sdp_neg.obj
 0002:0004f9e0       _pjmedia_sdp_neg_set_remote_offer 004ca9e0 f   pjmedia-i386-win32-vc8-debug:sdp_neg.obj
 0002:0004fac0       _pjmedia_sdp_neg_set_local_answer 004caac0 f   pjmedia-i386-win32-vc8-debug:sdp_neg.obj
 0002:0004fc60       _pjmedia_sdp_neg_has_local_answer 004cac60 f   pjmedia-i386-win32-vc8-debug:sdp_neg.obj
 0002:0004fcc0       _pjmedia_sdp_neg_cancel_offer 004cacc0 f   pjmedia-i386-win32-vc8-debug:sdp_neg.obj
 0002:0004fda0       _pjmedia_sdp_neg_negotiate 004cada0 f   pjmedia-i386-win32-vc8-debug:sdp_neg.obj
 0002:00052500       _pjmedia_codec_mgr_init    004cd500 f   pjmedia-i386-win32-vc8-debug:codec.obj
 0002:00052670       _pjmedia_codec_mgr_destroy 004cd670 f   pjmedia-i386-win32-vc8-debug:codec.obj
 0002:000527b0       _pjmedia_codec_mgr_register_factory 004cd7b0 f   pjmedia-i386-win32-vc8-debug:codec.obj
 0002:00052a70       _pjmedia_codec_mgr_unregister_factory 004cda70 f   pjmedia-i386-win32-vc8-debug:codec.obj
 0002:00052c40       _pjmedia_codec_mgr_enum_codecs 004cdc40 f   pjmedia-i386-win32-vc8-debug:codec.obj
 0002:00052da0       _pjmedia_codec_mgr_get_codec_info 004cdda0 f   pjmedia-i386-win32-vc8-debug:codec.obj
 0002:00052ec0       _pjmedia_codec_info_to_id  004cdec0 f   pjmedia-i386-win32-vc8-debug:codec.obj
 0002:00052f90       _pjmedia_codec_mgr_find_codecs_by_id 004cdf90 f   pjmedia-i386-win32-vc8-debug:codec.obj
 0002:00053300       _pjmedia_codec_mgr_set_codec_priority 004ce300 f   pjmedia-i386-win32-vc8-debug:codec.obj
 0002:00053450       _pjmedia_codec_mgr_alloc_codec 004ce450 f   pjmedia-i386-win32-vc8-debug:codec.obj
 0002:00053590       _pjmedia_codec_mgr_get_default_param 004ce590 f   pjmedia-i386-win32-vc8-debug:codec.obj
 0002:00053810       _pjmedia_codec_mgr_set_default_param 004ce810 f   pjmedia-i386-win32-vc8-debug:codec.obj
 0002:00053c00       _pjmedia_codec_mgr_dealloc_codec 004cec00 f   pjmedia-i386-win32-vc8-debug:codec.obj
 0002:00053c90       _pjmedia_silence_det_create 004cec90 f   pjmedia-i386-win32-vc8-debug:silencedet.obj
 0002:00053db0       _pjmedia_silence_det_set_name 004cedb0 f   pjmedia-i386-win32-vc8-debug:silencedet.obj
 0002:00053e40       _pjmedia_silence_det_set_adaptive 004cee40 f   pjmedia-i386-win32-vc8-debug:silencedet.obj
 0002:00053ec0       _pjmedia_silence_det_set_fixed 004ceec0 f   pjmedia-i386-win32-vc8-debug:silencedet.obj
 0002:00053f40       _pjmedia_silence_det_set_params 004cef40 f   pjmedia-i386-win32-vc8-debug:silencedet.obj
 0002:00053ff0       _pjmedia_silence_det_disable 004ceff0 f   pjmedia-i386-win32-vc8-debug:silencedet.obj
 0002:00054060       _pjmedia_calc_avg_signal   004cf060 f   pjmedia-i386-win32-vc8-debug:silencedet.obj
 0002:00054100       _pjmedia_silence_det_apply 004cf100 f   pjmedia-i386-win32-vc8-debug:silencedet.obj
 0002:000544a0       _pjmedia_silence_det_detect 004cf4a0 f   pjmedia-i386-win32-vc8-debug:silencedet.obj
 0002:00054500       _pjmedia_plc_create        004cf500 f   pjmedia-i386-win32-vc8-debug:plc_common.obj
 0002:00054650       _pjmedia_plc_save          004cf650 f   pjmedia-i386-win32-vc8-debug:plc_common.obj
 0002:000546e0       _pjmedia_plc_generate      004cf6e0 f   pjmedia-i386-win32-vc8-debug:plc_common.obj
 0002:00054890       _pjmedia_strerror          004cf890 f   pjmedia-i386-win32-vc8-debug:errno.obj
 0002:00054a80       _pjmedia_stream_create     004cfa80 f   pjmedia-i386-win32-vc8-debug:stream.obj
 0002:000585f0       _pjmedia_stream_destroy    004d35f0 f   pjmedia-i386-win32-vc8-debug:stream.obj
 0002:00058910       _pjmedia_stream_get_port   004d3910 f   pjmedia-i386-win32-vc8-debug:stream.obj
 0002:00058940       _pjmedia_stream_get_transport 004d3940 f   pjmedia-i386-win32-vc8-debug:stream.obj
 0002:00058960       _pjmedia_stream_start      004d3960 f   pjmedia-i386-win32-vc8-debug:stream.obj
 0002:00058af0       _pjmedia_stream_get_stat   004d3af0 f   pjmedia-i386-win32-vc8-debug:stream.obj
 0002:00058b80       _pjmedia_stream_get_stat_jbuf 004d3b80 f   pjmedia-i386-win32-vc8-debug:stream.obj
 0002:00058c00       _pjmedia_stream_pause      004d3c00 f   pjmedia-i386-win32-vc8-debug:stream.obj
 0002:00058d40       _pjmedia_stream_resume     004d3d40 f   pjmedia-i386-win32-vc8-debug:stream.obj
 0002:00058e40       _pjmedia_stream_dial_dtmf  004d3e40 f   pjmedia-i386-win32-vc8-debug:stream.obj
 0002:00059070       _pjmedia_stream_check_dtmf 004d4070 f   pjmedia-i386-win32-vc8-debug:stream.obj
 0002:000590a0       _pjmedia_stream_get_dtmf   004d40a0 f   pjmedia-i386-win32-vc8-debug:stream.obj
 0002:00059220       _pjmedia_stream_set_dtmf_callback 004d4220 f   pjmedia-i386-win32-vc8-debug:stream.obj
 0002:000592c0       _pjmedia_wsola_create      004d42c0 f   pjmedia-i386-win32-vc8-debug:wsola.obj
 0002:000598f0       _pjmedia_wsola_destroy     004d48f0 f   pjmedia-i386-win32-vc8-debug:wsola.obj
 0002:00059910       _pjmedia_wsola_set_max_expand 004d4910 f   pjmedia-i386-win32-vc8-debug:wsola.obj
 0002:00059990       _pjmedia_wsola_reset       004d4990 f   pjmedia-i386-win32-vc8-debug:wsola.obj
 0002:00059af0       _pjmedia_wsola_save        004d4af0 f   pjmedia-i386-win32-vc8-debug:wsola.obj
 0002:0005a870       _pjmedia_wsola_generate    004d5870 f   pjmedia-i386-win32-vc8-debug:wsola.obj
 0002:0005b0f0       _pjmedia_wsola_discard     004d60f0 f   pjmedia-i386-win32-vc8-debug:wsola.obj
 0002:0005b7e0       _get_libsrtp_errstr        004d67e0 f   pjmedia-i386-win32-vc8-debug:transport_srtp.obj
 0002:0005b840       _pjmedia_srtp_init_lib     004d6840 f   pjmedia-i386-win32-vc8-debug:transport_srtp.obj
 0002:0005b980       _pjmedia_srtp_setting_default 004d6980 f   pjmedia-i386-win32-vc8-debug:transport_srtp.obj
 0002:0005ba80       _pjmedia_transport_srtp_create 004d6a80 f   pjmedia-i386-win32-vc8-debug:transport_srtp.obj
 0002:0005bf50       _pjmedia_transport_srtp_start 004d6f50 f   pjmedia-i386-win32-vc8-debug:transport_srtp.obj
 0002:0005c8d0       _pjmedia_transport_srtp_stop 004d78d0 f   pjmedia-i386-win32-vc8-debug:transport_srtp.obj
 0002:0005ca20       _pjmedia_transport_srtp_get_member 004d7a20 f   pjmedia-i386-win32-vc8-debug:transport_srtp.obj
 0002:0005f2d0       _pjmedia_transport_srtp_decrypt_pkt 004da2d0 f   pjmedia-i386-win32-vc8-debug:transport_srtp.obj
 0002:0005f4f0       _pjmedia_jbuf_create       004da4f0 f   pjmedia-i386-win32-vc8-debug:jbuf.obj
 0002:0005f920       _pjmedia_jbuf_set_fixed    004da920 f   pjmedia-i386-win32-vc8-debug:jbuf.obj
 0002:0005f9f0       _pjmedia_jbuf_set_adaptive 004da9f0 f   pjmedia-i386-win32-vc8-debug:jbuf.obj
 0002:0005faf0       _pjmedia_jbuf_reset        004daaf0 f   pjmedia-i386-win32-vc8-debug:jbuf.obj
 0002:0005fb70       _pjmedia_jbuf_destroy      004dab70 f   pjmedia-i386-win32-vc8-debug:jbuf.obj
 0002:0005fd80       _pjmedia_jbuf_put_frame    004dad80 f   pjmedia-i386-win32-vc8-debug:jbuf.obj
 0002:0005fdc0       _pjmedia_jbuf_put_frame2   004dadc0 f   pjmedia-i386-win32-vc8-debug:jbuf.obj
 0002:00060b20       _pjmedia_jbuf_get_frame    004dbb20 f   pjmedia-i386-win32-vc8-debug:jbuf.obj
 0002:00060b60       _pjmedia_jbuf_get_frame2   004dbb60 f   pjmedia-i386-win32-vc8-debug:jbuf.obj
 0002:00060ed0       _pjmedia_jbuf_get_state    004dbed0 f   pjmedia-i386-win32-vc8-debug:jbuf.obj
 0002:00061040       _pjmedia_port_info_init    004dc040 f   pjmedia-i386-win32-vc8-debug:port.obj
 0002:00061150       _pjmedia_port_get_frame    004dc150 f   pjmedia-i386-win32-vc8-debug:port.obj
 0002:000611f0       _pjmedia_port_put_frame    004dc1f0 f   pjmedia-i386-win32-vc8-debug:port.obj
 0002:00061280       _pjmedia_port_destroy      004dc280 f   pjmedia-i386-win32-vc8-debug:port.obj
 0002:00061310       _pjlib_util_strerror       004dc310 f   pjlib-util-i386-win32-vc8-debug:errno.obj
 0002:00061480       _pjlib_util_init           004dc480 f   pjlib-util-i386-win32-vc8-debug:errno.obj
 0002:000614b0       _pj_getopt_long            004dc4b0 f   pjlib-util-i386-win32-vc8-debug:getopt.obj
 0002:000614f0       _pj_getopt                 004dc4f0 f   pjlib-util-i386-win32-vc8-debug:getopt.obj
 0002:00062430       _pj_cis_buf_init           004dd430 f   pjlib-util-i386-win32-vc8-debug:scanner.obj
 0002:000624a0       _pj_cis_init               004dd4a0 f   pjlib-util-i386-win32-vc8-debug:scanner.obj
 0002:00062540       _pj_cis_dup                004dd540 f   pjlib-util-i386-win32-vc8-debug:scanner.obj
 0002:00062630       _pj_cis_add_range          004dd630 f   pjlib-util-i386-win32-vc8-debug:scanner.obj
 0002:000626b0       _pj_cis_add_alpha          004dd6b0 f   pjlib-util-i386-win32-vc8-debug:scanner.obj
 0002:000626f0       _pj_cis_add_num            004dd6f0 f   pjlib-util-i386-win32-vc8-debug:scanner.obj
 0002:00062720       _pj_cis_add_str            004dd720 f   pjlib-util-i386-win32-vc8-debug:scanner.obj
 0002:00062790       _pj_cis_add_cis            004dd790 f   pjlib-util-i386-win32-vc8-debug:scanner.obj
 0002:00062820       _pj_cis_del_range          004dd820 f   pjlib-util-i386-win32-vc8-debug:scanner.obj
 0002:00062880       _pj_cis_del_str            004dd880 f   pjlib-util-i386-win32-vc8-debug:scanner.obj
 0002:000628f0       _pj_cis_invert             004dd8f0 f   pjlib-util-i386-win32-vc8-debug:scanner.obj
 0002:000629b0       _pj_scan_init              004dd9b0 f   pjlib-util-i386-win32-vc8-debug:scanner.obj
 0002:00062a50       _pj_scan_fini              004dda50 f   pjlib-util-i386-win32-vc8-debug:scanner.obj
 0002:00062a80       _pj_scan_skip_whitespace   004dda80 f   pjlib-util-i386-win32-vc8-debug:scanner.obj
 0002:00062ce0       _pj_scan_skip_line         004ddce0 f   pjlib-util-i386-win32-vc8-debug:scanner.obj
 0002:00062d60       _pj_scan_peek              004ddd60 f   pjlib-util-i386-win32-vc8-debug:scanner.obj
 0002:00062e90       _pj_scan_peek_n            004dde90 f   pjlib-util-i386-win32-vc8-debug:scanner.obj
 0002:00062f30       _pj_scan_peek_until        004ddf30 f   pjlib-util-i386-win32-vc8-debug:scanner.obj
 0002:00062fd0       _pj_scan_get               004ddfd0 f   pjlib-util-i386-win32-vc8-debug:scanner.obj
 0002:000630d0       _pj_scan_get_unescape      004de0d0 f   pjlib-util-i386-win32-vc8-debug:scanner.obj
 0002:00063440       _pj_scan_get_quote         004de440 f   pjlib-util-i386-win32-vc8-debug:scanner.obj
 0002:00063490       _pj_scan_get_quotes        004de490 f   pjlib-util-i386-win32-vc8-debug:scanner.obj
 0002:000636d0       _pj_scan_get_n             004de6d0 f   pjlib-util-i386-win32-vc8-debug:scanner.obj
 0002:00063770       _pj_scan_get_char          004de770 f   pjlib-util-i386-win32-vc8-debug:scanner.obj
 0002:000637f0       _pj_scan_get_newline       004de7f0 f   pjlib-util-i386-win32-vc8-debug:scanner.obj
 0002:000638b0       _pj_scan_get_until         004de8b0 f   pjlib-util-i386-win32-vc8-debug:scanner.obj
 0002:00063980       _pj_scan_get_until_ch      004de980 f   pjlib-util-i386-win32-vc8-debug:scanner.obj
 0002:00063a40       _pj_scan_get_until_chr     004dea40 f   pjlib-util-i386-win32-vc8-debug:scanner.obj
 0002:00063b30       _pj_scan_advance_n         004deb30 f   pjlib-util-i386-win32-vc8-debug:scanner.obj
 0002:00063bb0       _pj_scan_strcmp            004debb0 f   pjlib-util-i386-win32-vc8-debug:scanner.obj
 0002:00063c10       _pj_scan_stricmp           004dec10 f   pjlib-util-i386-win32-vc8-debug:scanner.obj
 0002:00063c70       _pj_scan_stricmp_alnum     004dec70 f   pjlib-util-i386-win32-vc8-debug:scanner.obj
 0002:00063cd0       _pj_scan_save_state        004decd0 f   pjlib-util-i386-win32-vc8-debug:scanner.obj
 0002:00063d10       _pj_scan_restore_state     004ded10 f   pjlib-util-i386-win32-vc8-debug:scanner.obj
 0002:00063d50       _pj_dns_settings_default   004ded50 f   pjlib-util-i386-win32-vc8-debug:resolver.obj
 0002:00063df0       _pj_dns_resolver_create    004dedf0 f   pjlib-util-i386-win32-vc8-debug:resolver.obj
 0002:00064240       _pj_dns_resolver_destroy   004df240 f   pjlib-util-i386-win32-vc8-debug:resolver.obj
 0002:000645a0       _pj_dns_resolver_set_ns    004df5a0 f   pjlib-util-i386-win32-vc8-debug:resolver.obj
 0002:000647c0       _pj_dns_resolver_set_settings 004df7c0 f   pjlib-util-i386-win32-vc8-debug:resolver.obj
 0002:000648a0       _pj_dns_resolver_get_settings 004df8a0 f   pjlib-util-i386-win32-vc8-debug:resolver.obj
 0002:00064950       _pj_dns_resolver_handle_events 004df950 f   pjlib-util-i386-win32-vc8-debug:resolver.obj
 0002:000649f0       _pj_dns_resolver_start_query 004df9f0 f   pjlib-util-i386-win32-vc8-debug:resolver.obj
 0002:00065570       _pj_dns_resolver_cancel_query 004e0570 f   pjlib-util-i386-win32-vc8-debug:resolver.obj
 0002:00065640       _pj_dns_parse_a_response   004e0640 f   pjlib-util-i386-win32-vc8-debug:resolver.obj
 0002:00066d60       _pj_dns_resolver_add_entry 004e1d60 f   pjlib-util-i386-win32-vc8-debug:resolver.obj
 0002:00067060       _pj_dns_resolver_get_cached_count 004e2060 f   pjlib-util-i386-win32-vc8-debug:resolver.obj
 0002:00067100       _pj_dns_resolver_dump      004e2100 f   pjlib-util-i386-win32-vc8-debug:resolver.obj
 0002:00067570       _pj_str_unescape           004e2570 f   pjlib-util-i386-win32-vc8-debug:string.obj
 0002:000677a0       _pj_strcpy_unescape        004e27a0 f   pjlib-util-i386-win32-vc8-debug:string.obj
 0002:00067890       _pj_strncpy2_escape        004e2890 f   pjlib-util-i386-win32-vc8-debug:string.obj
 0002:00067a50       _pj_strncpy_escape         004e2a50 f   pjlib-util-i386-win32-vc8-debug:string.obj
 0002:00067ab0       _pj_md5_init               004e2ab0 f   pjlib-util-i386-win32-vc8-debug:md5.obj
 0002:00067b10       _pj_md5_update             004e2b10 f   pjlib-util-i386-win32-vc8-debug:md5.obj
 0002:00067cc0       _pj_md5_final              004e2cc0 f   pjlib-util-i386-win32-vc8-debug:md5.obj
 0002:00069020       _pj_dns_srv_resolve        004e4020 f   pjlib-util-i386-win32-vc8-debug:srv_resolver.obj
 0002:00069300       _pj_dns_srv_cancel_query   004e4300 f   pjlib-util-i386-win32-vc8-debug:srv_resolver.obj
 0002:0006abb0       _pj_dns_get_type_name      004e5bb0 f   pjlib-util-i386-win32-vc8-debug:dns.obj
 0002:0006acb0       _pj_dns_make_query         004e5cb0 f   pjlib-util-i386-win32-vc8-debug:dns.obj
 0002:0006afd0       _pj_dns_parse_packet       004e5fd0 f   pjlib-util-i386-win32-vc8-debug:dns.obj
 0002:0006bf00       _pj_dns_packet_dup         004e6f00 f   pjlib-util-i386-win32-vc8-debug:dns.obj
 0002:0006c650       _pj_dns_init_srv_rr        004e7650 f   pjlib-util-i386-win32-vc8-debug:dns.obj
 0002:0006c6f0       _pj_dns_init_cname_rr      004e76f0 f   pjlib-util-i386-win32-vc8-debug:dns.obj
 0002:0006c770       _pj_dns_init_a_rr          004e7770 f   pjlib-util-i386-win32-vc8-debug:dns.obj
 0002:0006c7e0       _pj_base64_encode          004e77e0 f   pjlib-util-i386-win32-vc8-debug:base64.obj
 0002:0006cb40       _pj_base64_decode          004e7b40 f   pjlib-util-i386-win32-vc8-debug:base64.obj
 0002:0006cfe0       _pj_str                    004e7fe0 f   pjlib-i386-win32-vc8-debug:string.obj
 0002:0006d030       _pj_strdup                 004e8030 f   pjlib-i386-win32-vc8-debug:string.obj
 0002:0006d0f0       _pj_strdup_with_null       004e80f0 f   pjlib-i386-win32-vc8-debug:string.obj
 0002:0006d180       _pj_strdup2                004e8180 f   pjlib-i386-win32-vc8-debug:string.obj
 0002:0006d220       _pj_strdup2_with_null      004e8220 f   pjlib-i386-win32-vc8-debug:string.obj
 0002:0006d2d0       _pj_strdup3                004e82d0 f   pjlib-i386-win32-vc8-debug:string.obj
 0002:0006d310       _pj_strassign              004e8310 f   pjlib-i386-win32-vc8-debug:string.obj
 0002:0006d350       _pj_strcpy                 004e8350 f   pjlib-i386-win32-vc8-debug:string.obj
 0002:0006d3b0       _pj_strcpy2                004e83b0 f   pjlib-i386-win32-vc8-debug:string.obj
 0002:0006d430       _pj_strncpy                004e8430 f   pjlib-i386-win32-vc8-debug:string.obj
 0002:0006d490       _pj_strncpy_with_null      004e8490 f   pjlib-i386-win32-vc8-debug:string.obj
 0002:0006d510       _pj_strcmp                 004e8510 f   pjlib-i386-win32-vc8-debug:string.obj
 0002:0006d630       _pj_strncmp                004e8630 f   pjlib-i386-win32-vc8-debug:string.obj
 0002:0006d6b0       _pj_strncmp2               004e86b0 f   pjlib-i386-win32-vc8-debug:string.obj
 0002:0006d710       _pj_strcmp2                004e8710 f   pjlib-i386-win32-vc8-debug:string.obj
 0002:0006d770       _pj_stricmp                004e8770 f   pjlib-i386-win32-vc8-debug:string.obj
 0002:0006d860       _pj_stricmp2               004e8860 f   pjlib-i386-win32-vc8-debug:string.obj
 0002:0006d8c0       _pj_strnicmp               004e88c0 f   pjlib-i386-win32-vc8-debug:string.obj
 0002:0006d940       _pj_strnicmp2              004e8940 f   pjlib-i386-win32-vc8-debug:string.obj
 0002:0006d9a0       _pj_strcat                 004e89a0 f   pjlib-i386-win32-vc8-debug:string.obj
 0002:0006da00       _pj_strcat2                004e8a00 f   pjlib-i386-win32-vc8-debug:string.obj
 0002:0006da80       _pj_strtrim                004e8a80 f   pjlib-i386-win32-vc8-debug:string.obj
 0002:0006dac0       _pj_strstr                 004e8ac0 f   pjlib-i386-win32-vc8-debug:string.obj
 0002:0006db60       _pj_stristr                004e8b60 f   pjlib-i386-win32-vc8-debug:string.obj
 0002:0006dc00       _pj_strltrim               004e8c00 f   pjlib-i386-win32-vc8-debug:string.obj
 0002:0006dcc0       _pj_strrtrim               004e8cc0 f   pjlib-i386-win32-vc8-debug:string.obj
 0002:0006dd50       _pj_create_random_string   004e8d50 f   pjlib-i386-win32-vc8-debug:string.obj
 0002:0006def0       _pj_strtoul                004e8ef0 f   pjlib-i386-win32-vc8-debug:string.obj
 0002:0006dfd0       _pj_strtoul2               004e8fd0 f   pjlib-i386-win32-vc8-debug:string.obj
 0002:0006e1f0       _pj_utoa                   004e91f0 f   pjlib-i386-win32-vc8-debug:string.obj
 0002:0006e220       _pj_utoa_pad               004e9220 f   pjlib-i386-win32-vc8-debug:string.obj
 0002:0006e330       _pj_gettimeofday           004e9330 f   pjlib-i386-win32-vc8-debug:os_time_win32.obj
 0002:0006e490       _pj_time_decode            004e9490 f   pjlib-i386-win32-vc8-debug:os_time_win32.obj
 0002:0006e580       _pj_time_encode            004e9580 f   pjlib-i386-win32-vc8-debug:os_time_win32.obj
 0002:0006e6b0       _pj_ntohs                  004e96b0 f   pjlib-i386-win32-vc8-debug:sock_bsd.obj
 0002:0006e6e0       _pj_htons                  004e96e0 f   pjlib-i386-win32-vc8-debug:sock_bsd.obj
 0002:0006e710       _pj_ntohl                  004e9710 f   pjlib-i386-win32-vc8-debug:sock_bsd.obj
 0002:0006e730       _pj_htonl                  004e9730 f   pjlib-i386-win32-vc8-debug:sock_bsd.obj
 0002:0006e750       _pj_inet_ntoa              004e9750 f   pjlib-i386-win32-vc8-debug:sock_bsd.obj
 0002:0006e770       _pj_inet_aton              004e9770 f   pjlib-i386-win32-vc8-debug:sock_bsd.obj
 0002:0006e8a0       _pj_inet_pton              004e98a0 f   pjlib-i386-win32-vc8-debug:sock_bsd.obj
 0002:0006eb00       _pj_inet_ntop              004e9b00 f   pjlib-i386-win32-vc8-debug:sock_bsd.obj
 0002:0006ed70       _pj_gethostname            004e9d70 f   pjlib-i386-win32-vc8-debug:sock_bsd.obj
 0002:0006ee10       _pj_sock_socket            004e9e10 f   pjlib-i386-win32-vc8-debug:sock_bsd.obj
 0002:0006ef30       _pj_sock_bind              004e9f30 f   pjlib-i386-win32-vc8-debug:sock_bsd.obj
 0002:0006f020       _pj_sock_bind_in           004ea020 f   pjlib-i386-win32-vc8-debug:sock_bsd.obj
 0002:0006f0d0       _pj_sock_close             004ea0d0 f   pjlib-i386-win32-vc8-debug:sock_bsd.obj
 0002:0006f170       _pj_sock_getpeername       004ea170 f   pjlib-i386-win32-vc8-debug:sock_bsd.obj
 0002:0006f210       _pj_sock_getsockname       004ea210 f   pjlib-i386-win32-vc8-debug:sock_bsd.obj
 0002:0006f2b0       _pj_sock_send              004ea2b0 f   pjlib-i386-win32-vc8-debug:sock_bsd.obj
 0002:0006f3a0       _pj_sock_sendto            004ea3a0 f   pjlib-i386-win32-vc8-debug:sock_bsd.obj
 0002:0006f4a0       _pj_sock_recv              004ea4a0 f   pjlib-i386-win32-vc8-debug:sock_bsd.obj
 0002:0006f5a0       _pj_sock_recvfrom          004ea5a0 f   pjlib-i386-win32-vc8-debug:sock_bsd.obj
 0002:0006f710       _pj_sock_getsockopt        004ea710 f   pjlib-i386-win32-vc8-debug:sock_bsd.obj
 0002:0006f810       _pj_sock_setsockopt        004ea810 f   pjlib-i386-win32-vc8-debug:sock_bsd.obj
 0002:0006f8c0       _pj_sock_connect           004ea8c0 f   pjlib-i386-win32-vc8-debug:sock_bsd.obj
 0002:0006f960       _pj_sock_shutdown          004ea960 f   pjlib-i386-win32-vc8-debug:sock_bsd.obj
 0002:0006fa00       _pj_sock_listen            004eaa00 f   pjlib-i386-win32-vc8-debug:sock_bsd.obj
 0002:0006faa0       _pj_sock_accept            004eaaa0 f   pjlib-i386-win32-vc8-debug:sock_bsd.obj
 0002:0006fb90       _pj_pool_get_capacity      004eab90 f   pjlib-i386-win32-vc8-debug:pool.obj
 0002:0006fbb0       _pj_pool_get_used_size     004eabb0 f   pjlib-i386-win32-vc8-debug:pool.obj
 0002:0006fc20       _pj_pool_alloc_from_block  004eac20 f   pjlib-i386-win32-vc8-debug:pool.obj
 0002:0006fc90       _pj_pool_alloc             004eac90 f   pjlib-i386-win32-vc8-debug:pool.obj
 0002:0006fcf0       _pj_pool_calloc            004eacf0 f   pjlib-i386-win32-vc8-debug:pool.obj
 0002:0006fd80       _pj_pool_getobjname        004ead80 f   pjlib-i386-win32-vc8-debug:pool.obj
 0002:0006fda0       _pj_pool_create            004eada0 f   pjlib-i386-win32-vc8-debug:pool.obj
 0002:0006fde0       _pj_pool_release           004eade0 f   pjlib-i386-win32-vc8-debug:pool.obj
 0002:0006fe30       _pj_NO_MEMORY_EXCEPTION    004eae30 f   pjlib-i386-win32-vc8-debug:pool.obj
 0002:0006fe50       _pj_pool_allocate_find     004eae50 f   pjlib-i386-win32-vc8-debug:pool.obj
 0002:00070100       _pj_pool_init_int          004eb100 f   pjlib-i386-win32-vc8-debug:pool.obj
 0002:000701c0       _pj_pool_create_int        004eb1c0 f   pjlib-i386-win32-vc8-debug:pool.obj
 0002:00070370       _pj_pool_reset             004eb370 f   pjlib-i386-win32-vc8-debug:pool.obj
 0002:00070490       _pj_pool_destroy_int       004eb490 f   pjlib-i386-win32-vc8-debug:pool.obj
 0002:00070510       _pj_log_init               004eb510 f   pjlib-i386-win32-vc8-debug:log.obj
 0002:000705a0       _pj_log_set_decor          004eb5a0 f   pjlib-i386-win32-vc8-debug:log.obj
 0002:000705c0       _pj_log_get_decor          004eb5c0 f   pjlib-i386-win32-vc8-debug:log.obj
 0002:000705e0       _pj_log_set_color          004eb5e0 f   pjlib-i386-win32-vc8-debug:log.obj
 0002:00070710       _pj_log_get_color          004eb710 f   pjlib-i386-win32-vc8-debug:log.obj
 0002:000707b0       _pj_log_set_level          004eb7b0 f   pjlib-i386-win32-vc8-debug:log.obj
 0002:000707d0       _pj_log_get_level          004eb7d0 f   pjlib-i386-win32-vc8-debug:log.obj
 0002:000707f0       _pj_log_set_log_func       004eb7f0 f   pjlib-i386-win32-vc8-debug:log.obj
 0002:00070810       _pj_log_get_log_func       004eb810 f   pjlib-i386-win32-vc8-debug:log.obj
 0002:00070830       _pj_log                    004eb830 f   pjlib-i386-win32-vc8-debug:log.obj
 0002:00071030       _pj_log_1                  004ec030 f   pjlib-i386-win32-vc8-debug:log.obj
 0002:00071070       _pj_log_2                  004ec070 f   pjlib-i386-win32-vc8-debug:log.obj
 0002:000710b0       _pj_log_3                  004ec0b0 f   pjlib-i386-win32-vc8-debug:log.obj
 0002:000710f0       _pj_log_4                  004ec0f0 f   pjlib-i386-win32-vc8-debug:log.obj
 0002:00071130       _pj_log_5                  004ec130 f   pjlib-i386-win32-vc8-debug:log.obj
 0002:00071170       _pj_log_write              004ec170 f   pjlib-i386-win32-vc8-debug:log_writer_stdout.obj
 0002:00071250       _pj_init                   004ec250 f   pjlib-i386-win32-vc8-debug:os_core_win32.obj
 0002:00071450       _pj_atexit                 004ec450 f   pjlib-i386-win32-vc8-debug:os_core_win32.obj
 0002:000714a0       _pj_shutdown               004ec4a0 f   pjlib-i386-win32-vc8-debug:os_core_win32.obj
 0002:000715b0       _pj_getpid                 004ec5b0 f   pjlib-i386-win32-vc8-debug:os_core_win32.obj
 0002:000715f0       _pj_thread_is_registered   004ec5f0 f   pjlib-i386-win32-vc8-debug:os_core_win32.obj
 0002:00071620       _pj_thread_get_prio        004ec620 f   pjlib-i386-win32-vc8-debug:os_core_win32.obj
 0002:00071650       _pj_thread_set_prio        004ec650 f   pjlib-i386-win32-vc8-debug:os_core_win32.obj
 0002:00071760       _pj_thread_get_prio_min    004ec760 f   pjlib-i386-win32-vc8-debug:os_core_win32.obj
 0002:00071780       _pj_thread_get_prio_max    004ec780 f   pjlib-i386-win32-vc8-debug:os_core_win32.obj
 0002:000717a0       _pj_thread_get_os_handle   004ec7a0 f   pjlib-i386-win32-vc8-debug:os_core_win32.obj
 0002:00071800       _pj_thread_register        004ec800 f   pjlib-i386-win32-vc8-debug:os_core_win32.obj
 0002:000719c0       _pj_thread_init            004ec9c0 f   pjlib-i386-win32-vc8-debug:os_core_win32.obj
 0002:00071a20       _pj_thread_create          004eca20 f   pjlib-i386-win32-vc8-debug:os_core_win32.obj
 0002:00071d40       _pj_thread_get_name        004ecd40 f   pjlib-i386-win32-vc8-debug:os_core_win32.obj
 0002:00071dc0       _pj_thread_resume          004ecdc0 f   pjlib-i386-win32-vc8-debug:os_core_win32.obj
 0002:00071ea0       _pj_thread_this            004ecea0 f   pjlib-i386-win32-vc8-debug:os_core_win32.obj
 0002:00071f10       _pj_thread_join            004ecf10 f   pjlib-i386-win32-vc8-debug:os_core_win32.obj
 0002:00072020       _pj_thread_destroy         004ed020 f   pjlib-i386-win32-vc8-debug:os_core_win32.obj
 0002:00072100       _pj_thread_sleep           004ed100 f   pjlib-i386-win32-vc8-debug:os_core_win32.obj
 0002:00072140       _pj_thread_check_stack     004ed140 f   pjlib-i386-win32-vc8-debug:os_core_win32.obj
 0002:00072240       _pj_thread_get_stack_max_usage 004ed240 f   pjlib-i386-win32-vc8-debug:os_core_win32.obj
 0002:00072260       _pj_thread_get_stack_info  004ed260 f   pjlib-i386-win32-vc8-debug:os_core_win32.obj
 0002:000722c0       _pj_atomic_create          004ed2c0 f   pjlib-i386-win32-vc8-debug:os_core_win32.obj
 0002:00072310       _pj_atomic_destroy         004ed310 f   pjlib-i386-win32-vc8-debug:os_core_win32.obj
 0002:00072370       _pj_atomic_set             004ed370 f   pjlib-i386-win32-vc8-debug:os_core_win32.obj
 0002:000723c0       _pj_atomic_get             004ed3c0 f   pjlib-i386-win32-vc8-debug:os_core_win32.obj
 0002:00072430       _pj_atomic_inc_and_get     004ed430 f   pjlib-i386-win32-vc8-debug:os_core_win32.obj
 0002:00072470       _pj_atomic_inc             004ed470 f   pjlib-i386-win32-vc8-debug:os_core_win32.obj
 0002:000724a0       _pj_atomic_dec_and_get     004ed4a0 f   pjlib-i386-win32-vc8-debug:os_core_win32.obj
 0002:000724e0       _pj_atomic_dec             004ed4e0 f   pjlib-i386-win32-vc8-debug:os_core_win32.obj
 0002:00072510       _pj_atomic_add             004ed510 f   pjlib-i386-win32-vc8-debug:os_core_win32.obj
 0002:00072540       _pj_atomic_add_and_get     004ed540 f   pjlib-i386-win32-vc8-debug:os_core_win32.obj
 0002:00072570       _pj_thread_local_alloc     004ed570 f   pjlib-i386-win32-vc8-debug:os_core_win32.obj
 0002:00072630       _pj_thread_local_free      004ed630 f   pjlib-i386-win32-vc8-debug:os_core_win32.obj
 0002:00072670       _pj_thread_local_set       004ed670 f   pjlib-i386-win32-vc8-debug:os_core_win32.obj
 0002:00072700       _pj_thread_local_get       004ed700 f   pjlib-i386-win32-vc8-debug:os_core_win32.obj
 0002:000727f0       _pj_mutex_create           004ed7f0 f   pjlib-i386-win32-vc8-debug:os_core_win32.obj
 0002:000728b0       _pj_mutex_create_simple    004ed8b0 f   pjlib-i386-win32-vc8-debug:os_core_win32.obj
 0002:000728e0       _pj_mutex_create_recursive 004ed8e0 f   pjlib-i386-win32-vc8-debug:os_core_win32.obj
 0002:00072910       _pj_mutex_lock             004ed910 f   pjlib-i386-win32-vc8-debug:os_core_win32.obj
 0002:000729e0       _pj_mutex_unlock           004ed9e0 f   pjlib-i386-win32-vc8-debug:os_core_win32.obj
 0002:00072ad0       _pj_mutex_trylock          004edad0 f   pjlib-i386-win32-vc8-debug:os_core_win32.obj
 0002:00072bb0       _pj_mutex_destroy          004edbb0 f   pjlib-i386-win32-vc8-debug:os_core_win32.obj
 0002:00072c40       _pj_mutex_is_locked        004edc40 f   pjlib-i386-win32-vc8-debug:os_core_win32.obj
 0002:00072c70       _pj_rwmutex_create         004edc70 f   pjlib-i386-win32-vc8-debug:os_core_win32.obj
 0002:00072d80       _pj_rwmutex_lock_read      004edd80 f   pjlib-i386-win32-vc8-debug:os_core_win32.obj
 0002:00072eb0       _pj_rwmutex_lock_write     004edeb0 f   pjlib-i386-win32-vc8-debug:os_core_win32.obj
 0002:00072f20       _pj_rwmutex_unlock_read    004edf20 f   pjlib-i386-win32-vc8-debug:os_core_win32.obj
 0002:00073040       _pj_rwmutex_unlock_write   004ee040 f   pjlib-i386-win32-vc8-debug:os_core_win32.obj
 0002:000730e0       _pj_rwmutex_destroy        004ee0e0 f   pjlib-i386-win32-vc8-debug:os_core_win32.obj
 0002:00073160       _pj_enter_critical_section 004ee160 f   pjlib-i386-win32-vc8-debug:os_core_win32.obj
 0002:00073190       _pj_leave_critical_section 004ee190 f   pjlib-i386-win32-vc8-debug:os_core_win32.obj
 0002:000731c0       _pj_sem_create             004ee1c0 f   pjlib-i386-win32-vc8-debug:os_core_win32.obj
 0002:00073350       _pj_sem_wait               004ee350 f   pjlib-i386-win32-vc8-debug:os_core_win32.obj
 0002:00073500       _pj_sem_trywait            004ee500 f   pjlib-i386-win32-vc8-debug:os_core_win32.obj
 0002:00073580       _pj_sem_post               004ee580 f   pjlib-i386-win32-vc8-debug:os_core_win32.obj
 0002:00073670       _pj_sem_destroy            004ee670 f   pjlib-i386-win32-vc8-debug:os_core_win32.obj
 0002:00073760       _pj_event_create           004ee760 f   pjlib-i386-win32-vc8-debug:os_core_win32.obj
 0002:00073920       _pj_event_wait             004ee920 f   pjlib-i386-win32-vc8-debug:os_core_win32.obj
 0002:00073ac0       _pj_event_trywait          004eeac0 f   pjlib-i386-win32-vc8-debug:os_core_win32.obj
 0002:00073b30       _pj_event_set              004eeb30 f   pjlib-i386-win32-vc8-debug:os_core_win32.obj
 0002:00073c20       _pj_event_pulse            004eec20 f   pjlib-i386-win32-vc8-debug:os_core_win32.obj
 0002:00073d10       _pj_event_reset            004eed10 f   pjlib-i386-win32-vc8-debug:os_core_win32.obj
 0002:00073e00       _pj_event_destroy          004eee00 f   pjlib-i386-win32-vc8-debug:os_core_win32.obj
 0002:00073ef0       _pj_term_set_color         004eeef0 f   pjlib-i386-win32-vc8-debug:os_core_win32.obj
 0002:00074040       _pj_term_get_color         004ef040 f   pjlib-i386-win32-vc8-debug:os_core_win32.obj
 0002:00074120       _pj_caching_pool_init      004ef120 f   pjlib-i386-win32-vc8-debug:pool_caching.obj
[...]
 0004:000feeb4       ___mblcid                  006adeb4     LIBCMTD:mbctype.obj
 0004:000feec0       ___locale_changed          006adec0     LIBCMTD:setlocal.obj
 0004:000feec4       ___lc_handle               006adec4     LIBCMTD:nlsdata2.obj
 0004:000feedc       ___lc_codepage             006adedc     LIBCMTD:nlsdata2.obj
 0004:000feee0       ___lc_collate_cp           006adee0     LIBCMTD:nlsdata2.obj
 0004:000feef0       __newmode                  006adef0     LIBCMTD:_newmode.obj
 0004:000feef4       ?_pnhHeap@@3P6AHI@ZA       006adef4     LIBCMTD:handler.obj
 0004:000feef8       ___sbh_pHeaderDefer        006adef8     LIBCMTD:sbheap.obj
 0004:000feefc       ?__pInconsistency@@3P6AXXZA 006adefc     LIBCMTD:hooks.obj
 0004:000fef0c       ___pPurecall               006adf0c     LIBCMTD:inithelp.obj
 0004:000fef30       __commode                  006adf30     LIBCMTD:ncommode.obj
 0004:000fef34       __outputformat             006adf34     LIBCMTD:outputformat.obj
 0004:000fef3c       ___lconv_static_null       006adf3c     LIBCMTD:lconv.obj
 0004:000fef48       ?wsprintffp@@3P6AHPADPBDZZA 006adf48     LIBCMTD:error.obj
 0004:000ff048       __fmode                    006ae048     LIBCMTD:txtmode.obj
 0004:000ff06c       ?pArgList@UnDecorator@@0PAVReplicator@@A 006ae06c     LIBCMTD:undname.obj
 0004:000ff070       ?pZNameList@UnDecorator@@0PAVReplicator@@A 006ae070     LIBCMTD:undname.obj
 0004:000ff074       ?pTemplateArgList@UnDecorator@@0PAVReplicator@@A 006ae074     LIBCMTD:undname.obj
 0004:000ff078       ?gName@UnDecorator@@0PBDB  006ae078     LIBCMTD:undname.obj
 0004:000ff07c       ?name@UnDecorator@@0PBDB   006ae07c     LIBCMTD:undname.obj
 0004:000ff080       ?outputString@UnDecorator@@0PADA 006ae080     LIBCMTD:undname.obj
 0004:000ff084       ?maxStringLength@UnDecorator@@0HA 006ae084     LIBCMTD:undname.obj
 0004:000ff088       ?disableFlags@UnDecorator@@0KA 006ae088     LIBCMTD:undname.obj
 0004:000ff08c       ?m_pGetParameter@UnDecorator@@0P6APADJ@ZA 006ae08c     LIBCMTD:undname.obj
 0004:000ff090       ?fExplicitTemplateParams@UnDecorator@@0_NA 006ae090     LIBCMTD:undname.obj
 0004:000ff091       ?fGetTemplateArgumentList@UnDecorator@@0_NA 006ae091     LIBCMTD:undname.obj
 0004:000ff6e4       _pjsip_dlg_lock_tls_id     006ae6e4     <common>
 0004:000ff700       _stack_based_factory       006ae700     <common>
 0004:000ff734       _PJ_NO_MEMORY_EXCEPTION    006ae734     <common>
 0004:000ff740       _ctr_prng                  006ae740     <common>
 0004:000ff880       _bit_string                006ae880     <common>
 0004:000ffd54       __pfnReportHook            006aed54     <common>
 0004:000ffd64       __pReportHookListW         006aed64     <common>
 0004:000ffd68       __pReportHookList          006aed68     <common>
 0004:000ffd6c       ___sbh_initialized         006aed6c     <common>
 0004:000ffd80       ___sbh_cntHeaderList       006aed80     <common>
 0004:000ffd84       ___sbh_pHeaderList         006aed84     <common>
 0004:000ffd88       ___sbh_threshold           006aed88     <common>
 0004:000ffd8c       ___sbh_pHeaderScan         006aed8c     <common>
 0004:000ffd90       ___sbh_sizeHeaderList      006aed90     <common>
 0004:000ffd94       ___sbh_indGroupDefer       006aed94     <common>
 0004:000ffd98       __debugger_hook_dummy      006aed98     <common>
 0004:000ffda4       ___setlc_active            006aeda4     <common>
 0004:000ffdb4       ___unguarded_readlc_active 006aedb4     <common>
 0004:000ffdb8       ___active_heap             006aedb8     <common>
 0004:000ffdc4       __nhandle                  006aedc4     <common>
 0004:000ffe20       ___pioinfo                 006aee20     <common>
 0004:000fff20       ___use_sse2_mathfcns       006aef20     <common>
 0004:000fff30       ___sse2_available          006aef30     <common>
 0004:000fff34       ___env_initialized         006aef34     <common>
 0004:000fff44       ___onexitend               006aef44     <common>
 0004:000fff48       ___onexitbegin             006aef48     <common>
 0004:000fff4c       ___mbctype_initialized     006aef4c     <common>
 0004:000fff50       ___dyn_tls_init_callback   006aef50     <common>
 0004:000fff54       __setjmpexused             006aef54     <common>
 0004:000fff60       __acmdln                   006aef60     <common>
 0004:000fff6c       ___piob                    006aef6c     <common>
 0004:001002c0       __bufin                    006af2c0     <common>
 0004:001012c0       __nstream                  006b02c0     <common>
 0005:00000000       __IMPORT_DESCRIPTOR_ole32  006b1000     ole32:ole32.dll
 0005:00000014       __IMPORT_DESCRIPTOR_WS2_32 006b1014     ws2_32:WS2_32.dll
 0005:00000028       __IMPORT_DESCRIPTOR_KERNEL32 006b1028     kernel32:KERNEL32.dll
 0005:0000003c       __IMPORT_DESCRIPTOR_WINMM  006b103c     winmm:WINMM.dll
 0005:00000050       __NULL_IMPORT_DESCRIPTOR   006b1050     ole32:ole32.dll
 0005:00000454       __imp__IsBadReadPtr@8      006b1454     kernel32:KERNEL32.dll
 0005:00000458       __imp__GetUserDefaultLCID@0 006b1458     kernel32:KERNEL32.dll
 0005:0000045c       __imp__EnumSystemLocalesA@8 006b145c     kernel32:KERNEL32.dll
 0005:00000460       __imp__IsValidLocale@8     006b1460     kernel32:KERNEL32.dll
 0005:00000464       __imp__GetLocaleInfoA@16   006b1464     kernel32:KERNEL32.dll
 0005:00000468       __imp__GetDateFormatA@24   006b1468     kernel32:KERNEL32.dll
 0005:0000046c       __imp__GetTimeFormatA@24   006b146c     kernel32:KERNEL32.dll
 0005:00000470       __imp__GetStringTypeW@16   006b1470     kernel32:KERNEL32.dll
 0005:00000474       __imp__GetStringTypeA@20   006b1474     kernel32:KERNEL32.dll
 0005:00000478       __imp__ReadFile@20         006b1478     kernel32:KERNEL32.dll
 0005:0000047c       __imp__GetConsoleOutputCP@0 006b147c     kernel32:KERNEL32.dll
 0005:00000480       __imp__WriteConsoleA@20    006b1480     kernel32:KERNEL32.dll
 0005:00000484       __imp__SetStdHandle@8      006b1484     kernel32:KERNEL32.dll
 0005:00000488       __imp__CreateFileA@28      006b1488     kernel32:KERNEL32.dll
 0005:0000048c       __imp__OutputDebugStringW@4 006b148c     kernel32:KERNEL32.dll
 0005:00000490       __imp__OutputDebugStringA@4 006b1490     kernel32:KERNEL32.dll
 0005:00000494       __imp__DebugBreak@0        006b1494     kernel32:KERNEL32.dll
 0005:00000498       __imp__SetFilePointer@16   006b1498     kernel32:KERNEL32.dll
 0005:0000049c       __imp__VirtualAlloc@16     006b149c     kernel32:KERNEL32.dll
 0005:000004a0       __imp__HeapReAlloc@16      006b14a0     kernel32:KERNEL32.dll
 0005:000004a4       __imp__LCMapStringW@24     006b14a4     kernel32:KERNEL32.dll
 0005:000004a8       __imp__LCMapStringA@24     006b14a8     kernel32:KERNEL32.dll
 0005:000004ac       __imp__MultiByteToWideChar@24 006b14ac     kernel32:KERNEL32.dll
 0005:000004b0       __imp__IsValidCodePage@4   006b14b0     kernel32:KERNEL32.dll
 0005:000004b4       __imp__GetCPInfo@8         006b14b4     kernel32:KERNEL32.dll
 0005:000004b8       __imp__WaitForMultipleObjects@16 006b14b8     kernel32:KERNEL32.dll
 0005:000004bc       __imp__SetEnvironmentVariableA@8 006b14bc     kernel32:KERNEL32.dll
 0005:000004c0       __imp__CompareStringW@24   006b14c0     kernel32:KERNEL32.dll
 0005:000004c4       __imp__CompareStringA@24   006b14c4     kernel32:KERNEL32.dll
 0005:000004c8       __imp__VirtualQuery@12     006b14c8     kernel32:KERNEL32.dll
 0005:000004cc       __imp__GetTimeZoneInformation@4 006b14cc     kernel32:KERNEL32.dll
 0005:000004d0       __imp__SetEndOfFile@4      006b14d0     kernel32:KERNEL32.dll
 0005:000004d4       __imp__lstrlenA@4          006b14d4     kernel32:KERNEL32.dll
 0005:000004d8       __imp__RaiseException@16   006b14d8     kernel32:KERNEL32.dll
 0005:000004dc       __imp__SetThreadPriority@8 006b14dc     kernel32:KERNEL32.dll
 0005:000004e0       __imp__GetCurrentThread@0  006b14e0     kernel32:KERNEL32.dll
 0005:000004e4       __imp__SetPriorityClass@8  006b14e4     kernel32:KERNEL32.dll
 0005:000004e8       __imp__GetCurrentProcess@0 006b14e8     kernel32:KERNEL32.dll
 0005:000004ec       __imp__SystemTimeToFileTime@8 006b14ec     kernel32:KERNEL32.dll
 0005:000004f0       __imp__GetLocalTime@4      006b14f0     kernel32:KERNEL32.dll
 0005:000004f4       __imp__FileTimeToSystemTime@8 006b14f4     kernel32:KERNEL32.dll
 0005:000004f8       __imp__GetCurrentProcessId@0 006b14f8     kernel32:KERNEL32.dll
 0005:000004fc       __imp__GetThreadPriority@4 006b14fc     kernel32:KERNEL32.dll
 0005:00000500       __imp__GetLastError@0      006b1500     kernel32:KERNEL32.dll
 0005:00000504       __imp__GetCurrentThreadId@0 006b1504     kernel32:KERNEL32.dll
 0005:00000508       __imp__CreateThread@24     006b1508     kernel32:KERNEL32.dll
 0005:0000050c       __imp__ResumeThread@4      006b150c     kernel32:KERNEL32.dll
 0005:00000510       __imp__WaitForSingleObject@8 006b1510     kernel32:KERNEL32.dll
 0005:00000514       __imp__CloseHandle@4       006b1514     kernel32:KERNEL32.dll
 0005:00000518       __imp__Sleep@4             006b1518     kernel32:KERNEL32.dll
 0005:0000051c       __imp__InterlockedExchange@8 006b151c     kernel32:KERNEL32.dll
 0005:00000520       __imp__InterlockedIncrement@4 006b1520     kernel32:KERNEL32.dll
 0005:00000524       __imp__InterlockedDecrement@4 006b1524     kernel32:KERNEL32.dll
 0005:00000528       __imp__InterlockedExchangeAdd@8 006b1528     kernel32:KERNEL32.dll
 0005:0000052c       __imp__TlsAlloc@0          006b152c     kernel32:KERNEL32.dll
 0005:00000530       __imp__TlsFree@4           006b1530     kernel32:KERNEL32.dll
 0005:00000534       __imp__TlsSetValue@8       006b1534     kernel32:KERNEL32.dll
 0005:00000538       __imp__TlsGetValue@4       006b1538     kernel32:KERNEL32.dll
 0005:0000053c       __imp__InitializeCriticalSection@4 006b153c     kernel32:KERNEL32.dll
 0005:00000540       __imp__EnterCriticalSection@4 006b1540     kernel32:KERNEL32.dll
 0005:00000544       __imp__LeaveCriticalSection@4 006b1544     kernel32:KERNEL32.dll
 0005:00000548       __imp__TryEnterCriticalSection@4 006b1548     kernel32:KERNEL32.dll
 0005:0000054c       __imp__DeleteCriticalSection@4 006b154c     kernel32:KERNEL32.dll
 0005:00000550       __imp__CreateSemaphoreA@16 006b1550     kernel32:KERNEL32.dll
 0005:00000554       __imp__ReleaseSemaphore@12 006b1554     kernel32:KERNEL32.dll
 0005:00000558       __imp__CreateEventA@16     006b1558     kernel32:KERNEL32.dll
 0005:0000055c       __imp__SetEvent@4          006b155c     kernel32:KERNEL32.dll
 0005:00000560       __imp__PulseEvent@4        006b1560     kernel32:KERNEL32.dll
 0005:00000564       __imp__ResetEvent@4        006b1564     kernel32:KERNEL32.dll
 0005:00000568       __imp__SetConsoleTextAttribute@8 006b1568     kernel32:KERNEL32.dll
 0005:0000056c       __imp__GetStdHandle@4      006b156c     kernel32:KERNEL32.dll
 0005:00000570       __imp__GetConsoleScreenBufferInfo@8 006b1570     kernel32:KERNEL32.dll
 0005:00000574       __imp__QueryPerformanceCounter@4 006b1574     kernel32:KERNEL32.dll
 0005:00000578       __imp__QueryPerformanceFrequency@4 006b1578     kernel32:KERNEL32.dll
 0005:0000057c       __imp__SetLastError@4      006b157c     kernel32:KERNEL32.dll
 0005:00000580       __imp__FormatMessageA@28   006b1580     kernel32:KERNEL32.dll
 0005:00000584       __imp__GetProcAddress@8    006b1584     kernel32:KERNEL32.dll
 0005:00000588       __imp__LoadLibraryA@4      006b1588     kernel32:KERNEL32.dll
 0005:0000058c       __imp__FreeLibrary@4       006b158c     kernel32:KERNEL32.dll
 0005:00000590       __imp__GetModuleFileNameW@12 006b1590     kernel32:KERNEL32.dll
 0005:00000594       __imp__WriteConsoleW@20    006b1594     kernel32:KERNEL32.dll
 0005:00000598       __imp__GetFileType@4       006b1598     kernel32:KERNEL32.dll
 0005:0000059c       __imp__GetCommandLineA@0   006b159c     kernel32:KERNEL32.dll
 0005:000005a0       __imp__HeapFree@12         006b15a0     kernel32:KERNEL32.dll
 0005:000005a4       __imp__GetVersionExA@4     006b15a4     kernel32:KERNEL32.dll
 0005:000005a8       __imp__HeapAlloc@12        006b15a8     kernel32:KERNEL32.dll
 0005:000005ac       __imp__GetProcessHeap@0    006b15ac     kernel32:KERNEL32.dll
 0005:000005b0       __imp__HeapValidate@12     006b15b0     kernel32:KERNEL32.dll
 0005:000005b4       __imp__GetOEMCP@0          006b15b4     kernel32:KERNEL32.dll
 0005:000005b8       __imp__RtlUnwind@16        006b15b8     kernel32:KERNEL32.dll
 0005:000005bc       __imp__GetModuleHandleA@4  006b15bc     kernel32:KERNEL32.dll
 0005:000005c0       __imp__ExitProcess@4       006b15c0     kernel32:KERNEL32.dll
 0005:000005c4       __imp__GetSystemTimeAsFileTime@4 006b15c4     kernel32:KERNEL32.dll
 0005:000005c8       __imp__SetConsoleCtrlHandler@8 006b15c8     kernel32:KERNEL32.dll
 0005:000005cc       __imp__LoadLibraryW@4      006b15cc     kernel32:KERNEL32.dll
 0005:000005d0       __imp__UnhandledExceptionFilter@4 006b15d0     kernel32:KERNEL32.dll
 0005:000005d4       __imp__SetUnhandledExceptionFilter@4 006b15d4     kernel32:KERNEL32.dll
 0005:000005d8       __imp__GetModuleFileNameA@12 006b15d8     kernel32:KERNEL32.dll
 0005:000005dc       __imp__WideCharToMultiByte@32 006b15dc     kernel32:KERNEL32.dll
 0005:000005e0       __imp__TerminateProcess@8  006b15e0     kernel32:KERNEL32.dll
 0005:000005e4       __imp__IsDebuggerPresent@0 006b15e4     kernel32:KERNEL32.dll
 0005:000005e8       __imp__FlushFileBuffers@4  006b15e8     kernel32:KERNEL32.dll
 0005:000005ec       __imp__WriteFile@20        006b15ec     kernel32:KERNEL32.dll
 0005:000005f0       __imp__GetConsoleCP@0      006b15f0     kernel32:KERNEL32.dll
 0005:000005f4       __imp__GetConsoleMode@8    006b15f4     kernel32:KERNEL32.dll
 0005:000005f8       __imp__FatalAppExitA@8     006b15f8     kernel32:KERNEL32.dll
 0005:000005fc       __imp__SetHandleCount@4    006b15fc     kernel32:KERNEL32.dll
 0005:00000600       __imp__GetStartupInfoA@4   006b1600     kernel32:KERNEL32.dll
 0005:00000604       __imp__GetTickCount@0      006b1604     kernel32:KERNEL32.dll
 0005:00000608       __imp__FreeEnvironmentStringsA@4 006b1608     kernel32:KERNEL32.dll
 0005:0000060c       __imp__GetEnvironmentStrings@0 006b160c     kernel32:KERNEL32.dll
 0005:00000610       __imp__FreeEnvironmentStringsW@4 006b1610     kernel32:KERNEL32.dll
 0005:00000614       __imp__GetEnvironmentStringsW@0 006b1614     kernel32:KERNEL32.dll
 0005:00000618       __imp__HeapDestroy@4       006b1618     kernel32:KERNEL32.dll
 0005:0000061c       __imp__HeapCreate@12       006b161c     kernel32:KERNEL32.dll
 0005:00000620       __imp__VirtualFree@12      006b1620     kernel32:KERNEL32.dll
 0005:00000624       __imp__GetACP@0            006b1624     kernel32:KERNEL32.dll
 0005:00000628       __imp__GetLocaleInfoW@16   006b1628     kernel32:KERNEL32.dll
 0005:0000062c       \177KERNEL32_NULL_THUNK_DATA 006b162c     kernel32:KERNEL32.dll
 0005:000006b4       __imp__waveOutGetDevCapsA@12 006b16b4     winmm:WINMM.dll
 0005:000006b8       __imp__waveInGetDevCapsA@12 006b16b8     winmm:WINMM.dll
 0005:000006bc       __imp__waveOutGetNumDevs@0 006b16bc     winmm:WINMM.dll
 0005:000006c0       __imp__waveInGetNumDevs@0  006b16c0     winmm:WINMM.dll
 0005:000006c4       __imp__waveOutWrite@12     006b16c4     winmm:WINMM.dll
 0005:000006c8       __imp__waveOutPrepareHeader@12 006b16c8     winmm:WINMM.dll
 0005:000006cc       __imp__waveOutPause@4      006b16cc     winmm:WINMM.dll
 0005:000006d0       __imp__waveOutOpen@24      006b16d0     winmm:WINMM.dll
 0005:000006d4       __imp__waveInAddBuffer@12  006b16d4     winmm:WINMM.dll
 0005:000006d8       __imp__waveInPrepareHeader@12 006b16d8     winmm:WINMM.dll
 0005:000006dc       __imp__waveInOpen@24       006b16dc     winmm:WINMM.dll
 0005:000006e0       __imp__waveOutGetVolume@8  006b16e0     winmm:WINMM.dll
 0005:000006e4       __imp__waveOutSetVolume@8  006b16e4     winmm:WINMM.dll
 0005:000006e8       __imp__waveInStart@4       006b16e8     winmm:WINMM.dll
 0005:000006ec       __imp__waveOutRestart@4    006b16ec     winmm:WINMM.dll
 0005:000006f0       __imp__waveInStop@4        006b16f0     winmm:WINMM.dll
 0005:000006f4       __imp__waveInClose@4       006b16f4     winmm:WINMM.dll
 0005:000006f8       __imp__waveInUnprepareHeader@12 006b16f8     winmm:WINMM.dll
 0005:000006fc       __imp__waveInReset@4       006b16fc     winmm:WINMM.dll
 0005:00000700       __imp__waveOutClose@4      006b1700     winmm:WINMM.dll
 0005:00000704       __imp__waveOutUnprepareHeader@12 006b1704     winmm:WINMM.dll
 0005:00000708       __imp__waveOutReset@4      006b1708     winmm:WINMM.dll
 0005:0000070c       __imp__waveOutGetErrorTextA@12 006b170c     winmm:WINMM.dll
 0005:00000710       __imp__waveInGetErrorTextA@12 006b1710     winmm:WINMM.dll
 0005:00000714       \177WINMM_NULL_THUNK_DATA  006b1714     winmm:WINMM.dll
 0005:00000750       __imp__select@20           006b1750     ws2_32:WS2_32.dll
 0005:00000754       __imp____WSAFDIsSet@8      006b1754     ws2_32:WS2_32.dll
 0005:00000758       __imp__gethostbyname@4     006b1758     ws2_32:WS2_32.dll
 0005:0000075c       __imp__WSASetLastError@4   006b175c     ws2_32:WS2_32.dll
 0005:00000760       __imp__ioctlsocket@12      006b1760     ws2_32:WS2_32.dll
 0005:00000764       __imp__WSACleanup@0        006b1764     ws2_32:WS2_32.dll
 0005:00000768       __imp__WSAStartup@8        006b1768     ws2_32:WS2_32.dll
 0005:0000076c       __imp__accept@12           006b176c     ws2_32:WS2_32.dll
 0005:00000770       __imp__listen@8            006b1770     ws2_32:WS2_32.dll
 0005:00000774       __imp__shutdown@8          006b1774     ws2_32:WS2_32.dll
 0005:00000778       __imp__connect@12          006b1778     ws2_32:WS2_32.dll
 0005:0000077c       __imp__setsockopt@20       006b177c     ws2_32:WS2_32.dll
 0005:00000780       __imp__getsockopt@20       006b1780     ws2_32:WS2_32.dll
 0005:00000784       __imp__recvfrom@24         006b1784     ws2_32:WS2_32.dll
 0005:00000788       __imp__recv@16             006b1788     ws2_32:WS2_32.dll
 0005:0000078c       __imp__sendto@24           006b178c     ws2_32:WS2_32.dll
 0005:00000790       __imp__send@16             006b1790     ws2_32:WS2_32.dll
 0005:00000794       __imp__getsockname@12      006b1794     ws2_32:WS2_32.dll
 0005:00000798       __imp__getpeername@12      006b1798     ws2_32:WS2_32.dll
 0005:0000079c       __imp__closesocket@4       006b179c     ws2_32:WS2_32.dll
 0005:000007a0       __imp__bind@12             006b17a0     ws2_32:WS2_32.dll
 0005:000007a4       __imp__WSASocketA@24       006b17a4     ws2_32:WS2_32.dll
 0005:000007a8       __imp__WSAGetLastError@0   006b17a8     ws2_32:WS2_32.dll
 0005:000007ac       __imp__gethostname@8       006b17ac     ws2_32:WS2_32.dll
 0005:000007b0       __imp__WSAAddressToStringA@20 006b17b0     ws2_32:WS2_32.dll
 0005:000007b4       __imp__WSAStringToAddressA@20 006b17b4     ws2_32:WS2_32.dll
 0005:000007b8       __imp__inet_addr@4         006b17b8     ws2_32:WS2_32.dll
 0005:000007bc       __imp__inet_ntoa@4         006b17bc     ws2_32:WS2_32.dll
 0005:000007c0       __imp__htonl@4             006b17c0     ws2_32:WS2_32.dll
 0005:000007c4       __imp__ntohl@4             006b17c4     ws2_32:WS2_32.dll
 0005:000007c8       __imp__htons@4             006b17c8     ws2_32:WS2_32.dll
 0005:000007cc       __imp__ntohs@4             006b17cc     ws2_32:WS2_32.dll
 0005:000007d0       \177WS2_32_NULL_THUNK_DATA 006b17d0     ws2_32:WS2_32.dll
 0005:00000814       __imp__CoCreateGuid@4      006b1814     ole32:ole32.dll
 0005:00000818       \177ole32_NULL_THUNK_DATA  006b1818     ole32:ole32.dll

 entry point at        0002:00000b7c

